     74s flat           d0=0.00 n= 24 truth=[-0.00,+0.00] point:0.91/0.08/0.08 union:1.00/0.00/0.00 gp_sim:1.00/0.00/0.00 gated:1.00/0.00/0.00
     76s flat           d0=0.00 n= 48 truth=[-0.00,+0.00] point:0.97/0.02/0.02 union:1.00/0.00/0.00 gp_sim:0.99/0.01/0.01 gated:0.98/0.02/0.02
     76s flat           d0=0.00 n= 96 truth=[-0.00,+0.00] point:0.94/0.05/0.05 union:1.00/0.00/0.00 gp_sim:1.00/0.00/0.00 gated:1.00/0.00/0.00
     76s flat           d0=0.10 n= 24 truth=[+0.10,+0.10] point:0.93/0.00/0.12 union:1.00/0.00/0.00 gp_sim:1.00/0.00/0.00 gated:0.99/0.00/0.00
     76s flat           d0=0.10 n= 48 truth=[+0.10,+0.10] point:0.95/0.00/0.17 union:1.00/0.00/0.00 gp_sim:1.00/0.00/0.00 gated:1.00/0.00/0.00
     76s flat           d0=0.10 n= 96 truth=[+0.10,+0.10] point:0.97/0.00/0.37 union:1.00/0.00/0.00 gp_sim:1.00/0.00/0.00 gated:1.00/0.00/0.00
    142s flat           d0=0.20 n= 24 truth=[+0.20,+0.20] point:0.92/0.00/0.28 union:1.00/0.00/0.00 gp_sim:1.00/0.00/0.14 gated:1.00/0.00/0.13
    146s flat           d0=0.20 n= 48 truth=[+0.20,+0.20] point:0.93/0.00/0.60 union:1.00/0.00/0.04 gp_sim:0.99/0.00/0.26 gated:1.00/0.00/0.24
    146s flat           d0=0.20 n= 96 truth=[+0.20,+0.20] point:0.94/0.00/0.82 union:1.00/0.00/0.47 gp_sim:1.00/0.00/0.53 gated:1.00/0.00/0.48
    149s flat           d0=0.30 n= 24 truth=[+0.30,+0.30] point:0.95/0.00/0.63 union:1.00/0.00/0.07 gp_sim:0.99/0.00/0.72 gated:0.99/0.00/0.62
    152s flat           d0=0.30 n= 48 truth=[+0.30,+0.30] point:0.96/0.00/0.91 union:1.00/0.00/0.58 gp_sim:1.00/0.00/0.92 gated:1.00/0.00/0.83
    152s flat           d0=0.30 n= 96 truth=[+0.30,+0.30] point:0.94/0.00/1.00 union:1.00/0.00/0.98 gp_sim:1.00/0.00/0.99 gated:1.00/0.00/0.99
    214s linear         d0=0.00 n= 24 truth=[-0.08,+0.08] point:0.80/0.06/0.06 union:1.00/0.00/0.00 gp_sim:0.91/0.00/0.00 gated:0.92/0.00/0.00
    215s linear         d0=0.00 n= 48 truth=[-0.08,+0.08] point:0.73/0.04/0.04 union:1.00/0.00/0.00 gp_sim:0.94/0.00/0.00 gated:0.94/0.00/0.00
    215s linear         d0=0.00 n= 96 truth=[-0.08,+0.08] point:0.47/0.08/0.08 union:1.00/0.00/0.00 gp_sim:0.98/0.00/0.00 gated:0.99/0.00/0.00
    219s linear         d0=0.10 n= 24 truth=[+0.02,+0.18] point:0.79/0.00/0.10 union:1.00/0.00/0.00 gp_sim:0.92/0.00/0.00 gated:0.93/0.00/0.00
    221s linear         d0=0.10 n= 48 truth=[+0.02,+0.18] point:0.69/0.00/0.17 union:1.00/0.00/0.00 gp_sim:0.93/0.00/0.00 gated:0.95/0.00/0.00
    221s linear         d0=0.10 n= 96 truth=[+0.02,+0.18] point:0.47/0.00/0.34 union:1.00/0.00/0.00 gp_sim:0.98/0.00/0.00 gated:0.98/0.00/0.00
    272s linear         d0=0.20 n= 24 truth=[+0.12,+0.28] point:0.73/0.00/0.28 union:1.00/0.00/0.00 gp_sim:0.91/0.00/0.08 gated:0.91/0.00/0.07
    281s linear         d0=0.20 n= 48 truth=[+0.12,+0.28] point:0.63/0.00/0.53 union:1.00/0.00/0.03 gp_sim:0.94/0.00/0.13 gated:0.94/0.00/0.11
    281s linear         d0=0.20 n= 96 truth=[+0.12,+0.28] point:0.50/0.00/0.85 union:1.00/0.00/0.23 gp_sim:0.97/0.00/0.17 gated:0.98/0.00/0.18
    287s linear         d0=0.30 n= 24 truth=[+0.22,+0.38] point:0.78/0.00/0.60 union:1.00/0.00/0.07 gp_sim:0.90/0.00/0.61 gated:0.92/0.00/0.52
    292s linear         d0=0.30 n= 48 truth=[+0.22,+0.38] point:0.70/0.00/0.91 union:1.00/0.00/0.44 gp_sim:0.95/0.00/0.75 gated:0.95/0.00/0.70
    292s linear         d0=0.30 n= 96 truth=[+0.22,+0.38] point:0.45/0.00/1.00 union:1.00/0.00/0.91 gp_sim:0.98/0.00/0.92 gated:0.99/0.00/0.92
    337s dip_sampled    d0=0.00 n= 24 truth=[-0.25,-0.00] point:0.37/0.01/0.04 union:1.00/0.00/0.00 gp_sim:0.83/0.00/0.02 gated:0.87/0.00/0.01
    337s dip_sampled    d0=0.00 n= 48 truth=[-0.25,-0.00] point:0.12/0.04/0.06 union:0.97/0.00/0.00 gp_sim:0.91/0.00/0.01 gated:0.92/0.00/0.00
    337s dip_sampled    d0=0.00 n= 96 truth=[-0.25,-0.00] point:0.00/0.03/0.05 union:0.98/0.00/0.00 gp_sim:0.98/0.00/0.00 gated:0.98/0.00/0.00
    345s dip_sampled    d0=0.10 n= 24 truth=[-0.15,+0.10] point:0.39/0.11/0.11 union:1.00/0.00/0.00 gp_sim:0.86/0.00/0.00 gated:0.89/0.00/0.00
    345s dip_sampled    d0=0.10 n= 48 truth=[-0.15,+0.10] point:0.13/0.21/0.21 union:0.98/0.00/0.00 gp_sim:0.91/0.00/0.00 gated:0.92/0.00/0.00
    345s dip_sampled    d0=0.10 n= 96 truth=[-0.15,+0.10] point:0.01/0.29/0.29 union:0.98/0.00/0.00 gp_sim:0.98/0.00/0.00 gated:0.97/0.00/0.00
    385s dip_sampled    d0=0.20 n= 24 truth=[-0.05,+0.20] point:0.37/0.34/0.34 union:1.00/0.00/0.00 gp_sim:0.86/0.02/0.02 gated:0.87/0.02/0.02
    391s dip_sampled    d0=0.20 n= 48 truth=[-0.05,+0.20] point:0.19/0.55/0.55 union:0.99/0.00/0.00 gp_sim:0.87/0.03/0.03 gated:0.90/0.03/0.03
    391s dip_sampled    d0=0.20 n= 96 truth=[-0.05,+0.20] point:0.00/0.84/0.84 union:0.97/0.00/0.00 gp_sim:0.96/0.01/0.01 gated:0.97/0.01/0.01
    404s dip_sampled    d0=0.30 n= 24 truth=[+0.05,+0.30] point:0.45/0.00/0.62 union:1.00/0.00/0.00 gp_sim:0.85/0.00/0.32 gated:0.86/0.00/0.30
    405s dip_sampled    d0=0.30 n= 48 truth=[+0.05,+0.30] point:0.21/0.00/0.91 union:0.98/0.00/0.05 gp_sim:0.85/0.00/0.35 gated:0.88/0.00/0.27
    405s dip_sampled    d0=0.30 n= 96 truth=[+0.05,+0.30] point:0.01/0.00/0.99 union:0.96/0.00/0.11 gp_sim:0.94/0.00/0.18 gated:0.95/0.00/0.15
    452s dip_unsampled  d0=0.00 n= 24 truth=[-0.25,-0.00] point:0.31/0.02/0.05 union:0.96/0.00/0.00 gp_sim:0.75/0.00/0.02 gated:0.74/0.00/0.02
    457s dip_unsampled  d0=0.00 n= 48 truth=[-0.25,-0.00] point:0.13/0.02/0.03 union:0.78/0.00/0.00 gp_sim:0.65/0.00/0.01 gated:0.66/0.00/0.01
    457s dip_unsampled  d0=0.00 n= 96 truth=[-0.25,-0.00] point:0.00/0.02/0.05 union:0.25/0.00/0.00 gp_sim:0.45/0.00/0.00 gated:0.41/0.00/0.00
    464s dip_unsampled  d0=0.10 n= 24 truth=[-0.15,+0.10] point:0.45/0.11/0.11 union:0.98/0.00/0.00 gp_sim:0.76/0.00/0.00 gated:0.78/0.00/0.00
    477s dip_unsampled  d0=0.10 n= 48 truth=[-0.15,+0.10] point:0.13/0.19/0.19 union:0.77/0.00/0.00 gp_sim:0.63/0.00/0.00 gated:0.66/0.00/0.00
    477s dip_unsampled  d0=0.10 n= 96 truth=[-0.15,+0.10] point:0.00/0.33/0.33 union:0.31/0.00/0.00 gp_sim:0.50/0.00/0.00 gated:0.45/0.00/0.00
    519s dip_unsampled  d0=0.20 n= 24 truth=[-0.05,+0.20] point:0.43/0.29/0.29 union:0.98/0.00/0.00 gp_sim:0.78/0.03/0.03 gated:0.79/0.04/0.04
    525s dip_unsampled  d0=0.20 n= 48 truth=[-0.05,+0.20] point:0.20/0.57/0.57 union:0.83/0.02/0.02 gp_sim:0.66/0.10/0.10 gated:0.70/0.09/0.09
    525s dip_unsampled  d0=0.20 n= 96 truth=[-0.05,+0.20] point:0.01/0.89/0.89 union:0.31/0.18/0.18 gp_sim:0.47/0.10/0.10 gated:0.43/0.09/0.09
    534s dip_unsampled  d0=0.30 n= 24 truth=[+0.05,+0.30] point:0.48/0.00/0.63 union:0.99/0.00/0.04 gp_sim:0.76/0.00/0.48 gated:0.77/0.00/0.43
    535s dip_unsampled  d0=0.30 n= 48 truth=[+0.05,+0.30] point:0.16/0.00/0.93 union:0.83/0.00/0.42 gp_sim:0.59/0.00/0.71 gated:0.62/0.00/0.67
    536s dip_unsampled  d0=0.30 n= 96 truth=[+0.05,+0.30] point:0.00/0.00/1.00 union:0.33/0.00/0.90 gp_sim:0.49/0.00/0.88 gated:0.45/0.00/0.91
TRACK_S_DONE results\benchmark\track_s_smax2_ell1
