E:\research\the_world\.venv-windows-ms3\Lib\site-packages\sapien\wrapper\pinocchio_model.py:299: UserWarning: pinnochio package is not installed, robotics functionalities will not be available
  warnings.warn(
[33;1m2026-09-18 15:53:55,704 - mani_skill  - WARNING - Mimic targets dictionary is missing for controller config for widowx250s_bridgedataset_flat_table. Assuming the first joint is the control joint and the second joint is the mimic joint[0m
[33;1m2026-09-18 15:53:55,810 - mani_skill  - WARNING - No initial pose set for actor builder of bridge_carrot_generated_modified, setting to default pose q=[1,0,0,0], p=[0,0,0]. Not setting reasonable initial poses may slow down simulation, see https://github.com/haosulab/ManiSkill/issues/421.[0m
[33;1m2026-09-18 15:53:55,827 - mani_skill  - WARNING - No initial pose set for actor builder of bridge_plate_objaverse_larger, setting to default pose q=[1,0,0,0], p=[0,0,0]. Not setting reasonable initial poses may slow down simulation, see https://github.com/haosulab/ManiSkill/issues/421.[0m
[octo-base|PutCarrotOnPlateInScene-v1|fric_x0.4] ep 0 success=False steps=60 inf=13.1s sim=1.7s total=16.9s
[octo-base|PutCarrotOnPlateInScene-v1|fric_x0.4] ep 1 success=False steps=60 inf=12.9s sim=1.9s total=16.8s
[octo-base|PutCarrotOnPlateInScene-v1|fric_x0.4] ep 2 success=False steps=60 inf=13.5s sim=1.6s total=17.1s
[octo-base|PutCarrotOnPlateInScene-v1|fric_x0.4] ep 3 success=False steps=60 inf=13.1s sim=1.8s total=17.0s
[octo-base|PutCarrotOnPlateInScene-v1|fric_x0.4] ep 4 success=False steps=60 inf=12.3s sim=2.0s total=16.3s
[octo-base|PutCarrotOnPlateInScene-v1|fric_x0.4] ep 5 success=True steps=60 inf=12.9s sim=1.9s total=16.9s
[octo-base|PutCarrotOnPlateInScene-v1|fric_x0.4] ep 6 success=True steps=60 inf=12.8s sim=2.0s total=16.7s
[octo-base|PutCarrotOnPlateInScene-v1|fric_x0.4] ep 7 success=False steps=60 inf=12.9s sim=2.0s total=17.0s
[octo-base|PutCarrotOnPlateInScene-v1|fric_x0.4] ep 8 success=False steps=60 inf=13.0s sim=1.7s total=16.7s
[octo-base|PutCarrotOnPlateInScene-v1|fric_x0.4] ep 9 success=False steps=60 inf=13.0s sim=1.8s total=16.9s
[octo-base|PutCarrotOnPlateInScene-v1|fric_x0.4] ep 10 success=False steps=60 inf=12.6s sim=1.7s total=16.5s
[octo-base|PutCarrotOnPlateInScene-v1|fric_x0.4] ep 11 success=False steps=60 inf=12.5s sim=1.9s total=16.7s
[octo-base|PutCarrotOnPlateInScene-v1|fric_x0.4] ep 12 success=False steps=60 inf=12.4s sim=2.0s total=16.5s
[octo-base|PutCarrotOnPlateInScene-v1|fric_x0.4] ep 13 success=False steps=60 inf=12.9s sim=1.9s total=16.9s
[octo-base|PutCarrotOnPlateInScene-v1|fric_x0.4] ep 14 success=True steps=60 inf=13.1s sim=1.8s total=17.0s
[octo-base|PutCarrotOnPlateInScene-v1|fric_x0.4] ep 15 success=False steps=60 inf=13.1s sim=1.7s total=16.8s
[octo-base|PutCarrotOnPlateInScene-v1|fric_x0.4] ep 16 success=False steps=60 inf=12.8s sim=1.8s total=17.0s
[octo-base|PutCarrotOnPlateInScene-v1|fric_x0.4] ep 17 success=False steps=60 inf=13.3s sim=1.7s total=17.1s
[octo-base|PutCarrotOnPlateInScene-v1|fric_x0.4] ep 18 success=False steps=60 inf=13.2s sim=1.9s total=17.0s
[octo-base|PutCarrotOnPlateInScene-v1|fric_x0.4] ep 19 success=False steps=60 inf=13.2s sim=1.9s total=17.2s
[octo-base|PutCarrotOnPlateInScene-v1|fric_x0.4] ep 20 success=False steps=60 inf=13.1s sim=2.2s total=17.3s
[octo-base|PutCarrotOnPlateInScene-v1|fric_x0.4] ep 21 success=False steps=60 inf=12.9s sim=2.1s total=17.1s
[octo-base|PutCarrotOnPlateInScene-v1|fric_x0.4] ep 22 success=True steps=60 inf=12.6s sim=1.8s total=16.7s
[octo-base|PutCarrotOnPlateInScene-v1|fric_x0.4] ep 23 success=False steps=60 inf=13.0s sim=1.9s total=16.9s
== fric_x0.4: 4/24 success
[33;1m2026-09-18 16:00:42,012 - mani_skill  - WARNING - Mimic targets dictionary is missing for controller config for widowx250s_bridgedataset_flat_table. Assuming the first joint is the control joint and the second joint is the mimic joint[0m
[33;1m2026-09-18 16:00:42,014 - mani_skill  - WARNING - No initial pose set for actor builder of bridge_carrot_generated_modified, setting to default pose q=[1,0,0,0], p=[0,0,0]. Not setting reasonable initial poses may slow down simulation, see https://github.com/haosulab/ManiSkill/issues/421.[0m
[33;1m2026-09-18 16:00:42,015 - mani_skill  - WARNING - No initial pose set for actor builder of bridge_plate_objaverse_larger, setting to default pose q=[1,0,0,0], p=[0,0,0]. Not setting reasonable initial poses may slow down simulation, see https://github.com/haosulab/ManiSkill/issues/421.[0m
[octo-base|PutCarrotOnPlateInScene-v1|fric_x2.5] ep 0 success=False steps=60 inf=12.9s sim=1.8s total=16.9s
[octo-base|PutCarrotOnPlateInScene-v1|fric_x2.5] ep 1 success=False steps=60 inf=12.9s sim=2.0s total=16.9s
[octo-base|PutCarrotOnPlateInScene-v1|fric_x2.5] ep 2 success=False steps=60 inf=13.3s sim=1.8s total=17.3s
[octo-base|PutCarrotOnPlateInScene-v1|fric_x2.5] ep 3 success=False steps=60 inf=12.9s sim=2.1s total=16.9s
[octo-base|PutCarrotOnPlateInScene-v1|fric_x2.5] ep 4 success=False steps=60 inf=13.5s sim=1.8s total=17.5s
[octo-base|PutCarrotOnPlateInScene-v1|fric_x2.5] ep 5 success=False steps=60 inf=12.0s sim=2.2s total=16.5s
[octo-base|PutCarrotOnPlateInScene-v1|fric_x2.5] ep 6 success=False steps=60 inf=13.1s sim=2.0s total=17.2s
[octo-base|PutCarrotOnPlateInScene-v1|fric_x2.5] ep 7 success=False steps=60 inf=12.6s sim=2.2s total=16.9s
[octo-base|PutCarrotOnPlateInScene-v1|fric_x2.5] ep 8 success=False steps=60 inf=13.0s sim=1.8s total=17.1s
[octo-base|PutCarrotOnPlateInScene-v1|fric_x2.5] ep 9 success=True steps=60 inf=12.7s sim=1.9s total=16.8s
[octo-base|PutCarrotOnPlateInScene-v1|fric_x2.5] ep 10 success=False steps=60 inf=12.4s sim=1.9s total=16.4s
[octo-base|PutCarrotOnPlateInScene-v1|fric_x2.5] ep 11 success=False steps=60 inf=12.7s sim=2.2s total=17.0s
[octo-base|PutCarrotOnPlateInScene-v1|fric_x2.5] ep 12 success=True steps=60 inf=12.5s sim=2.0s total=16.6s
[octo-base|PutCarrotOnPlateInScene-v1|fric_x2.5] ep 13 success=False steps=60 inf=13.2s sim=1.9s total=17.0s
[octo-base|PutCarrotOnPlateInScene-v1|fric_x2.5] ep 14 success=True steps=60 inf=13.0s sim=2.0s total=17.1s
[octo-base|PutCarrotOnPlateInScene-v1|fric_x2.5] ep 15 success=False steps=60 inf=13.0s sim=1.7s total=16.9s
[octo-base|PutCarrotOnPlateInScene-v1|fric_x2.5] ep 16 success=True steps=60 inf=12.6s sim=1.9s total=16.6s
[octo-base|PutCarrotOnPlateInScene-v1|fric_x2.5] ep 17 success=False steps=60 inf=12.7s sim=1.8s total=16.6s
[octo-base|PutCarrotOnPlateInScene-v1|fric_x2.5] ep 18 success=False steps=60 inf=12.0s sim=2.0s total=16.2s
[octo-base|PutCarrotOnPlateInScene-v1|fric_x2.5] ep 19 success=False steps=60 inf=12.9s sim=2.0s total=17.1s
[octo-base|PutCarrotOnPlateInScene-v1|fric_x2.5] ep 20 success=False steps=60 inf=12.9s sim=2.1s total=17.2s
[octo-base|PutCarrotOnPlateInScene-v1|fric_x2.5] ep 21 success=False steps=60 inf=12.7s sim=1.9s total=16.7s
[octo-base|PutCarrotOnPlateInScene-v1|fric_x2.5] ep 22 success=False steps=60 inf=12.3s sim=1.9s total=16.5s
[octo-base|PutCarrotOnPlateInScene-v1|fric_x2.5] ep 23 success=False steps=60 inf=13.2s sim=1.9s total=17.1s
== fric_x2.5: 4/24 success
[33;1m2026-09-18 16:07:27,275 - mani_skill  - WARNING - Mimic targets dictionary is missing for controller config for widowx250s_bridgedataset_flat_table. Assuming the first joint is the control joint and the second joint is the mimic joint[0m
[33;1m2026-09-18 16:07:27,278 - mani_skill  - WARNING - No initial pose set for actor builder of bridge_carrot_generated_modified, setting to default pose q=[1,0,0,0], p=[0,0,0]. Not setting reasonable initial poses may slow down simulation, see https://github.com/haosulab/ManiSkill/issues/421.[0m
[33;1m2026-09-18 16:07:27,278 - mani_skill  - WARNING - No initial pose set for actor builder of bridge_plate_objaverse_larger, setting to default pose q=[1,0,0,0], p=[0,0,0]. Not setting reasonable initial poses may slow down simulation, see https://github.com/haosulab/ManiSkill/issues/421.[0m
[octo-base|PutCarrotOnPlateInScene-v1|dens_x0.5] ep 0 success=False steps=60 inf=12.5s sim=1.9s total=16.8s
[octo-base|PutCarrotOnPlateInScene-v1|dens_x0.5] ep 1 success=False steps=60 inf=13.0s sim=2.1s total=17.1s
[octo-base|PutCarrotOnPlateInScene-v1|dens_x0.5] ep 2 success=False steps=60 inf=12.2s sim=1.9s total=16.3s
[octo-base|PutCarrotOnPlateInScene-v1|dens_x0.5] ep 3 success=False steps=60 inf=12.8s sim=2.0s total=16.8s
[octo-base|PutCarrotOnPlateInScene-v1|dens_x0.5] ep 4 success=False steps=60 inf=13.0s sim=2.0s total=17.1s
[octo-base|PutCarrotOnPlateInScene-v1|dens_x0.5] ep 5 success=False steps=60 inf=13.0s sim=2.0s total=16.9s
[octo-base|PutCarrotOnPlateInScene-v1|dens_x0.5] ep 6 success=False steps=60 inf=12.2s sim=2.1s total=16.7s
[octo-base|PutCarrotOnPlateInScene-v1|dens_x0.5] ep 7 success=False steps=60 inf=11.8s sim=2.1s total=16.1s
[octo-base|PutCarrotOnPlateInScene-v1|dens_x0.5] ep 8 success=False steps=60 inf=11.3s sim=1.4s total=14.6s
[octo-base|PutCarrotOnPlateInScene-v1|dens_x0.5] ep 9 success=False steps=60 inf=11.3s sim=1.6s total=14.7s
[octo-base|PutCarrotOnPlateInScene-v1|dens_x0.5] ep 10 success=False steps=60 inf=10.9s sim=1.5s total=14.3s
[octo-base|PutCarrotOnPlateInScene-v1|dens_x0.5] ep 11 success=False steps=60 inf=10.6s sim=1.7s total=14.3s
[octo-base|PutCarrotOnPlateInScene-v1|dens_x0.5] ep 12 success=False steps=60 inf=10.9s sim=1.6s total=14.1s
[octo-base|PutCarrotOnPlateInScene-v1|dens_x0.5] ep 13 success=False steps=60 inf=10.3s sim=1.6s total=14.1s
[octo-base|PutCarrotOnPlateInScene-v1|dens_x0.5] ep 14 success=True steps=60 inf=11.3s sim=1.7s total=14.7s
[octo-base|PutCarrotOnPlateInScene-v1|dens_x0.5] ep 15 success=False steps=60 inf=11.0s sim=1.5s total=14.5s
[octo-base|PutCarrotOnPlateInScene-v1|dens_x0.5] ep 16 success=True steps=60 inf=11.1s sim=1.6s total=14.5s
[octo-base|PutCarrotOnPlateInScene-v1|dens_x0.5] ep 17 success=False steps=60 inf=10.6s sim=1.6s total=14.0s
[octo-base|PutCarrotOnPlateInScene-v1|dens_x0.5] ep 18 success=False steps=60 inf=10.1s sim=1.7s total=13.8s
[octo-base|PutCarrotOnPlateInScene-v1|dens_x0.5] ep 19 success=False steps=60 inf=11.3s sim=1.7s total=14.7s
[octo-base|PutCarrotOnPlateInScene-v1|dens_x0.5] ep 20 success=False steps=60 inf=10.6s sim=1.6s total=14.3s
[octo-base|PutCarrotOnPlateInScene-v1|dens_x0.5] ep 21 success=False steps=60 inf=10.7s sim=1.7s total=14.1s
[octo-base|PutCarrotOnPlateInScene-v1|dens_x0.5] ep 22 success=False steps=60 inf=10.6s sim=1.5s total=14.2s
[octo-base|PutCarrotOnPlateInScene-v1|dens_x0.5] ep 23 success=False steps=60 inf=10.5s sim=1.6s total=14.1s
== dens_x0.5: 2/24 success
[33;1m2026-09-18 16:13:30,565 - mani_skill  - WARNING - Mimic targets dictionary is missing for controller config for widowx250s_bridgedataset_flat_table. Assuming the first joint is the control joint and the second joint is the mimic joint[0m
[33;1m2026-09-18 16:13:30,567 - mani_skill  - WARNING - No initial pose set for actor builder of bridge_carrot_generated_modified, setting to default pose q=[1,0,0,0], p=[0,0,0]. Not setting reasonable initial poses may slow down simulation, see https://github.com/haosulab/ManiSkill/issues/421.[0m
[33;1m2026-09-18 16:13:30,567 - mani_skill  - WARNING - No initial pose set for actor builder of bridge_plate_objaverse_larger, setting to default pose q=[1,0,0,0], p=[0,0,0]. Not setting reasonable initial poses may slow down simulation, see https://github.com/haosulab/ManiSkill/issues/421.[0m
[octo-base|PutCarrotOnPlateInScene-v1|dens_x2.0] ep 0 success=False steps=60 inf=11.0s sim=1.5s total=14.2s
[octo-base|PutCarrotOnPlateInScene-v1|dens_x2.0] ep 1 success=False steps=60 inf=10.9s sim=1.7s total=14.5s
[octo-base|PutCarrotOnPlateInScene-v1|dens_x2.0] ep 2 success=False steps=60 inf=11.4s sim=1.5s total=14.5s
[octo-base|PutCarrotOnPlateInScene-v1|dens_x2.0] ep 3 success=False steps=60 inf=8.2s sim=1.4s total=11.4s
[octo-base|PutCarrotOnPlateInScene-v1|dens_x2.0] ep 4 success=True steps=60 inf=8.1s sim=1.4s total=11.3s
[octo-base|PutCarrotOnPlateInScene-v1|dens_x2.0] ep 5 success=False steps=60 inf=8.8s sim=1.4s total=11.7s
[octo-base|PutCarrotOnPlateInScene-v1|dens_x2.0] ep 6 success=False steps=60 inf=8.0s sim=1.4s total=11.2s
[octo-base|PutCarrotOnPlateInScene-v1|dens_x2.0] ep 7 success=False steps=60 inf=7.7s sim=1.5s total=11.1s
[octo-base|PutCarrotOnPlateInScene-v1|dens_x2.0] ep 8 success=False steps=60 inf=8.0s sim=1.4s total=11.1s
[octo-base|PutCarrotOnPlateInScene-v1|dens_x2.0] ep 9 success=False steps=60 inf=8.2s sim=1.5s total=11.2s
[octo-base|PutCarrotOnPlateInScene-v1|dens_x2.0] ep 10 success=False steps=60 inf=8.7s sim=1.2s total=11.6s
[octo-base|PutCarrotOnPlateInScene-v1|dens_x2.0] ep 11 success=False steps=60 inf=6.3s sim=1.2s total=8.9s
[octo-base|PutCarrotOnPlateInScene-v1|dens_x2.0] ep 12 success=True steps=60 inf=5.6s sim=1.1s total=8.1s
[octo-base|PutCarrotOnPlateInScene-v1|dens_x2.0] ep 13 success=False steps=60 inf=5.5s sim=1.1s total=8.1s
[octo-base|PutCarrotOnPlateInScene-v1|dens_x2.0] ep 14 success=True steps=60 inf=5.4s sim=1.2s total=8.0s
[octo-base|PutCarrotOnPlateInScene-v1|dens_x2.0] ep 15 success=False steps=60 inf=5.3s sim=1.1s total=7.9s
[octo-base|PutCarrotOnPlateInScene-v1|dens_x2.0] ep 16 success=True steps=60 inf=5.3s sim=1.1s total=7.9s
[octo-base|PutCarrotOnPlateInScene-v1|dens_x2.0] ep 17 success=False steps=60 inf=5.4s sim=1.1s total=7.9s
[octo-base|PutCarrotOnPlateInScene-v1|dens_x2.0] ep 18 success=False steps=60 inf=5.3s sim=1.1s total=7.9s
[octo-base|PutCarrotOnPlateInScene-v1|dens_x2.0] ep 19 success=False steps=60 inf=5.4s sim=1.2s total=8.0s
[octo-base|PutCarrotOnPlateInScene-v1|dens_x2.0] ep 20 success=False steps=60 inf=5.3s sim=1.1s total=7.9s
[octo-base|PutCarrotOnPlateInScene-v1|dens_x2.0] ep 21 success=False steps=60 inf=5.3s sim=1.1s total=8.0s
[octo-base|PutCarrotOnPlateInScene-v1|dens_x2.0] ep 22 success=False steps=60 inf=5.3s sim=1.1s total=7.8s
[octo-base|PutCarrotOnPlateInScene-v1|dens_x2.0] ep 23 success=False steps=60 inf=5.3s sim=1.1s total=7.8s
== dens_x2.0: 4/24 success
