E:\research\the_world\.venv-windows-ms3\Lib\site-packages\sapien\wrapper\pinocchio_model.py:299: UserWarning: pinnochio package is not installed, robotics functionalities will not be available
  warnings.warn(
[33;1m2026-09-18 23:11:04,053 - mani_skill  - WARNING - Mimic targets dictionary is missing for controller config for widowx250s_bridgedataset_sink. Assuming the first joint is the control joint and the second joint is the mimic joint[0m
[33;1m2026-09-18 23:11:04,218 - mani_skill  - WARNING - No initial pose set for actor builder of eggplant, setting to default pose q=[1,0,0,0], p=[0,0,0]. Not setting reasonable initial poses may slow down simulation, see https://github.com/haosulab/ManiSkill/issues/421.[0m
[33;1m2026-09-18 23:11:04,232 - mani_skill  - WARNING - No initial pose set for actor builder of dummy_sink_target_plane, setting to default pose q=[1,0,0,0], p=[0,0,0]. Not setting reasonable initial poses may slow down simulation, see https://github.com/haosulab/ManiSkill/issues/421.[0m
[octo-small|PutEggplantInBasketScene-v1|nominal] ep 0 success=True steps=120 inf=19.1s sim=6.4s total=30.6s
[octo-small|PutEggplantInBasketScene-v1|nominal] ep 1 success=True steps=120 inf=20.5s sim=5.4s total=30.2s
[octo-small|PutEggplantInBasketScene-v1|nominal] ep 2 success=True steps=120 inf=22.8s sim=5.9s total=31.5s
[octo-small|PutEggplantInBasketScene-v1|nominal] ep 3 success=False steps=120 inf=22.4s sim=6.5s total=33.7s
[octo-small|PutEggplantInBasketScene-v1|nominal] ep 4 success=False steps=120 inf=22.0s sim=8.5s total=35.0s
[octo-small|PutEggplantInBasketScene-v1|nominal] ep 5 success=True steps=120 inf=22.9s sim=6.6s total=34.9s
[octo-small|PutEggplantInBasketScene-v1|nominal] ep 6 success=True steps=120 inf=19.9s sim=6.7s total=31.5s
[octo-small|PutEggplantInBasketScene-v1|nominal] ep 7 success=False steps=120 inf=21.8s sim=7.6s total=34.6s
[octo-small|PutEggplantInBasketScene-v1|nominal] ep 8 success=True steps=120 inf=21.2s sim=7.4s total=34.1s
[octo-small|PutEggplantInBasketScene-v1|nominal] ep 9 success=False steps=120 inf=20.5s sim=6.9s total=32.4s
[octo-small|PutEggplantInBasketScene-v1|nominal] ep 10 success=True steps=120 inf=21.6s sim=5.5s total=32.4s
[octo-small|PutEggplantInBasketScene-v1|nominal] ep 11 success=False steps=120 inf=20.9s sim=7.9s total=34.3s
[octo-small|PutEggplantInBasketScene-v1|nominal] ep 12 success=True steps=120 inf=39.9s sim=9.9s total=58.0s
[octo-small|PutEggplantInBasketScene-v1|nominal] ep 13 success=True steps=120 inf=49.0s sim=12.7s total=70.9s
[octo-small|PutEggplantInBasketScene-v1|nominal] ep 14 success=False steps=120 inf=43.9s sim=14.7s total=67.7s
[octo-small|PutEggplantInBasketScene-v1|nominal] ep 15 success=False steps=120 inf=42.6s sim=12.3s total=64.1s
[octo-small|PutEggplantInBasketScene-v1|nominal] ep 16 success=True steps=120 inf=44.1s sim=10.8s total=64.2s
[octo-small|PutEggplantInBasketScene-v1|nominal] ep 17 success=False steps=120 inf=42.1s sim=9.5s total=60.3s
[octo-small|PutEggplantInBasketScene-v1|nominal] ep 18 success=True steps=120 inf=41.6s sim=9.8s total=59.9s
[octo-small|PutEggplantInBasketScene-v1|nominal] ep 19 success=False steps=120 inf=47.6s sim=12.9s total=66.3s
[octo-small|PutEggplantInBasketScene-v1|nominal] ep 20 success=False steps=120 inf=44.3s sim=11.6s total=63.2s
[octo-small|PutEggplantInBasketScene-v1|nominal] ep 21 success=True steps=120 inf=49.3s sim=9.6s total=66.0s
[octo-small|PutEggplantInBasketScene-v1|nominal] ep 22 success=False steps=120 inf=50.8s sim=14.9s total=75.0s
[octo-small|PutEggplantInBasketScene-v1|nominal] ep 23 success=True steps=120 inf=45.7s sim=13.8s total=68.9s
== nominal: 13/24 success
