E:\research\the_world\.venv-windows-ms3\Lib\site-packages\sapien\wrapper\pinocchio_model.py:299: UserWarning: pinnochio package is not installed, robotics functionalities will not be available
  warnings.warn(
[33;1m2026-09-18 16:18:48,259 - mani_skill  - WARNING - Mimic targets dictionary is missing for controller config for widowx250s_bridgedataset_sink. Assuming the first joint is the control joint and the second joint is the mimic joint[0m
[33;1m2026-09-18 16:18:48,329 - mani_skill  - WARNING - No initial pose set for actor builder of eggplant, setting to default pose q=[1,0,0,0], p=[0,0,0]. Not setting reasonable initial poses may slow down simulation, see https://github.com/haosulab/ManiSkill/issues/421.[0m
[33;1m2026-09-18 16:18:48,350 - mani_skill  - WARNING - No initial pose set for actor builder of dummy_sink_target_plane, setting to default pose q=[1,0,0,0], p=[0,0,0]. Not setting reasonable initial poses may slow down simulation, see https://github.com/haosulab/ManiSkill/issues/421.[0m
[octo-base|PutEggplantInBasketScene-v1|nominal] ep 48 success=True steps=120 inf=22.9s sim=3.6s total=30.1s
[octo-base|PutEggplantInBasketScene-v1|nominal] ep 49 success=False steps=120 inf=22.9s sim=4.0s total=30.7s
[octo-base|PutEggplantInBasketScene-v1|nominal] ep 50 success=False steps=120 inf=22.4s sim=5.2s total=31.4s
[octo-base|PutEggplantInBasketScene-v1|nominal] ep 51 success=False steps=120 inf=23.7s sim=5.9s total=33.6s
[octo-base|PutEggplantInBasketScene-v1|nominal] ep 52 success=False steps=120 inf=25.8s sim=4.7s total=34.7s
[octo-base|PutEggplantInBasketScene-v1|nominal] ep 53 success=True steps=120 inf=25.6s sim=5.1s total=34.6s
[octo-base|PutEggplantInBasketScene-v1|nominal] ep 54 success=True steps=120 inf=26.3s sim=4.3s total=34.9s
[octo-base|PutEggplantInBasketScene-v1|nominal] ep 55 success=False steps=120 inf=23.8s sim=5.6s total=33.4s
[octo-base|PutEggplantInBasketScene-v1|nominal] ep 56 success=True steps=120 inf=25.1s sim=4.4s total=33.8s
[octo-base|PutEggplantInBasketScene-v1|nominal] ep 57 success=False steps=120 inf=24.9s sim=4.8s total=33.8s
[octo-base|PutEggplantInBasketScene-v1|nominal] ep 58 success=True steps=120 inf=25.5s sim=4.7s total=34.0s
[octo-base|PutEggplantInBasketScene-v1|nominal] ep 59 success=False steps=120 inf=24.0s sim=6.0s total=34.0s
[octo-base|PutEggplantInBasketScene-v1|nominal] ep 60 success=False steps=120 inf=24.2s sim=5.1s total=33.6s
[octo-base|PutEggplantInBasketScene-v1|nominal] ep 61 success=False steps=120 inf=25.0s sim=4.5s total=34.7s
[octo-base|PutEggplantInBasketScene-v1|nominal] ep 62 success=False steps=120 inf=24.4s sim=4.8s total=33.6s
[octo-base|PutEggplantInBasketScene-v1|nominal] ep 63 success=False steps=120 inf=23.3s sim=6.5s total=33.9s
[octo-base|PutEggplantInBasketScene-v1|nominal] ep 64 success=False steps=120 inf=24.5s sim=5.0s total=33.8s
[octo-base|PutEggplantInBasketScene-v1|nominal] ep 65 success=False steps=120 inf=25.1s sim=5.1s total=34.5s
[octo-base|PutEggplantInBasketScene-v1|nominal] ep 66 success=True steps=120 inf=24.3s sim=6.6s total=35.2s
[octo-base|PutEggplantInBasketScene-v1|nominal] ep 67 success=False steps=120 inf=23.6s sim=10.0s total=39.2s
[octo-base|PutEggplantInBasketScene-v1|nominal] ep 68 success=True steps=120 inf=27.0s sim=5.0s total=36.8s
[octo-base|PutEggplantInBasketScene-v1|nominal] ep 69 success=False steps=120 inf=26.9s sim=5.6s total=37.3s
[octo-base|PutEggplantInBasketScene-v1|nominal] ep 70 success=True steps=120 inf=28.7s sim=8.8s total=42.6s
[octo-base|PutEggplantInBasketScene-v1|nominal] ep 71 success=False steps=120 inf=28.8s sim=8.0s total=42.0s
[octo-base|PutEggplantInBasketScene-v1|nominal] ep 72 success=False steps=120 inf=26.0s sim=8.5s total=39.5s
[octo-base|PutEggplantInBasketScene-v1|nominal] ep 73 success=True steps=120 inf=27.1s sim=7.1s total=39.2s
[octo-base|PutEggplantInBasketScene-v1|nominal] ep 74 success=True steps=120 inf=27.2s sim=6.1s total=38.5s
[octo-base|PutEggplantInBasketScene-v1|nominal] ep 75 success=False steps=120 inf=24.8s sim=9.9s total=39.7s
[octo-base|PutEggplantInBasketScene-v1|nominal] ep 76 success=True steps=120 inf=27.5s sim=8.4s total=40.7s
[octo-base|PutEggplantInBasketScene-v1|nominal] ep 77 success=False steps=120 inf=27.6s sim=5.0s total=36.9s
[octo-base|PutEggplantInBasketScene-v1|nominal] ep 78 success=True steps=120 inf=23.7s sim=7.8s total=35.9s
[octo-base|PutEggplantInBasketScene-v1|nominal] ep 79 success=False steps=120 inf=25.6s sim=7.4s total=37.3s
[octo-base|PutEggplantInBasketScene-v1|nominal] ep 80 success=False steps=120 inf=27.6s sim=4.4s total=36.7s
[octo-base|PutEggplantInBasketScene-v1|nominal] ep 81 success=True steps=120 inf=26.2s sim=5.7s total=36.3s
[octo-base|PutEggplantInBasketScene-v1|nominal] ep 82 success=True steps=120 inf=27.1s sim=4.5s total=35.9s
[octo-base|PutEggplantInBasketScene-v1|nominal] ep 83 success=False steps=120 inf=26.0s sim=5.2s total=35.6s
[octo-base|PutEggplantInBasketScene-v1|nominal] ep 84 success=True steps=120 inf=26.2s sim=5.2s total=35.5s
[octo-base|PutEggplantInBasketScene-v1|nominal] ep 85 success=True steps=120 inf=24.9s sim=5.7s total=35.2s
[octo-base|PutEggplantInBasketScene-v1|nominal] ep 86 success=False steps=120 inf=27.6s sim=3.9s total=35.9s
[octo-base|PutEggplantInBasketScene-v1|nominal] ep 87 success=False steps=120 inf=25.4s sim=5.7s total=35.5s
[octo-base|PutEggplantInBasketScene-v1|nominal] ep 88 success=True steps=120 inf=26.3s sim=4.4s total=35.3s
[octo-base|PutEggplantInBasketScene-v1|nominal] ep 89 success=True steps=120 inf=25.6s sim=4.9s total=35.7s
[octo-base|PutEggplantInBasketScene-v1|nominal] ep 90 success=True steps=120 inf=27.4s sim=3.8s total=35.6s
[octo-base|PutEggplantInBasketScene-v1|nominal] ep 91 success=False steps=120 inf=22.5s sim=5.2s total=31.7s
[octo-base|PutEggplantInBasketScene-v1|nominal] ep 92 success=True steps=120 inf=21.8s sim=3.9s total=29.6s
[octo-base|PutEggplantInBasketScene-v1|nominal] ep 93 success=True steps=120 inf=21.4s sim=4.8s total=30.1s
[octo-base|PutEggplantInBasketScene-v1|nominal] ep 94 success=True steps=120 inf=21.7s sim=3.6s total=29.3s
[octo-base|PutEggplantInBasketScene-v1|nominal] ep 95 success=False steps=120 inf=21.3s sim=4.2s total=29.3s
== nominal: 36/96 success
