E:\research\the_world\.venv-windows-ms3\Lib\site-packages\sapien\wrapper\pinocchio_model.py:299: UserWarning: pinnochio package is not installed, robotics functionalities will not be available
  warnings.warn(
[33;1m2026-09-18 23:05:39,224 - mani_skill  - WARNING - Mimic targets dictionary is missing for controller config for widowx250s_bridgedataset_sink. Assuming the first joint is the control joint and the second joint is the mimic joint[0m
[33;1m2026-09-18 23:05:39,357 - mani_skill  - WARNING - No initial pose set for actor builder of eggplant, setting to default pose q=[1,0,0,0], p=[0,0,0]. Not setting reasonable initial poses may slow down simulation, see https://github.com/haosulab/ManiSkill/issues/421.[0m
[33;1m2026-09-18 23:05:39,371 - mani_skill  - WARNING - No initial pose set for actor builder of dummy_sink_target_plane, setting to default pose q=[1,0,0,0], p=[0,0,0]. Not setting reasonable initial poses may slow down simulation, see https://github.com/haosulab/ManiSkill/issues/421.[0m
[octo-small@hist1|PutEggplantInBasketScene-v1|iso_x0.25] ep 24 success=False steps=120 inf=18.9s sim=5.7s total=29.3s[o[octo-small@hist1|PutEggplantInBasketScene-v1|iso_x0.25] ep 25 success=True steps=120 inf=17.4s sim=4.6s total=26.[oct[octo-small@hist1|PutEggplantInBasketScene-v1|iso_x0.25] ep 26 success=True steps=120 inf=17.9s sim=5.2s total=2[octo-[octo-small@hist1|PutEggplantInBasketScene-v1|iso_x0.25] ep 27 success=False steps=120 inf=19.4s sim=6.0s total[octo-sm[octo-small@hist1|PutEggplantInBasketScene-v1|iso_x0.25] ep 28 success=False steps=120 inf=19.5s sim=5.8s tot[octo-smal[octo-small@hist1|PutEggplantInBasketScene-v1|iso_x0.25] ep 29 success=False steps=120 inf=20.6s sim=6.2s t[octo-small@[octo-small@hist1|PutEggplantInBasketScene-v1|iso_x0.25] ep 30 success=False steps=120 inf=20.6s sim=6.8[octo-small@his[octo-small@hist1|PutEggplantInBasketScene-v1|iso_x0.25] ep 31 success=False steps=120 inf=22.1s sim=6[octo-small@hist1[octo-small@hist1|PutEggplantInBasketScene-v1|iso_x0.25] ep 32 success=False steps=120 inf=20.1s sim[octo-small@hist1|PutEggplantInBasketScene-v1|nominal] ep 33 success=True steps=120 inf=17.0s sim=5.5s total=27.2s
[octo-small@hist1|PutEggplantInBasketScene-v1|nominal] ep 34 success=False steps=120 inf=16.3s sim=7.7s total=28.6s
[octo-small@hist1|PutEggplantInBasketScene-v1|nominal] ep 35 success=False steps=120 inf=14.3s sim=6.5s total=25.3s
[octo-small@hist1|PutEggplantInBasketScene-v1|nominal] ep 36 success=False steps=120 inf=17.8s sim=8.9s total=31.8s
[octo-small@hist1|PutEggplantInBasketScene-v1|nominal] ep 37 success=False steps=120 inf=18.8s sim=7.9s total=30.4s
[octo-small@hist1|PutEggplantInBasketScene-v1|nominal] ep 38 success=False steps=120 inf=21.1s sim=8.4s total=32.9s
[octo-small@hist1|PutEggplantInBasketScene-v1|nominal] ep 39 success=False steps=120 inf=19.3s sim=7.9s total=32.3s
[octo-small@hist1|PutEggplantInBasketScene-v1|nominal] ep 40 success=False steps=120 inf=18.7s sim=7.6s total=30.3s
[octo-small@hist1|PutEggplantInBasketScene-v1|nominal] ep 41 success=True steps=120 inf=20.0s sim=6.8s total=32.1s
[octo-small@hist1|PutEggplantInBasketScene-v1|nominal] ep 42 success=False steps=120 inf=18.1s sim=8.5s total=31.3s
[octo-small@hist1|PutEggplantInBasketScene-v1|nominal] ep 43 success=False steps=120 inf=19.5s sim=8.8s total=33.2s
[octo-small@hist1|PutEggplantInBasketScene-v1|nominal] ep 44 success=True steps=120 inf=18.8s sim=6.5s total=30.4s
[octo-small@hist1|PutEggplantInBasketScene-v1|nominal] ep 45 success=True steps=120 inf=17.8s sim=5.8s total=28.7s
[octo-small@hist1|PutEggplantInBasketScene-v1|nominal] ep 46 success=False steps=120 inf=19.3s sim=7.1s total=31.6s
[octo-small@hist1|PutEggplantInBasketScene-v1|nominal] ep 47 success=False steps=120 inf=19.6s sim=9.4s total=34.6s
[octo-small@hist1|PutEggplantInBasketScene-v1|nominal] ep 48 success=False steps=120 inf=26.2s sim=9.9s total=43.0s
[octo-small@hist1|PutEggplantInBasketScene-v1|nominal] ep 49 success=True steps=120 inf=39.6s sim=11.5s total=59.9s
[octo-small@hist1|PutEggplantInBasketScene-v1|nominal] ep 50 success=True steps=120 inf=36.8s sim=9.9s total=54.8s
[octo-small@hist1|PutEggplantInBasketScene-v1|nominal] ep 51 success=False steps=120 inf=32.6s sim=12.5s total=52.8s
[octo-small@hist1|PutEggplantInBasketScene-v1|nominal] ep 52 success=True steps=120 inf=34.3s sim=10.5s total=52.7s
[octo-small@hist1|PutEggplantInBasketScene-v1|nominal] ep 53 success=True steps=120 inf=33.7s sim=11.0s total=52.5s
[octo-small@hist1|PutEggplantInBasketScene-v1|nominal] ep 54 success=True steps=120 inf=34.5s sim=9.9s total=52.3s
[octo-small@hist1|PutEggplantInBasketScene-v1|nominal] ep 55 success=False steps=120 inf=32.5s sim=14.3s total=54.7s
[octo-small@hist1|PutEggplantInBasketScene-v1|nominal] ep 56 success=False steps=120 inf=34.6s sim=11.8s total=54.5s
[octo-small@hist1|PutEggplantInBasketScene-v1|nominal] ep 57 success=False steps=120 inf=37.9s sim=12.1s total=54.6s
[octo-small@hist1|PutEggplantInBasketScene-v1|nominal] ep 58 success=True steps=120 inf=34.9s sim=10.5s total=53.0s
[octo-small@hist1|PutEggplantInBasketScene-v1|nominal] ep 59 success=True steps=120 inf=39.1s sim=13.5s total=58.9s
[octo-small@hist1|PutEggplantInBasketScene-v1|nominal] ep 60 success=True steps=120 inf=37.3s sim=10.1s total=55.0s
[octo-small@hist1|PutEggplantInBasketScene-v1|nominal] ep 61 success=False steps=120 inf=35.1s sim=11.2s total=54.5s
[octo-small@hist1|PutEggplantInBasketScene-v1|nominal] ep 62 success=False steps=120 inf=34.9s sim=13.6s total=57.0s
[octo-small@hist1|PutEggplantInBasketScene-v1|nominal] ep 63 success=False steps=120 inf=24.7s sim=14.1s total=45.6s
[octo-small@hist1|PutEggplantInBasketScene-v1|nominal] ep 64 success=False steps=120 inf=26.6s sim=12.1s total=46.0s
[octo-small@hist1|PutEggplantInBasketScene-v1|nominal] ep 65 success=True steps=120 inf=25.9s sim=9.0s total=42.1s
[octo-small@hist1|PutEggplantInBasketScene-v1|nominal] ep 66 success=True steps=120 inf=24.9s sim=10.8s total=42.7s
[octo-small@hist1|PutEggplantInBasketScene-v1|nominal] ep 67 success=False steps=120 inf=22.1s sim=11.4s total=39.9s
[octo-small@hist1|PutEggplantInBasketScene-v1|nominal] ep 68 success=True steps=120 inf=23.5s sim=9.1s total=38.7s
[octo-small@hist1|PutEggplantInBasketScene-v1|nominal] ep 69 success=True steps=120 inf=26.6s sim=10.8s total=43.8s
[octo-small@hist1|PutEggplantInBasketScene-v1|nominal] ep 70 success=True steps=120 inf=26.6s sim=10.8s total=44.3s
[octo-small@hist1|PutEggplantInBasketScene-v1|nominal] ep 71 success=False steps=120 inf=19.0s sim=9.4s total=97.3s
[octo-small@hist1|PutEggplantInBasketScene-v1|nominal] ep 72 success=False steps=120 inf=15.0s sim=12.3s total=31.8s
[octo-small@hist1|PutEggplantInBasketScene-v1|nominal] ep 73 success=True steps=120 inf=20.1s sim=11.6s total=37.2s
[octo-small@hist1|PutEggplantInBasketScene-v1|nominal] ep 74 success=True steps=120 inf=21.9s sim=9.1s total=37.1s
[octo-small@hist1|PutEggplantInBasketScene-v1|nominal] ep 75 success=True steps=120 inf=20.9s sim=9.9s total=37.3s
[octo-small@hist1|PutEggplantInBasketScene-v1|nominal] ep 76 success=True steps=120 inf=21.0s sim=9.5s total=36.8s
[octo-small@hist1|PutEggplantInBasketScene-v1|nominal] ep 77 success=True steps=120 inf=21.3s sim=9.7s total=37.8s
[octo-small@hist1|PutEggplantInBasketScene-v1|nominal] ep 78 success=False steps=120 inf=21.1s sim=13.3s total=41.3s
[octo-small@hist1|PutEggplantInBasketScene-v1|nominal] ep 79 success=False steps=120 inf=20.1s sim=8.5s total=34.6s
[octo-small@hist1|PutEggplantInBasketScene-v1|nominal] ep 80 success=False steps=120 inf=17.8s sim=6.9s total=29.5s
[octo-small@hist1|PutEggplantInBasketScene-v1|nominal] ep 81 success=True steps=120 inf=17.2s sim=5.9s total=28.6s
[octo-small@hist1|PutEggplantInBasketScene-v1|nominal] ep 82 success=True steps=120 inf=17.5s sim=5.9s total=28.6s
[octo-small@hist1|PutEggplantInBasketScene-v1|nominal] ep 83 success=False steps=120 inf=17.0s sim=6.4s total=28.6s
[octo-small@hist1|PutEggplantInBasketScene-v1|nominal] ep 84 success=True steps=120 inf=16.4s sim=5.8s total=27.7s
[octo-small@hist1|PutEggplantInBasketScene-v1|nominal] ep 85 success=True steps=120 inf=16.8s sim=6.1s total=28.2s
[octo-small@hist1|PutEggplantInBasketScene-v1|nominal] ep 86 success=True steps=120 inf=17.6s sim=5.9s total=28.9s
[octo-small@hist1|PutEggplantInBasketScene-v1|nominal] ep 87 success=True steps=120 inf=17.1s sim=5.8s total=28.1s
[octo-small@hist1|PutEggplantInBasketScene-v1|nominal] ep 88 success=True steps=120 inf=17.4s sim=5.6s total=28.4s
[octo-small@hist1|PutEggplantInBasketScene-v1|nominal] ep 89 success=False steps=120 inf=17.6s sim=7.3s total=30.4s
[octo-small@hist1|PutEggplantInBasketScene-v1|nominal] ep 90 success=False steps=120 inf=17.0s sim=6.9s total=29.4s
[octo-small@hist1|PutEggplantInBasketScene-v1|nominal] ep 91 success=False steps=120 inf=16.4s sim=7.1s total=28.7s
[octo-small@hist1|PutEggplantInBasketScene-v1|nominal] ep 92 success=False steps=120 inf=17.8s sim=7.5s total=30.7s
[octo-small@hist1|PutEggplantInBasketScene-v1|nominal] ep 93 success=False steps=120 inf=16.6s sim=6.8s total=28.8s
[octo-small@hist1|PutEggplantInBasketScene-v1|nominal] ep 94 success=True steps=120 inf=16.3s sim=5.9s total=27.5s
[octo-small@hist1|PutEggplantInBasketScene-v1|nominal] ep 95 success=True steps=120 inf=16.7s sim=5.7s total=27.8s
== nominal: 58/117 success
 ep 87 success=True steps=120 inf=20.8s sim=6.8s total=33.1s
[octo-small@hist1|PutEggplantInBasketScene-v1|nominal] ep 88 success=False steps=120 inf=19.2s sim=6.5s total=31.1s
[octo-small@hist1|PutEggplantInBasketScene-v1|nominal] ep 89 success=False steps=120 inf=18.9s sim=7.2s total=31.6s
[octo-small@hist1|PutEggplantInBasketScene-v1|nominal] ep 90 success=False steps=120 inf=20.1s sim=6.0s total=31.8s
[octo-small@hist1|PutEggplantInBasketScene-v1|nominal] ep 91 success=False steps=120 inf=19.0s sim=7.1s total=31.7s
[octo-small@hist1|PutEggplantInBasketScene-v1|nominal] ep 92 success=True steps=120 inf=18.3s sim=6.5s total=30.2s
[octo-small@hist1|PutEggplantInBasketScene-v1|nominal] ep 93 success=True steps=120 inf=17.3s sim=5.4s total=28.3s
[octo-small@hist1|PutEggplantInBasketScene-v1|nominal] ep 94 success=True steps=120 inf=16.8s sim=5.1s total=27.1s
[octo-small@hist1|PutEggplantInBasketScene-v1|nominal] ep 95 success=False steps=120 inf=19.9s sim=6.4s total=31.9s
== nominal: 60/120 success
RNING - Mimic targets dictionary is missing for controller config for widowx250s_bridgedataset_sink. Assuming the first joint is the control joint and the second joint is the mimic joint[0m
[33;1m2026-09-18 23:51:22,823 - mani_skill  - WARNING - No initial pose set for actor builder of eggplant, setting to default pose q=[1,0,0,0], p=[0,0,0]. Not setting reasonable initial poses may slow down simulation, see https://github.com/haosulab/ManiSkill/issues/421.[0m
[33;1m2026-09-18 23:51:22,858 - mani_skill  - WARNING - No initial pose set for actor builder of dummy_sink_target_plane, setting to default pose q=[1,0,0,0], p=[0,0,0]. Not setting reasonable initial poses may slow down simulation, see https://github.com/haosulab/ManiSkill/issues/421.[0m
[octo-small@hist1|PutEggplantInBasketScene-v1|iso_x0.25] ep 33 success=True steps=120 inf=16.8s sim=5.5s total=27.6s
E:\research\the_world\.venv-windows-ms3\Lib\site-packages\sapien\wrapper\pinocchio_model.py:299: UserWarning: pinnochio[octo-small@hist1|PutEggplantInBasketScene-v1|iso_x0.25] ep 35 success=False steps=120 inf=17.8s sim=7.4s total=30.7s
[octo-small@hist1|PutEggplantInBasketScene-v1|iso_x0.25] ep 36 success=False steps=120 inf=16.7s sim=8.1s total=30.2s
[octo-small@hist1|PutEggplantInBasketScene-v1|iso_x0.25] ep 37 success=False steps=120 inf=16.7s sim=6.7s total=28.7s
[octo-small@hist1|PutEggplantInBasketScene-v1|iso_x0.25] ep 38 success=False steps=120 inf=18.5s sim=8.0s total=31.8s
[octo-small@hist1|PutEggplantInBasketScene-v1|iso_x0.25] ep 39 success=False steps=120 inf=17.1s sim=8.4s total=30.7s
[octo-small@hist1|PutEggplantInBasketScene-v1|iso_x0.25] ep 40 success=False steps=120 inf=16.9s sim=8.0s total=30.7s
[octo-small@hist1|PutEggplantInBasketScene-v1|iso_x0.25] ep 41 success=True steps=120 inf=16.6s sim=5.5s total=27.7s
[octo-small@hist1|PutEggplantInBasketScene-v1|iso_x0.25] ep 42 success=False steps=120 inf=16.9s sim=8.0s total=30.4s
[octo-small@hist1|PutEggplantInBasketScene-v1|iso_x0.25] ep 43 success=True steps=120 inf=17.1s sim=5.6s total=28.5s
[octo-small@hist1|PutEggplantInBasketScene-v1|iso_x0.25] ep 44 success=True steps=120 inf=16.6s sim=5.9s total=27.7s
[octo-small@hist1|PutEggplantInBasketScene-v1|iso_x0.25] ep 45 success=False steps=120 inf=17.2s sim=7.8s total=30.3s
[octo-small@hist1|PutEggplantInBasketScene-v1|iso_x0.25] ep 46 success=False steps=120 inf=17.3s sim=8.4s total=31.4s
[octo-small@hist1|PutEggplantInBasketScene-v1|iso_x0.25] ep 47 success=False steps=120 inf=16.4s sim=6.9s total=28.8s
[octo-small@hist1|PutEggplantInBasketScene-v1|iso_x0.25] ep 48 success=False steps=120 inf=16.3s sim=7.0s total=28.7s
[octo-small@hist1|PutEggplantInBasketScene-v1|iso_x0.25] ep 49 success=False steps=120 inf=17.0s sim=6.7s total=29.1s
[octo-small@hist1|PutEggplantInBasketScene-v1|iso_x0.25] ep 50 success=False steps=120 inf=17.2s sim=8.0s total=30.8s
[octo-small@hist1|PutEggplantInBasketScene-v1|iso_x0.25] ep 51 success=True steps=120 inf=16.1s sim=5.7s total=27.3s
[octo-small@hist1|PutEggplantInBasketScene-v1|iso_x0.25] ep 52 success=False steps=120 inf=14.5s sim=7.5s total=26.9s
[octo-small@hist1|PutEggplantInBasketScene-v1|iso_x0.25] ep 53 success=False steps=120 inf=13.0s sim=7.1s total=25.6s
[octo-small@hist1|PutEggplantInBasketScene-v1|iso_x0.25] ep 54 success=True steps=120 inf=15.6s sim=5.8s total=26.8s
[octo-small@hist1|PutEggplantInBasketScene-v1|iso_x0.25] ep 55 success=False steps=120 inf=17.7s sim=8.3s total=31.5s
[octo-small@hist1|PutEggplantInBasketScene-v1|iso_x0.25] ep 56 success=False steps=120 inf=16.7s sim=6.7s total=28.7s
[octo-small@hist1|PutEggplantInBasketScene-v1|iso_x0.25] ep 57 success=False steps=120 inf=17.0s sim=7.2s total=29.6s
[octo-small@hist1|PutEggplantInBasketScene-v1|iso_x0.25] ep 58 success=False steps=120 inf=17.2s sim=7.2s total=30.1s
[octo-small@hist1|PutEggplantInBasketScene-v1|iso_x0.25] ep 59 success=False steps=120 inf=16.7s sim=7.4s total=29.4s
[octo-small@hist1|PutEggplantInBasketScene-v1|iso_x0.25] ep 60 success=True steps=120 inf=16.9s sim=5.6s total=27.8s
[octo-small@hist1|PutEggplantInBasketScene-v1|iso_x0.25] ep 61 success=False steps=120 inf=17.6s sim=6.2s total=29.0s
[octo-small@hist1|PutEggplantInBasketScene-v1|iso_x0.25] ep 62 success=False steps=120 inf=18.8s sim=8.4s total=32.8s
[octo-small@hist1|PutEggplantInBasketScene-v1|iso_x0.25] ep 63 success=False steps=120 inf=17.6s sim=7.3s total=30.4s
[octo-small@hist1|PutEggplantInBasketScene-v1|iso_x0.25] ep 64 success=False steps=120 inf=17.1s sim=6.6s total=29.2s
[octo-small@hist1|PutEggplantInBasketScene-v1|iso_x0.25] ep 65 success=False steps=120 inf=16.8s sim=7.2s total=29.4s
[octo-small@hist1|PutEggplantInBasketScene-v1|iso_x0.25] ep 66 success=False steps=120 inf=17.6s sim=7.7s total=30.5s
[octo-small@hist1|PutEggplantInBasketScene-v1|iso_x0.25] ep 67 success=False steps=120 inf=16.1s sim=6.9s total=28.4s
[octo-small@hist1|PutEggplantInBasketScene-v1|iso_x0.25] ep 68 success=False steps=120 inf=15.2s sim=6.0s total=26.7s
[octo-small@hist1|PutEggplantInBasketScene-v1|iso_x0.25] ep 69 success=True steps=120 inf=15.5s sim=5.3s total=26.2s
[octo-small@hist1|PutEggplantInBasketScene-v1|iso_x0.25] ep 70 success=True steps=120 inf=15.7s sim=5.4s total=26.4s
[octo-small@hist1|PutEggplantInBasketScene-v1|iso_x0.25] ep 71 success=False steps=120 inf=16.9s sim=6.8s total=27.6s
[octo-small@hist1|PutEggplantInBasketScene-v1|iso_x0.25] ep 72 success=True steps=120 inf=15.0s sim=5.3s total=25.3s
[octo-small@hist1|PutEggplantInBasketScene-v1|iso_x0.25] ep 73 success=True steps=120 inf=14.9s sim=5.9s total=25.7s
[octo-small@hist1|PutEggplantInBasketScene-v1|iso_x0.25] ep 74 success=False steps=120 inf=15.8s sim=6.5s total=26.9s
[octo-small@hist1|PutEggplantInBasketScene-v1|iso_x0.25] ep 75 success=True steps=120 inf=15.1s sim=6.9s total=27.5s
[octo-small@hist1|PutEggplantInBasketScene-v1|iso_x0.25] ep 76 success=True steps=120 inf=15.5s sim=5.9s total=26.9s
[octo-small@hist1|PutEggplantInBasketScene-v1|iso_x0.25] ep 77 success=True steps=120 inf=15.6s sim=6.2s total=27.1s
[octo-small@hist1|PutEggplantInBasketScene-v1|iso_x0.25] ep 78 success=False steps=120 inf=15.3s sim=7.1s total=27.6s
[octo-small@hist1|PutEggplantInBasketScene-v1|iso_x0.25] ep 79 success=True steps=120 inf=15.5s sim=5.3s total=26.1s
[octo-small@hist1|PutEggplantInBasketScene-v1|iso_x0.25] ep 80 success=True steps=120 inf=15.2s sim=5.1s total=25.5s
[octo-small@hist1|PutEggplantInBasketScene-v1|iso_x0.25] ep 81 success=True steps=120 inf=15.4s sim=5.1s total=25.7s
[octo-small@hist1|PutEggplantInBasketScene-v1|iso_x0.25] ep 82 success=True steps=120 inf=14.8s sim=5.0s total=25.1s
[octo-small@hist1|PutEggplantInBasketScene-v1|iso_x0.25] ep 83 success=False steps=120 inf=15.9s sim=6.5s total=27.5s
[octo-small@hist1|PutEggplantInBasketScene-v1|iso_x0.25] ep 84 success=True steps=120 inf=15.0s sim=5.3s total=25.4s
[octo-small@hist1|PutEggplantInBasketScene-v1|iso_x0.25] ep 85 success=True steps=120 inf=14.9s sim=5.1s total=25.0s
[octo-small@hist1|PutEggplantInBasketScene-v1|iso_x0.25] ep 86 success=True steps=120 inf=15.4s sim=5.3s total=26.0s
[octo-small@hist1|PutEggplantInBasketScene-v1|iso_x0.25] ep 87 success=True steps=120 inf=15.9s sim=6.2s total=27.3s
[octo-small@hist1|PutEggplantInBasketScene-v1|iso_x0.25] ep 88 success=True steps=120 inf=15.1s sim=4.9s total=25.7s
[octo-small@hist1|PutEggplantInBasketScene-v1|iso_x0.25] ep 89 success=False steps=120 inf=15.9s sim=6.3s total=27.6s
[octo-small@hist1|PutEggplantInBasketScene-v1|iso_x0.25] ep 90 success=False steps=120 inf=15.3s sim=7.5s total=28.0s
[octo-small@hist1|PutEggplantInBasketScene-v1|iso_x0.25] ep 91 success=False steps=120 inf=15.3s sim=6.3s total=26.9s
[octo-small@hist1|PutEggplantInBasketScene-v1|iso_x0.25] ep 92 success=True steps=120 inf=15.2s sim=5.2s total=26.0s
[octo-small@hist1|PutEggplantInBasketScene-v1|iso_x0.25] ep 93 success=True steps=120 inf=15.5s sim=4.9s total=25.8s
[octo-small@hist1|PutEggplantInBasketScene-v1|iso_x0.25] ep 94 success=True steps=120 inf=15.2s sim=5.3s total=25.6s
[octo-small@hist1|PutEggplantInBasketScene-v1|iso_x0.25] ep 95 success=False steps=120 inf=15.1s sim=6.2s total=26.4s
== iso_x0.25: 37/96 success
small@hist1|PutEggplantInBasketScene-v1|iso_x4.0] ep 78 success=False steps=120 inf=18.5s sim=7.2s total=31.5s
[octo-small@hist1|PutEggplantInBasketScene-v1|iso_x4.0] ep 79 success=False steps=120 inf=16.8s sim=6.4s total=28.7s
[octo-small@hist1|PutEggplantInBasketScene-v1|iso_x4.0] ep 80 success=False steps=120 inf=18.5s sim=7.0s total=31.2s
[octo-small@hist1|PutEggplantInBasketScene-v1|iso_x4.0] ep 81 success=False steps=120 inf=18.3s sim=5.3s total=29.3s
[octo-small@hist1|PutEggplantInBasketScene-v1|iso_x4.0] ep 82 success=True steps=120 inf=17.8s sim=5.0s total=28.4s
[octo-small@hist1|PutEggplantInBasketScene-v1|iso_x4.0] ep 83 success=False steps=120 inf=18.3s sim=6.0s total=29.8s
[octo-small@hist1|PutEggplantInBasketScene-v1|iso_x4.0] ep 84 success=True steps=120 inf=18.0s sim=5.0s total=28.6s
[octo-small@hist1|PutEggplantInBasketScene-v1|iso_x4.0] ep 85 success=True steps=120 inf=18.7s sim=5.3s total=29.5s
[octo-small@hist1|PutEggplantInBasketScene-v1|iso_x4.0] ep 86 success=True steps=120 inf=17.9s sim=5.3s total=28.9s
[octo-small@hist1|PutEggplantInBasketScene-v1|iso_x4.0] ep 87 success=True steps=120 inf=19.3s sim=5.5s total=30.6s
[octo-small@hist1|PutEggplantInBasketScene-v1|iso_x4.0] ep 88 success=True steps=120 inf=19.2s sim=5.1s total=30.0s
[octo-small@hist1|PutEggplantInBasketScene-v1|iso_x4.0] ep 89 success=False steps=120 inf=17.9s sim=6.7s total=30.0s
[octo-small@hist1|PutEggplantInBasketScene-v1|iso_x4.0] ep 90 success=True steps=120 inf=18.2s sim=5.1s total=29.2s
[octo-small@hist1|PutEggplantInBasketScene-v1|iso_x4.0] ep 91 success=False steps=120 inf=18.5s sim=6.8s total=30.8s
[octo-small@hist1|PutEggplantInBasketScene-v1|iso_x4.0] ep 92 success=True steps=120 inf=19.0s sim=5.8s total=30.4s
[octo-small@hist1|PutEggplantInBasketScene-v1|iso_x4.0] ep 93 success=True steps=120 inf=18.7s sim=5.0s total=29.6s
[octo-small@hist1|PutEggplantInBasketScene-v1|iso_x4.0] ep 94 success=True steps=120 inf=19.4s sim=5.8s total=30.7s
[octo-small@hist1|PutEggplantInBasketScene-v1|iso_x4.0] ep 95 success=False steps=120 inf=19.7s sim=7.4s total=33.0s
== iso_x4.0: 44/96 success
1|force_x0.5] ep 32 success=False steps=120 inf=16.9s sim=6.8s total=29.0s
[octo-small@hist1|PutEggplantInBasketScene-v1|force_x0.5] ep 33 success=True steps=120 inf=15.9s sim=5.4s total=26.8s
[octo-small@hist1|PutEggplantInBasketScene-v1|force_x0.5] ep 34 success=False steps=120 inf=15.7s sim=7.8s total=28.8s
[octo-small@hist1|PutEggplantInBasketScene-v1|force_x0.5] ep 35 success=False steps=120 inf=15.9s sim=6.5s total=28.0s
[octo-small@hist1|PutEggplantInBasketScene-v1|force_x0.5] ep 36 success=False steps=120 inf=15.4s sim=7.5s total=28.4s
[octo-small@hist1|PutEggplantInBasketScene-v1|force_x0.5] ep 37 success=False steps=120 inf=16.9s sim=7.5s total=29.9s
[octo-small@hist1|PutEggplantInBasketScene-v1|force_x0.5] ep 38 success=False steps=120 inf=16.3s sim=8.2s total=29.8s
[octo-small@hist1|PutEggplantInBasketScene-v1|force_x0.5] ep 39 success=False steps=120 inf=17.1s sim=7.3s total=30.6s
[octo-small@hist1|PutEggplantInBasketScene-v1|force_x0.5] ep 40 success=False steps=120 inf=18.1s sim=9.0s total=32.9s
[octo-small@hist1|PutEggplantInBasketScene-v1|force_x0.5] ep 41 success=True steps=120 inf=14.7s sim=5.6s total=25.8s
[octo-small@hist1|PutEggplantInBasketScene-v1|force_x0.5] ep 42 success=False steps=120 inf=17.2s sim=7.0s total=29.6s
[octo-small@hist1|PutEggplantInBasketScene-v1|force_x0.5] ep 43 success=False steps=120 inf=17.4s sim=7.4s total=30.6s
[octo-small@hist1|PutEggplantInBasketScene-v1|force_x0.5] ep 44 success=True steps=120 inf=16.6s sim=6.7s total=28.9s
[octo-small@hist1|PutEggplantInBasketScene-v1|force_x0.5] ep 45 success=False steps=120 inf=17.0s sim=7.8s total=29.9s
[octo-small@hist1|PutEggplantInBasketScene-v1|force_x0.5] ep 46 success=False steps=120 inf=17.6s sim=7.2s total=30.4s
[octo-small@hist1|PutEggplantInBasketScene-v1|force_x0.5] ep 47 success=False steps=120 inf=17.5s sim=7.5s total=30.6s
[octo-small@hist1|PutEggplantInBasketScene-v1|force_x0.5] ep 48 success=False steps=120 inf=19.2s sim=6.5s total=30.4s
[octo-small@hist1|PutEggplantInBasketScene-v1|force_x0.5] ep 49 success=True steps=120 inf=19.0s sim=6.6s total=30.7s
[octo-small@hist1|PutEggplantInBasketScene-v1|force_x0.5] ep 50 success=True steps=120 inf=19.0s sim=6.1s total=30.2s
[octo-small@hist1|PutEggplantInBasketScene-v1|force_x0.5] ep 51 success=False steps=120 inf=19.7s sim=6.5s total=31.2s
[octo-small@hist1|PutEggplantInBasketScene-v1|force_x0.5] ep 52 success=True steps=120 inf=19.2s sim=5.7s total=30.0s
[octo-small@hist1|PutEggplantInBasketScene-v1|force_x0.5] ep 53 success=False steps=120 inf=19.3s sim=5.6s total=29.8s
[octo-small@hist1|PutEggplantInBasketScene-v1|force_x0.5] ep 54 success=True steps=120 inf=18.6s sim=6.0s total=29.8s
[octo-small@hist1|PutEggplantInBasketScene-v1|force_x0.5] ep 55 success=False steps=120 inf=18.8s sim=8.1s total=32.3s
[octo-small@hist1|PutEggplantInBasketScene-v1|force_x0.5] ep 56 success=False steps=120 inf=19.8s sim=6.5s total=31.6s
[octo-small@hist1|PutEggplantInBasketScene-v1|force_x0.5] ep 57 success=False steps=120 inf=18.6s sim=5.3s total=28.7s
[octo-small@hist1|PutEggplantInBasketScene-v1|force_x0.5] ep 58 success=True steps=120 inf=18.4s sim=4.7s total=28.0s
[octo-small@hist1|PutEggplantInBasketScene-v1|force_x0.5] ep 59 success=False steps=120 inf=19.9s sim=7.0s total=31.9s
[octo-small@hist1|PutEggplantInBasketScene-v1|force_x0.5] ep 60 success=True steps=120 inf=18.9s sim=5.8s total=29.9s
[octo-small@hist1|PutEggplantInBasketScene-v1|force_x0.5] ep 61 success=False steps=120 inf=18.9s sim=7.2s total=31.3s
[octo-small@hist1|PutEggplantInBasketScene-v1|force_x0.5] ep 62 success=False steps=120 inf=18.5s sim=8.1s total=31.6s
[octo-small@hist1|PutEggplantInBasketScene-v1|force_x0.5] ep 63 success=False steps=120 inf=18.8s sim=5.3s total=28.8s
[octo-small@hist1|PutEggplantInBasketScene-v1|force_x0.5] ep 64 success=False steps=120 inf=18.7s sim=5.4s total=29.0s
[octo-small@hist1|PutEggplantInBasketScene-v1|force_x0.5] ep 65 success=True steps=120 inf=17.4s sim=5.4s total=27.6s
[octo-small@hist1|PutEggplantInBasketScene-v1|force_x0.5] ep 66 success=True steps=120 inf=18.7s sim=6.5s total=30.8s
[octo-small@hist1|PutEggplantInBasketScene-v1|force_x0.5] ep 67 success=False steps=120 inf=19.8s sim=6.7s total=31.6s
[octo-small@hist1|PutEggplantInBasketScene-v1|force_x0.5] ep 68 success=True steps=120 inf=18.0s sim=6.1s total=29.3s
[octo-small@hist1|PutEggplantInBasketScene-v1|force_x0.5] ep 69 success=True steps=120 inf=18.5s sim=6.2s total=30.0s
[octo-small@hist1|PutEggplantInBasketScene-v1|force_x0.5] ep 70 success=True steps=120 inf=18.4s sim=7.4s total=31.0s
[octo-small@hist1|PutEggplantInBasketScene-v1|force_x0.5] ep 71 success=False steps=120 inf=18.8s sim=8.0s total=32.0s
[octo-small@hist1|PutEggplantInBasketScene-v1|force_x0.5] ep 72 success=False steps=120 inf=18.4s sim=7.9s total=32.1s
[octo-small@hist1|PutEggplantInBasketScene-v1|force_x0.5] ep 73 success=True steps=120 inf=18.0s sim=5.3s total=28.6s
[octo-small@hist1|PutEggplantInBasketScene-v1|force_x0.5] ep 74 success=True steps=120 inf=18.7s sim=5.4s total=29.1s
[octo-small@hist1|PutEggplantInBasketScene-v1|force_x0.5] ep 75 success=False steps=120 inf=18.6s sim=6.8s total=31.0s
[octo-small@hist1|PutEggplantInBasketScene-v1|force_x0.5] ep 76 success=True steps=120 inf=19.1s sim=6.3s total=30.7s
[octo-small@hist1|PutEggplantInBasketScene-v1|force_x0.5] ep 77 success=True steps=120 inf=17.8s sim=5.6s total=28.3s
[octo-small@hist1|PutEggplantInBasketScene-v1|force_x0.5] ep 78 success=False steps=120 inf=18.1s sim=5.8s total=28.6s
[octo-small@hist1|PutEggplantInBasketScene-v1|force_x0.5] ep 79 success=False steps=120 inf=15.9s sim=5.2s total=26.3s
[octo-small@hist1|PutEggplantInBasketScene-v1|force_x0.5] ep 80 success=True steps=120 inf=16.5s sim=6.1s total=28.1s
[octo-small@hist1|PutEggplantInBasketScene-v1|force_x0.5] ep 81 success=True steps=120 inf=17.0s sim=5.9s total=28.7s
[octo-small@hist1|PutEggplantInBasketScene-v1|force_x0.5] ep 82 success=True steps=120 inf=17.5s sim=5.7s total=28.5s
[octo-small@hist1|PutEggplantInBasketScene-v1|force_x0.5] ep 83 success=False steps=120 inf=18.4s sim=6.9s total=30.8s
[octo-small@hist1|PutEggplantInBasketScene-v1|force_x0.5] ep 84 success=True steps=120 inf=18.1s sim=5.2s total=28.8s
[octo-small@hist1|PutEggplantInBasketScene-v1|force_x0.5] ep 85 success=True steps=120 inf=17.6s sim=4.6s total=26.9s
[octo-small@hist1|PutEggplantInBasketScene-v1|force_x0.5] ep 86 success=True steps=120 inf=18.8s sim=5.0s total=28.8s
[octo-small@hist1|PutEggplantInBasketScene-v1|force_x0.5] ep 87 success=True steps=120 inf=18.5s sim=5.7s total=29.1s
[octo-small@hist1|PutEggplantInBasketScene-v1|force_x0.5] ep 88 success=False steps=120 inf=18.9s sim=6.1s total=29.8s
[octo-small@hist1|PutEggplantInBasketScene-v1|force_x0.5] ep 89 success=False steps=120 inf=18.4s sim=6.5s total=30.1s
[octo-small@hist1|PutEggplantInBasketScene-v1|force_x0.5] ep 90 success=False steps=120 inf=17.0s sim=7.5s total=30.2s
[octo-small@hist1|PutEggplantInBasketScene-v1|force_x0.5] ep 91 success=False steps=120 inf=18.6s sim=7.2s total=31.1s
[octo-small@hist1|PutEggplantInBasketScene-v1|force_x0.5] ep 92 success=False steps=120 inf=18.7s sim=7.0s total=30.6s
[octo-small@hist1|PutEggplantInBasketScene-v1|force_x0.5] ep 93 success=False steps=120 inf=19.1s sim=5.3s total=29.3s
[octo-small@hist1|PutEggplantInBasketScene-v1|force_x0.5] ep 94 success=True steps=120 inf=18.9s sim=3.9s total=27.7s
[octo-small@hist1|PutEggplantInBasketScene-v1|force_x0.5] ep 95 success=False steps=120 inf=18.1s sim=6.7s total=30.3s
== force_x0.5: 41/96 success
octo-small@hist1|PutEggplantInBasketScene-v1|fric_x0.4] ep 71 success=False steps=120 inf=21.6s sim=6.8s total=33.7s
[octo-small@hist1|PutEggplantInBasketScene-v1|fric_x0.4] ep 72 success=True steps=120 inf=19.6s sim=6.1s total=31.2s
[octo-small@hist1|PutEggplantInBasketScene-v1|fric_x0.4] ep 73 success=False steps=120 inf=19.9s sim=5.5s total=30.9s
[octo-small@hist1|PutEggplantInBasketScene-v1|fric_x0.4] ep 74 success=False steps=120 inf=21.0s sim=5.7s total=32.1s
[octo-small@hist1|PutEggplantInBasketScene-v1|fric_x0.4] ep 75 success=False steps=120 inf=20.5s sim=6.6s total=32.1s
[octo-small@hist1|PutEggplantInBasketScene-v1|fric_x0.4] ep 76 success=True steps=120 inf=20.1s sim=5.7s total=30.9s
[octo-small@hist1|PutEggplantInBasketScene-v1|fric_x0.4] ep 77 success=True steps=120 inf=21.8s sim=4.8s total=32.7s
[octo-small@hist1|PutEggplantInBasketScene-v1|fric_x0.4] ep 78 success=False steps=120 inf=22.0s sim=7.1s total=34.5s
[octo-small@hist1|PutEggplantInBasketScene-v1|fric_x0.4] ep 79 success=True steps=120 inf=22.0s sim=6.2s total=33.7s
[octo-small@hist1|PutEggplantInBasketScene-v1|fric_x0.4] ep 80 success=False steps=120 inf=22.4s sim=6.3s total=34.2s
[octo-small@hist1|PutEggplantInBasketScene-v1|fric_x0.4] ep 81 success=True steps=120 inf=20.3s sim=5.3s total=31.0s
[octo-small@hist1|PutEggplantInBasketScene-v1|fric_x0.4] ep 82 success=False steps=120 inf=20.5s sim=6.4s total=31.9s
[octo-small@hist1|PutEggplantInBasketScene-v1|fric_x0.4] ep 83 success=False steps=120 inf=20.9s sim=6.3s total=32.6s
[octo-small@hist1|PutEggplantInBasketScene-v1|fric_x0.4] ep 84 success=False steps=120 inf=20.4s sim=6.4s total=32.1s
[octo-small@hist1|PutEggplantInBasketScene-v1|fric_x0.4] ep 85 success=True steps=120 inf=20.8s sim=4.8s total=31.0s
[octo-small@hist1|PutEggplantInBasketScene-v1|fric_x0.4] ep 86 success=False steps=120 inf=21.2s sim=5.5s total=31.7s
[octo-small@hist1|PutEggplantInBasketScene-v1|fric_x0.4] ep 87 success=True steps=120 inf=21.5s sim=4.9s total=31.6s
[octo-small@hist1|PutEggplantInBasketScene-v1|fric_x0.4] ep 88 success=True steps=120 inf=21.2s sim=4.9s total=31.5s
[octo-small@hist1|PutEggplantInBasketScene-v1|fric_x0.4] ep 89 success=False steps=120 inf=21.8s sim=5.1s total=32.5s
[octo-small@hist1|PutEggplantInBasketScene-v1|fric_x0.4] ep 90 success=False steps=120 inf=21.3s sim=4.9s total=31.3s
[octo-small@hist1|PutEggplantInBasketScene-v1|fric_x0.4] ep 91 success=False steps=120 inf=20.3s sim=7.2s total=32.8s
[octo-small@hist1|PutEggplantInBasketScene-v1|fric_x0.4] ep 92 success=False steps=120 inf=16.7s sim=6.7s total=28.9s
[octo-small@hist1|PutEggplantInBasketScene-v1|fric_x0.4] ep 93 success=True steps=120 inf=19.3s sim=6.0s total=31.0s
[octo-small@hist1|PutEggplantInBasketScene-v1|fric_x0.4] ep 94 success=True steps=120 inf=20.8s sim=6.7s total=33.2s
[octo-small@hist1|PutEggplantInBasketScene-v1|fric_x0.4] ep 95 success=True steps=120 inf=19.5s sim=5.6s total=31.2s
== fric_x0.4: 33/96 success
=False steps=120 inf=19.7s sim=6.3s total=31.2s
[octo-small@hist1|PutEggplantInBasketScene-v1|dens_x0.5] ep 40 success=False steps=120 inf=19.2s sim=6.9s total=31.2s
[octo-small@hist1|PutEggplantInBasketScene-v1|dens_x0.5] ep 41 success=True steps=120 inf=18.7s sim=5.4s total=29.3s
[octo-small@hist1|PutEggplantInBasketScene-v1|dens_x0.5] ep 42 success=False steps=120 inf=19.1s sim=6.3s total=30.0s
[octo-small@hist1|PutEggplantInBasketScene-v1|dens_x0.5] ep 43 success=False steps=120 inf=17.5s sim=7.2s total=53.9s
[octo-small@hist1|PutEggplantInBasketScene-v1|dens_x0.5] ep 44 success=True steps=120 inf=17.4s sim=6.4s total=29.5s
[octo-small@hist1|PutEggplantInBasketScene-v1|dens_x0.5] ep 45 success=True steps=120 inf=17.4s sim=6.1s total=29.1s
[octo-small@hist1|PutEggplantInBasketScene-v1|dens_x0.5] ep 46 success=False steps=120 inf=18.1s sim=7.4s total=31.0s
[octo-small@hist1|PutEggplantInBasketScene-v1|dens_x0.5] ep 47 success=False steps=120 inf=15.4s sim=7.2s total=27.8s
[octo-small@hist1|PutEggplantInBasketScene-v1|dens_x0.5] ep 48 success=False steps=120 inf=17.0s sim=6.7s total=29.0s
[octo-small@hist1|PutEggplantInBasketScene-v1|dens_x0.5] ep 49 success=True steps=120 inf=19.5s sim=5.2s total=30.0s
[octo-small@hist1|PutEggplantInBasketScene-v1|dens_x0.5] ep 50 success=True steps=120 inf=18.8s sim=4.2s total=28.1s
[octo-small@hist1|PutEggplantInBasketScene-v1|dens_x0.5] ep 51 success=False steps=120 inf=18.1s sim=5.0s total=27.9s
[octo-small@hist1|PutEggplantInBasketScene-v1|dens_x0.5] ep 52 success=True steps=120 inf=17.7s sim=4.1s total=26.6s
[octo-small@hist1|PutEggplantInBasketScene-v1|dens_x0.5] ep 53 success=True steps=120 inf=17.5s sim=3.9s total=25.9s
[octo-small@hist1|PutEggplantInBasketScene-v1|dens_x0.5] ep 54 success=True steps=120 inf=18.9s sim=4.1s total=26.6s
[octo-small@hist1|PutEggplantInBasketScene-v1|dens_x0.5] ep 55 success=False steps=120 inf=19.3s sim=6.1s total=29.6s
[octo-small@hist1|PutEggplantInBasketScene-v1|dens_x0.5] ep 56 success=False steps=120 inf=18.5s sim=5.0s total=28.2s
[octo-small@hist1|PutEggplantInBasketScene-v1|dens_x0.5] ep 57 success=False steps=120 inf=17.4s sim=5.2s total=27.2s
[octo-small@hist1|PutEggplantInBasketScene-v1|dens_x0.5] ep 58 success=True steps=120 inf=18.5s sim=5.2s total=28.6s
[octo-small@hist1|PutEggplantInBasketScene-v1|dens_x0.5] ep 59 success=False steps=120 inf=18.9s sim=6.4s total=30.3s
[octo-small@hist1|PutEggplantInBasketScene-v1|dens_x0.5] ep 60 success=True steps=120 inf=18.7s sim=4.6s total=28.3s
[octo-small@hist1|PutEggplantInBasketScene-v1|dens_x0.5] ep 61 success=False steps=120 inf=18.9s sim=5.6s total=29.5s
[octo-small@hist1|PutEggplantInBasketScene-v1|dens_x0.5] ep 62 success=False steps=120 inf=20.4s sim=7.8s total=33.3s
[octo-small@hist1|PutEggplantInBasketScene-v1|dens_x0.5] ep 63 success=False steps=120 inf=21.0s sim=8.1s total=34.4s
[octo-small@hist1|PutEggplantInBasketScene-v1|dens_x0.5] ep 64 success=True steps=120 inf=24.8s sim=6.8s total=37.5s
[octo-small@hist1|PutEggplantInBasketScene-v1|dens_x0.5] ep 65 success=True steps=120 inf=24.5s sim=6.5s total=36.8s
[octo-small@hist1|PutEggplantInBasketScene-v1|dens_x0.5] ep 66 success=True steps=120 inf=25.3s sim=6.8s total=38.0s
[octo-small@hist1|PutEggplantInBasketScene-v1|dens_x0.5] ep 67 success=False steps=120 inf=25.2s sim=11.3s total=42.5s
[octo-small@hist1|PutEggplantInBasketScene-v1|dens_x0.5] ep 68 success=False steps=120 inf=27.0s sim=12.1s total=45.5s
[octo-small@hist1|PutEggplantInBasketScene-v1|dens_x0.5] ep 69 success=True steps=120 inf=24.9s sim=8.6s total=39.8s
[octo-small@hist1|PutEggplantInBasketScene-v1|dens_x0.5] ep 70 success=True steps=120 inf=23.7s sim=9.2s total=38.6s
[octo-small@hist1|PutEggplantInBasketScene-v1|dens_x0.5] ep 71 success=False steps=120 inf=23.4s sim=9.8s total=38.9s
[octo-small@hist1|PutEggplantInBasketScene-v1|dens_x0.5] ep 72 success=True steps=120 inf=22.1s sim=7.3s total=35.0s
[octo-small@hist1|PutEggplantInBasketScene-v1|dens_x0.5] ep 73 success=True steps=120 inf=22.5s sim=7.0s total=35.0s
[octo-small@hist1|PutEggplantInBasketScene-v1|dens_x0.5] ep 74 success=True steps=120 inf=23.7s sim=6.9s total=36.4s
[octo-small@hist1|PutEggplantInBasketScene-v1|dens_x0.5] ep 75 success=True steps=120 inf=23.2s sim=8.7s total=37.4s
[octo-small@hist1|PutEggplantInBasketScene-v1|dens_x0.5] ep 76 success=True steps=120 inf=22.9s sim=7.0s total=35.8s
[octo-small@hist1|PutEggplantInBasketScene-v1|dens_x0.5] ep 77 success=True steps=120 inf=22.7s sim=6.3s total=34.7s
[octo-small@hist1|PutEggplantInBasketScene-v1|dens_x0.5] ep 78 success=False steps=120 inf=24.4s sim=8.8s total=38.7s
[octo-small@hist1|PutEggplantInBasketScene-v1|dens_x0.5] ep 79 success=True steps=120 inf=23.4s sim=5.9s total=35.1s
[octo-small@hist1|PutEggplantInBasketScene-v1|dens_x0.5] ep 80 success=True steps=120 inf=23.7s sim=6.1s total=35.3s
[octo-small@hist1|PutEggplantInBasketScene-v1|dens_x0.5] ep 81 success=True steps=120 inf=24.4s sim=6.8s total=36.9s
[octo-small@hist1|PutEggplantInBasketScene-v1|dens_x0.5] ep 82 success=False steps=120 inf=21.6s sim=9.1s total=36.4s
[octo-small@hist1|PutEggplantInBasketScene-v1|dens_x0.5] ep 83 success=False steps=120 inf=21.9s sim=10.3s total=37.8s
[octo-small@hist1|PutEggplantInBasketScene-v1|dens_x0.5] ep 84 success=True steps=120 inf=23.8s sim=7.4s total=37.2s
[octo-small@hist1|PutEggplantInBasketScene-v1|dens_x0.5] ep 85 success=True steps=120 inf=23.5s sim=6.8s total=36.0s
[octo-small@hist1|PutEggplantInBasketScene-v1|dens_x0.5] ep 86 success=True steps=120 inf=23.0s sim=7.9s total=36.7s
[octo-small@hist1|PutEggplantInBasketScene-v1|dens_x0.5] ep 87 success=False steps=120 inf=22.4s sim=12.7s total=40.9s
[octo-small@hist1|PutEggplantInBasketScene-v1|dens_x0.5] ep 88 success=True steps=120 inf=22.7s sim=7.4s total=36.4s
[octo-small@hist1|PutEggplantInBasketScene-v1|dens_x0.5] ep 89 success=False steps=120 inf=21.7s sim=9.8s total=37.1s
[octo-small@hist1|PutEggplantInBasketScene-v1|dens_x0.5] ep 90 success=False steps=120 inf=23.4s sim=9.3s total=38.7s
[octo-small@hist1|PutEggplantInBasketScene-v1|dens_x0.5] ep 91 success=False steps=120 inf=23.8s sim=10.1s total=39.8s
[octo-small@hist1|PutEggplantInBasketScene-v1|dens_x0.5] ep 92 success=False steps=120 inf=23.2s sim=10.3s total=39.3s
[octo-small@hist1|PutEggplantInBasketScene-v1|dens_x0.5] ep 93 success=True steps=120 inf=22.1s sim=7.2s total=35.1s
[octo-small@hist1|PutEggplantInBasketScene-v1|dens_x0.5] ep 94 success=True steps=120 inf=23.1s sim=6.8s total=35.6s
[octo-small@hist1|PutEggplantInBasketScene-v1|dens_x0.5] ep 95 success=True steps=120 inf=24.0s sim=5.7s total=35.3s
== dens_x0.5: 47/96 success
