E:\research\the_world\.venv-windows-ms3\Lib\site-packages\sapien\wrapper\pinocchio_model.py:299: UserWarning: pinnochio package is not installed, robotics functionalities will not be available
  warnings.warn(
[33;1m2026-09-18 16:18:48,259 - mani_skill  - WARNING - Mimic targets dictionary is missing for controller config for widowx250s_bridgedataset_sink. Assuming the first joint is the control joint and the second joint is the mimic joint[0m
[33;1m2026-09-18 16:18:48,331 - mani_skill  - WARNING - No initial pose set for actor builder of eggplant, setting to default pose q=[1,0,0,0], p=[0,0,0]. Not setting reasonable initial poses may slow down simulation, see https://github.com/haosulab/ManiSkill/issues/421.[0m
[33;1m2026-09-18 16:18:48,350 - mani_skill  - WARNING - No initial pose set for actor builder of dummy_sink_target_plane, setting to default pose q=[1,0,0,0], p=[0,0,0]. Not setting reasonable initial poses may slow down simulation, see https://github.com/haosulab/ManiSkill/issues/421.[0m
[octo-small|PutEggplantInBasketScene-v1|nominal] ep 48 success=True steps=120 inf=20.2s sim=4.0s total=27.9s
[octo-small|PutEggplantInBasketScene-v1|nominal] ep 49 success=False steps=120 inf=19.8s sim=4.3s total=27.8s
[octo-small|PutEggplantInBasketScene-v1|nominal] ep 50 success=True steps=120 inf=20.0s sim=4.0s total=27.7s
[octo-small|PutEggplantInBasketScene-v1|nominal] ep 51 success=True steps=120 inf=21.9s sim=4.1s total=29.6s
[octo-small|PutEggplantInBasketScene-v1|nominal] ep 52 success=True steps=120 inf=21.3s sim=4.2s total=29.3s
[octo-small|PutEggplantInBasketScene-v1|nominal] ep 53 success=True steps=120 inf=21.6s sim=4.1s total=29.5s
[octo-small|PutEggplantInBasketScene-v1|nominal] ep 54 success=True steps=120 inf=21.7s sim=4.6s total=29.9s
[octo-small|PutEggplantInBasketScene-v1|nominal] ep 55 success=False steps=120 inf=22.1s sim=5.4s total=31.4s
[octo-small|PutEggplantInBasketScene-v1|nominal] ep 56 success=False steps=120 inf=22.4s sim=4.8s total=31.0s
[octo-small|PutEggplantInBasketScene-v1|nominal] ep 57 success=True steps=120 inf=22.9s sim=4.3s total=31.1s
[octo-small|PutEggplantInBasketScene-v1|nominal] ep 58 success=True steps=120 inf=21.8s sim=4.0s total=29.5s
[octo-small|PutEggplantInBasketScene-v1|nominal] ep 59 success=False steps=120 inf=24.4s sim=4.3s total=32.2s
[octo-small|PutEggplantInBasketScene-v1|nominal] ep 60 success=False steps=120 inf=21.5s sim=4.5s total=29.8s
[octo-small|PutEggplantInBasketScene-v1|nominal] ep 61 success=False steps=120 inf=21.9s sim=4.2s total=29.6s
[octo-small|PutEggplantInBasketScene-v1|nominal] ep 62 success=True steps=120 inf=21.9s sim=4.0s total=30.0s
[octo-small|PutEggplantInBasketScene-v1|nominal] ep 63 success=True steps=120 inf=21.6s sim=3.7s total=29.0s
[octo-small|PutEggplantInBasketScene-v1|nominal] ep 64 success=True steps=120 inf=22.1s sim=3.7s total=29.3s
[octo-small|PutEggplantInBasketScene-v1|nominal] ep 65 success=True steps=120 inf=22.5s sim=4.0s total=30.3s
[octo-small|PutEggplantInBasketScene-v1|nominal] ep 66 success=True steps=120 inf=22.1s sim=4.6s total=30.8s
[octo-small|PutEggplantInBasketScene-v1|nominal] ep 67 success=False steps=120 inf=23.0s sim=4.9s total=31.6s
[octo-small|PutEggplantInBasketScene-v1|nominal] ep 68 success=False steps=120 inf=22.5s sim=5.7s total=31.9s
[octo-small|PutEggplantInBasketScene-v1|nominal] ep 69 success=False steps=120 inf=22.3s sim=8.3s total=35.2s
[octo-small|PutEggplantInBasketScene-v1|nominal] ep 70 success=True steps=120 inf=24.5s sim=5.3s total=34.2s
[octo-small|PutEggplantInBasketScene-v1|nominal] ep 71 success=False steps=120 inf=24.6s sim=6.7s total=35.6s
[octo-small|PutEggplantInBasketScene-v1|nominal] ep 72 success=True steps=120 inf=25.3s sim=4.7s total=34.3s
[octo-small|PutEggplantInBasketScene-v1|nominal] ep 73 success=True steps=120 inf=26.7s sim=8.9s total=40.8s
[octo-small|PutEggplantInBasketScene-v1|nominal] ep 74 success=True steps=120 inf=23.6s sim=6.4s total=34.8s
[octo-small|PutEggplantInBasketScene-v1|nominal] ep 75 success=True steps=120 inf=22.3s sim=6.2s total=33.0s
[octo-small|PutEggplantInBasketScene-v1|nominal] ep 76 success=True steps=120 inf=24.0s sim=7.1s total=35.7s
[octo-small|PutEggplantInBasketScene-v1|nominal] ep 77 success=False steps=120 inf=22.8s sim=6.3s total=33.9s
[octo-small|PutEggplantInBasketScene-v1|nominal] ep 78 success=False steps=120 inf=23.7s sim=9.1s total=37.4s
[octo-small|PutEggplantInBasketScene-v1|nominal] ep 79 success=False steps=120 inf=26.2s sim=7.9s total=38.7s
[octo-small|PutEggplantInBasketScene-v1|nominal] ep 80 success=True steps=120 inf=23.2s sim=5.6s total=33.3s
[octo-small|PutEggplantInBasketScene-v1|nominal] ep 81 success=True steps=120 inf=24.3s sim=5.4s total=34.0s
[octo-small|PutEggplantInBasketScene-v1|nominal] ep 82 success=False steps=120 inf=24.4s sim=6.5s total=35.1s
[octo-small|PutEggplantInBasketScene-v1|nominal] ep 83 success=True steps=120 inf=22.4s sim=5.1s total=31.4s
[octo-small|PutEggplantInBasketScene-v1|nominal] ep 84 success=False steps=120 inf=24.1s sim=6.7s total=34.9s
[octo-small|PutEggplantInBasketScene-v1|nominal] ep 85 success=True steps=120 inf=23.4s sim=4.4s total=32.0s
[octo-small|PutEggplantInBasketScene-v1|nominal] ep 86 success=True steps=120 inf=25.5s sim=4.8s total=34.1s
[octo-small|PutEggplantInBasketScene-v1|nominal] ep 87 success=False steps=120 inf=23.3s sim=5.3s total=32.5s
[octo-small|PutEggplantInBasketScene-v1|nominal] ep 88 success=True steps=120 inf=23.1s sim=4.5s total=31.6s
[octo-small|PutEggplantInBasketScene-v1|nominal] ep 89 success=True steps=120 inf=22.6s sim=4.2s total=30.7s
[octo-small|PutEggplantInBasketScene-v1|nominal] ep 90 success=True steps=120 inf=23.5s sim=4.6s total=32.1s
[octo-small|PutEggplantInBasketScene-v1|nominal] ep 91 success=False steps=120 inf=24.1s sim=4.2s total=32.3s
[octo-small|PutEggplantInBasketScene-v1|nominal] ep 92 success=True steps=120 inf=22.6s sim=4.6s total=31.3s
[octo-small|PutEggplantInBasketScene-v1|nominal] ep 93 success=True steps=120 inf=23.6s sim=4.0s total=31.5s
[octo-small|PutEggplantInBasketScene-v1|nominal] ep 94 success=True steps=120 inf=23.8s sim=4.2s total=32.0s
[octo-small|PutEggplantInBasketScene-v1|nominal] ep 95 success=True steps=120 inf=27.0s sim=4.2s total=35.2s
== nominal: 56/96 success
