E:\research\the_world\.venv-windows-ms3\Lib\site-packages\sapien\wrapper\pinocchio_model.py:299: UserWarning: pinnochio package is not installed, robotics functionalities will not be available
  warnings.warn(
[33;1m2026-09-18 16:18:48,256 - mani_skill  - WARNING - Mimic targets dictionary is missing for controller config for widowx250s_bridgedataset_sink. Assuming the first joint is the control joint and the second joint is the mimic joint[0m
[33;1m2026-09-18 16:18:48,329 - mani_skill  - WARNING - No initial pose set for actor builder of eggplant, setting to default pose q=[1,0,0,0], p=[0,0,0]. Not setting reasonable initial poses may slow down simulation, see https://github.com/haosulab/ManiSkill/issues/421.[0m
[33;1m2026-09-18 16:18:48,350 - mani_skill  - WARNING - No initial pose set for actor builder of dummy_sink_target_plane, setting to default pose q=[1,0,0,0], p=[0,0,0]. Not setting reasonable initial poses may slow down simulation, see https://github.com/haosulab/ManiSkill/issues/421.[0m
[octo-base|PutEggplantInBasketScene-v1|fric_x0.4] ep 24 success=True steps=120 inf=20.5s sim=3.7s total=27.8s
[octo-base|PutEggplantInBasketScene-v1|fric_x0.4] ep 25 success=True steps=120 inf=20.5s sim=4.7s total=29.2s
[octo-base|PutEggplantInBasketScene-v1|fric_x0.4] ep 26 success=True steps=120 inf=19.7s sim=4.3s total=27.6s
[octo-base|PutEggplantInBasketScene-v1|fric_x0.4] ep 27 success=False steps=120 inf=22.0s sim=5.0s total=31.3s
[octo-base|PutEggplantInBasketScene-v1|fric_x0.4] ep 28 success=True steps=120 inf=20.8s sim=4.7s total=29.3s
[octo-base|PutEggplantInBasketScene-v1|fric_x0.4] ep 29 success=True steps=120 inf=21.7s sim=4.6s total=29.9s
[octo-base|PutEggplantInBasketScene-v1|fric_x0.4] ep 30 success=True steps=120 inf=23.1s sim=5.3s total=31.9s
[octo-base|PutEggplantInBasketScene-v1|fric_x0.4] ep 31 success=False steps=120 inf=21.4s sim=4.9s total=30.4s
[octo-base|PutEggplantInBasketScene-v1|fric_x0.4] ep 32 success=False steps=120 inf=22.3s sim=5.0s total=31.1s
[octo-base|PutEggplantInBasketScene-v1|fric_x0.4] ep 33 success=True steps=120 inf=22.7s sim=3.9s total=30.4s
[octo-base|PutEggplantInBasketScene-v1|fric_x0.4] ep 34 success=False steps=120 inf=22.1s sim=5.1s total=30.9s
[octo-base|PutEggplantInBasketScene-v1|fric_x0.4] ep 35 success=False steps=120 inf=24.1s sim=4.3s total=32.2s
[octo-base|PutEggplantInBasketScene-v1|fric_x0.4] ep 36 success=False steps=120 inf=22.0s sim=4.1s total=29.8s
[octo-base|PutEggplantInBasketScene-v1|fric_x0.4] ep 37 success=True steps=120 inf=22.2s sim=3.8s total=29.9s
[octo-base|PutEggplantInBasketScene-v1|fric_x0.4] ep 38 success=True steps=120 inf=21.3s sim=4.4s total=29.8s
[octo-base|PutEggplantInBasketScene-v1|fric_x0.4] ep 39 success=False steps=120 inf=22.5s sim=5.5s total=32.3s
[octo-base|PutEggplantInBasketScene-v1|fric_x0.4] ep 40 success=False steps=120 inf=23.0s sim=4.8s total=31.7s
[octo-base|PutEggplantInBasketScene-v1|fric_x0.4] ep 41 success=False steps=120 inf=21.1s sim=4.0s total=28.8s
[octo-base|PutEggplantInBasketScene-v1|fric_x0.4] ep 42 success=True steps=120 inf=22.5s sim=4.4s total=30.7s
[octo-base|PutEggplantInBasketScene-v1|fric_x0.4] ep 43 success=False steps=120 inf=22.1s sim=5.0s total=30.9s
[octo-base|PutEggplantInBasketScene-v1|fric_x0.4] ep 44 success=False steps=120 inf=21.2s sim=4.8s total=30.4s
[octo-base|PutEggplantInBasketScene-v1|fric_x0.4] ep 45 success=True steps=120 inf=21.2s sim=6.7s total=33.0s
[octo-base|PutEggplantInBasketScene-v1|fric_x0.4] ep 46 success=False steps=120 inf=25.4s sim=5.6s total=34.9s
[octo-base|PutEggplantInBasketScene-v1|fric_x0.4] ep 47 success=False steps=120 inf=24.1s sim=6.5s total=34.9s
[octo-base|PutEggplantInBasketScene-v1|fric_x0.4] ep 48 success=True steps=120 inf=25.1s sim=6.1s total=36.1s
[octo-base|PutEggplantInBasketScene-v1|fric_x0.4] ep 49 success=False steps=120 inf=25.7s sim=9.7s total=40.7s
[octo-base|PutEggplantInBasketScene-v1|fric_x0.4] ep 50 success=False steps=120 inf=24.0s sim=7.5s total=36.5s
[octo-base|PutEggplantInBasketScene-v1|fric_x0.4] ep 51 success=False steps=120 inf=21.9s sim=8.2s total=35.0s
[octo-base|PutEggplantInBasketScene-v1|fric_x0.4] ep 52 success=False steps=120 inf=23.6s sim=7.7s total=36.3s
[octo-base|PutEggplantInBasketScene-v1|fric_x0.4] ep 53 success=True steps=120 inf=24.1s sim=6.1s total=35.2s
[octo-base|PutEggplantInBasketScene-v1|fric_x0.4] ep 54 success=True steps=120 inf=21.5s sim=6.1s total=32.6s
[octo-base|PutEggplantInBasketScene-v1|fric_x0.4] ep 55 success=False steps=120 inf=25.6s sim=8.4s total=38.7s
[octo-base|PutEggplantInBasketScene-v1|fric_x0.4] ep 56 success=True steps=120 inf=24.7s sim=6.3s total=35.4s
[octo-base|PutEggplantInBasketScene-v1|fric_x0.4] ep 57 success=False steps=120 inf=23.1s sim=5.6s total=32.8s
[octo-base|PutEggplantInBasketScene-v1|fric_x0.4] ep 58 success=True steps=120 inf=23.8s sim=5.9s total=34.2s
[octo-base|PutEggplantInBasketScene-v1|fric_x0.4] ep 59 success=False steps=120 inf=23.9s sim=6.8s total=34.7s
[octo-base|PutEggplantInBasketScene-v1|fric_x0.4] ep 60 success=False steps=120 inf=22.5s sim=5.3s total=32.1s
[octo-base|PutEggplantInBasketScene-v1|fric_x0.4] ep 61 success=True steps=120 inf=25.7s sim=5.0s total=35.0s
[octo-base|PutEggplantInBasketScene-v1|fric_x0.4] ep 62 success=False steps=120 inf=25.2s sim=5.0s total=34.2s
[octo-base|PutEggplantInBasketScene-v1|fric_x0.4] ep 63 success=False steps=120 inf=22.0s sim=5.3s total=31.4s
[octo-base|PutEggplantInBasketScene-v1|fric_x0.4] ep 64 success=False steps=120 inf=23.1s sim=5.2s total=32.4s
[octo-base|PutEggplantInBasketScene-v1|fric_x0.4] ep 65 success=False steps=120 inf=23.6s sim=5.0s total=32.6s
[octo-base|PutEggplantInBasketScene-v1|fric_x0.4] ep 66 success=False steps=120 inf=25.4s sim=5.1s total=35.0s
[octo-base|PutEggplantInBasketScene-v1|fric_x0.4] ep 67 success=False steps=120 inf=24.5s sim=5.5s total=34.3s
[octo-base|PutEggplantInBasketScene-v1|fric_x0.4] ep 68 success=False steps=120 inf=23.7s sim=4.5s total=32.6s
[octo-base|PutEggplantInBasketScene-v1|fric_x0.4] ep 69 success=True steps=120 inf=23.0s sim=4.3s total=31.3s
[octo-base|PutEggplantInBasketScene-v1|fric_x0.4] ep 70 success=True steps=120 inf=25.8s sim=4.0s total=34.1s
[octo-base|PutEggplantInBasketScene-v1|fric_x0.4] ep 71 success=False steps=120 inf=22.3s sim=4.7s total=31.1s
[octo-base|PutEggplantInBasketScene-v1|fric_x0.4] ep 72 success=True steps=120 inf=20.2s sim=4.4s total=28.5s
[octo-base|PutEggplantInBasketScene-v1|fric_x0.4] ep 73 success=False steps=120 inf=19.8s sim=3.9s total=27.6s
[octo-base|PutEggplantInBasketScene-v1|fric_x0.4] ep 74 success=False steps=120 inf=20.6s sim=4.5s total=29.1s
[octo-base|PutEggplantInBasketScene-v1|fric_x0.4] ep 75 success=False steps=120 inf=19.7s sim=4.6s total=28.0s
[octo-base|PutEggplantInBasketScene-v1|fric_x0.4] ep 76 success=True steps=120 inf=16.1s sim=3.6s total=23.4s
[octo-base|PutEggplantInBasketScene-v1|fric_x0.4] ep 77 success=True steps=120 inf=13.6s sim=3.2s total=20.1s
[octo-base|PutEggplantInBasketScene-v1|fric_x0.4] ep 78 success=True steps=120 inf=20.3s sim=4.9s total=29.7s
[octo-base|PutEggplantInBasketScene-v1|fric_x0.4] ep 79 success=False steps=120 inf=20.7s sim=7.5s total=32.6s
[octo-base|PutEggplantInBasketScene-v1|fric_x0.4] ep 80 success=False steps=120 inf=18.1s sim=8.1s total=31.1s
[octo-base|PutEggplantInBasketScene-v1|fric_x0.4] ep 81 success=True steps=120 inf=17.9s sim=5.4s total=27.8s
[octo-base|PutEggplantInBasketScene-v1|fric_x0.4] ep 82 success=True steps=120 inf=15.6s sim=6.0s total=25.9s
[octo-base|PutEggplantInBasketScene-v1|fric_x0.4] ep 83 success=False steps=120 inf=16.1s sim=5.9s total=26.4s
[octo-base|PutEggplantInBasketScene-v1|fric_x0.4] ep 84 success=False steps=120 inf=15.4s sim=6.5s total=26.3s
[octo-base|PutEggplantInBasketScene-v1|fric_x0.4] ep 85 success=True steps=120 inf=16.1s sim=5.4s total=25.9s
[octo-base|PutEggplantInBasketScene-v1|fric_x0.4] ep 86 success=False steps=120 inf=15.8s sim=6.5s total=26.7s
[octo-base|PutEggplantInBasketScene-v1|fric_x0.4] ep 87 success=False steps=120 inf=14.7s sim=6.9s total=26.1s
[octo-base|PutEggplantInBasketScene-v1|fric_x0.4] ep 88 success=False steps=120 inf=15.2s sim=6.1s total=25.7s
[octo-base|PutEggplantInBasketScene-v1|fric_x0.4] ep 89 success=True steps=120 inf=15.1s sim=5.6s total=25.2s
[octo-base|PutEggplantInBasketScene-v1|fric_x0.4] ep 90 success=True steps=120 inf=16.4s sim=5.7s total=27.0s
[octo-base|PutEggplantInBasketScene-v1|fric_x0.4] ep 91 success=False steps=120 inf=16.9s sim=6.5s total=27.7s
[octo-base|PutEggplantInBasketScene-v1|fric_x0.4] ep 92 success=True steps=120 inf=15.5s sim=5.9s total=25.9s
Traceback (most recent call last):
  File "E:\research\the_world\scripts\controller_sweep.py", line 317, in <module>
    info = to_json(info)
^^
  File "E:\research\the_world\scripts\controller_sweep.py", line 272, in main
    effective["control_freq"] = int(env.unwrapped.control_freq)
                ^^^^^^^^^^^^^^^^
  File "E:\research\the_world\scripts\controller_sweep.py", line 129, in step
    return self._req("GET", "/health")
           ^^^^^^^^^^^^^^^^^^^^^^^^^^^
  File "E:\research\the_world\scripts\controller_sweep.py", line 111, in _req
    
  File "E:\research\the_world\.runtime\python-win\cpython-3.11-windows-x86_64-none\Lib\http\client.py", line 1351, in request
    self._send_request(method, url, body, headers, encode_chunked)
  File "E:\research\the_world\.runtime\python-win\cpython-3.11-windows-x86_64-none\Lib\http\client.py", line 1397, in _send_request
    self.endheaders(body, encode_chunked=encode_chunked)
  File "E:\research\the_world\.runtime\python-win\cpython-3.11-windows-x86_64-none\Lib\http\client.py", line 1346, in endheaders
    self._send_output(message_body, encode_chunked=encode_chunked)
  File "E:\research\the_world\.runtime\python-win\cpython-3.11-windows-x86_64-none\Lib\http\client.py", line 1106, in _send_output
    self.send(msg)
  File "E:\research\the_world\.runtime\python-win\cpython-3.11-windows-x86_64-none\Lib\http\client.py", line 1044, in send
    self.connect()
  File "E:\research\the_world\.runtime\python-win\cpython-3.11-windows-x86_64-none\Lib\http\client.py", line 1010, in connect
    self.sock = self._create_connection(
                ^^^^^^^^^^^^^^^^^^^^^^^^
  File "E:\research\the_world\.runtime\python-win\cpython-3.11-windows-x86_64-none\Lib\socket.py", line 863, in create_connection
    raise exceptions[0]
  File "E:\research\the_world\.runtime\python-win\cpython-3.11-windows-x86_64-none\Lib\socket.py", line 848, in create_connection
    sock.connect(sa)
TimeoutError: [WinError 10060] A connection attempt failed because the connected party did not properly respond after a period of time, or established connection failed because connected host has failed to respond
