E:\research\the_world\.venv-windows-ms3\Lib\site-packages\sapien\wrapper\pinocchio_model.py:299: UserWarning: pinnochio package is not installed, robotics functionalities will not be available
  warnings.warn(
[33;1m2026-09-18 23:05:39,224 - mani_skill  - WARNING - Mimic targets dictionary is missing for controller config for widowx250s_bridgedataset_sink. Assuming the first joint is the control joint and the second joint is the mimic joint[0m
[33;1m2026-09-18 23:05:39,357 - mani_skill  - WARNING - No initial pose set for actor builder of eggplant, setting to default pose q=[1,0,0,0], p=[0,0,0]. Not setting reasonable initial poses may slow down simulation, see https://github.com/haosulab/ManiSkill/issues/421.[0m
[33;1m2026-09-18 23:05:39,371 - mani_skill  - WARNING - No initial pose set for actor builder of dummy_sink_target_plane, setting to default pose q=[1,0,0,0], p=[0,0,0]. Not setting reasonable initial poses may slow down simulation, see https://github.com/haosulab/ManiSkill/issues/421.[0m
[octo-base@hist1|PutEggplantInBasketScene-v1|nominal] ep 24 success=False steps=120 inf=23.1s sim=6.1s total=34.4s
[octo-base@hist1|PutEggplantInBasketScene-v1|nominal] ep 25 success=True steps=120 inf=23.5s sim=8.2s total=37.2s
[octo-base@hist1|PutEggplantInBasketScene-v1|nominal] ep 26 success=True steps=120 inf=24.5s sim=4.7s total=34.8s
[octo-base@hist1|PutEggplantInBasketScene-v1|nominal] ep 27 success=False steps=120 inf=25.1s sim=6.9s total=37.5s
[octo-base@hist1|PutEggplantInBasketScene-v1|nominal] ep 28 success=True steps=120 inf=22.5s sim=8.3s total=36.4s
[octo-base@hist1|PutEggplantInBasketScene-v1|nominal] ep 29 success=False steps=120 inf=25.9s sim=5.5s total=37.2s
[octo-base@hist1|PutEggplantInBasketScene-v1|nominal] ep 30 success=True steps=120 inf=26.1s sim=4.6s total=36.3s
[octo-base@hist1|PutEggplantInBasketScene-v1|nominal] ep 31 success=False steps=120 inf=25.0s sim=8.1s total=38.7s
[octo-base@hist1|PutEggplantInBasketScene-v1|nominal] ep 32 success=False steps=120 inf=16.8s sim=5.2s total=26.8s
[octo-base@hist1|PutEggplantInBasketScene-v1|nominal] ep 33 success=False steps=120 inf=22.7s sim=7.7s total=36.0s
[octo-base@hist1|PutEggplantInBasketScene-v1|nominal] ep 34 success=False steps=120 inf=26.5s sim=6.9s total=37.3s
[octo-base@hist1|PutEggplantInBasketScene-v1|nominal] ep 35 success=False steps=120 inf=29.5s sim=7.6s total=40.6s
[octo-base@hist1|PutEggplantInBasketScene-v1|nominal] ep 36 success=False steps=120 inf=26.8s sim=7.4s total=39.6s
[octo-base@hist1|PutEggplantInBasketScene-v1|nominal] ep 37 success=True steps=120 inf=28.2s sim=5.3s total=38.3s
[octo-base@hist1|PutEggplantInBasketScene-v1|nominal] ep 38 success=True steps=120 inf=26.9s sim=7.9s total=40.5s
[octo-base@hist1|PutEggplantInBasketScene-v1|nominal] ep 39 success=False steps=120 inf=25.8s sim=10.8s total=42.0s
[octo-base@hist1|PutEggplantInBasketScene-v1|nominal] ep 40 success=False steps=120 inf=26.9s sim=9.1s total=42.2s
[octo-base@hist1|PutEggplantInBasketScene-v1|nominal] ep 41 success=True steps=120 inf=27.7s sim=5.8s total=39.5s
[octo-base@hist1|PutEggplantInBasketScene-v1|nominal] ep 42 success=False steps=120 inf=27.3s sim=8.0s total=41.6s
[octo-base@hist1|PutEggplantInBasketScene-v1|nominal] ep 43 success=False steps=120 inf=44.9s sim=13.7s total=67.6s
[octo-base@hist1|PutEggplantInBasketScene-v1|nominal] ep 44 success=True steps=120 inf=60.2s sim=13.8s total=84.6s
[octo-base@hist1|PutEggplantInBasketScene-v1|nominal] ep 45 success=True steps=120 inf=47.8s sim=10.8s total=68.1s
[octo-base@hist1|PutEggplantInBasketScene-v1|nominal] ep 46 success=False steps=120 inf=51.3s sim=12.6s total=73.1s
[octo-base@hist1|PutEggplantInBasketScene-v1|nominal] ep 47 success=False steps=120 inf=54.9s sim=14.4s total=79.4s
[octo-base@hist1|PutEggplantInBasketScene-v1|nominal] ep 48 success=False steps=120 inf=54.4s sim=13.7s total=78.3s
[octo-base@hist1|PutEggplantInBasketScene-v1|nominal] ep 49 success=True steps=120 inf=57.0s sim=14.2s total=77.4s
[octo-base@hist1|PutEggplantInBasketScene-v1|nominal] ep 50 success=False steps=120 inf=52.7s sim=13.1s total=73.6s
[octo-base@hist1|PutEggplantInBasketScene-v1|nominal] ep 51 success=False steps=120 inf=57.4s sim=13.5s total=79.6s
[octo-base@hist1|PutEggplantInBasketScene-v1|nominal] ep 52 success=False steps=120 inf=56.0s sim=12.1s total=78.5s
[octo-base@hist1|PutEggplantInBasketScene-v1|nominal] ep 53 success=False steps=120 inf=46.3s sim=11.9s total=67.3s
[octo-base@hist1|PutEggplantInBasketScene-v1|nominal] ep 54 success=True steps=120 inf=36.9s sim=11.3s total=56.3s
[octo-base@hist1|PutEggplantInBasketScene-v1|nominal] ep 55 success=False steps=120 inf=39.4s sim=12.0s total=59.8s
[octo-base@hist1|PutEggplantInBasketScene-v1|nominal] ep 56 success=False steps=120 inf=39.7s sim=11.5s total=60.0s
[octo-base@hist1|PutEggplantInBasketScene-v1|nominal] ep 57 success=True steps=120 inf=32.8s sim=12.6s total=52.6s
[octo-base@hist1|PutEggplantInBasketScene-v1|nominal] ep 58 success=True steps=120 inf=38.5s sim=9.8s total=55.0s
[octo-base@hist1|PutEggplantInBasketScene-v1|nominal] ep 59 success=False steps=120 inf=35.2s sim=11.7s total=118.2s
[octo-base@hist1|PutEggplantInBasketScene-v1|nominal] ep 60 success=False steps=120 inf=15.8s sim=7.7s total=27.9s
[octo-base@hist1|PutEggplantInBasketScene-v1|nominal] ep 61 success=False steps=120 inf=19.4s sim=9.5s total=33.8s
[octo-base@hist1|PutEggplantInBasketScene-v1|nominal] ep 62 success=False steps=120 inf=24.3s sim=13.1s total=43.1s
[octo-base@hist1|PutEggplantInBasketScene-v1|nominal] ep 63 success=True steps=120 inf=22.6s sim=9.9s total=39.6s
[octo-base@hist1|PutEggplantInBasketScene-v1|nominal] ep 64 success=False steps=120 inf=22.7s sim=11.6s total=40.9s
[octo-base@hist1|PutEggplantInBasketScene-v1|nominal] ep 65 success=True steps=120 inf=22.7s sim=9.6s total=39.3s
[octo-base@hist1|PutEggplantInBasketScene-v1|nominal] ep 66 success=False steps=120 inf=22.8s sim=11.9s total=41.5s
[octo-base@hist1|PutEggplantInBasketScene-v1|nominal] ep 67 success=False steps=120 inf=23.7s sim=11.6s total=41.9s
[octo-base@hist1|PutEggplantInBasketScene-v1|nominal] ep 68 success=True steps=120 inf=27.8s sim=5.0s total=38.6s
[octo-base@hist1|PutEggplantInBasketScene-v1|nominal] ep 69 success=False steps=120 inf=26.5s sim=6.7s total=39.4s
[octo-base@hist1|PutEggplantInBasketScene-v1|nominal] ep 70 success=False steps=120 inf=26.4s sim=7.0s total=39.5s
[octo-base@hist1|PutEggplantInBasketScene-v1|nominal] ep 71 success=False steps=120 inf=25.1s sim=8.7s total=39.8s
[octo-base@hist1|PutEggplantInBasketScene-v1|nominal] ep 72 success=False steps=120 inf=27.4s sim=7.1s total=40.6s
[octo-base@hist1|PutEggplantInBasketScene-v1|nominal] ep 73 success=True steps=120 inf=26.0s sim=6.4s total=38.8s
[octo-base@hist1|PutEggplantInBasketScene-v1|nominal] ep 74 success=True steps=120 inf=25.5s sim=6.3s total=38.0s
[octo-base@hist1|PutEggplantInBasketScene-v1|nominal] ep 75 success=False steps=120 inf=26.7s sim=7.6s total=40.4s
[octo-base@hist1|PutEggplantInBasketScene-v1|nominal] ep 76 success=False steps=120 inf=24.0s sim=7.4s total=37.7s
[octo-base@hist1|PutEggplantInBasketScene-v1|nominal] ep 77 success=True steps=120 inf=25.6s sim=8.1s total=39.9s
[octo-base@hist1|PutEggplantInBasketScene-v1|nominal] ep 78 success=True steps=120 inf=24.1s sim=8.4s total=38.8s
[octo-base@hist1|PutEggplantInBasketScene-v1|nominal] ep 79 success=False steps=120 inf=24.1s sim=8.6s total=38.7s
[octo-base@hist1|PutEggplantInBasketScene-v1|nominal] ep 80 success=False steps=120 inf=24.0s sim=5.0s total=35.0s
[octo-base@hist1|PutEggplantInBasketScene-v1|nominal] ep 81 success=False steps=120 inf=23.9s sim=7.6s total=37.3s
[octo-base@hist1|PutEggplantInBasketScene-v1|nominal] ep 82 success=True steps=120 inf=22.7s sim=5.7s total=34.5s
[octo-base@hist1|PutEggplantInBasketScene-v1|nominal] ep 83 success=False steps=120 inf=25.7s sim=8.0s total=39.8s
[octo-base@hist1|PutEggplantInBasketScene-v1|nominal] ep 84 success=True steps=120 inf=26.1s sim=6.0s total=38.4s
[octo-base@hist1|PutEggplantInBasketScene-v1|nominal] ep 85 success=False steps=120 inf=24.8s sim=7.6s total=38.5s
[octo-base@hist1|PutEggplantInBasketScene-v1|nominal] ep 86 success=False steps=120 inf=26.6s sim=6.9s total=39.7s
[octo-base@hist1|PutEggplantInBasketScene-v1|nominal] ep 87 success=False steps=120 inf=25.0s sim=7.8s total=39.0s
[octo-base@hist1|PutEggplantInBasketScene-v1|nominal] ep 88 success=False steps=120 inf=25.6s sim=5.3s total=37.1s
[octo-base@hist1|PutEggplantInBasketScene-v1|nominal] ep 89 success=True steps=120 inf=24.9s sim=8.5s total=39.7s
[octo-base@hist1|PutEggplantInBasketScene-v1|nominal] ep 90 success=True steps=120 inf=25.1s sim=8.9s total=40.3s
[octo-base@hist1|PutEggplantInBasketScene-v1|nominal] ep 91 success=False steps=120 inf=25.8s sim=7.6s total=39.3s
[octo-base@hist1|PutEggplantInBasketScene-v1|nominal] ep 92 success=False steps=120 inf=24.7s sim=8.3s total=39.4s
[octo-base@hist1|PutEggplantInBasketScene-v1|nominal] ep 93 success=True steps=120 inf=25.4s sim=5.2s total=36.9s
[octo-base@hist1|PutEggplantInBasketScene-v1|nominal] ep 94 success=True steps=120 inf=25.3s sim=7.4s total=38.9s
[octo-base@hist1|PutEggplantInBasketScene-v1|nominal] ep 95 success=False steps=120 inf=22.1s sim=7.2s total=35.1s
== nominal: 48/131 success
nominal] ep 88 success=True steps=120 inf=23.3s sim=7.8s total=37.7s
[octo-base@hist1|PutEggplantInBasketScene-v1|nominal] ep 89 success=True steps=120 inf=26.1s sim=8.1s total=40.7s
[octo-base@hist1|PutEggplantInBasketScene-v1|nominal] ep 90 success=False steps=120 inf=24.6s sim=7.2s total=37.8s
[octo-base@hist1|PutEggplantInBasketScene-v1|nominal] ep 91 success=False steps=120 inf=24.4s sim=7.5s total=37.8s
[octo-base@hist1|PutEggplantInBasketScene-v1|nominal] ep 92 success=False steps=120 inf=23.3s sim=6.7s total=36.2s
[octo-base@hist1|PutEggplantInBasketScene-v1|nominal] ep 93 success=True steps=120 inf=24.0s sim=8.2s total=38.3s
[octo-base@hist1|PutEggplantInBasketScene-v1|nominal] ep 94 success=False steps=120 inf=26.0s sim=7.1s total=39.3s
[octo-base@hist1|PutEggplantInBasketScene-v1|nominal] ep 95 success=False steps=120 inf=25.2s sim=7.4s total=38.4s
== nominal: 48/130 success
E:\research\the_world\.venv-windows-ms3\Lib\site-packages\sapien\wrapper\pinocchio_model.py:299: UserWarning: pinnochio package is not installed, robotics functionalities will not be available
  warnings.warn(
[33;1m2026-09-19 00:01:15,285 - mani_skill  - WARNING - Mimic targets dictionary is missing for controller config for widowx250s_bridgedataset_sink. Assuming the first joint is the control joint and the second joint is the mimic joint[0m
[33;1m2026-09-19 00:01:15,419 - mani_skill  - WARNING - No initial pose set for actor builder of eggplant, setting to default pose q=[1,0,0,0], p=[0,0,0]. Not setting reasonable initial poses may slow down simulation, see https://github.com/haosulab/ManiSkill/issues/421.[0m
[33;1m2026-09-19 00:01:15,431 - mani_skill  - WARNING - No initial pose set for actor builder of dummy_sink_target_plane, setting to default pose q=[1,0,0,0], p=[0,0,0]. Not setting reasonable initial poses may slow down simulation, see https://github.com/haosulab/ManiSkill/issues/421.[0m
[octo-base@hist1|PutEggplantInBasketScene-v1|iso_x0.25] ep 32 success=False steps=120 inf=18.8s sim=6.9s total=31.7s
[octo-base@hist1|PutEggplantInBasketScene-v1|iso_x0.25] ep 33 success=False steps=120 inf=24.6s sim=6.4s total=37.3s
[octo-base@hist1|PutEggplantInBasketScene-v1|iso_x0.25] ep 34 success=False steps=120 inf=25.4s sim=7.1s total=38.8s
[octo-base@hist1|PutEggplantInBasketScene-v1|iso_x0.25] ep 35 success=False steps=120 inf=25.0s sim=7.2s total=38.3s
[octo-base@hist1|PutEggplantInBasketScene-v1|iso_x0.25] ep 36 success=True steps=120 inf=24.1s sim=8.1s total=38.0s
[octo-base@hist1|PutEggplantInBasketScene-v1|iso_x0.25] ep 37 success=False steps=120 inf=24.8s sim=6.6s total=37.5s
[octo-base@hist1|PutEggplantInBasketScene-v1|iso_x0.25] ep 38 success=True steps=120 inf=26.2s sim=5.5s total=37.7s
[octo-base@hist1|PutEggplantInBasketScene-v1|iso_x0.25] ep 39 success=False steps=120 inf=24.1s sim=7.4s total=37.7s
[octo-base@hist1|PutEggplantInBasketScene-v1|iso_x0.25] ep 40 success=False steps=120 inf=25.2s sim=6.5s total=37.9s
[octo-base@hist1|PutEggplantInBasketScene-v1|iso_x0.25] ep 41 success=False steps=120 inf=25.3s sim=6.8s total=38.0s
[octo-base@hist1|PutEggplantInBasketScene-v1|iso_x0.25] ep 42 success=False steps=120 inf=25.5s sim=7.0s total=38.8s
[octo-base@hist1|PutEggplantInBasketScene-v1|iso_x0.25] ep 43 success=False steps=120 inf=25.1s sim=6.7s total=38.0s
[octo-base@hist1|PutEggplantInBasketScene-v1|iso_x0.25] ep 44 success=False steps=120 inf=24.1s sim=5.5s total=35.8s
[octo-base@hist1|PutEggplantInBasketScene-v1|iso_x0.25] ep 45 success=True steps=120 inf=23.9s sim=5.2s total=34.8s
[octo-base@hist1|PutEggplantInBasketScene-v1|iso_x0.25] ep 46 success=False steps=120 inf=26.6s sim=6.0s total=36.7s
[octo-base@hist1|PutEggplantInBasketScene-v1|iso_x0.25] ep 47 success=False steps=120 inf=23.5s sim=6.6s total=35.9s
[octo-base@hist1|PutEggplantInBasketScene-v1|iso_x0.25] ep 48 success=False steps=120 inf=25.4s sim=6.6s total=37.6s
[octo-base@hist1|PutEggplantInBasketScene-v1|iso_x0.25] ep 49 success=True steps=120 inf=24.4s sim=4.7s total=35.7s
[octo-base@hist1|PutEggplantInBasketScene-v1|iso_x0.25] ep 50 success=False steps=120 inf=24.0s sim=6.6s total=36.4s
[octo-base@hist1|PutEggplantInBasketScene-v1|iso_x0.25] ep 51 success=False steps=120 inf=25.2s sim=6.4s total=38.1s
[octo-base@hist1|PutEggplantInBasketScene-v1|iso_x0.25] ep 52 success=False steps=120 inf=24.7s sim=5.8s total=36.5s
[octo-base@hist1|PutEggplantInBasketScene-v1|iso_x0.25] ep 53 success=False steps=120 inf=25.3s sim=5.9s total=37.7s
[octo-base@hist1|PutEggplantInBasketScene-v1|iso_x0.25] ep 54 success=True steps=120 inf=24.8s sim=5.9s total=36.9s
[octo-base@hist1|PutEggplantInBasketScene-v1|iso_x0.25] ep 55 success=False steps=120 inf=24.5s sim=6.8s total=37.4s
[octo-base@hist1|PutEggplantInBasketScene-v1|iso_x0.25] ep 56 success=False steps=120 inf=25.0s sim=6.4s total=37.7s
[octo-base@hist1|PutEggplantInBasketScene-v1|iso_x0.25] ep 57 success=True steps=120 inf=22.6s sim=4.8s total=33.5s
[octo-base@hist1|PutEggplantInBasketScene-v1|iso_x0.25] ep 58 success=True steps=120 inf=23.8s sim=5.2s total=35.1s
[octo-base@hist1|PutEggplantInBasketScene-v1|iso_x0.25] ep 59 success=False steps=120 inf=24.4s sim=7.3s total=37.7s
[octo-base@hist1|PutEggplantInBasketScene-v1|iso_x0.25] ep 60 success=False steps=120 inf=25.2s sim=6.3s total=37.8s
[octo-base@hist1|PutEggplantInBasketScene-v1|iso_x0.25] ep 61 success=False steps=120 inf=24.3s sim=4.4s total=34.9s
[octo-base@hist1|PutEggplantInBasketScene-v1|iso_x0.25] ep 62 success=False steps=120 inf=24.1s sim=6.9s total=37.3s
[octo-base@hist1|PutEggplantInBasketScene-v1|iso_x0.25] ep 63 success=False steps=120 inf=23.1s sim=7.2s total=36.5s
[octo-base@hist1|PutEggplantInBasketScene-v1|iso_x0.25] ep 64 success=False steps=120 inf=24.2s sim=5.8s total=36.3s
[octo-base@hist1|PutEggplantInBasketScene-v1|iso_x0.25] ep 65 success=True steps=120 inf=25.1s sim=4.8s total=36.3s
[octo-base@hist1|PutEggplantInBasketScene-v1|iso_x0.25] ep 66 success=False steps=120 inf=23.3s sim=6.1s total=35.4s
[octo-base@hist1|PutEggplantInBasketScene-v1|iso_x0.25] ep 67 success=False steps=120 inf=24.4s sim=6.4s total=37.2s
[octo-base@hist1|PutEggplantInBasketScene-v1|iso_x0.25] ep 68 success=True steps=120 inf=24.8s sim=4.7s total=35.8s
[octo-base@hist1|PutEggplantInBasketScene-v1|iso_x0.25] ep 69 success=False steps=120 inf=25.2s sim=5.7s total=37.2s
[octo-base@hist1|PutEggplantInBasketScene-v1|iso_x0.25] ep 70 success=True steps=120 inf=24.9s sim=6.2s total=37.4s
[octo-base@hist1|PutEggplantInBasketScene-v1|iso_x0.25] ep 71 success=False steps=120 inf=23.6s sim=8.1s total=37.6s
[octo-base@hist1|PutEggplantInBasketScene-v1|iso_x0.25] ep 72 success=False steps=120 inf=25.3s sim=7.1s total=38.5s
[octo-base@hist1|PutEggplantInBasketScene-v1|iso_x0.25] ep 73 success=True steps=120 inf=23.5s sim=5.1s total=34.9s
[octo-base@hist1|PutEggplantInBasketScene-v1|iso_x0.25] ep 74 success=True steps=120 inf=24.1s sim=6.9s total=37.0s
[octo-base@hist1|PutEggplantInBasketScene-v1|iso_x0.25] ep 75 success=True steps=120 inf=24.8s sim=7.0s total=38.3s
[octo-base@hist1|PutEggplantInBasketScene-v1|iso_x0.25] ep 76 success=False steps=120 inf=23.8s sim=10.2s total=40.3s
[octo-base@hist1|PutEggplantInBasketScene-v1|iso_x0.25] ep 77 success=True steps=120 inf=21.8s sim=7.3s total=35.0s
[octo-base@hist1|PutEggplantInBasketScene-v1|iso_x0.25] ep 78 success=False steps=120 inf=26.4s sim=6.7s total=39.7s
[octo-base@hist1|PutEggplantInBasketScene-v1|iso_x0.25] ep 79 success=False steps=120 inf=23.2s sim=7.9s total=37.1s
[octo-base@hist1|PutEggplantInBasketScene-v1|iso_x0.25] ep 80 success=True steps=120 inf=24.1s sim=7.9s total=37.9s
[octo-base@hist1|PutEggplantInBasketScene-v1|iso_x0.25] ep 81 success=False steps=120 inf=25.5s sim=6.9s total=38.5s
[octo-base@hist1|PutEggplantInBasketScene-v1|iso_x0.25] ep 82 success=True steps=120 inf=25.0s sim=5.7s total=37.1s
[octo-base@hist1|PutEggplantInBasketScene-v1|iso_x0.25] ep 83 success=False steps=120 inf=27.9s sim=7.4s total=40.5s
[octo-base@hist1|PutEggplantInBasketScene-v1|iso_x0.25] ep 84 success=True steps=120 inf=26.4s sim=5.6s total=38.1s
[octo-base@hist1|PutEggplantInBasketScene-v1|iso_x0.25] ep 85 success=False steps=120 inf=27.3s sim=6.5s total=39.3s
[octo-base@hist1|PutEggplantInBasketScene-v1|iso_x0.25] ep 86 success=True steps=120 inf=27.8s sim=5.1s total=38.7s
[octo-base@hist1|PutEggplantInBasketScene-v1|iso_x0.25] ep 87 success=False steps=120 inf=27.1s sim=7.8s total=40.8s
[octo-base@hist1|PutEggplantInBasketScene-v1|iso_x0.25] ep 88 success=False steps=120 inf=26.6s sim=6.3s total=39.0s
[octo-base@hist1|PutEggplantInBasketScene-v1|iso_x0.25] ep 89 success=True steps=120 inf=27.6s sim=7.1s total=40.6s
[octo-base@hist1|PutEggplantInBasketScene-v1|iso_x0.25] ep 90 success=False steps=120 inf=25.4s sim=4.6s total=35.4s
[octo-base@hist1|PutEggplantInBasketScene-v1|iso_x0.25] ep 91 success=False steps=120 inf=26.0s sim=8.3s total=40.0s
[octo-base@hist1|PutEggplantInBasketScene-v1|iso_x0.25] ep 92 success=True steps=120 inf=26.2s sim=6.1s total=38.3s
[octo-base@hist1|PutEggplantInBasketScene-v1|iso_x0.25] ep 93 success=True steps=120 inf=24.3s sim=6.1s total=35.8s
[octo-base@hist1|PutEggplantInBasketScene-v1|iso_x0.25] ep 94 success=True steps=120 inf=25.2s sim=6.4s total=36.9s
[octo-base@hist1|PutEggplantInBasketScene-v1|iso_x0.25] ep 95 success=False steps=120 inf=27.0s sim=6.1s total=38.6s
== iso_x0.25: 31/96 success
octo-base@hist1|PutEggplantInBasketScene-v1|iso_x4.0] ep 80 success=False steps=120 inf=25.9s sim=7.7s total=39.7s
[octo-base@hist1|PutEggplantInBasketScene-v1|iso_x4.0] ep 81 success=False steps=120 inf=27.7s sim=7.6s total=41.6s
[octo-base@hist1|PutEggplantInBasketScene-v1|iso_x4.0] ep 82 success=False steps=120 inf=27.4s sim=6.3s total=39.5s
[octo-base@hist1|PutEggplantInBasketScene-v1|iso_x4.0] ep 83 success=False steps=120 inf=25.5s sim=7.2s total=38.8s
[octo-base@hist1|PutEggplantInBasketScene-v1|iso_x4.0] ep 84 success=True steps=120 inf=26.0s sim=6.9s total=38.5s
E:\research\the_world\.venv-windows-ms3\Lib\site-packages\sapien\wrapper\pinocchio_model.py:299: UserWarning: pinnoch[octo-base@hist1|PutEggplantInBasketScene-v1|iso_x4.0] ep 86 success=False steps=120 inf=25.1s sim=7.7s total=39.2s
[octo-base@hist1|PutEggplantInBasketScene-v1|iso_x4.0] ep 87 success=False steps=120 inf=26.5s sim=7.9s total=40.5s
[octo-base@hist1|PutEggplantInBasketScene-v1|iso_x4.0] ep 88 success=True steps=120 inf=28.2s sim=6.9s total=41.3s
[octo-base@hist1|PutEggplantInBasketScene-v1|iso_x4.0] ep 89 success=True steps=120 inf=25.3s sim=9.8s total=41.3s
[octo-base@hist1|PutEggplantInBasketScene-v1|iso_x4.0] ep 90 success=False steps=120 inf=26.8s sim=5.3s total=38.1s
[octo-base@hist1|PutEggplantInBasketScene-v1|iso_x4.0] ep 91 success=False steps=120 inf=25.0s sim=8.4s total=39.7s
[octo-base@hist1|PutEggplantInBasketScene-v1|iso_x4.0] ep 92 success=True steps=120 inf=26.5s sim=5.8s total=38.7s
[octo-base@hist1|PutEggplantInBasketScene-v1|iso_x4.0] ep 93 success=True steps=120 inf=27.3s sim=5.8s total=39.0s
[octo-base@hist1|PutEggplantInBasketScene-v1|iso_x4.0] ep 94 success=True steps=120 inf=28.7s sim=5.8s total=40.7s
[octo-base@hist1|PutEggplantInBasketScene-v1|iso_x4.0] ep 95 success=False steps=120 inf=27.4s sim=5.8s total=39.0s
== iso_x4.0: 34/96 success
ce_x0.5] ep 26 success=False steps=120 inf=28.0s sim=8.2s total=42.2s
[octo-base@hist1|PutEggplantInBasketScene-v1|force_x0.5] ep 27 success=False steps=120 inf=23.5s sim=8.1s total=37.3s
[octo-base@hist1|PutEggplantInBasketScene-v1|force_x0.5] ep 28 success=False steps=120 inf=26.4s sim=7.6s total=40.3s
[octo-base@hist1|PutEggplantInBasketScene-v1|force_x0.5] ep 29 success=True steps=120 inf=24.0s sim=5.1s total=35.2s
[octo-base@hist1|PutEggplantInBasketScene-v1|force_x0.5] ep 30 success=True steps=120 inf=26.9s sim=5.9s total=38.6s
[octo-base@hist1|PutEggplantInBasketScene-v1|force_x0.5] ep 31 success=False steps=120 inf=27.7s sim=8.4s total=42.3s
[octo-base@hist1|PutEggplantInBasketScene-v1|force_x0.5] ep 32 success=False steps=120 inf=27.2s sim=7.5s total=40.8s
[octo-base@hist1|PutEggplantInBasketScene-v1|force_x0.5] ep 33 success=False steps=120 inf=25.0s sim=5.6s total=36.2s
[octo-base@hist1|PutEggplantInBasketScene-v1|force_x0.5] ep 34 success=True steps=120 inf=21.3s sim=7.0s total=34.0s
[octo-base@hist1|PutEggplantInBasketScene-v1|force_x0.5] ep 35 success=False steps=120 inf=24.7s sim=7.6s total=38.8s
[octo-base@hist1|PutEggplantInBasketScene-v1|force_x0.5] ep 36 success=True steps=120 inf=23.7s sim=8.5s total=38.2s
[octo-base@hist1|PutEggplantInBasketScene-v1|force_x0.5] ep 37 success=True steps=120 inf=25.0s sim=9.3s total=40.8s
[octo-base@hist1|PutEggplantInBasketScene-v1|force_x0.5] ep 38 success=False steps=120 inf=26.2s sim=6.0s total=37.9s
[octo-base@hist1|PutEggplantInBasketScene-v1|force_x0.5] ep 39 success=False steps=120 inf=27.2s sim=6.6s total=39.8s
[octo-base@hist1|PutEggplantInBasketScene-v1|force_x0.5] ep 40 success=False steps=120 inf=26.2s sim=5.7s total=37.9s
[octo-base@hist1|PutEggplantInBasketScene-v1|force_x0.5] ep 41 success=False steps=120 inf=26.8s sim=6.0s total=38.9s
[octo-base@hist1|PutEggplantInBasketScene-v1|force_x0.5] ep 42 success=False steps=120 inf=24.2s sim=7.5s total=37.4s
[octo-base@hist1|PutEggplantInBasketScene-v1|force_x0.5] ep 43 success=False steps=120 inf=25.6s sim=7.3s total=39.1s
[octo-base@hist1|PutEggplantInBasketScene-v1|force_x0.5] ep 44 success=False steps=120 inf=25.8s sim=7.6s total=38.9s
[octo-base@hist1|PutEggplantInBasketScene-v1|force_x0.5] ep 45 success=True steps=120 inf=26.8s sim=4.0s total=36.3s
[octo-base@hist1|PutEggplantInBasketScene-v1|force_x0.5] ep 46 success=False steps=120 inf=25.0s sim=7.0s total=37.7s
[octo-base@hist1|PutEggplantInBasketScene-v1|force_x0.5] ep 47 success=False steps=120 inf=23.6s sim=7.2s total=36.6s
[octo-base@hist1|PutEggplantInBasketScene-v1|force_x0.5] ep 48 success=False steps=120 inf=26.6s sim=6.4s total=38.9s
[octo-base@hist1|PutEggplantInBasketScene-v1|force_x0.5] ep 49 success=True steps=120 inf=25.1s sim=7.3s total=38.3s
[octo-base@hist1|PutEggplantInBasketScene-v1|force_x0.5] ep 50 success=False steps=120 inf=25.4s sim=7.3s total=38.5s
[octo-base@hist1|PutEggplantInBasketScene-v1|force_x0.5] ep 51 success=False steps=120 inf=26.4s sim=7.0s total=39.2s
[octo-base@hist1|PutEggplantInBasketScene-v1|force_x0.5] ep 52 success=True steps=120 inf=27.8s sim=5.9s total=40.1s
[octo-base@hist1|PutEggplantInBasketScene-v1|force_x0.5] ep 53 success=False steps=120 inf=29.0s sim=7.4s total=42.6s
[octo-base@hist1|PutEggplantInBasketScene-v1|force_x0.5] ep 54 success=False steps=120 inf=24.9s sim=6.7s total=37.6s
[octo-base@hist1|PutEggplantInBasketScene-v1|force_x0.5] ep 55 success=False steps=120 inf=25.4s sim=6.6s total=37.9s
[octo-base@hist1|PutEggplantInBasketScene-v1|force_x0.5] ep 56 success=False steps=120 inf=26.8s sim=6.3s total=39.0s
[octo-base@hist1|PutEggplantInBasketScene-v1|force_x0.5] ep 57 success=True steps=120 inf=24.6s sim=5.2s total=35.4s
[octo-base@hist1|PutEggplantInBasketScene-v1|force_x0.5] ep 58 success=False steps=120 inf=25.2s sim=4.4s total=35.0s
[octo-base@hist1|PutEggplantInBasketScene-v1|force_x0.5] ep 59 success=False steps=120 inf=26.9s sim=5.7s total=38.2s
[octo-base@hist1|PutEggplantInBasketScene-v1|force_x0.5] ep 60 success=False steps=120 inf=27.1s sim=5.9s total=39.0s
[octo-base@hist1|PutEggplantInBasketScene-v1|force_x0.5] ep 61 success=False steps=120 inf=25.9s sim=3.8s total=35.3s
[octo-base@hist1|PutEggplantInBasketScene-v1|force_x0.5] ep 62 success=False steps=120 inf=25.7s sim=6.3s total=37.5s
[octo-base@hist1|PutEggplantInBasketScene-v1|force_x0.5] ep 63 success=False steps=120 inf=22.3s sim=7.8s total=35.9s
[octo-base@hist1|PutEggplantInBasketScene-v1|force_x0.5] ep 64 success=False steps=120 inf=24.0s sim=6.5s total=36.8s
[octo-base@hist1|PutEggplantInBasketScene-v1|force_x0.5] ep 65 success=True steps=120 inf=24.5s sim=5.7s total=36.2s
[octo-base@hist1|PutEggplantInBasketScene-v1|force_x0.5] ep 66 success=False steps=120 inf=25.0s sim=7.4s total=38.7s
[octo-base@hist1|PutEggplantInBasketScene-v1|force_x0.5] ep 67 success=False steps=120 inf=22.7s sim=8.0s total=36.4s
[octo-base@hist1|PutEggplantInBasketScene-v1|force_x0.5] ep 68 success=False steps=120 inf=26.9s sim=4.4s total=36.9s
[octo-base@hist1|PutEggplantInBasketScene-v1|force_x0.5] ep 69 success=False steps=120 inf=26.7s sim=5.5s total=37.9s
[octo-base@hist1|PutEggplantInBasketScene-v1|force_x0.5] ep 70 success=False steps=120 inf=25.6s sim=6.0s total=37.2s
[octo-base@hist1|PutEggplantInBasketScene-v1|force_x0.5] ep 71 success=False steps=120 inf=25.8s sim=5.3s total=36.5s
[octo-base@hist1|PutEggplantInBasketScene-v1|force_x0.5] ep 72 success=False steps=120 inf=28.1s sim=6.0s total=37.9s
[octo-base@hist1|PutEggplantInBasketScene-v1|force_x0.5] ep 73 success=True steps=120 inf=27.0s sim=4.0s total=36.5s
[octo-base@hist1|PutEggplantInBasketScene-v1|force_x0.5] ep 74 success=True steps=120 inf=25.5s sim=5.8s total=36.6s
[octo-base@hist1|PutEggplantInBasketScene-v1|force_x0.5] ep 75 success=False steps=120 inf=27.0s sim=5.5s total=38.4s
[octo-base@hist1|PutEggplantInBasketScene-v1|force_x0.5] ep 76 success=True steps=120 inf=25.2s sim=7.2s total=38.0s
[octo-base@hist1|PutEggplantInBasketScene-v1|force_x0.5] ep 77 success=False steps=120 inf=27.8s sim=5.6s total=39.1s
[octo-base@hist1|PutEggplantInBasketScene-v1|force_x0.5] ep 78 success=False steps=120 inf=28.2s sim=5.9s total=40.0s
[octo-base@hist1|PutEggplantInBasketScene-v1|force_x0.5] ep 79 success=False steps=120 inf=26.6s sim=9.3s total=42.1s
[octo-base@hist1|PutEggplantInBasketScene-v1|force_x0.5] ep 80 success=False steps=120 inf=30.7s sim=6.1s total=43.3s
[octo-base@hist1|PutEggplantInBasketScene-v1|force_x0.5] ep 81 success=True steps=120 inf=26.7s sim=10.4s total=43.2s
[octo-base@hist1|PutEggplantInBasketScene-v1|force_x0.5] ep 82 success=True steps=120 inf=28.3s sim=7.9s total=42.6s
[octo-base@hist1|PutEggplantInBasketScene-v1|force_x0.5] ep 83 success=False steps=120 inf=28.8s sim=13.1s total=48.3s
[octo-base@hist1|PutEggplantInBasketScene-v1|force_x0.5] ep 84 success=True steps=120 inf=27.4s sim=8.4s total=42.1s
[octo-base@hist1|PutEggplantInBasketScene-v1|force_x0.5] ep 85 success=False steps=120 inf=27.8s sim=9.4s total=43.2s
[octo-base@hist1|PutEggplantInBasketScene-v1|force_x0.5] ep 86 success=False steps=120 inf=28.5s sim=10.0s total=45.0s
[octo-base@hist1|PutEggplantInBasketScene-v1|force_x0.5] ep 87 success=False steps=120 inf=27.3s sim=9.8s total=43.5s
[octo-base@hist1|PutEggplantInBasketScene-v1|force_x0.5] ep 88 success=False steps=120 inf=25.9s sim=9.7s total=41.9s
[octo-base@hist1|PutEggplantInBasketScene-v1|force_x0.5] ep 89 success=True steps=120 inf=27.5s sim=10.5s total=44.0s
[octo-base@hist1|PutEggplantInBasketScene-v1|force_x0.5] ep 90 success=False steps=120 inf=28.0s sim=9.2s total=43.6s
[octo-base@hist1|PutEggplantInBasketScene-v1|force_x0.5] ep 91 success=False steps=120 inf=28.1s sim=7.8s total=42.0s
[octo-base@hist1|PutEggplantInBasketScene-v1|force_x0.5] ep 92 success=True steps=120 inf=28.5s sim=5.6s total=40.4s
[octo-base@hist1|PutEggplantInBasketScene-v1|force_x0.5] ep 93 success=True steps=120 inf=27.0s sim=8.3s total=41.4s
[octo-base@hist1|PutEggplantInBasketScene-v1|force_x0.5] ep 94 success=False steps=120 inf=29.7s sim=6.2s total=42.1s
[octo-base@hist1|PutEggplantInBasketScene-v1|force_x0.5] ep 95 success=False steps=120 inf=26.2s sim=9.9s total=42.0s
== force_x0.5: 30/96 success
PutEggplantInBasketScene-v1|fric_x0.4] ep 78 success=False steps=120 inf=28.0s sim=7.9s total=41.8s
[octo-base@hist1|PutEggplantInBasketScene-v1|fric_x0.4] ep 79 success=False steps=120 inf=28.5s sim=8.1s total=43.2s
[octo-base@hist1|PutEggplantInBasketScene-v1|fric_x0.4] ep 80 success=True steps=120 inf=29.8s sim=5.3s total=41.3s
[octo-base@hist1|PutEggplantInBasketScene-v1|fric_x0.4] ep 81 success=True steps=120 inf=28.3s sim=5.7s total=40.0s
[octo-base@hist1|PutEggplantInBasketScene-v1|fric_x0.4] ep 82 success=True steps=120 inf=30.7s sim=5.3s total=42.1s
[octo-base@hist1|PutEggplantInBasketScene-v1|fric_x0.4] ep 83 success=False steps=120 inf=28.6s sim=8.7s total=43.4s
E:\research\the_world\.venv-windows-ms3\Lib\site-packages\sapien\wrapper\pinocchio_model.py:299: UserWarning: pinnoch[octo-base@hist1|PutEggplantInBasketScene-v1|fric_x0.4] ep 85 success=False steps=120 inf=26.3s sim=8.0s total=40.2s
[octo-base@hist1|PutEggplantInBasketScene-v1|fric_x0.4] ep 86 success=True steps=120 inf=29.8s sim=7.6s total=43.7s
[octo-base@hist1|PutEggplantInBasketScene-v1|fric_x0.4] ep 87 success=False steps=120 inf=28.0s sim=10.1s total=44.3s
[octo-base@hist1|PutEggplantInBasketScene-v1|fric_x0.4] ep 88 success=True steps=120 inf=26.2s sim=13.2s total=45.9s
[octo-base@hist1|PutEggplantInBasketScene-v1|fric_x0.4] ep 89 success=True steps=120 inf=26.4s sim=11.8s total=44.4s
[octo-base@hist1|PutEggplantInBasketScene-v1|fric_x0.4] ep 90 success=False steps=120 inf=26.5s sim=10.3s total=42.7s
[octo-base@hist1|PutEggplantInBasketScene-v1|fric_x0.4] ep 91 success=True steps=120 inf=28.8s sim=7.4s total=42.7s
[octo-base@hist1|PutEggplantInBasketScene-v1|fric_x0.4] ep 92 success=True steps=120 inf=26.4s sim=11.7s total=44.2s
[octo-base@hist1|PutEggplantInBasketScene-v1|fric_x0.4] ep 93 success=True steps=120 inf=25.7s sim=11.2s total=42.7s
[octo-base@hist1|PutEggplantInBasketScene-v1|fric_x0.4] ep 94 success=False steps=120 inf=26.7s sim=9.6s total=42.4s
[octo-base@hist1|PutEggplantInBasketScene-v1|fric_x0.4] ep 95 success=False steps=120 inf=28.7s sim=7.5s total=42.3s
== fric_x0.4: 40/96 success
cess=False steps=120 inf=26.3s sim=9.6s total=41.8s
[octo-base@hist1|PutEggplantInBasketScene-v1|dens_x0.5] ep 28 success=True steps=120 inf=24.8s sim=11.4s total=42.1s
[octo-base@hist1|PutEggplantInBasketScene-v1|dens_x0.5] ep 29 success=False steps=120 inf=28.1s sim=7.6s total=42.0s
[octo-base@hist1|PutEggplantInBasketScene-v1|dens_x0.5] ep 30 success=False steps=120 inf=28.0s sim=6.9s total=40.8s
[octo-base@hist1|PutEggplantInBasketScene-v1|dens_x0.5] ep 31 success=False steps=120 inf=24.0s sim=14.1s total=44.1s
[octo-base@hist1|PutEggplantInBasketScene-v1|dens_x0.5] ep 32 success=False steps=120 inf=26.1s sim=11.2s total=43.6s
[octo-base@hist1|PutEggplantInBasketScene-v1|dens_x0.5] ep 33 success=False steps=120 inf=29.3s sim=7.5s total=42.9s
[octo-base@hist1|PutEggplantInBasketScene-v1|dens_x0.5] ep 34 success=False steps=120 inf=25.9s sim=6.4s total=38.3s
[octo-base@hist1|PutEggplantInBasketScene-v1|dens_x0.5] ep 35 success=False steps=120 inf=20.0s sim=6.6s total=31.8s
[octo-base@hist1|PutEggplantInBasketScene-v1|dens_x0.5] ep 36 success=False steps=120 inf=28.4s sim=7.1s total=41.6s
[octo-base@hist1|PutEggplantInBasketScene-v1|dens_x0.5] ep 37 success=True steps=120 inf=27.7s sim=5.4s total=39.2s
[octo-base@hist1|PutEggplantInBasketScene-v1|dens_x0.5] ep 38 success=False steps=120 inf=30.3s sim=7.8s total=44.4s
[octo-base@hist1|PutEggplantInBasketScene-v1|dens_x0.5] ep 39 success=False steps=120 inf=24.6s sim=6.5s total=36.8s
[octo-base@hist1|PutEggplantInBasketScene-v1|dens_x0.5] ep 40 success=False steps=120 inf=27.5s sim=6.0s total=39.2s
[octo-base@hist1|PutEggplantInBasketScene-v1|dens_x0.5] ep 41 success=False steps=120 inf=28.0s sim=7.4s total=41.9s
[octo-base@hist1|PutEggplantInBasketScene-v1|dens_x0.5] ep 42 success=False steps=120 inf=26.9s sim=10.4s total=43.6s
[octo-base@hist1|PutEggplantInBasketScene-v1|dens_x0.5] ep 43 success=False steps=120 inf=27.0s sim=10.6s total=43.8s
[octo-base@hist1|PutEggplantInBasketScene-v1|dens_x0.5] ep 44 success=False steps=120 inf=28.2s sim=10.8s total=45.3s
[octo-base@hist1|PutEggplantInBasketScene-v1|dens_x0.5] ep 45 success=False steps=120 inf=29.7s sim=7.1s total=43.2s
[octo-base@hist1|PutEggplantInBasketScene-v1|dens_x0.5] ep 46 success=False steps=120 inf=28.8s sim=8.2s total=43.1s
[octo-base@hist1|PutEggplantInBasketScene-v1|dens_x0.5] ep 47 success=False steps=120 inf=28.0s sim=10.7s total=45.0s
[octo-base@hist1|PutEggplantInBasketScene-v1|dens_x0.5] ep 48 success=False steps=120 inf=27.7s sim=9.6s total=43.8s
[octo-base@hist1|PutEggplantInBasketScene-v1|dens_x0.5] ep 49 success=True steps=120 inf=24.3s sim=11.8s total=42.5s
[octo-base@hist1|PutEggplantInBasketScene-v1|dens_x0.5] ep 50 success=False steps=120 inf=28.8s sim=8.3s total=43.5s
[octo-base@hist1|PutEggplantInBasketScene-v1|dens_x0.5] ep 51 success=False steps=120 inf=29.1s sim=7.0s total=42.3s
[octo-base@hist1|PutEggplantInBasketScene-v1|dens_x0.5] ep 52 success=True steps=120 inf=29.6s sim=6.8s total=42.7s
[octo-base@hist1|PutEggplantInBasketScene-v1|dens_x0.5] ep 53 success=False steps=120 inf=29.4s sim=6.2s total=41.7s
[octo-base@hist1|PutEggplantInBasketScene-v1|dens_x0.5] ep 54 success=True steps=120 inf=27.4s sim=5.9s total=39.3s
[octo-base@hist1|PutEggplantInBasketScene-v1|dens_x0.5] ep 55 success=False steps=120 inf=29.3s sim=7.2s total=41.4s
[octo-base@hist1|PutEggplantInBasketScene-v1|dens_x0.5] ep 56 success=False steps=120 inf=28.4s sim=7.2s total=41.8s
[octo-base@hist1|PutEggplantInBasketScene-v1|dens_x0.5] ep 57 success=True steps=120 inf=29.5s sim=7.4s total=43.3s
[octo-base@hist1|PutEggplantInBasketScene-v1|dens_x0.5] ep 58 success=False steps=120 inf=27.6s sim=5.4s total=39.0s
[octo-base@hist1|PutEggplantInBasketScene-v1|dens_x0.5] ep 59 success=True steps=120 inf=27.2s sim=8.9s total=42.2s
[octo-base@hist1|PutEggplantInBasketScene-v1|dens_x0.5] ep 60 success=False steps=120 inf=29.5s sim=6.5s total=42.2s
[octo-base@hist1|PutEggplantInBasketScene-v1|dens_x0.5] ep 61 success=False steps=120 inf=27.9s sim=5.0s total=38.7s
[octo-base@hist1|PutEggplantInBasketScene-v1|dens_x0.5] ep 62 success=False steps=120 inf=26.5s sim=8.4s total=41.2s
[octo-base@hist1|PutEggplantInBasketScene-v1|dens_x0.5] ep 63 success=False steps=120 inf=29.0s sim=7.9s total=43.2s
[octo-base@hist1|PutEggplantInBasketScene-v1|dens_x0.5] ep 64 success=False steps=120 inf=28.8s sim=6.6s total=41.5s
[octo-base@hist1|PutEggplantInBasketScene-v1|dens_x0.5] ep 65 success=True steps=120 inf=31.1s sim=4.8s total=42.2s
[octo-base@hist1|PutEggplantInBasketScene-v1|dens_x0.5] ep 66 success=False steps=120 inf=29.8s sim=6.8s total=42.7s
[octo-base@hist1|PutEggplantInBasketScene-v1|dens_x0.5] ep 67 success=False steps=120 inf=28.3s sim=8.0s total=42.7s
[octo-base@hist1|PutEggplantInBasketScene-v1|dens_x0.5] ep 68 success=True steps=120 inf=27.0s sim=5.3s total=38.4s
[octo-base@hist1|PutEggplantInBasketScene-v1|dens_x0.5] ep 69 success=False steps=120 inf=29.3s sim=7.0s total=42.6s
[octo-base@hist1|PutEggplantInBasketScene-v1|dens_x0.5] ep 70 success=False steps=120 inf=28.0s sim=8.3s total=42.4s
[octo-base@hist1|PutEggplantInBasketScene-v1|dens_x0.5] ep 71 success=False steps=120 inf=30.3s sim=6.6s total=43.5s
[octo-base@hist1|PutEggplantInBasketScene-v1|dens_x0.5] ep 72 success=False steps=120 inf=28.6s sim=7.1s total=41.7s
[octo-base@hist1|PutEggplantInBasketScene-v1|dens_x0.5] ep 73 success=True steps=120 inf=26.8s sim=5.2s total=37.8s
[octo-base@hist1|PutEggplantInBasketScene-v1|dens_x0.5] ep 74 success=True steps=120 inf=26.5s sim=5.6s total=37.6s
[octo-base@hist1|PutEggplantInBasketScene-v1|dens_x0.5] ep 75 success=False steps=120 inf=27.8s sim=7.8s total=41.3s
[octo-base@hist1|PutEggplantInBasketScene-v1|dens_x0.5] ep 76 success=False steps=120 inf=24.2s sim=7.2s total=36.9s
[octo-base@hist1|PutEggplantInBasketScene-v1|dens_x0.5] ep 77 success=False steps=120 inf=22.6s sim=5.1s total=33.2s
[octo-base@hist1|PutEggplantInBasketScene-v1|dens_x0.5] ep 78 success=True steps=120 inf=20.6s sim=4.3s total=29.6s
[octo-base@hist1|PutEggplantInBasketScene-v1|dens_x0.5] ep 79 success=False steps=120 inf=21.3s sim=6.2s total=32.5s
[octo-base@hist1|PutEggplantInBasketScene-v1|dens_x0.5] ep 80 success=True steps=120 inf=20.6s sim=6.0s total=31.6s
[octo-base@hist1|PutEggplantInBasketScene-v1|dens_x0.5] ep 81 success=True steps=120 inf=20.5s sim=4.2s total=29.7s
[octo-base@hist1|PutEggplantInBasketScene-v1|dens_x0.5] ep 82 success=True steps=120 inf=21.1s sim=3.9s total=30.1s
[octo-base@hist1|PutEggplantInBasketScene-v1|dens_x0.5] ep 83 success=False steps=120 inf=17.9s sim=4.0s total=26.3s
[octo-base@hist1|PutEggplantInBasketScene-v1|dens_x0.5] ep 84 success=True steps=120 inf=14.1s sim=3.6s total=22.3s
[octo-base@hist1|PutEggplantInBasketScene-v1|dens_x0.5] ep 85 success=False steps=120 inf=10.4s sim=5.6s total=20.7s
[octo-base@hist1|PutEggplantInBasketScene-v1|dens_x0.5] ep 86 success=False steps=120 inf=17.6s sim=3.6s total=25.4s
[octo-base@hist1|PutEggplantInBasketScene-v1|dens_x0.5] ep 87 success=False steps=120 inf=17.9s sim=3.9s total=26.2s
[octo-base@hist1|PutEggplantInBasketScene-v1|dens_x0.5] ep 88 success=False steps=120 inf=16.9s sim=3.5s total=24.7s
[octo-base@hist1|PutEggplantInBasketScene-v1|dens_x0.5] ep 89 success=False steps=120 inf=17.2s sim=3.7s total=25.2s
[octo-base@hist1|PutEggplantInBasketScene-v1|dens_x0.5] ep 90 success=False steps=120 inf=17.9s sim=4.2s total=26.6s
[octo-base@hist1|PutEggplantInBasketScene-v1|dens_x0.5] ep 91 success=False steps=120 inf=17.9s sim=3.7s total=26.0s
[octo-base@hist1|PutEggplantInBasketScene-v1|dens_x0.5] ep 92 success=True steps=120 inf=16.0s sim=3.6s total=24.1s
[octo-base@hist1|PutEggplantInBasketScene-v1|dens_x0.5] ep 93 success=True steps=120 inf=17.0s sim=4.2s total=25.7s
[octo-base@hist1|PutEggplantInBasketScene-v1|dens_x0.5] ep 94 success=True steps=120 inf=15.7s sim=3.2s total=23.4s
[octo-base@hist1|PutEggplantInBasketScene-v1|dens_x0.5] ep 95 success=False steps=120 inf=17.2s sim=4.2s total=25.8s
== dens_x0.5: 28/96 success
