E:\research\the_world\.venv-windows-ms3\Lib\site-packages\sapien\wrapper\pinocchio_model.py:299: UserWarning: pinnochio package is not installed, robotics functionalities will not be available
  warnings.warn(
[33;1m2026-09-18 16:18:48,258 - mani_skill  - WARNING - Mimic targets dictionary is missing for controller config for widowx250s_bridgedataset_sink. Assuming the first joint is the control joint and the second joint is the mimic joint[0m
[33;1m2026-09-18 16:18:48,329 - mani_skill  - WARNING - No initial pose set for actor builder of eggplant, setting to default pose q=[1,0,0,0], p=[0,0,0]. Not setting reasonable initial poses may slow down simulation, see https://github.com/haosulab/ManiSkill/issues/421.[0m
[33;1m2026-09-18 16:18:48,350 - mani_skill  - WARNING - No initial pose set for actor builder of dummy_sink_target_plane, setting to default pose q=[1,0,0,0], p=[0,0,0]. Not setting reasonable initial poses may slow down simulation, see https://github.com/haosulab/ManiSkill/issues/421.[0m
[octo-small|PutEggplantInBasketScene-v1|fric_x0.4] ep 24 success=True steps=120 inf=15.5s sim=3.3s total=21.8s
[octo-small|PutEggplantInBasketScene-v1|fric_x0.4] ep 25 success=False steps=120 inf=16.6s sim=4.6s total=24.7s
[octo-small|PutEggplantInBasketScene-v1|fric_x0.4] ep 26 success=True steps=120 inf=16.0s sim=3.6s total=23.0s
[octo-small|PutEggplantInBasketScene-v1|fric_x0.4] ep 27 success=True steps=120 inf=16.5s sim=3.8s total=23.8s
[octo-small|PutEggplantInBasketScene-v1|fric_x0.4] ep 28 success=False steps=120 inf=17.2s sim=5.8s total=26.7s
[octo-small|PutEggplantInBasketScene-v1|fric_x0.4] ep 29 success=True steps=120 inf=17.2s sim=4.4s total=25.3s
[octo-small|PutEggplantInBasketScene-v1|fric_x0.4] ep 30 success=True steps=120 inf=17.9s sim=3.8s total=25.2s
[octo-small|PutEggplantInBasketScene-v1|fric_x0.4] ep 31 success=False steps=120 inf=18.1s sim=5.0s total=26.6s
[octo-small|PutEggplantInBasketScene-v1|fric_x0.4] ep 32 success=False steps=120 inf=17.1s sim=5.7s total=26.7s
[octo-small|PutEggplantInBasketScene-v1|fric_x0.4] ep 33 success=False steps=120 inf=18.6s sim=4.9s total=27.3s
[octo-small|PutEggplantInBasketScene-v1|fric_x0.4] ep 34 success=False steps=120 inf=18.2s sim=5.5s total=27.3s
[octo-small|PutEggplantInBasketScene-v1|fric_x0.4] ep 35 success=False steps=120 inf=18.5s sim=4.5s total=26.8s
[octo-small|PutEggplantInBasketScene-v1|fric_x0.4] ep 36 success=False steps=120 inf=18.5s sim=5.6s total=27.9s
[octo-small|PutEggplantInBasketScene-v1|fric_x0.4] ep 37 success=False steps=120 inf=18.7s sim=5.0s total=27.3s
[octo-small|PutEggplantInBasketScene-v1|fric_x0.4] ep 38 success=False steps=120 inf=18.1s sim=5.8s total=27.7s
[octo-small|PutEggplantInBasketScene-v1|fric_x0.4] ep 39 success=False steps=120 inf=18.8s sim=5.1s total=27.4s
[octo-small|PutEggplantInBasketScene-v1|fric_x0.4] ep 40 success=False steps=120 inf=18.6s sim=5.0s total=27.4s
[octo-small|PutEggplantInBasketScene-v1|fric_x0.4] ep 41 success=True steps=120 inf=17.8s sim=3.8s total=25.2s
[octo-small|PutEggplantInBasketScene-v1|fric_x0.4] ep 42 success=False steps=120 inf=19.0s sim=5.1s total=27.7s
[octo-small|PutEggplantInBasketScene-v1|fric_x0.4] ep 43 success=True steps=120 inf=17.7s sim=3.9s total=25.2s
[octo-small|PutEggplantInBasketScene-v1|fric_x0.4] ep 44 success=False steps=120 inf=18.0s sim=5.1s total=26.8s
[octo-small|PutEggplantInBasketScene-v1|fric_x0.4] ep 45 success=True steps=120 inf=18.2s sim=3.7s total=25.5s
[octo-small|PutEggplantInBasketScene-v1|fric_x0.4] ep 46 success=True steps=120 inf=17.8s sim=3.7s total=25.2s
[octo-small|PutEggplantInBasketScene-v1|fric_x0.4] ep 47 success=False steps=120 inf=17.2s sim=5.1s total=26.1s
[octo-small|PutEggplantInBasketScene-v1|fric_x0.4] ep 48 success=True steps=120 inf=17.9s sim=5.9s total=28.5s
[octo-small|PutEggplantInBasketScene-v1|fric_x0.4] ep 49 success=True steps=120 inf=19.1s sim=5.4s total=28.8s
[octo-small|PutEggplantInBasketScene-v1|fric_x0.4] ep 50 success=True steps=120 inf=19.3s sim=4.7s total=28.1s
[octo-small|PutEggplantInBasketScene-v1|fric_x0.4] ep 51 success=False steps=120 inf=18.6s sim=5.2s total=27.8s
[octo-small|PutEggplantInBasketScene-v1|fric_x0.4] ep 52 success=False steps=120 inf=22.1s sim=6.7s total=32.9s
[octo-small|PutEggplantInBasketScene-v1|fric_x0.4] ep 53 success=True steps=120 inf=22.3s sim=7.5s total=35.1s
[octo-small|PutEggplantInBasketScene-v1|fric_x0.4] ep 54 success=True steps=120 inf=21.2s sim=8.2s total=34.1s
[octo-small|PutEggplantInBasketScene-v1|fric_x0.4] ep 55 success=False steps=120 inf=18.9s sim=8.6s total=32.1s
[octo-small|PutEggplantInBasketScene-v1|fric_x0.4] ep 56 success=False steps=120 inf=20.0s sim=7.2s total=32.0s
[octo-small|PutEggplantInBasketScene-v1|fric_x0.4] ep 57 success=False steps=120 inf=19.4s sim=8.2s total=32.9s
[octo-small|PutEggplantInBasketScene-v1|fric_x0.4] ep 58 success=False steps=120 inf=20.8s sim=7.3s total=32.9s
[octo-small|PutEggplantInBasketScene-v1|fric_x0.4] ep 59 success=False steps=120 inf=20.2s sim=7.9s total=32.5s
[octo-small|PutEggplantInBasketScene-v1|fric_x0.4] ep 60 success=True steps=120 inf=21.4s sim=7.0s total=33.1s
[octo-small|PutEggplantInBasketScene-v1|fric_x0.4] ep 61 success=True steps=120 inf=20.0s sim=5.5s total=29.5s
[octo-small|PutEggplantInBasketScene-v1|fric_x0.4] ep 62 success=True steps=120 inf=19.3s sim=4.8s total=28.2s
[octo-small|PutEggplantInBasketScene-v1|fric_x0.4] ep 63 success=False steps=120 inf=19.0s sim=5.3s total=28.2s
[octo-small|PutEggplantInBasketScene-v1|fric_x0.4] ep 64 success=True steps=120 inf=18.3s sim=5.0s total=27.0s
[octo-small|PutEggplantInBasketScene-v1|fric_x0.4] ep 65 success=True steps=120 inf=19.6s sim=6.1s total=29.6s
[octo-small|PutEggplantInBasketScene-v1|fric_x0.4] ep 66 success=True steps=120 inf=19.6s sim=6.4s total=30.3s
[octo-small|PutEggplantInBasketScene-v1|fric_x0.4] ep 67 success=False steps=120 inf=21.8s sim=6.0s total=31.6s
[octo-small|PutEggplantInBasketScene-v1|fric_x0.4] ep 68 success=False steps=120 inf=20.2s sim=5.7s total=29.8s
[octo-small|PutEggplantInBasketScene-v1|fric_x0.4] ep 69 success=False steps=120 inf=20.1s sim=6.2s total=30.3s
[octo-small|PutEggplantInBasketScene-v1|fric_x0.4] ep 70 success=False steps=120 inf=20.0s sim=6.3s total=30.2s
[octo-small|PutEggplantInBasketScene-v1|fric_x0.4] ep 71 success=False steps=120 inf=19.2s sim=5.5s total=28.3s
[octo-small|PutEggplantInBasketScene-v1|fric_x0.4] ep 72 success=True steps=120 inf=19.6s sim=4.3s total=27.8s
[octo-small|PutEggplantInBasketScene-v1|fric_x0.4] ep 73 success=True steps=120 inf=19.7s sim=4.2s total=27.8s
[octo-small|PutEggplantInBasketScene-v1|fric_x0.4] ep 74 success=True steps=120 inf=18.7s sim=5.1s total=27.8s
[octo-small|PutEggplantInBasketScene-v1|fric_x0.4] ep 75 success=False steps=120 inf=19.3s sim=5.5s total=28.9s
[octo-small|PutEggplantInBasketScene-v1|fric_x0.4] ep 76 success=True steps=120 inf=19.4s sim=4.4s total=27.9s
[octo-small|PutEggplantInBasketScene-v1|fric_x0.4] ep 77 success=True steps=120 inf=20.9s sim=5.0s total=29.5s
[octo-small|PutEggplantInBasketScene-v1|fric_x0.4] ep 78 success=False steps=120 inf=20.1s sim=5.4s total=29.3s
[octo-small|PutEggplantInBasketScene-v1|fric_x0.4] ep 79 success=False steps=120 inf=17.6s sim=5.4s total=26.6s
[octo-small|PutEggplantInBasketScene-v1|fric_x0.4] ep 80 success=False steps=120 inf=17.9s sim=5.0s total=26.6s
[octo-small|PutEggplantInBasketScene-v1|fric_x0.4] ep 81 success=True steps=120 inf=18.3s sim=4.5s total=26.5s
[octo-small|PutEggplantInBasketScene-v1|fric_x0.4] ep 82 success=False steps=120 inf=17.2s sim=5.0s total=25.6s
[octo-small|PutEggplantInBasketScene-v1|fric_x0.4] ep 83 success=True steps=120 inf=16.0s sim=4.1s total=23.7s
[octo-small|PutEggplantInBasketScene-v1|fric_x0.4] ep 84 success=False steps=120 inf=13.2s sim=4.0s total=20.6s
[octo-small|PutEggplantInBasketScene-v1|fric_x0.4] ep 85 success=True steps=120 inf=14.1s sim=3.6s total=21.2s
[octo-small|PutEggplantInBasketScene-v1|fric_x0.4] ep 86 success=True steps=120 inf=17.1s sim=5.1s total=26.4s
[octo-small|PutEggplantInBasketScene-v1|fric_x0.4] ep 87 success=False steps=120 inf=18.4s sim=7.0s total=29.8s
[octo-small|PutEggplantInBasketScene-v1|fric_x0.4] ep 88 success=True steps=120 inf=15.3s sim=5.8s total=25.6s
[octo-small|PutEggplantInBasketScene-v1|fric_x0.4] ep 89 success=True steps=120 inf=15.6s sim=6.1s total=26.1s
[octo-small|PutEggplantInBasketScene-v1|fric_x0.4] ep 90 success=True steps=120 inf=14.8s sim=7.1s total=26.2s
[octo-small|PutEggplantInBasketScene-v1|fric_x0.4] ep 91 success=False steps=120 inf=15.0s sim=6.7s total=26.2s
[octo-small|PutEggplantInBasketScene-v1|fric_x0.4] ep 92 success=False steps=120 inf=14.6s sim=7.2s total=26.1s
[octo-small|PutEggplantInBasketScene-v1|fric_x0.4] ep 93 success=True steps=120 inf=14.6s sim=5.6s total=24.6s
[octo-small|PutEggplantInBasketScene-v1|fric_x0.4] ep 94 success=True steps=120 inf=14.5s sim=6.5s total=25.1s
[octo-small|PutEggplantInBasketScene-v1|fric_x0.4] ep 95 success=True steps=120 inf=13.7s sim=6.4s total=24.1s
== fric_x0.4: 47/96 success
[33;1m2026-09-18 16:51:58,078 - mani_skill  - WARNING - Mimic targets dictionary is missing for controller config for widowx250s_bridgedataset_sink. Assuming the first joint is the control joint and the second joint is the mimic joint[0m
[33;1m2026-09-18 16:51:58,085 - mani_skill  - WARNING - No initial pose set for actor builder of eggplant, setting to default pose q=[1,0,0,0], p=[0,0,0]. Not setting reasonable initial poses may slow down simulation, see https://github.com/haosulab/ManiSkill/issues/421.[0m
[33;1m2026-09-18 16:51:58,086 - mani_skill  - WARNING - No initial pose set for actor builder of dummy_sink_target_plane, setting to default pose q=[1,0,0,0], p=[0,0,0]. Not setting reasonable initial poses may slow down simulation, see https://github.com/haosulab/ManiSkill/issues/421.[0m
[octo-small|PutEggplantInBasketScene-v1|dens_x0.5] ep 24 success=True steps=120 inf=13.8s sim=5.4s total=23.4s
[octo-small|PutEggplantInBasketScene-v1|dens_x0.5] ep 25 success=False steps=120 inf=13.5s sim=6.9s total=24.6s
[octo-small|PutEggplantInBasketScene-v1|dens_x0.5] ep 26 success=True steps=120 inf=14.9s sim=5.2s total=24.3s
[octo-small|PutEggplantInBasketScene-v1|dens_x0.5] ep 27 success=False steps=120 inf=16.3s sim=7.0s total=27.5s
[octo-small|PutEggplantInBasketScene-v1|dens_x0.5] ep 28 success=True steps=120 inf=13.8s sim=5.6s total=23.5s
[octo-small|PutEggplantInBasketScene-v1|dens_x0.5] ep 29 success=True steps=120 inf=14.8s sim=7.6s total=26.5s
[octo-small|PutEggplantInBasketScene-v1|dens_x0.5] ep 30 success=True steps=120 inf=11.9s sim=4.3s total=19.4s
[octo-small|PutEggplantInBasketScene-v1|dens_x0.5] ep 31 success=False steps=120 inf=11.0s sim=6.3s total=21.3s
[octo-small|PutEggplantInBasketScene-v1|dens_x0.5] ep 32 success=False steps=120 inf=11.4s sim=6.1s total=21.5s
[octo-small|PutEggplantInBasketScene-v1|dens_x0.5] ep 33 success=False steps=120 inf=10.9s sim=6.4s total=21.6s
[octo-small|PutEggplantInBasketScene-v1|dens_x0.5] ep 34 success=False steps=120 inf=11.6s sim=7.1s total=22.9s
[octo-small|PutEggplantInBasketScene-v1|dens_x0.5] ep 35 success=False steps=120 inf=14.0s sim=7.7s total=26.1s
[octo-small|PutEggplantInBasketScene-v1|dens_x0.5] ep 36 success=False steps=120 inf=14.4s sim=7.8s total=26.7s
[octo-small|PutEggplantInBasketScene-v1|dens_x0.5] ep 37 success=True steps=120 inf=14.2s sim=5.5s total=24.1s
[octo-small|PutEggplantInBasketScene-v1|dens_x0.5] ep 38 success=False steps=120 inf=14.4s sim=8.4s total=27.0s
[octo-small|PutEggplantInBasketScene-v1|dens_x0.5] ep 39 success=False steps=120 inf=13.7s sim=7.9s total=25.6s
[octo-small|PutEggplantInBasketScene-v1|dens_x0.5] ep 40 success=True steps=120 inf=14.2s sim=5.1s total=23.5s
[octo-small|PutEggplantInBasketScene-v1|dens_x0.5] ep 41 success=True steps=120 inf=14.1s sim=4.7s total=22.7s
[octo-small|PutEggplantInBasketScene-v1|dens_x0.5] ep 42 success=False steps=120 inf=14.2s sim=6.1s total=24.0s
[octo-small|PutEggplantInBasketScene-v1|dens_x0.5] ep 43 success=False steps=120 inf=13.6s sim=5.8s total=23.1s
[octo-small|PutEggplantInBasketScene-v1|dens_x0.5] ep 44 success=False steps=120 inf=13.9s sim=6.9s total=24.8s
[octo-small|PutEggplantInBasketScene-v1|dens_x0.5] ep 45 success=True steps=120 inf=14.8s sim=4.6s total=23.2s
[octo-small|PutEggplantInBasketScene-v1|dens_x0.5] ep 46 success=True steps=120 inf=15.0s sim=4.6s total=23.5s
[octo-small|PutEggplantInBasketScene-v1|dens_x0.5] ep 47 success=False steps=120 inf=14.9s sim=5.9s total=24.7s
[octo-small|PutEggplantInBasketScene-v1|dens_x0.5] ep 48 success=False steps=120 inf=17.9s sim=7.5s total=29.3s
[octo-small|PutEggplantInBasketScene-v1|dens_x0.5] ep 49 success=False steps=120 inf=18.3s sim=5.0s total=27.5s
[octo-small|PutEggplantInBasketScene-v1|dens_x0.5] ep 50 success=True steps=120 inf=19.4s sim=5.1s total=28.9s
[octo-small|PutEggplantInBasketScene-v1|dens_x0.5] ep 51 success=False steps=120 inf=19.9s sim=5.4s total=29.7s
[octo-small|PutEggplantInBasketScene-v1|dens_x0.5] ep 52 success=True steps=120 inf=18.6s sim=4.3s total=26.8s
[octo-small|PutEggplantInBasketScene-v1|dens_x0.5] ep 53 success=True steps=120 inf=20.5s sim=5.0s total=29.6s
[octo-small|PutEggplantInBasketScene-v1|dens_x0.5] ep 54 success=True steps=120 inf=16.8s sim=6.4s total=27.0s
[octo-small|PutEggplantInBasketScene-v1|dens_x0.5] ep 55 success=False steps=120 inf=15.9s sim=7.2s total=27.4s
[octo-small|PutEggplantInBasketScene-v1|dens_x0.5] ep 56 success=False steps=120 inf=14.7s sim=6.4s total=25.1s
[octo-small|PutEggplantInBasketScene-v1|dens_x0.5] ep 57 success=True steps=120 inf=15.3s sim=6.7s total=26.2s
[octo-small|PutEggplantInBasketScene-v1|dens_x0.5] ep 58 success=True steps=120 inf=16.0s sim=5.0s total=25.1s
[octo-small|PutEggplantInBasketScene-v1|dens_x0.5] ep 59 success=False steps=120 inf=13.9s sim=7.3s total=26.2s
[octo-small|PutEggplantInBasketScene-v1|dens_x0.5] ep 60 success=False steps=120 inf=15.1s sim=7.2s total=26.4s
[octo-small|PutEggplantInBasketScene-v1|dens_x0.5] ep 61 success=False steps=120 inf=17.6s sim=4.9s total=26.8s
[octo-small|PutEggplantInBasketScene-v1|dens_x0.5] ep 62 success=False steps=120 inf=18.0s sim=6.6s total=29.0s
[octo-small|PutEggplantInBasketScene-v1|dens_x0.5] ep 63 success=False steps=120 inf=16.0s sim=4.7s total=25.2s
[octo-small|PutEggplantInBasketScene-v1|dens_x0.5] ep 64 success=True steps=120 inf=17.2s sim=4.6s total=26.1s
[octo-small|PutEggplantInBasketScene-v1|dens_x0.5] ep 65 success=True steps=120 inf=15.8s sim=7.3s total=27.4s
[octo-small|PutEggplantInBasketScene-v1|dens_x0.5] ep 66 success=False steps=120 inf=14.9s sim=8.4s total=27.9s
[octo-small|PutEggplantInBasketScene-v1|dens_x0.5] ep 67 success=False steps=120 inf=14.7s sim=6.8s total=25.8s
[octo-small|PutEggplantInBasketScene-v1|dens_x0.5] ep 68 success=False steps=120 inf=15.5s sim=6.9s total=26.7s
[octo-small|PutEggplantInBasketScene-v1|dens_x0.5] ep 69 success=False steps=120 inf=15.1s sim=6.8s total=26.5s
[octo-small|PutEggplantInBasketScene-v1|dens_x0.5] ep 70 success=False steps=120 inf=15.8s sim=7.0s total=27.0s
[octo-small|PutEggplantInBasketScene-v1|dens_x0.5] ep 71 success=False steps=120 inf=15.8s sim=7.1s total=27.1s
[octo-small|PutEggplantInBasketScene-v1|dens_x0.5] ep 72 success=False steps=120 inf=15.0s sim=5.5s total=24.6s
[octo-small|PutEggplantInBasketScene-v1|dens_x0.5] ep 73 success=True steps=120 inf=15.2s sim=5.0s total=24.4s
[octo-small|PutEggplantInBasketScene-v1|dens_x0.5] ep 74 success=True steps=120 inf=15.2s sim=5.8s total=25.3s
[octo-small|PutEggplantInBasketScene-v1|dens_x0.5] ep 75 success=False steps=120 inf=15.1s sim=6.1s total=25.5s
[octo-small|PutEggplantInBasketScene-v1|dens_x0.5] ep 76 success=False steps=120 inf=15.0s sim=4.7s total=23.9s
[octo-small|PutEggplantInBasketScene-v1|dens_x0.5] ep 77 success=True steps=120 inf=15.2s sim=6.6s total=26.1s
[octo-small|PutEggplantInBasketScene-v1|dens_x0.5] ep 78 success=False steps=120 inf=17.2s sim=6.8s total=28.1s
[octo-small|PutEggplantInBasketScene-v1|dens_x0.5] ep 79 success=False steps=120 inf=16.6s sim=5.8s total=26.5s
[octo-small|PutEggplantInBasketScene-v1|dens_x0.5] ep 80 success=True steps=120 inf=16.0s sim=4.5s total=24.6s
[octo-small|PutEggplantInBasketScene-v1|dens_x0.5] ep 81 success=True steps=120 inf=15.4s sim=5.7s total=25.3s
[octo-small|PutEggplantInBasketScene-v1|dens_x0.5] ep 82 success=False steps=120 inf=15.5s sim=7.3s total=27.1s
[octo-small|PutEggplantInBasketScene-v1|dens_x0.5] ep 83 success=False steps=120 inf=16.6s sim=5.2s total=26.0s
[octo-small|PutEggplantInBasketScene-v1|dens_x0.5] ep 84 success=True steps=120 inf=17.9s sim=7.7s total=29.7s
[octo-small|PutEggplantInBasketScene-v1|dens_x0.5] ep 85 success=False steps=120 inf=18.8s sim=6.0s total=29.5s
[octo-small|PutEggplantInBasketScene-v1|dens_x0.5] ep 86 success=False steps=120 inf=16.8s sim=6.5s total=27.4s
[octo-small|PutEggplantInBasketScene-v1|dens_x0.5] ep 87 success=False steps=120 inf=14.6s sim=5.9s total=24.7s
[octo-small|PutEggplantInBasketScene-v1|dens_x0.5] ep 88 success=True steps=120 inf=15.0s sim=4.9s total=24.1s
[octo-small|PutEggplantInBasketScene-v1|dens_x0.5] ep 89 success=True steps=120 inf=16.6s sim=4.7s total=25.3s
[octo-small|PutEggplantInBasketScene-v1|dens_x0.5] ep 90 success=True steps=120 inf=17.6s sim=4.7s total=26.7s
[octo-small|PutEggplantInBasketScene-v1|dens_x0.5] ep 91 success=True steps=120 inf=17.6s sim=5.5s total=27.2s
[octo-small|PutEggplantInBasketScene-v1|dens_x0.5] ep 92 success=True steps=120 inf=15.8s sim=5.1s total=25.0s
[octo-small|PutEggplantInBasketScene-v1|dens_x0.5] ep 93 success=True steps=120 inf=16.0s sim=5.0s total=25.2s
[octo-small|PutEggplantInBasketScene-v1|dens_x0.5] ep 94 success=True steps=120 inf=15.3s sim=5.0s total=24.5s
[octo-small|PutEggplantInBasketScene-v1|dens_x0.5] ep 95 success=False steps=120 inf=15.6s sim=6.0s total=25.9s
== dens_x0.5: 45/96 success
