E:\research\the_world\.venv-windows-ms3\Lib\site-packages\sapien\wrapper\pinocchio_model.py:299: UserWarning: pinnochio package is not installed, robotics functionalities will not be available
  warnings.warn(
[33;1m2026-09-23 03:37:52,217 - mani_skill  - WARNING - Mimic targets dictionary is missing for controller config for widowx250s_bridgedataset_flat_table. Assuming the first joint is the control joint and the second joint is the mimic joint[0m
[33;1m2026-09-23 03:37:52,352 - mani_skill  - WARNING - No initial pose set for actor builder of bridge_spoon_generated_modified, setting to default pose q=[1,0,0,0], p=[0,0,0]. Not setting reasonable initial poses may slow down simulation, see https://github.com/haosulab/ManiSkill/issues/421.[0m
[33;1m2026-09-23 03:37:52,384 - mani_skill  - WARNING - No initial pose set for actor builder of table_cloth_generated_shorter, setting to default pose q=[1,0,0,0], p=[0,0,0]. Not setting reasonable initial poses may slow down simulation, see https://github.com/haosulab/ManiSkill/issues/421.[0m
[octo-small|PutSpoonOnTableClothInScene-v1|fitted] ep 0 success=True steps=60 inf=6.0s sim=2.1s total=9.9s
[octo-small|PutSpoonOnTableClothInScene-v1|fitted] ep 1 success=True steps=60 inf=6.0s sim=2.3s total=10.0s
[octo-small|PutSpoonOnTableClothInScene-v1|fitted] ep 2 success=False steps=60 inf=5.5s sim=2.0s total=9.1s
[octo-small|PutSpoonOnTableClothInScene-v1|fitted] ep 3 success=False steps=60 inf=5.6s sim=1.8s total=8.8s
[octo-small|PutSpoonOnTableClothInScene-v1|fitted] ep 4 success=False steps=60 inf=6.6s sim=2.2s total=10.5s
[octo-small|PutSpoonOnTableClothInScene-v1|fitted] ep 5 success=False steps=60 inf=6.5s sim=2.2s total=10.3s
[octo-small|PutSpoonOnTableClothInScene-v1|fitted] ep 6 success=True steps=60 inf=5.6s sim=2.2s total=9.4s
[octo-small|PutSpoonOnTableClothInScene-v1|fitted] ep 7 success=False steps=60 inf=5.6s sim=2.4s total=9.4s
[octo-small|PutSpoonOnTableClothInScene-v1|fitted] ep 8 success=False steps=60 inf=6.1s sim=1.8s total=9.5s
[octo-small|PutSpoonOnTableClothInScene-v1|fitted] ep 9 success=False steps=60 inf=6.0s sim=2.3s total=10.0s
[octo-small|PutSpoonOnTableClothInScene-v1|fitted] ep 10 success=False steps=60 inf=5.6s sim=2.4s total=9.6s
[octo-small|PutSpoonOnTableClothInScene-v1|fitted] ep 11 success=False steps=60 inf=5.8s sim=2.5s total=34.1s
[octo-small|PutSpoonOnTableClothInScene-v1|fitted] ep 12 success=False steps=60 inf=5.7s sim=2.6s total=10.3s
[octo-small|PutSpoonOnTableClothInScene-v1|fitted] ep 13 success=False steps=60 inf=4.9s sim=2.8s total=9.5s
[octo-small|PutSpoonOnTableClothInScene-v1|fitted] ep 14 success=False steps=60 inf=5.2s sim=2.4s total=9.9s
[octo-small|PutSpoonOnTableClothInScene-v1|fitted] ep 15 success=False steps=60 inf=5.4s sim=2.6s total=10.0s
[octo-small|PutSpoonOnTableClothInScene-v1|fitted] ep 16 success=True steps=60 inf=5.4s sim=2.7s total=10.0s
[octo-small|PutSpoonOnTableClothInScene-v1|fitted] ep 17 success=False steps=60 inf=5.3s sim=2.6s total=10.2s
[octo-small|PutSpoonOnTableClothInScene-v1|fitted] ep 18 success=False steps=60 inf=5.2s sim=2.6s total=10.0s
[octo-small|PutSpoonOnTableClothInScene-v1|fitted] ep 19 success=True steps=60 inf=5.5s sim=2.9s total=10.5s
[octo-small|PutSpoonOnTableClothInScene-v1|fitted] ep 20 success=False steps=60 inf=5.6s sim=2.5s total=10.2s
[octo-small|PutSpoonOnTableClothInScene-v1|fitted] ep 21 success=True steps=60 inf=5.1s sim=2.6s total=9.7s
[octo-small|PutSpoonOnTableClothInScene-v1|fitted] ep 22 success=False steps=60 inf=5.7s sim=2.6s total=10.5s
[octo-small|PutSpoonOnTableClothInScene-v1|fitted] ep 23 success=False steps=60 inf=5.4s sim=2.4s total=9.8s
== fitted: 6/24 success
