E:\research\the_world\.venv-windows-ms3\Lib\site-packages\sapien\wrapper\pinocchio_model.py:299: UserWarning: pinnochio package is not installed, robotics functionalities will not be available
  warnings.warn(
[33;1m2026-09-23 03:54:34,204 - mani_skill  - WARNING - Mimic targets dictionary is missing for controller config for widowx250s_bridgedataset_flat_table. Assuming the first joint is the control joint and the second joint is the mimic joint[0m
[33;1m2026-09-23 03:54:34,298 - mani_skill  - WARNING - No initial pose set for actor builder of bridge_spoon_generated_modified, setting to default pose q=[1,0,0,0], p=[0,0,0]. Not setting reasonable initial poses may slow down simulation, see https://github.com/haosulab/ManiSkill/issues/421.[0m
[33;1m2026-09-23 03:54:34,324 - mani_skill  - WARNING - No initial pose set for actor builder of table_cloth_generated_shorter, setting to default pose q=[1,0,0,0], p=[0,0,0]. Not setting reasonable initial poses may slow down simulation, see https://github.com/haosulab/ManiSkill/issues/421.[0m
[octo-small|PutSpoonOnTableClothInScene-v1|fitted_iso_x0.25] ep 0 success=False steps=60 inf=6.3s sim=2.1s total=10.1s
[octo-small|PutSpoonOnTableClothInScene-v1|fitted_iso_x0.25] ep 1 success=False steps=60 inf=6.1s sim=2.4s total=10.2s
[octo-small|PutSpoonOnTableClothInScene-v1|fitted_iso_x0.25] ep 2 success=False steps=60 inf=6.3s sim=2.4s total=10.2s
[octo-small|PutSpoonOnTableClothInScene-v1|fitted_iso_x0.25] ep 3 success=False steps=60 inf=6.0s sim=2.1s total=9.7s
[octo-small|PutSpoonOnTableClothInScene-v1|fitted_iso_x0.25] ep 4 success=True steps=60 inf=6.6s sim=2.1s total=10.8s
[octo-small|PutSpoonOnTableClothInScene-v1|fitted_iso_x0.25] ep 5 success=False steps=60 inf=6.0s sim=2.2s total=9.9s
[octo-small|PutSpoonOnTableClothInScene-v1|fitted_iso_x0.25] ep 6 success=True steps=60 inf=6.5s sim=2.0s total=10.1s
[octo-small|PutSpoonOnTableClothInScene-v1|fitted_iso_x0.25] ep 7 success=False steps=60 inf=6.6s sim=2.1s total=10.2s
[octo-small|PutSpoonOnTableClothInScene-v1|fitted_iso_x0.25] ep 8 success=False steps=60 inf=6.5s sim=1.9s total=9.9s
[octo-small|PutSpoonOnTableClothInScene-v1|fitted_iso_x0.25] ep 9 success=False steps=60 inf=6.6s sim=2.0s total=10.1s
[octo-small|PutSpoonOnTableClothInScene-v1|fitted_iso_x0.25] ep 10 success=True steps=60 inf=6.3s sim=2.0s total=10.0s
[octo-small|PutSpoonOnTableClothInScene-v1|fitted_iso_x0.25] ep 11 success=False steps=60 inf=5.7s sim=2.0s total=9.2s
[octo-small|PutSpoonOnTableClothInScene-v1|fitted_iso_x0.25] ep 12 success=False steps=60 inf=5.2s sim=1.9s total=8.6s
[octo-small|PutSpoonOnTableClothInScene-v1|fitted_iso_x0.25] ep 13 success=False steps=60 inf=6.3s sim=2.3s total=10.2s
[octo-small|PutSpoonOnTableClothInScene-v1|fitted_iso_x0.25] ep 14 success=True steps=60 inf=6.2s sim=2.0s total=9.7s
