E:\research\the_world\.venv-windows-ms3\Lib\site-packages\sapien\wrapper\pinocchio_model.py:299: UserWarning: pinnochio package is not installed, robotics functionalities will not be available
  warnings.warn(
[33;1m2026-09-23 00:29:14,742 - mani_skill  - WARNING - Mimic targets dictionary is missing for controller config for widowx250s_bridgedataset_sink. Assuming the first joint is the control joint and the second joint is the mimic joint[0m
[33;1m2026-09-23 00:29:14,870 - mani_skill  - WARNING - No initial pose set for actor builder of eggplant, setting to default pose q=[1,0,0,0], p=[0,0,0]. Not setting reasonable initial poses may slow down simulation, see https://github.com/haosulab/ManiSkill/issues/421.[0m
[33;1m2026-09-23 00:29:14,880 - mani_skill  - WARNING - No initial pose set for actor builder of dummy_sink_target_plane, setting to default pose q=[1,0,0,0], p=[0,0,0]. Not setting reasonable initial poses may slow down simulation, see https://github.com/haosulab/ManiSkill/issues/421.[0m
[octo-small|PutEggplantInBasketScene-v1|fitted_iso_x4.0] ep 0 success=False steps=120 inf=12.0s sim=3.9s total=18.9s
[octo-small|PutEggplantInBasketScene-v1|fitted_iso_x4.0] ep 1 success=True steps=120 inf=11.7s sim=3.6s total=18.1s
[octo-small|PutEggplantInBasketScene-v1|fitted_iso_x4.0] ep 2 success=True steps=120 inf=11.5s sim=3.9s total=18.1s
[octo-small|PutEggplantInBasketScene-v1|fitted_iso_x4.0] ep 3 success=True steps=120 inf=12.0s sim=3.4s total=18.3s
[octo-small|PutEggplantInBasketScene-v1|fitted_iso_x4.0] ep 4 success=False steps=120 inf=13.0s sim=4.7s total=20.6s
[octo-small|PutEggplantInBasketScene-v1|fitted_iso_x4.0] ep 5 success=True steps=120 inf=11.5s sim=3.7s total=18.3s
[octo-small|PutEggplantInBasketScene-v1|fitted_iso_x4.0] ep 6 success=True steps=120 inf=12.5s sim=3.8s total=19.2s
[octo-small|PutEggplantInBasketScene-v1|fitted_iso_x4.0] ep 7 success=True steps=120 inf=13.0s sim=3.4s total=19.3s
[octo-small|PutEggplantInBasketScene-v1|fitted_iso_x4.0] ep 8 success=True steps=120 inf=11.3s sim=4.1s total=18.3s
[octo-small|PutEggplantInBasketScene-v1|fitted_iso_x4.0] ep 9 success=False steps=120 inf=12.8s sim=4.4s total=20.3s
[octo-small|PutEggplantInBasketScene-v1|fitted_iso_x4.0] ep 10 success=True steps=120 inf=12.2s sim=3.8s total=19.1s
[octo-small|PutEggplantInBasketScene-v1|fitted_iso_x4.0] ep 11 success=False steps=120 inf=11.9s sim=4.7s total=19.5s
[octo-small|PutEggplantInBasketScene-v1|fitted_iso_x4.0] ep 12 success=True steps=120 inf=11.6s sim=5.2s total=20.0s
[octo-small|PutEggplantInBasketScene-v1|fitted_iso_x4.0] ep 13 success=False steps=120 inf=11.4s sim=5.1s total=20.2s
[octo-small|PutEggplantInBasketScene-v1|fitted_iso_x4.0] ep 14 success=False steps=120 inf=11.6s sim=6.5s total=21.6s
[octo-small|PutEggplantInBasketScene-v1|fitted_iso_x4.0] ep 15 success=False steps=120 inf=11.5s sim=5.4s total=20.6s
[octo-small|PutEggplantInBasketScene-v1|fitted_iso_x4.0] ep 16 success=False steps=120 inf=10.6s sim=5.0s total=18.8s
[octo-small|PutEggplantInBasketScene-v1|fitted_iso_x4.0] ep 17 success=True steps=120 inf=9.4s sim=2.9s total=14.8s
[octo-small|PutEggplantInBasketScene-v1|fitted_iso_x4.0] ep 18 success=True steps=120 inf=10.3s sim=2.9s total=15.6s
[octo-small|PutEggplantInBasketScene-v1|fitted_iso_x4.0] ep 19 success=False steps=120 inf=11.0s sim=3.5s total=17.1s
[octo-small|PutEggplantInBasketScene-v1|fitted_iso_x4.0] ep 20 success=False steps=120 inf=9.4s sim=3.4s total=15.3s
