E:\research\the_world\.venv-windows-ms3\Lib\site-packages\sapien\wrapper\pinocchio_model.py:299: UserWarning: pinnochio package is not installed, robotics functionalities will not be available
  warnings.warn(
[33;1m2026-09-23 04:12:31,312 - mani_skill  - WARNING - Mimic targets dictionary is missing for controller config for widowx250s_bridgedataset_flat_table. Assuming the first joint is the control joint and the second joint is the mimic joint[0m
[33;1m2026-09-23 04:12:31,476 - mani_skill  - WARNING - No initial pose set for actor builder of bridge_spoon_generated_modified, setting to default pose q=[1,0,0,0], p=[0,0,0]. Not setting reasonable initial poses may slow down simulation, see https://github.com/haosulab/ManiSkill/issues/421.[0m
[33;1m2026-09-23 04:12:31,519 - mani_skill  - WARNING - No initial pose set for actor builder of table_cloth_generated_shorter, setting to default pose q=[1,0,0,0], p=[0,0,0]. Not setting reasonable initial poses may slow down simulation, see https://github.com/haosulab/ManiSkill/issues/421.[0m
[octo-base|PutSpoonOnTableClothInScene-v1|fitted_iso_x0.25] ep 0 success=False steps=60 inf=15.5s sim=2.9s total=20.5s
[octo-base|PutSpoonOnTableClothInScene-v1|fitted_iso_x0.25] ep 1 success=False steps=60 inf=20.8s sim=3.0s total=26.3s
[octo-base|PutSpoonOnTableClothInScene-v1|fitted_iso_x0.25] ep 2 success=False steps=60 inf=15.4s sim=3.1s total=21.0s
[octo-base|PutSpoonOnTableClothInScene-v1|fitted_iso_x0.25] ep 3 success=False steps=60 inf=16.4s sim=2.6s total=21.3s
[octo-base|PutSpoonOnTableClothInScene-v1|fitted_iso_x0.25] ep 4 success=True steps=60 inf=16.1s sim=3.2s total=21.7s
[octo-base|PutSpoonOnTableClothInScene-v1|fitted_iso_x0.25] ep 5 success=False steps=60 inf=13.1s sim=2.8s total=18.4s
[octo-base|PutSpoonOnTableClothInScene-v1|fitted_iso_x0.25] ep 6 success=False steps=60 inf=15.4s sim=3.0s total=20.7s
[octo-base|PutSpoonOnTableClothInScene-v1|fitted_iso_x0.25] ep 7 success=False steps=60 inf=11.4s sim=2.8s total=16.3s
[octo-base|PutSpoonOnTableClothInScene-v1|fitted_iso_x0.25] ep 8 success=False steps=60 inf=9.3s sim=3.0s total=14.7s
[octo-base|PutSpoonOnTableClothInScene-v1|fitted_iso_x0.25] ep 9 success=False steps=60 inf=7.6s sim=3.0s total=12.7s
[octo-base|PutSpoonOnTableClothInScene-v1|fitted_iso_x0.25] ep 10 success=False steps=60 inf=7.9s sim=3.0s total=13.0s
[octo-base|PutSpoonOnTableClothInScene-v1|fitted_iso_x0.25] ep 11 success=False steps=60 inf=9.5s sim=2.8s total=14.5s
[octo-base|PutSpoonOnTableClothInScene-v1|fitted_iso_x0.25] ep 12 success=False steps=60 inf=9.5s sim=2.7s total=14.4s
[octo-base|PutSpoonOnTableClothInScene-v1|fitted_iso_x0.25] ep 13 success=False steps=60 inf=10.6s sim=3.0s total=15.6s
[octo-base|PutSpoonOnTableClothInScene-v1|fitted_iso_x0.25] ep 14 success=False steps=60 inf=10.5s sim=3.1s total=15.9s
[octo-base|PutSpoonOnTableClothInScene-v1|fitted_iso_x0.25] ep 15 success=False steps=60 inf=10.4s sim=3.2s total=16.0s
[octo-base|PutSpoonOnTableClothInScene-v1|fitted_iso_x0.25] ep 16 success=True steps=60 inf=9.5s sim=3.0s total=14.8s
[octo-base|PutSpoonOnTableClothInScene-v1|fitted_iso_x0.25] ep 17 success=False steps=60 inf=8.8s sim=3.1s total=14.1s
[octo-base|PutSpoonOnTableClothInScene-v1|fitted_iso_x0.25] ep 18 success=True steps=60 inf=10.1s sim=3.3s total=15.6s
[octo-base|PutSpoonOnTableClothInScene-v1|fitted_iso_x0.25] ep 19 success=False steps=60 inf=10.1s sim=3.2s total=15.6s
[octo-base|PutSpoonOnTableClothInScene-v1|fitted_iso_x0.25] ep 20 success=False steps=60 inf=9.5s sim=3.1s total=14.8s
[octo-base|PutSpoonOnTableClothInScene-v1|fitted_iso_x0.25] ep 21 success=False steps=60 inf=11.6s sim=3.3s total=17.1s
[octo-base|PutSpoonOnTableClothInScene-v1|fitted_iso_x0.25] ep 22 success=True steps=60 inf=17.4s sim=2.9s total=22.7s
[octo-base|PutSpoonOnTableClothInScene-v1|fitted_iso_x0.25] ep 23 success=False steps=60 inf=15.3s sim=3.0s total=20.6s
== fitted_iso_x0.25: 4/24 success
