E:\research\the_world\.venv-windows-ms3\Lib\site-packages\sapien\wrapper\pinocchio_model.py:299: UserWarning: pinnochio package is not installed, robotics functionalities will not be available
  warnings.warn(
[33;1m2026-09-23 03:58:43,229 - mani_skill  - WARNING - Mimic targets dictionary is missing for controller config for widowx250s_bridgedataset_flat_table. Assuming the first joint is the control joint and the second joint is the mimic joint[0m
[33;1m2026-09-23 03:58:43,377 - mani_skill  - WARNING - No initial pose set for actor builder of bridge_spoon_generated_modified, setting to default pose q=[1,0,0,0], p=[0,0,0]. Not setting reasonable initial poses may slow down simulation, see https://github.com/haosulab/ManiSkill/issues/421.[0m
[33;1m2026-09-23 03:58:43,407 - mani_skill  - WARNING - No initial pose set for actor builder of table_cloth_generated_shorter, setting to default pose q=[1,0,0,0], p=[0,0,0]. Not setting reasonable initial poses may slow down simulation, see https://github.com/haosulab/ManiSkill/issues/421.[0m
[octo-small|PutSpoonOnTableClothInScene-v1|fitted_iso_x0.25] ep 0 success=True steps=60 inf=6.2s sim=2.1s total=9.9s
[octo-small|PutSpoonOnTableClothInScene-v1|fitted_iso_x0.25] ep 1 success=False steps=60 inf=5.9s sim=2.4s total=9.8s
[octo-small|PutSpoonOnTableClothInScene-v1|fitted_iso_x0.25] ep 2 success=False steps=60 inf=6.2s sim=2.6s total=10.4s
[octo-small|PutSpoonOnTableClothInScene-v1|fitted_iso_x0.25] ep 3 success=False steps=60 inf=5.8s sim=2.2s total=9.8s
[octo-small|PutSpoonOnTableClothInScene-v1|fitted_iso_x0.25] ep 4 success=True steps=60 inf=6.3s sim=2.0s total=10.1s
[octo-small|PutSpoonOnTableClothInScene-v1|fitted_iso_x0.25] ep 5 success=False steps=60 inf=6.0s sim=2.3s total=9.8s
[octo-small|PutSpoonOnTableClothInScene-v1|fitted_iso_x0.25] ep 6 success=True steps=60 inf=5.9s sim=2.3s total=9.9s
[octo-small|PutSpoonOnTableClothInScene-v1|fitted_iso_x0.25] ep 7 success=False steps=60 inf=6.0s sim=2.1s total=9.8s
[octo-small|PutSpoonOnTableClothInScene-v1|fitted_iso_x0.25] ep 8 success=True steps=60 inf=6.1s sim=2.1s total=9.7s
[octo-small|PutSpoonOnTableClothInScene-v1|fitted_iso_x0.25] ep 9 success=False steps=60 inf=6.3s sim=2.1s total=9.9s
[octo-small|PutSpoonOnTableClothInScene-v1|fitted_iso_x0.25] ep 10 success=True steps=60 inf=5.7s sim=2.0s total=9.4s
[octo-small|PutSpoonOnTableClothInScene-v1|fitted_iso_x0.25] ep 11 success=True steps=60 inf=5.2s sim=2.1s total=8.8s
[octo-small|PutSpoonOnTableClothInScene-v1|fitted_iso_x0.25] ep 12 success=True steps=60 inf=4.4s sim=1.7s total=7.7s
[octo-small|PutSpoonOnTableClothInScene-v1|fitted_iso_x0.25] ep 13 success=False steps=60 inf=6.0s sim=2.2s total=9.7s
[octo-small|PutSpoonOnTableClothInScene-v1|fitted_iso_x0.25] ep 14 success=False steps=60 inf=6.1s sim=1.8s total=9.4s
[octo-small|PutSpoonOnTableClothInScene-v1|fitted_iso_x0.25] ep 15 success=False steps=60 inf=5.8s sim=2.4s total=9.8s
[octo-small|PutSpoonOnTableClothInScene-v1|fitted_iso_x0.25] ep 16 success=False steps=60 inf=6.1s sim=1.9s total=9.7s
[octo-small|PutSpoonOnTableClothInScene-v1|fitted_iso_x0.25] ep 17 success=False steps=60 inf=5.6s sim=2.1s total=9.2s
[octo-small|PutSpoonOnTableClothInScene-v1|fitted_iso_x0.25] ep 18 success=True steps=60 inf=5.9s sim=1.9s total=9.5s
[octo-small|PutSpoonOnTableClothInScene-v1|fitted_iso_x0.25] ep 19 success=True steps=60 inf=5.7s sim=2.1s total=9.3s
[octo-small|PutSpoonOnTableClothInScene-v1|fitted_iso_x0.25] ep 20 success=False steps=60 inf=6.1s sim=1.9s total=9.4s
[octo-small|PutSpoonOnTableClothInScene-v1|fitted_iso_x0.25] ep 21 success=False steps=60 inf=5.8s sim=2.2s total=9.6s
[octo-small|PutSpoonOnTableClothInScene-v1|fitted_iso_x0.25] ep 22 success=False steps=60 inf=5.4s sim=2.0s total=9.0s
[octo-small|PutSpoonOnTableClothInScene-v1|fitted_iso_x0.25] ep 23 success=True steps=60 inf=6.1s sim=1.9s total=9.5s
== fitted_iso_x0.25: 10/24 success
