E:\research\the_world\.venv-windows-ms3\Lib\site-packages\sapien\wrapper\pinocchio_model.py:299: UserWarning: pinnochio package is not installed, robotics functionalities will not be available
  warnings.warn(
[33;1m2026-09-22 23:44:30,334 - mani_skill  - WARNING - Mimic targets dictionary is missing for controller config for widowx250s_bridgedataset_sink. Assuming the first joint is the control joint and the second joint is the mimic joint[0m
[33;1m2026-09-22 23:44:30,495 - mani_skill  - WARNING - No initial pose set for actor builder of eggplant, setting to default pose q=[1,0,0,0], p=[0,0,0]. Not setting reasonable initial poses may slow down simulation, see https://github.com/haosulab/ManiSkill/issues/421.[0m
[33;1m2026-09-22 23:44:30,520 - mani_skill  - WARNING - No initial pose set for actor builder of dummy_sink_target_plane, setting to default pose q=[1,0,0,0], p=[0,0,0]. Not setting reasonable initial poses may slow down simulation, see https://github.com/haosulab/ManiSkill/issues/421.[0m
[octo-base|PutEggplantInBasketScene-v1|fitted_iso_x0.25] ep 0 success=True steps=120 inf=19.6s sim=5.6s total=29.2s
[octo-base|PutEggplantInBasketScene-v1|fitted_iso_x0.25] ep 1 success=True steps=120 inf=18.6s sim=4.5s total=26.8s
[octo-base|PutEggplantInBasketScene-v1|fitted_iso_x0.25] ep 2 success=True steps=120 inf=16.7s sim=6.2s total=26.2s
[octo-base|PutEggplantInBasketScene-v1|fitted_iso_x0.25] ep 3 success=False steps=120 inf=16.2s sim=5.9s total=25.6s
[octo-base|PutEggplantInBasketScene-v1|fitted_iso_x0.25] ep 4 success=True steps=120 inf=18.8s sim=4.9s total=27.3s
[octo-base|PutEggplantInBasketScene-v1|fitted_iso_x0.25] ep 5 success=True steps=120 inf=18.1s sim=5.0s total=26.6s
[octo-base|PutEggplantInBasketScene-v1|fitted_iso_x0.25] ep 6 success=True steps=120 inf=19.4s sim=4.9s total=28.0s
[octo-base|PutEggplantInBasketScene-v1|fitted_iso_x0.25] ep 7 success=False steps=120 inf=28.8s sim=5.4s total=38.0s
[octo-base|PutEggplantInBasketScene-v1|fitted_iso_x0.25] ep 8 success=True steps=120 inf=26.6s sim=6.0s total=36.3s
[octo-base|PutEggplantInBasketScene-v1|fitted_iso_x0.25] ep 9 success=False steps=120 inf=60.1s sim=9.7s total=75.0s
[octo-base|PutEggplantInBasketScene-v1|fitted_iso_x0.25] ep 10 success=False steps=120 inf=75.5s sim=6.2s total=87.3s
[octo-base|PutEggplantInBasketScene-v1|fitted_iso_x0.25] ep 11 success=True steps=120 inf=23.9s sim=8.3s total=36.1s
[octo-base|PutEggplantInBasketScene-v1|fitted_iso_x0.25] ep 12 success=False steps=120 inf=23.3s sim=5.3s total=32.7s
[octo-base|PutEggplantInBasketScene-v1|fitted_iso_x0.25] ep 13 success=False steps=120 inf=45.7s sim=7.0s total=57.3s
[octo-base|PutEggplantInBasketScene-v1|fitted_iso_x0.25] ep 14 success=True steps=120 inf=44.9s sim=6.4s total=54.1s
[octo-base|PutEggplantInBasketScene-v1|fitted_iso_x0.25] ep 15 success=False steps=120 inf=26.2s sim=6.7s total=36.1s
[octo-base|PutEggplantInBasketScene-v1|fitted_iso_x0.25] ep 16 success=True steps=120 inf=16.8s sim=6.3s total=26.5s
[octo-base|PutEggplantInBasketScene-v1|fitted_iso_x0.25] ep 17 success=False steps=120 inf=16.9s sim=5.4s total=25.9s
[octo-base|PutEggplantInBasketScene-v1|fitted_iso_x0.25] ep 18 success=True steps=120 inf=16.9s sim=7.0s total=27.3s
[octo-base|PutEggplantInBasketScene-v1|fitted_iso_x0.25] ep 19 success=False steps=120 inf=32.9s sim=6.9s total=43.8s
[octo-base|PutEggplantInBasketScene-v1|fitted_iso_x0.25] ep 20 success=True steps=120 inf=19.6s sim=5.0s total=28.4s
[octo-base|PutEggplantInBasketScene-v1|fitted_iso_x0.25] ep 21 success=True steps=120 inf=18.0s sim=5.2s total=27.0s
[octo-base|PutEggplantInBasketScene-v1|fitted_iso_x0.25] ep 22 success=True steps=120 inf=16.1s sim=6.0s total=25.8s
[octo-base|PutEggplantInBasketScene-v1|fitted_iso_x0.25] ep 23 success=False steps=120 inf=15.5s sim=7.5s total=26.7s
[octo-base|PutEggplantInBasketScene-v1|fitted_iso_x0.25] ep 24 success=True steps=120 inf=14.3s sim=5.8s total=23.8s
[octo-base|PutEggplantInBasketScene-v1|fitted_iso_x0.25] ep 25 success=True steps=120 inf=16.4s sim=8.3s total=28.6s
[octo-base|PutEggplantInBasketScene-v1|fitted_iso_x0.25] ep 26 success=False steps=120 inf=16.0s sim=6.8s total=27.0s
[octo-base|PutEggplantInBasketScene-v1|fitted_iso_x0.25] ep 27 success=True steps=120 inf=14.2s sim=8.2s total=26.9s
[octo-base|PutEggplantInBasketScene-v1|fitted_iso_x0.25] ep 28 success=True steps=120 inf=14.9s sim=7.2s total=26.3s
[octo-base|PutEggplantInBasketScene-v1|fitted_iso_x0.25] ep 29 success=True steps=120 inf=16.2s sim=7.4s total=27.5s
[octo-base|PutEggplantInBasketScene-v1|fitted_iso_x0.25] ep 30 success=False steps=120 inf=15.5s sim=6.7s total=26.0s
[octo-base|PutEggplantInBasketScene-v1|fitted_iso_x0.25] ep 31 success=False steps=120 inf=14.4s sim=6.0s total=23.8s
[octo-base|PutEggplantInBasketScene-v1|fitted_iso_x0.25] ep 32 success=False steps=120 inf=15.7s sim=7.8s total=27.6s
[octo-base|PutEggplantInBasketScene-v1|fitted_iso_x0.25] ep 33 success=False steps=120 inf=14.3s sim=5.7s total=23.7s
[octo-base|PutEggplantInBasketScene-v1|fitted_iso_x0.25] ep 34 success=True steps=120 inf=12.5s sim=3.7s total=19.4s
[octo-base|PutEggplantInBasketScene-v1|fitted_iso_x0.25] ep 35 success=False steps=120 inf=12.2s sim=4.5s total=19.5s
[octo-base|PutEggplantInBasketScene-v1|fitted_iso_x0.25] ep 36 success=False steps=120 inf=12.9s sim=3.9s total=19.6s
[octo-base|PutEggplantInBasketScene-v1|fitted_iso_x0.25] ep 37 success=True steps=120 inf=13.0s sim=3.2s total=19.2s
[octo-base|PutEggplantInBasketScene-v1|fitted_iso_x0.25] ep 38 success=False steps=120 inf=12.4s sim=4.4s total=19.4s
[octo-base|PutEggplantInBasketScene-v1|fitted_iso_x0.25] ep 39 success=False steps=120 inf=13.5s sim=4.9s total=21.6s
[octo-base|PutEggplantInBasketScene-v1|fitted_iso_x0.25] ep 40 success=False steps=120 inf=12.4s sim=4.5s total=19.8s
[octo-base|PutEggplantInBasketScene-v1|fitted_iso_x0.25] ep 41 success=False steps=120 inf=13.3s sim=4.2s total=20.6s
[octo-base|PutEggplantInBasketScene-v1|fitted_iso_x0.25] ep 42 success=True steps=120 inf=14.1s sim=4.0s total=21.1s
[octo-base|PutEggplantInBasketScene-v1|fitted_iso_x0.25] ep 43 success=False steps=120 inf=14.7s sim=4.3s total=21.9s
[octo-base|PutEggplantInBasketScene-v1|fitted_iso_x0.25] ep 44 success=True steps=120 inf=14.0s sim=4.8s total=21.7s
[octo-base|PutEggplantInBasketScene-v1|fitted_iso_x0.25] ep 45 success=False steps=120 inf=13.7s sim=3.5s total=20.2s
[octo-base|PutEggplantInBasketScene-v1|fitted_iso_x0.25] ep 46 success=True steps=120 inf=14.0s sim=4.6s total=21.7s
[octo-base|PutEggplantInBasketScene-v1|fitted_iso_x0.25] ep 47 success=False steps=120 inf=14.0s sim=4.8s total=22.0s
[octo-base|PutEggplantInBasketScene-v1|fitted_iso_x0.25] ep 48 success=False steps=120 inf=13.7s sim=4.2s total=21.1s
[octo-base|PutEggplantInBasketScene-v1|fitted_iso_x0.25] ep 49 success=False steps=120 inf=13.7s sim=4.9s total=21.8s
[octo-base|PutEggplantInBasketScene-v1|fitted_iso_x0.25] ep 50 success=False steps=120 inf=13.1s sim=4.0s total=20.2s
[octo-base|PutEggplantInBasketScene-v1|fitted_iso_x0.25] ep 51 success=False steps=120 inf=13.4s sim=5.4s total=21.6s
[octo-base|PutEggplantInBasketScene-v1|fitted_iso_x0.25] ep 52 success=False steps=120 inf=12.1s sim=4.1s total=19.2s
[octo-base|PutEggplantInBasketScene-v1|fitted_iso_x0.25] ep 53 success=False steps=120 inf=13.5s sim=3.2s total=19.6s
[octo-base|PutEggplantInBasketScene-v1|fitted_iso_x0.25] ep 54 success=True steps=120 inf=13.2s sim=4.7s total=20.8s
[octo-base|PutEggplantInBasketScene-v1|fitted_iso_x0.25] ep 55 success=False steps=120 inf=14.1s sim=4.0s total=21.0s
[octo-base|PutEggplantInBasketScene-v1|fitted_iso_x0.25] ep 56 success=False steps=120 inf=13.8s sim=3.8s total=20.6s
[octo-base|PutEggplantInBasketScene-v1|fitted_iso_x0.25] ep 57 success=True steps=120 inf=12.5s sim=2.6s total=17.8s
[octo-base|PutEggplantInBasketScene-v1|fitted_iso_x0.25] ep 58 success=True steps=120 inf=11.9s sim=3.6s total=17.9s
[octo-base|PutEggplantInBasketScene-v1|fitted_iso_x0.25] ep 59 success=True steps=120 inf=12.5s sim=4.0s total=19.1s
[octo-base|PutEggplantInBasketScene-v1|fitted_iso_x0.25] ep 60 success=False steps=120 inf=11.6s sim=3.6s total=17.8s
[octo-base|PutEggplantInBasketScene-v1|fitted_iso_x0.25] ep 61 success=True steps=120 inf=11.7s sim=2.8s total=17.3s
[octo-base|PutEggplantInBasketScene-v1|fitted_iso_x0.25] ep 62 success=False steps=120 inf=12.2s sim=3.3s total=18.6s
[octo-base|PutEggplantInBasketScene-v1|fitted_iso_x0.25] ep 63 success=False steps=120 inf=13.0s sim=4.3s total=20.3s
== fitted_iso_x0.25: 29/64 success
