E:\research\the_world\.venv-windows-ms3\Lib\site-packages\sapien\wrapper\pinocchio_model.py:299: UserWarning: pinnochio package is not installed, robotics functionalities will not be available
  warnings.warn(
[33;1m2026-09-23 04:34:21,691 - mani_skill  - WARNING - Mimic targets dictionary is missing for controller config for widowx250s_bridgedataset_flat_table. Assuming the first joint is the control joint and the second joint is the mimic joint[0m
[33;1m2026-09-23 04:34:21,815 - mani_skill  - WARNING - No initial pose set for actor builder of bridge_spoon_generated_modified, setting to default pose q=[1,0,0,0], p=[0,0,0]. Not setting reasonable initial poses may slow down simulation, see https://github.com/haosulab/ManiSkill/issues/421.[0m
[33;1m2026-09-23 04:34:21,833 - mani_skill  - WARNING - No initial pose set for actor builder of table_cloth_generated_shorter, setting to default pose q=[1,0,0,0], p=[0,0,0]. Not setting reasonable initial poses may slow down simulation, see https://github.com/haosulab/ManiSkill/issues/421.[0m
[octo-base|PutSpoonOnTableClothInScene-v1|fitted_fric_x0.4] ep 0 success=False steps=60 inf=7.6s sim=2.2s total=11.4s
[octo-base|PutSpoonOnTableClothInScene-v1|fitted_fric_x0.4] ep 1 success=False steps=60 inf=7.6s sim=1.9s total=11.2s
[octo-base|PutSpoonOnTableClothInScene-v1|fitted_fric_x0.4] ep 2 success=False steps=60 inf=7.7s sim=2.1s total=11.6s
[octo-base|PutSpoonOnTableClothInScene-v1|fitted_fric_x0.4] ep 3 success=False steps=60 inf=8.4s sim=2.5s total=12.5s
[octo-base|PutSpoonOnTableClothInScene-v1|fitted_fric_x0.4] ep 4 success=False steps=60 inf=7.9s sim=2.7s total=12.2s
[octo-base|PutSpoonOnTableClothInScene-v1|fitted_fric_x0.4] ep 5 success=False steps=60 inf=8.1s sim=2.1s total=11.9s
[octo-base|PutSpoonOnTableClothInScene-v1|fitted_fric_x0.4] ep 6 success=True steps=60 inf=7.5s sim=2.7s total=11.8s
[octo-base|PutSpoonOnTableClothInScene-v1|fitted_fric_x0.4] ep 7 success=False steps=60 inf=7.9s sim=2.6s total=12.2s
[octo-base|PutSpoonOnTableClothInScene-v1|fitted_fric_x0.4] ep 8 success=True steps=60 inf=7.6s sim=2.7s total=12.3s
[octo-base|PutSpoonOnTableClothInScene-v1|fitted_fric_x0.4] ep 9 success=False steps=60 inf=6.3s sim=2.0s total=9.9s
[octo-base|PutSpoonOnTableClothInScene-v1|fitted_fric_x0.4] ep 10 success=False steps=60 inf=5.8s sim=1.9s total=9.3s
[octo-base|PutSpoonOnTableClothInScene-v1|fitted_fric_x0.4] ep 11 success=False steps=60 inf=5.5s sim=1.7s total=8.9s
[octo-base|PutSpoonOnTableClothInScene-v1|fitted_fric_x0.4] ep 12 success=False steps=60 inf=5.9s sim=1.9s total=9.3s
[octo-base|PutSpoonOnTableClothInScene-v1|fitted_fric_x0.4] ep 13 success=False steps=60 inf=5.9s sim=2.0s total=9.4s
[octo-base|PutSpoonOnTableClothInScene-v1|fitted_fric_x0.4] ep 14 success=False steps=60 inf=5.9s sim=1.9s total=9.1s
[octo-base|PutSpoonOnTableClothInScene-v1|fitted_fric_x0.4] ep 15 success=False steps=60 inf=5.7s sim=2.0s total=9.2s
[octo-base|PutSpoonOnTableClothInScene-v1|fitted_fric_x0.4] ep 16 success=False steps=60 inf=5.5s sim=1.8s total=8.6s
[octo-base|PutSpoonOnTableClothInScene-v1|fitted_fric_x0.4] ep 17 success=False steps=60 inf=5.9s sim=1.9s total=9.5s
[octo-base|PutSpoonOnTableClothInScene-v1|fitted_fric_x0.4] ep 18 success=False steps=60 inf=5.0s sim=1.4s total=7.8s
[octo-base|PutSpoonOnTableClothInScene-v1|fitted_fric_x0.4] ep 19 success=False steps=60 inf=5.3s sim=1.6s total=8.3s
[octo-base|PutSpoonOnTableClothInScene-v1|fitted_fric_x0.4] ep 20 success=False steps=60 inf=5.1s sim=1.6s total=8.1s
[octo-base|PutSpoonOnTableClothInScene-v1|fitted_fric_x0.4] ep 21 success=False steps=60 inf=5.4s sim=1.6s total=8.3s
[octo-base|PutSpoonOnTableClothInScene-v1|fitted_fric_x0.4] ep 22 success=False steps=60 inf=5.8s sim=2.0s total=9.2s
[octo-base|PutSpoonOnTableClothInScene-v1|fitted_fric_x0.4] ep 23 success=False steps=60 inf=6.1s sim=2.4s total=10.1s
== fitted_fric_x0.4: 2/24 success
