E:\research\the_world\.venv-windows-ms3\Lib\site-packages\sapien\wrapper\pinocchio_model.py:299: UserWarning: pinnochio package is not installed, robotics functionalities will not be available
  warnings.warn(
[33;1m2026-09-23 04:38:29,360 - mani_skill  - WARNING - Mimic targets dictionary is missing for controller config for widowx250s_bridgedataset_flat_table. Assuming the first joint is the control joint and the second joint is the mimic joint[0m
[33;1m2026-09-23 04:38:29,431 - mani_skill  - WARNING - No initial pose set for actor builder of bridge_spoon_generated_modified, setting to default pose q=[1,0,0,0], p=[0,0,0]. Not setting reasonable initial poses may slow down simulation, see https://github.com/haosulab/ManiSkill/issues/421.[0m
[33;1m2026-09-23 04:38:29,453 - mani_skill  - WARNING - No initial pose set for actor builder of table_cloth_generated_shorter, setting to default pose q=[1,0,0,0], p=[0,0,0]. Not setting reasonable initial poses may slow down simulation, see https://github.com/haosulab/ManiSkill/issues/421.[0m
[octo-base|PutSpoonOnTableClothInScene-v1|fitted_fric_x0.4] ep 0 success=False steps=60 inf=4.9s sim=1.4s total=7.8s
[octo-base|PutSpoonOnTableClothInScene-v1|fitted_fric_x0.4] ep 1 success=False steps=60 inf=5.5s sim=1.8s total=8.5s
[octo-base|PutSpoonOnTableClothInScene-v1|fitted_fric_x0.4] ep 2 success=False steps=60 inf=5.5s sim=1.9s total=9.1s
[octo-base|PutSpoonOnTableClothInScene-v1|fitted_fric_x0.4] ep 3 success=False steps=60 inf=5.2s sim=1.9s total=8.5s
[octo-base|PutSpoonOnTableClothInScene-v1|fitted_fric_x0.4] ep 4 success=False steps=60 inf=5.1s sim=1.7s total=8.1s
[octo-base|PutSpoonOnTableClothInScene-v1|fitted_fric_x0.4] ep 5 success=False steps=60 inf=5.1s sim=1.5s total=8.1s
[octo-base|PutSpoonOnTableClothInScene-v1|fitted_fric_x0.4] ep 6 success=True steps=60 inf=4.9s sim=1.5s total=8.0s
[octo-base|PutSpoonOnTableClothInScene-v1|fitted_fric_x0.4] ep 7 success=False steps=60 inf=5.0s sim=1.7s total=8.2s
[octo-base|PutSpoonOnTableClothInScene-v1|fitted_fric_x0.4] ep 8 success=False steps=60 inf=6.2s sim=2.1s total=9.8s
[octo-base|PutSpoonOnTableClothInScene-v1|fitted_fric_x0.4] ep 9 success=False steps=60 inf=5.6s sim=1.8s total=8.8s
[octo-base|PutSpoonOnTableClothInScene-v1|fitted_fric_x0.4] ep 10 success=False steps=60 inf=5.2s sim=1.7s total=8.3s
[octo-base|PutSpoonOnTableClothInScene-v1|fitted_fric_x0.4] ep 11 success=False steps=60 inf=5.0s sim=1.6s total=8.0s
[octo-base|PutSpoonOnTableClothInScene-v1|fitted_fric_x0.4] ep 12 success=True steps=60 inf=5.2s sim=1.7s total=8.1s
[octo-base|PutSpoonOnTableClothInScene-v1|fitted_fric_x0.4] ep 13 success=False steps=60 inf=5.2s sim=1.7s total=8.3s
[octo-base|PutSpoonOnTableClothInScene-v1|fitted_fric_x0.4] ep 14 success=False steps=60 inf=4.9s sim=1.5s total=7.9s
[octo-base|PutSpoonOnTableClothInScene-v1|fitted_fric_x0.4] ep 15 success=False steps=60 inf=5.0s sim=1.5s total=7.9s
[octo-base|PutSpoonOnTableClothInScene-v1|fitted_fric_x0.4] ep 16 success=False steps=60 inf=5.2s sim=1.6s total=32.2s
[octo-base|PutSpoonOnTableClothInScene-v1|fitted_fric_x0.4] ep 17 success=False steps=60 inf=5.1s sim=1.5s total=8.3s
[octo-base|PutSpoonOnTableClothInScene-v1|fitted_fric_x0.4] ep 18 success=False steps=60 inf=5.8s sim=2.0s total=9.3s
[octo-base|PutSpoonOnTableClothInScene-v1|fitted_fric_x0.4] ep 19 success=False steps=60 inf=5.5s sim=2.0s total=9.0s
[octo-base|PutSpoonOnTableClothInScene-v1|fitted_fric_x0.4] ep 20 success=False steps=60 inf=5.6s sim=2.2s total=9.4s
[octo-base|PutSpoonOnTableClothInScene-v1|fitted_fric_x0.4] ep 21 success=False steps=60 inf=5.3s sim=1.7s total=8.5s
[octo-base|PutSpoonOnTableClothInScene-v1|fitted_fric_x0.4] ep 22 success=False steps=60 inf=5.3s sim=1.7s total=8.4s
[octo-base|PutSpoonOnTableClothInScene-v1|fitted_fric_x0.4] ep 23 success=False steps=60 inf=5.1s sim=1.8s total=8.3s
== fitted_fric_x0.4: 2/24 success
