E:\research\the_world\.venv-windows-ms3\Lib\site-packages\sapien\wrapper\pinocchio_model.py:299: UserWarning: pinnochio package is not installed, robotics functionalities will not be available
  warnings.warn(
[33;1m2026-09-23 02:24:19,189 - mani_skill  - WARNING - Mimic targets dictionary is missing for controller config for widowx250s_bridgedataset_sink. Assuming the first joint is the control joint and the second joint is the mimic joint[0m
[33;1m2026-09-23 02:24:19,359 - mani_skill  - WARNING - No initial pose set for actor builder of eggplant, setting to default pose q=[1,0,0,0], p=[0,0,0]. Not setting reasonable initial poses may slow down simulation, see https://github.com/haosulab/ManiSkill/issues/421.[0m
[33;1m2026-09-23 02:24:19,374 - mani_skill  - WARNING - No initial pose set for actor builder of dummy_sink_target_plane, setting to default pose q=[1,0,0,0], p=[0,0,0]. Not setting reasonable initial poses may slow down simulation, see https://github.com/haosulab/ManiSkill/issues/421.[0m
[octo-base|PutEggplantInBasketScene-v1|fitted_fric_x0.4] ep 0 success=True steps=120 inf=11.6s sim=5.9s total=21.5s
[octo-base|PutEggplantInBasketScene-v1|fitted_fric_x0.4] ep 1 success=False steps=120 inf=11.9s sim=6.0s total=21.8s
[octo-base|PutEggplantInBasketScene-v1|fitted_fric_x0.4] ep 2 success=False steps=120 inf=12.7s sim=5.5s total=21.5s
[octo-base|PutEggplantInBasketScene-v1|fitted_fric_x0.4] ep 3 success=False steps=120 inf=11.6s sim=7.3s total=22.3s
[octo-base|PutEggplantInBasketScene-v1|fitted_fric_x0.4] ep 4 success=False steps=120 inf=11.5s sim=5.3s total=20.7s
[octo-base|PutEggplantInBasketScene-v1|fitted_fric_x0.4] ep 5 success=True steps=120 inf=11.1s sim=6.0s total=21.0s
[octo-base|PutEggplantInBasketScene-v1|fitted_fric_x0.4] ep 6 success=False steps=120 inf=12.2s sim=5.5s total=21.7s
[octo-base|PutEggplantInBasketScene-v1|fitted_fric_x0.4] ep 7 success=False steps=120 inf=12.2s sim=6.2s total=22.3s
[octo-base|PutEggplantInBasketScene-v1|fitted_fric_x0.4] ep 8 success=True steps=120 inf=12.7s sim=6.3s total=23.1s
[octo-base|PutEggplantInBasketScene-v1|fitted_fric_x0.4] ep 9 success=True steps=120 inf=12.1s sim=5.8s total=21.8s
[octo-base|PutEggplantInBasketScene-v1|fitted_fric_x0.4] ep 10 success=True steps=120 inf=12.4s sim=5.4s total=21.7s
[octo-base|PutEggplantInBasketScene-v1|fitted_fric_x0.4] ep 11 success=False steps=120 inf=12.0s sim=7.0s total=22.8s
[octo-base|PutEggplantInBasketScene-v1|fitted_fric_x0.4] ep 12 success=False steps=120 inf=12.3s sim=5.5s total=21.7s
[octo-base|PutEggplantInBasketScene-v1|fitted_fric_x0.4] ep 13 success=True steps=120 inf=12.0s sim=5.8s total=21.4s
[octo-base|PutEggplantInBasketScene-v1|fitted_fric_x0.4] ep 14 success=True steps=120 inf=12.5s sim=5.5s total=21.8s
[octo-base|PutEggplantInBasketScene-v1|fitted_fric_x0.4] ep 15 success=False steps=120 inf=11.7s sim=7.4s total=23.1s
[octo-base|PutEggplantInBasketScene-v1|fitted_fric_x0.4] ep 16 success=True steps=120 inf=12.2s sim=7.5s total=23.4s
