E:\research\the_world\.venv-windows-ms3\Lib\site-packages\sapien\wrapper\pinocchio_model.py:299: UserWarning: pinnochio package is not installed, robotics functionalities will not be available
  warnings.warn(
[33;1m2026-09-22 17:36:01,224 - mani_skill  - WARNING - Mimic targets dictionary is missing for controller config for widowx250s_bridgedataset_sink. Assuming the first joint is the control joint and the second joint is the mimic joint[0m
[33;1m2026-09-22 17:36:01,332 - mani_skill  - WARNING - No initial pose set for actor builder of eggplant, setting to default pose q=[1,0,0,0], p=[0,0,0]. Not setting reasonable initial poses may slow down simulation, see https://github.com/haosulab/ManiSkill/issues/421.[0m
[33;1m2026-09-22 17:36:01,348 - mani_skill  - WARNING - No initial pose set for actor builder of dummy_sink_target_plane, setting to default pose q=[1,0,0,0], p=[0,0,0]. Not setting reasonable initial poses may slow down simulation, see https://github.com/haosulab/ManiSkill/issues/421.[0m
[octo-base|PutEggplantInBasketScene-v1|fitted] ep 0 success=True steps=120 inf=13.8s sim=5.7s total=22.7s
[octo-base|PutEggplantInBasketScene-v1|fitted] ep 1 success=False steps=120 inf=14.3s sim=4.9s total=22.6s
[octo-base|PutEggplantInBasketScene-v1|fitted] ep 2 success=True steps=120 inf=13.8s sim=6.0s total=23.2s
[octo-base|PutEggplantInBasketScene-v1|fitted] ep 3 success=False steps=120 inf=14.0s sim=5.8s total=23.2s
[octo-base|PutEggplantInBasketScene-v1|fitted] ep 4 success=False steps=120 inf=14.2s sim=6.0s total=23.6s
[octo-base|PutEggplantInBasketScene-v1|fitted] ep 5 success=False steps=120 inf=14.2s sim=5.2s total=22.9s
[octo-base|PutEggplantInBasketScene-v1|fitted] ep 6 success=False steps=120 inf=13.7s sim=6.2s total=23.3s
[octo-base|PutEggplantInBasketScene-v1|fitted] ep 7 success=False steps=120 inf=14.1s sim=5.9s total=23.2s
[octo-base|PutEggplantInBasketScene-v1|fitted] ep 8 success=True steps=120 inf=15.3s sim=5.2s total=23.8s
[octo-base|PutEggplantInBasketScene-v1|fitted] ep 9 success=True steps=120 inf=15.3s sim=4.6s total=23.1s
[octo-base|PutEggplantInBasketScene-v1|fitted] ep 10 success=False steps=120 inf=14.8s sim=4.6s total=22.6s
[octo-base|PutEggplantInBasketScene-v1|fitted] ep 11 success=False steps=120 inf=14.3s sim=5.8s total=23.2s
[octo-base|PutEggplantInBasketScene-v1|fitted] ep 12 success=True steps=120 inf=14.4s sim=4.3s total=21.8s
[octo-base|PutEggplantInBasketScene-v1|fitted] ep 13 success=True steps=120 inf=14.3s sim=4.7s total=22.2s
[octo-base|PutEggplantInBasketScene-v1|fitted] ep 14 success=False steps=120 inf=14.6s sim=5.6s total=23.5s
[octo-base|PutEggplantInBasketScene-v1|fitted] ep 15 success=False steps=120 inf=13.7s sim=6.8s total=24.0s
[octo-base|PutEggplantInBasketScene-v1|fitted] ep 16 success=True steps=120 inf=14.4s sim=5.4s total=23.1s
[octo-base|PutEggplantInBasketScene-v1|fitted] ep 17 success=True steps=120 inf=13.8s sim=4.9s total=21.9s
[octo-base|PutEggplantInBasketScene-v1|fitted] ep 18 success=True steps=120 inf=14.2s sim=5.9s total=23.4s
[octo-base|PutEggplantInBasketScene-v1|fitted] ep 19 success=False steps=120 inf=15.0s sim=5.6s total=23.6s
[octo-base|PutEggplantInBasketScene-v1|fitted] ep 20 success=False steps=120 inf=14.5s sim=5.8s total=23.6s
[octo-base|PutEggplantInBasketScene-v1|fitted] ep 21 success=True steps=120 inf=14.1s sim=5.5s total=23.2s
[octo-base|PutEggplantInBasketScene-v1|fitted] ep 22 success=False steps=120 inf=14.6s sim=4.8s total=22.4s
[octo-base|PutEggplantInBasketScene-v1|fitted] ep 23 success=True steps=120 inf=13.8s sim=6.9s total=24.1s
[octo-base|PutEggplantInBasketScene-v1|fitted] ep 24 success=True steps=120 inf=15.3s sim=5.5s total=23.9s
[octo-base|PutEggplantInBasketScene-v1|fitted] ep 25 success=False steps=120 inf=14.7s sim=4.1s total=22.1s
[octo-base|PutEggplantInBasketScene-v1|fitted] ep 26 success=True steps=120 inf=14.8s sim=4.2s total=22.1s
[octo-base|PutEggplantInBasketScene-v1|fitted] ep 27 success=False steps=120 inf=14.6s sim=5.7s total=23.7s
[octo-base|PutEggplantInBasketScene-v1|fitted] ep 28 success=True steps=120 inf=14.5s sim=4.7s total=22.7s
[octo-base|PutEggplantInBasketScene-v1|fitted] ep 29 success=True steps=120 inf=15.3s sim=5.4s total=23.9s
[octo-base|PutEggplantInBasketScene-v1|fitted] ep 30 success=False steps=120 inf=14.4s sim=6.6s total=24.1s
[octo-base|PutEggplantInBasketScene-v1|fitted] ep 31 success=False steps=120 inf=15.3s sim=6.4s total=25.1s
[octo-base|PutEggplantInBasketScene-v1|fitted] ep 32 success=False steps=120 inf=14.4s sim=4.9s total=22.2s
[octo-base|PutEggplantInBasketScene-v1|fitted] ep 33 success=False steps=120 inf=13.9s sim=5.9s total=22.8s
[octo-base|PutEggplantInBasketScene-v1|fitted] ep 34 success=False steps=120 inf=14.1s sim=4.5s total=21.9s
[octo-base|PutEggplantInBasketScene-v1|fitted] ep 35 success=False steps=120 inf=14.2s sim=4.9s total=22.4s
[octo-base|PutEggplantInBasketScene-v1|fitted] ep 36 success=False steps=120 inf=13.6s sim=5.8s total=22.7s
[octo-base|PutEggplantInBasketScene-v1|fitted] ep 37 success=True steps=120 inf=14.0s sim=5.2s total=22.6s
[octo-base|PutEggplantInBasketScene-v1|fitted] ep 38 success=False steps=120 inf=13.8s sim=5.7s total=22.7s
[octo-base|PutEggplantInBasketScene-v1|fitted] ep 39 success=False steps=120 inf=13.7s sim=6.3s total=23.4s
[octo-base|PutEggplantInBasketScene-v1|fitted] ep 40 success=False steps=120 inf=14.2s sim=5.7s total=23.4s
[octo-base|PutEggplantInBasketScene-v1|fitted] ep 41 success=False steps=120 inf=14.2s sim=5.7s total=23.4s
[octo-base|PutEggplantInBasketScene-v1|fitted] ep 42 success=True steps=120 inf=14.1s sim=4.8s total=22.5s
[octo-base|PutEggplantInBasketScene-v1|fitted] ep 43 success=False steps=120 inf=13.5s sim=6.0s total=22.9s
[octo-base|PutEggplantInBasketScene-v1|fitted] ep 44 success=False steps=120 inf=14.0s sim=5.6s total=23.1s
[octo-base|PutEggplantInBasketScene-v1|fitted] ep 45 success=True steps=120 inf=14.9s sim=4.9s total=23.2s
[octo-base|PutEggplantInBasketScene-v1|fitted] ep 46 success=False steps=120 inf=17.3s sim=9.4s total=11338.7s
[octo-base|PutEggplantInBasketScene-v1|fitted] ep 47 success=False steps=120 inf=13.6s sim=6.8s total=23.8s
[octo-base|PutEggplantInBasketScene-v1|fitted] ep 48 success=False steps=120 inf=14.1s sim=5.9s total=23.7s
[octo-base|PutEggplantInBasketScene-v1|fitted] ep 49 success=False steps=120 inf=14.4s sim=5.2s total=22.8s
[octo-base|PutEggplantInBasketScene-v1|fitted] ep 50 success=False steps=120 inf=14.7s sim=5.6s total=23.7s
[octo-base|PutEggplantInBasketScene-v1|fitted] ep 51 success=False steps=120 inf=14.0s sim=5.6s total=22.9s
[octo-base|PutEggplantInBasketScene-v1|fitted] ep 52 success=True steps=120 inf=13.4s sim=4.7s total=21.6s
[octo-base|PutEggplantInBasketScene-v1|fitted] ep 53 success=True steps=120 inf=13.1s sim=4.2s total=20.1s
[octo-base|PutEggplantInBasketScene-v1|fitted] ep 54 success=False steps=120 inf=13.9s sim=5.1s total=22.0s
[octo-base|PutEggplantInBasketScene-v1|fitted] ep 55 success=False steps=120 inf=12.5s sim=4.6s total=20.0s
[octo-base|PutEggplantInBasketScene-v1|fitted] ep 56 success=False steps=120 inf=11.5s sim=3.5s total=17.8s
[octo-base|PutEggplantInBasketScene-v1|fitted] ep 57 success=True steps=120 inf=11.7s sim=3.0s total=17.4s
[octo-base|PutEggplantInBasketScene-v1|fitted] ep 58 success=False steps=120 inf=11.9s sim=3.4s total=17.8s
[octo-base|PutEggplantInBasketScene-v1|fitted] ep 59 success=False steps=120 inf=11.0s sim=3.9s total=17.8s
[octo-base|PutEggplantInBasketScene-v1|fitted] ep 60 success=False steps=120 inf=11.4s sim=3.7s total=17.6s
[octo-base|PutEggplantInBasketScene-v1|fitted] ep 61 success=False steps=120 inf=12.0s sim=3.5s total=18.5s
[octo-base|PutEggplantInBasketScene-v1|fitted] ep 62 success=True steps=120 inf=11.6s sim=3.2s total=17.7s
[octo-base|PutEggplantInBasketScene-v1|fitted] ep 63 success=False steps=120 inf=11.5s sim=4.2s total=18.2s
== fitted: 22/64 success
