E:\research\the_world\.venv-windows-ms3\Lib\site-packages\sapien\wrapper\pinocchio_model.py:299: UserWarning: pinnochio package is not installed, robotics functionalities will not be available
  warnings.warn(
[33;1m2026-09-22 23:41:20,440 - mani_skill  - WARNING - Mimic targets dictionary is missing for controller config for widowx250s_bridgedataset_sink. Assuming the first joint is the control joint and the second joint is the mimic joint[0m
[33;1m2026-09-22 23:41:20,568 - mani_skill  - WARNING - No initial pose set for actor builder of eggplant, setting to default pose q=[1,0,0,0], p=[0,0,0]. Not setting reasonable initial poses may slow down simulation, see https://github.com/haosulab/ManiSkill/issues/421.[0m
[33;1m2026-09-22 23:41:20,583 - mani_skill  - WARNING - No initial pose set for actor builder of dummy_sink_target_plane, setting to default pose q=[1,0,0,0], p=[0,0,0]. Not setting reasonable initial poses may slow down simulation, see https://github.com/haosulab/ManiSkill/issues/421.[0m
[octo-small|PutEggplantInBasketScene-v1|fitted_iso_x0.25] ep 0 success=True steps=120 inf=15.9s sim=4.8s total=24.2s
[octo-small|PutEggplantInBasketScene-v1|fitted_iso_x0.25] ep 1 success=False steps=120 inf=15.2s sim=6.6s total=25.3s
[octo-small|PutEggplantInBasketScene-v1|fitted_iso_x0.25] ep 2 success=False steps=120 inf=16.4s sim=6.6s total=26.8s
[octo-small|PutEggplantInBasketScene-v1|fitted_iso_x0.25] ep 3 success=False steps=120 inf=21.8s sim=6.1s total=31.8s
[octo-small|PutEggplantInBasketScene-v1|fitted_iso_x0.25] ep 4 success=False steps=120 inf=16.2s sim=6.5s total=26.4s
[octo-small|PutEggplantInBasketScene-v1|fitted_iso_x0.25] ep 5 success=True steps=120 inf=16.0s sim=4.9s total=24.8s
[octo-small|PutEggplantInBasketScene-v1|fitted_iso_x0.25] ep 6 success=False steps=120 inf=14.9s sim=6.1s total=24.5s
[octo-small|PutEggplantInBasketScene-v1|fitted_iso_x0.25] ep 7 success=False steps=120 inf=15.9s sim=6.5s total=26.0s
[octo-small|PutEggplantInBasketScene-v1|fitted_iso_x0.25] ep 8 success=True steps=120 inf=14.8s sim=4.7s total=23.3s
[octo-small|PutEggplantInBasketScene-v1|fitted_iso_x0.25] ep 9 success=True steps=120 inf=15.5s sim=4.5s total=23.7s
[octo-small|PutEggplantInBasketScene-v1|fitted_iso_x0.25] ep 10 success=False steps=120 inf=14.0s sim=6.2s total=23.7s
[octo-small|PutEggplantInBasketScene-v1|fitted_iso_x0.25] ep 11 success=False steps=120 inf=13.5s sim=5.4s total=22.3s
[octo-small|PutEggplantInBasketScene-v1|fitted_iso_x0.25] ep 12 success=False steps=120 inf=16.0s sim=6.5s total=26.2s
[octo-small|PutEggplantInBasketScene-v1|fitted_iso_x0.25] ep 13 success=True steps=120 inf=15.4s sim=6.0s total=24.9s
[octo-small|PutEggplantInBasketScene-v1|fitted_iso_x0.25] ep 14 success=False steps=120 inf=16.7s sim=6.8s total=26.9s
[octo-small|PutEggplantInBasketScene-v1|fitted_iso_x0.25] ep 15 success=False steps=120 inf=21.4s sim=6.1s total=31.1s
[octo-small|PutEggplantInBasketScene-v1|fitted_iso_x0.25] ep 16 success=True steps=120 inf=21.7s sim=5.0s total=30.4s
[octo-small|PutEggplantInBasketScene-v1|fitted_iso_x0.25] ep 17 success=True steps=120 inf=25.4s sim=5.4s total=34.9s
[octo-small|PutEggplantInBasketScene-v1|fitted_iso_x0.25] ep 18 success=True steps=120 inf=56.7s sim=9.6s total=71.6s
[octo-small|PutEggplantInBasketScene-v1|fitted_iso_x0.25] ep 19 success=False steps=120 inf=52.9s sim=7.9s total=65.7s
[octo-small|PutEggplantInBasketScene-v1|fitted_iso_x0.25] ep 20 success=True steps=120 inf=20.0s sim=6.6s total=30.7s
[octo-small|PutEggplantInBasketScene-v1|fitted_iso_x0.25] ep 21 success=True steps=120 inf=14.5s sim=5.6s total=23.9s
[octo-small|PutEggplantInBasketScene-v1|fitted_iso_x0.25] ep 22 success=True steps=120 inf=25.7s sim=6.3s total=36.1s
[octo-small|PutEggplantInBasketScene-v1|fitted_iso_x0.25] ep 23 success=True steps=120 inf=46.8s sim=6.3s total=56.5s
[octo-small|PutEggplantInBasketScene-v1|fitted_iso_x0.25] ep 24 success=True steps=120 inf=24.3s sim=6.0s total=33.6s
[octo-small|PutEggplantInBasketScene-v1|fitted_iso_x0.25] ep 25 success=True steps=120 inf=21.2s sim=6.8s total=31.3s
[octo-small|PutEggplantInBasketScene-v1|fitted_iso_x0.25] ep 26 success=True steps=120 inf=15.1s sim=7.1s total=26.0s
[octo-small|PutEggplantInBasketScene-v1|fitted_iso_x0.25] ep 27 success=False steps=120 inf=14.2s sim=6.5s total=24.3s
[octo-small|PutEggplantInBasketScene-v1|fitted_iso_x0.25] ep 28 success=True steps=120 inf=14.3s sim=5.8s total=24.2s
[octo-small|PutEggplantInBasketScene-v1|fitted_iso_x0.25] ep 29 success=True steps=120 inf=19.1s sim=6.5s total=28.9s
[octo-small|PutEggplantInBasketScene-v1|fitted_iso_x0.25] ep 30 success=False steps=120 inf=23.3s sim=8.1s total=35.4s
[octo-small|PutEggplantInBasketScene-v1|fitted_iso_x0.25] ep 31 success=False steps=120 inf=17.5s sim=7.5s total=29.0s
[octo-small|PutEggplantInBasketScene-v1|fitted_iso_x0.25] ep 32 success=False steps=120 inf=14.3s sim=6.1s total=24.3s
[octo-small|PutEggplantInBasketScene-v1|fitted_iso_x0.25] ep 33 success=True steps=120 inf=15.7s sim=6.3s total=26.0s
[octo-small|PutEggplantInBasketScene-v1|fitted_iso_x0.25] ep 34 success=False steps=120 inf=14.0s sim=8.0s total=26.0s
[octo-small|PutEggplantInBasketScene-v1|fitted_iso_x0.25] ep 35 success=False steps=120 inf=14.3s sim=8.2s total=26.5s
[octo-small|PutEggplantInBasketScene-v1|fitted_iso_x0.25] ep 36 success=False steps=120 inf=15.6s sim=9.7s total=29.4s
[octo-small|PutEggplantInBasketScene-v1|fitted_iso_x0.25] ep 37 success=True steps=120 inf=15.3s sim=7.2s total=26.9s
[octo-small|PutEggplantInBasketScene-v1|fitted_iso_x0.25] ep 38 success=False steps=120 inf=12.9s sim=8.4s total=26.0s
[octo-small|PutEggplantInBasketScene-v1|fitted_iso_x0.25] ep 39 success=False steps=120 inf=14.6s sim=8.5s total=27.8s
[octo-small|PutEggplantInBasketScene-v1|fitted_iso_x0.25] ep 40 success=False steps=120 inf=14.5s sim=7.8s total=26.3s
[octo-small|PutEggplantInBasketScene-v1|fitted_iso_x0.25] ep 41 success=True steps=120 inf=14.7s sim=6.7s total=25.2s
[octo-small|PutEggplantInBasketScene-v1|fitted_iso_x0.25] ep 42 success=False steps=120 inf=13.9s sim=4.8s total=22.5s
[octo-small|PutEggplantInBasketScene-v1|fitted_iso_x0.25] ep 43 success=False steps=120 inf=14.7s sim=7.9s total=26.6s
[octo-small|PutEggplantInBasketScene-v1|fitted_iso_x0.25] ep 44 success=False steps=120 inf=12.7s sim=5.3s total=21.6s
[octo-small|PutEggplantInBasketScene-v1|fitted_iso_x0.25] ep 45 success=True steps=120 inf=10.9s sim=3.9s total=17.8s
[octo-small|PutEggplantInBasketScene-v1|fitted_iso_x0.25] ep 46 success=True steps=120 inf=10.7s sim=3.6s total=16.8s
[octo-small|PutEggplantInBasketScene-v1|fitted_iso_x0.25] ep 47 success=False steps=120 inf=11.8s sim=4.0s total=18.5s
[octo-small|PutEggplantInBasketScene-v1|fitted_iso_x0.25] ep 48 success=True steps=120 inf=11.6s sim=3.7s total=18.3s
[octo-small|PutEggplantInBasketScene-v1|fitted_iso_x0.25] ep 49 success=True steps=120 inf=11.3s sim=3.5s total=17.3s
[octo-small|PutEggplantInBasketScene-v1|fitted_iso_x0.25] ep 50 success=False steps=120 inf=13.0s sim=5.5s total=21.3s
[octo-small|PutEggplantInBasketScene-v1|fitted_iso_x0.25] ep 51 success=False steps=120 inf=11.4s sim=4.3s total=18.4s
[octo-small|PutEggplantInBasketScene-v1|fitted_iso_x0.25] ep 52 success=True steps=120 inf=11.4s sim=4.1s total=18.4s
[octo-small|PutEggplantInBasketScene-v1|fitted_iso_x0.25] ep 53 success=True steps=120 inf=12.6s sim=3.9s total=19.4s
[octo-small|PutEggplantInBasketScene-v1|fitted_iso_x0.25] ep 54 success=True steps=120 inf=13.6s sim=4.5s total=21.2s
[octo-small|PutEggplantInBasketScene-v1|fitted_iso_x0.25] ep 55 success=False steps=120 inf=13.2s sim=4.7s total=21.2s
[octo-small|PutEggplantInBasketScene-v1|fitted_iso_x0.25] ep 56 success=True steps=120 inf=12.6s sim=4.1s total=19.8s
[octo-small|PutEggplantInBasketScene-v1|fitted_iso_x0.25] ep 57 success=True steps=120 inf=12.3s sim=3.9s total=19.1s
[octo-small|PutEggplantInBasketScene-v1|fitted_iso_x0.25] ep 58 success=True steps=120 inf=12.7s sim=5.5s total=21.3s
[octo-small|PutEggplantInBasketScene-v1|fitted_iso_x0.25] ep 59 success=False steps=120 inf=13.1s sim=4.9s total=21.1s
[octo-small|PutEggplantInBasketScene-v1|fitted_iso_x0.25] ep 60 success=True steps=120 inf=12.6s sim=3.7s total=19.3s
[octo-small|PutEggplantInBasketScene-v1|fitted_iso_x0.25] ep 61 success=False steps=120 inf=12.5s sim=4.0s total=19.4s
[octo-small|PutEggplantInBasketScene-v1|fitted_iso_x0.25] ep 62 success=True steps=120 inf=11.7s sim=4.4s total=19.0s
[octo-small|PutEggplantInBasketScene-v1|fitted_iso_x0.25] ep 63 success=False steps=120 inf=12.4s sim=4.8s total=20.2s
== fitted_iso_x0.25: 32/64 success
