E:\research\the_world\.venv-windows-ms3\Lib\site-packages\sapien\wrapper\pinocchio_model.py:299: UserWarning: pinnochio package is not installed, robotics functionalities will not be available
  warnings.warn(
[33;1m2026-09-23 04:02:40,330 - mani_skill  - WARNING - Mimic targets dictionary is missing for controller config for widowx250s_bridgedataset_flat_table. Assuming the first joint is the control joint and the second joint is the mimic joint[0m
[33;1m2026-09-23 04:02:40,464 - mani_skill  - WARNING - No initial pose set for actor builder of bridge_spoon_generated_modified, setting to default pose q=[1,0,0,0], p=[0,0,0]. Not setting reasonable initial poses may slow down simulation, see https://github.com/haosulab/ManiSkill/issues/421.[0m
[33;1m2026-09-23 04:02:40,478 - mani_skill  - WARNING - No initial pose set for actor builder of table_cloth_generated_shorter, setting to default pose q=[1,0,0,0], p=[0,0,0]. Not setting reasonable initial poses may slow down simulation, see https://github.com/haosulab/ManiSkill/issues/421.[0m
[octo-small|PutSpoonOnTableClothInScene-v1|fitted_iso_x4.0] ep 0 success=False steps=60 inf=5.9s sim=1.8s total=9.3s
[octo-small|PutSpoonOnTableClothInScene-v1|fitted_iso_x4.0] ep 1 success=True steps=60 inf=5.9s sim=2.1s total=9.4s
[octo-small|PutSpoonOnTableClothInScene-v1|fitted_iso_x4.0] ep 2 success=False steps=60 inf=6.5s sim=2.1s total=10.2s
[octo-small|PutSpoonOnTableClothInScene-v1|fitted_iso_x4.0] ep 3 success=False steps=60 inf=5.8s sim=2.1s total=9.4s
[octo-small|PutSpoonOnTableClothInScene-v1|fitted_iso_x4.0] ep 4 success=False steps=60 inf=5.7s sim=2.1s total=9.3s
[octo-small|PutSpoonOnTableClothInScene-v1|fitted_iso_x4.0] ep 5 success=False steps=60 inf=5.9s sim=2.1s total=9.6s
[octo-small|PutSpoonOnTableClothInScene-v1|fitted_iso_x4.0] ep 6 success=True steps=60 inf=5.8s sim=1.8s total=33.2s
[octo-small|PutSpoonOnTableClothInScene-v1|fitted_iso_x4.0] ep 7 success=False steps=60 inf=5.3s sim=1.7s total=8.5s
[octo-small|PutSpoonOnTableClothInScene-v1|fitted_iso_x4.0] ep 8 success=False steps=60 inf=4.2s sim=1.3s total=6.8s
[octo-small|PutSpoonOnTableClothInScene-v1|fitted_iso_x4.0] ep 9 success=False steps=60 inf=5.5s sim=1.6s total=8.6s
[octo-small|PutSpoonOnTableClothInScene-v1|fitted_iso_x4.0] ep 10 success=True steps=60 inf=6.4s sim=2.2s total=10.3s
[octo-small|PutSpoonOnTableClothInScene-v1|fitted_iso_x4.0] ep 11 success=False steps=60 inf=6.3s sim=2.3s total=10.4s
[octo-small|PutSpoonOnTableClothInScene-v1|fitted_iso_x4.0] ep 12 success=False steps=60 inf=6.2s sim=2.1s total=9.9s
[octo-small|PutSpoonOnTableClothInScene-v1|fitted_iso_x4.0] ep 13 success=False steps=60 inf=9.9s sim=4.4s total=16.4s
[octo-small|PutSpoonOnTableClothInScene-v1|fitted_iso_x4.0] ep 14 success=False steps=60 inf=7.7s sim=3.3s total=13.4s
[octo-small|PutSpoonOnTableClothInScene-v1|fitted_iso_x4.0] ep 15 success=False steps=60 inf=9.2s sim=3.4s total=14.8s
[octo-small|PutSpoonOnTableClothInScene-v1|fitted_iso_x4.0] ep 16 success=True steps=60 inf=9.2s sim=3.2s total=14.7s
[octo-small|PutSpoonOnTableClothInScene-v1|fitted_iso_x4.0] ep 17 success=False steps=60 inf=10.0s sim=3.3s total=15.5s
[octo-small|PutSpoonOnTableClothInScene-v1|fitted_iso_x4.0] ep 18 success=False steps=60 inf=7.8s sim=3.1s total=13.0s
[octo-small|PutSpoonOnTableClothInScene-v1|fitted_iso_x4.0] ep 19 success=False steps=60 inf=11.2s sim=3.0s total=16.8s
[octo-small|PutSpoonOnTableClothInScene-v1|fitted_iso_x4.0] ep 20 success=False steps=60 inf=10.8s sim=3.5s total=16.5s
[octo-small|PutSpoonOnTableClothInScene-v1|fitted_iso_x4.0] ep 21 success=False steps=60 inf=15.0s sim=3.1s total=20.9s
[octo-small|PutSpoonOnTableClothInScene-v1|fitted_iso_x4.0] ep 22 success=False steps=60 inf=14.6s sim=3.8s total=20.7s
[octo-small|PutSpoonOnTableClothInScene-v1|fitted_iso_x4.0] ep 23 success=False steps=60 inf=16.1s sim=3.8s total=22.5s
== fitted_iso_x4.0: 4/24 success
