E:\research\the_world\.venv-windows-ms3\Lib\site-packages\sapien\wrapper\pinocchio_model.py:299: UserWarning: pinnochio package is not installed, robotics functionalities will not be available
  warnings.warn(
[33;1m2026-09-22 17:33:11,665 - mani_skill  - WARNING - Mimic targets dictionary is missing for controller config for widowx250s_bridgedataset_sink. Assuming the first joint is the control joint and the second joint is the mimic joint[0m
[33;1m2026-09-22 17:33:11,784 - mani_skill  - WARNING - No initial pose set for actor builder of eggplant, setting to default pose q=[1,0,0,0], p=[0,0,0]. Not setting reasonable initial poses may slow down simulation, see https://github.com/haosulab/ManiSkill/issues/421.[0m
[33;1m2026-09-22 17:33:11,805 - mani_skill  - WARNING - No initial pose set for actor builder of dummy_sink_target_plane, setting to default pose q=[1,0,0,0], p=[0,0,0]. Not setting reasonable initial poses may slow down simulation, see https://github.com/haosulab/ManiSkill/issues/421.[0m
[octo-small|PutEggplantInBasketScene-v1|fitted] ep 0 success=True steps=120 inf=12.8s sim=4.4s total=20.5s
[octo-small|PutEggplantInBasketScene-v1|fitted] ep 1 success=True steps=120 inf=12.8s sim=5.3s total=21.4s
[octo-small|PutEggplantInBasketScene-v1|fitted] ep 2 success=False steps=120 inf=12.6s sim=6.6s total=22.5s
[octo-small|PutEggplantInBasketScene-v1|fitted] ep 3 success=True steps=120 inf=12.8s sim=6.7s total=23.0s
[octo-small|PutEggplantInBasketScene-v1|fitted] ep 4 success=False steps=120 inf=13.0s sim=5.2s total=21.7s
[octo-small|PutEggplantInBasketScene-v1|fitted] ep 5 success=False steps=120 inf=12.5s sim=5.2s total=21.1s
[octo-small|PutEggplantInBasketScene-v1|fitted] ep 6 success=False steps=120 inf=13.1s sim=6.8s total=23.3s
[octo-small|PutEggplantInBasketScene-v1|fitted] ep 7 success=False steps=120 inf=11.7s sim=5.9s total=21.3s
[octo-small|PutEggplantInBasketScene-v1|fitted] ep 8 success=False steps=120 inf=12.2s sim=6.1s total=21.7s
[octo-small|PutEggplantInBasketScene-v1|fitted] ep 9 success=True steps=120 inf=13.0s sim=4.5s total=21.1s
[octo-small|PutEggplantInBasketScene-v1|fitted] ep 10 success=False steps=120 inf=12.4s sim=6.8s total=22.5s
[octo-small|PutEggplantInBasketScene-v1|fitted] ep 11 success=False steps=120 inf=12.8s sim=6.8s total=22.8s
[octo-small|PutEggplantInBasketScene-v1|fitted] ep 12 success=True steps=120 inf=12.6s sim=5.4s total=21.3s
[octo-small|PutEggplantInBasketScene-v1|fitted] ep 13 success=True steps=120 inf=12.6s sim=4.4s total=20.4s
[octo-small|PutEggplantInBasketScene-v1|fitted] ep 14 success=True steps=120 inf=12.6s sim=5.5s total=21.3s
[octo-small|PutEggplantInBasketScene-v1|fitted] ep 15 success=False steps=120 inf=12.7s sim=6.8s total=22.6s
[octo-small|PutEggplantInBasketScene-v1|fitted] ep 16 success=False steps=120 inf=13.1s sim=5.0s total=21.5s
[octo-small|PutEggplantInBasketScene-v1|fitted] ep 17 success=True steps=120 inf=13.3s sim=4.2s total=20.6s
[octo-small|PutEggplantInBasketScene-v1|fitted] ep 18 success=True steps=120 inf=13.2s sim=4.4s total=20.8s
[octo-small|PutEggplantInBasketScene-v1|fitted] ep 19 success=False steps=120 inf=13.3s sim=5.6s total=21.9s
[octo-small|PutEggplantInBasketScene-v1|fitted] ep 20 success=False steps=120 inf=12.2s sim=6.5s total=22.1s
[octo-small|PutEggplantInBasketScene-v1|fitted] ep 21 success=False steps=120 inf=13.2s sim=4.7s total=21.1s
[octo-small|PutEggplantInBasketScene-v1|fitted] ep 22 success=True steps=120 inf=12.7s sim=4.9s total=21.1s
[octo-small|PutEggplantInBasketScene-v1|fitted] ep 23 success=False steps=120 inf=12.8s sim=6.3s total=22.3s
[octo-small|PutEggplantInBasketScene-v1|fitted] ep 24 success=False steps=120 inf=12.0s sim=4.6s total=19.7s
[octo-small|PutEggplantInBasketScene-v1|fitted] ep 25 success=True steps=120 inf=12.8s sim=5.2s total=21.2s
[octo-small|PutEggplantInBasketScene-v1|fitted] ep 26 success=False steps=120 inf=12.5s sim=6.0s total=21.8s
[octo-small|PutEggplantInBasketScene-v1|fitted] ep 27 success=False steps=120 inf=12.6s sim=5.2s total=21.0s
[octo-small|PutEggplantInBasketScene-v1|fitted] ep 28 success=True steps=120 inf=12.8s sim=4.5s total=20.5s
[octo-small|PutEggplantInBasketScene-v1|fitted] ep 29 success=True steps=120 inf=12.8s sim=4.9s total=21.0s
[octo-small|PutEggplantInBasketScene-v1|fitted] ep 30 success=True steps=120 inf=12.2s sim=5.6s total=20.9s
[octo-small|PutEggplantInBasketScene-v1|fitted] ep 31 success=False steps=120 inf=13.3s sim=5.5s total=22.0s
[octo-small|PutEggplantInBasketScene-v1|fitted] ep 32 success=False steps=120 inf=12.6s sim=5.3s total=21.3s
[octo-small|PutEggplantInBasketScene-v1|fitted] ep 33 success=True steps=120 inf=11.9s sim=4.7s total=19.9s
[octo-small|PutEggplantInBasketScene-v1|fitted] ep 34 success=False steps=120 inf=13.3s sim=5.9s total=22.4s
[octo-small|PutEggplantInBasketScene-v1|fitted] ep 35 success=False steps=120 inf=13.2s sim=6.1s total=22.5s
[octo-small|PutEggplantInBasketScene-v1|fitted] ep 36 success=False steps=120 inf=13.5s sim=6.0s total=22.9s
[octo-small|PutEggplantInBasketScene-v1|fitted] ep 37 success=True steps=120 inf=12.7s sim=4.7s total=20.6s
[octo-small|PutEggplantInBasketScene-v1|fitted] ep 38 success=False steps=120 inf=12.8s sim=5.5s total=21.5s
[octo-small|PutEggplantInBasketScene-v1|fitted] ep 39 success=False steps=120 inf=13.3s sim=5.5s total=21.6s
[octo-small|PutEggplantInBasketScene-v1|fitted] ep 40 success=True steps=120 inf=12.8s sim=4.9s total=21.1s
[octo-small|PutEggplantInBasketScene-v1|fitted] ep 41 success=True steps=120 inf=12.5s sim=4.8s total=20.4s
[octo-small|PutEggplantInBasketScene-v1|fitted] ep 42 success=False steps=120 inf=13.4s sim=6.0s total=22.5s
[octo-small|PutEggplantInBasketScene-v1|fitted] ep 43 success=False steps=120 inf=12.4s sim=5.6s total=21.3s
[octo-small|PutEggplantInBasketScene-v1|fitted] ep 44 success=False steps=120 inf=12.1s sim=6.1s total=21.6s
[octo-small|PutEggplantInBasketScene-v1|fitted] ep 45 success=False steps=120 inf=12.7s sim=4.9s total=20.7s
[octo-small|PutEggplantInBasketScene-v1|fitted] ep 46 success=False steps=120 inf=12.3s sim=7.2s total=22.9s
[octo-small|PutEggplantInBasketScene-v1|fitted] ep 47 success=False steps=120 inf=12.5s sim=6.1s total=22.2s
[octo-small|PutEggplantInBasketScene-v1|fitted] ep 48 success=False steps=120 inf=12.5s sim=6.0s total=21.9s
[octo-small|PutEggplantInBasketScene-v1|fitted] ep 49 success=False steps=120 inf=12.2s sim=6.3s total=22.0s
[octo-small|PutEggplantInBasketScene-v1|fitted] ep 50 success=False steps=120 inf=12.5s sim=5.9s total=21.7s
[octo-small|PutEggplantInBasketScene-v1|fitted] ep 51 success=False steps=120 inf=12.8s sim=6.0s total=22.3s
[octo-small|PutEggplantInBasketScene-v1|fitted] ep 52 success=True steps=120 inf=12.6s sim=5.1s total=21.1s
[octo-small|PutEggplantInBasketScene-v1|fitted] ep 53 success=False steps=120 inf=12.9s sim=6.0s total=22.3s
[octo-small|PutEggplantInBasketScene-v1|fitted] ep 54 success=False steps=120 inf=12.0s sim=6.3s total=22.0s
[octo-small|PutEggplantInBasketScene-v1|fitted] ep 55 success=True steps=120 inf=12.4s sim=5.8s total=22.1s
[octo-small|PutEggplantInBasketScene-v1|fitted] ep 56 success=False steps=120 inf=13.0s sim=6.0s total=22.5s
[octo-small|PutEggplantInBasketScene-v1|fitted] ep 57 success=True steps=120 inf=13.6s sim=5.4s total=11345.5s
[octo-small|PutEggplantInBasketScene-v1|fitted] ep 58 success=True steps=120 inf=12.9s sim=5.3s total=21.6s
[octo-small|PutEggplantInBasketScene-v1|fitted] ep 59 success=False steps=120 inf=13.3s sim=5.1s total=21.7s
[octo-small|PutEggplantInBasketScene-v1|fitted] ep 60 success=True steps=120 inf=13.6s sim=4.0s total=20.7s
[octo-small|PutEggplantInBasketScene-v1|fitted] ep 61 success=False steps=120 inf=13.4s sim=4.4s total=21.0s
[octo-small|PutEggplantInBasketScene-v1|fitted] ep 62 success=True steps=120 inf=13.3s sim=5.0s total=21.6s
[octo-small|PutEggplantInBasketScene-v1|fitted] ep 63 success=False steps=120 inf=13.0s sim=5.4s total=21.5s
== fitted: 24/64 success
