E:\research\the_world\.venv-windows-ms3\Lib\site-packages\sapien\wrapper\pinocchio_model.py:299: UserWarning: pinnochio package is not installed, robotics functionalities will not be available
  warnings.warn(
[33;1m2026-09-23 03:17:25,414 - mani_skill  - WARNING - Mimic targets dictionary is missing for controller config for widowx250s_bridgedataset_sink. Assuming the first joint is the control joint and the second joint is the mimic joint[0m
[33;1m2026-09-23 03:17:25,553 - mani_skill  - WARNING - No initial pose set for actor builder of eggplant, setting to default pose q=[1,0,0,0], p=[0,0,0]. Not setting reasonable initial poses may slow down simulation, see https://github.com/haosulab/ManiSkill/issues/421.[0m
[33;1m2026-09-23 03:17:25,581 - mani_skill  - WARNING - No initial pose set for actor builder of dummy_sink_target_plane, setting to default pose q=[1,0,0,0], p=[0,0,0]. Not setting reasonable initial poses may slow down simulation, see https://github.com/haosulab/ManiSkill/issues/421.[0m
[octo-small|PutEggplantInBasketScene-v1|fitted_dens_x0.5] ep 0 success=True steps=120 inf=12.2s sim=5.1s total=20.5s
[octo-small|PutEggplantInBasketScene-v1|fitted_dens_x0.5] ep 1 success=False steps=120 inf=12.5s sim=4.0s total=19.5s
[octo-small|PutEggplantInBasketScene-v1|fitted_dens_x0.5] ep 2 success=False steps=120 inf=11.6s sim=6.1s total=21.0s
[octo-small|PutEggplantInBasketScene-v1|fitted_dens_x0.5] ep 3 success=False steps=120 inf=12.1s sim=6.0s total=21.4s
[octo-small|PutEggplantInBasketScene-v1|fitted_dens_x0.5] ep 4 success=False steps=120 inf=12.2s sim=4.8s total=20.2s
[octo-small|PutEggplantInBasketScene-v1|fitted_dens_x0.5] ep 5 success=True steps=120 inf=11.4s sim=4.1s total=18.6s
[octo-small|PutEggplantInBasketScene-v1|fitted_dens_x0.5] ep 6 success=False steps=120 inf=12.1s sim=6.1s total=21.3s
[octo-small|PutEggplantInBasketScene-v1|fitted_dens_x0.5] ep 7 success=False steps=120 inf=12.3s sim=5.3s total=20.9s
[octo-small|PutEggplantInBasketScene-v1|fitted_dens_x0.5] ep 8 success=True steps=120 inf=11.7s sim=3.9s total=18.7s
[octo-small|PutEggplantInBasketScene-v1|fitted_dens_x0.5] ep 9 success=True steps=120 inf=12.8s sim=4.2s total=20.2s
[octo-small|PutEggplantInBasketScene-v1|fitted_dens_x0.5] ep 10 success=False steps=120 inf=11.6s sim=5.5s total=20.4s
[octo-small|PutEggplantInBasketScene-v1|fitted_dens_x0.5] ep 11 success=False steps=120 inf=11.0s sim=4.2s total=18.4s
[octo-small|PutEggplantInBasketScene-v1|fitted_dens_x0.5] ep 12 success=True steps=120 inf=11.5s sim=3.4s total=18.1s
[octo-small|PutEggplantInBasketScene-v1|fitted_dens_x0.5] ep 13 success=True steps=120 inf=11.8s sim=4.5s total=19.6s
[octo-small|PutEggplantInBasketScene-v1|fitted_dens_x0.5] ep 14 success=True steps=120 inf=11.4s sim=4.4s total=18.9s
[octo-small|PutEggplantInBasketScene-v1|fitted_dens_x0.5] ep 15 success=False steps=120 inf=12.6s sim=5.8s total=21.8s
[octo-small|PutEggplantInBasketScene-v1|fitted_dens_x0.5] ep 16 success=True steps=120 inf=12.1s sim=4.2s total=19.5s
[octo-small|PutEggplantInBasketScene-v1|fitted_dens_x0.5] ep 17 success=True steps=120 inf=12.2s sim=4.0s total=19.6s
[octo-small|PutEggplantInBasketScene-v1|fitted_dens_x0.5] ep 18 success=True steps=120 inf=12.0s sim=4.2s total=19.4s
[octo-small|PutEggplantInBasketScene-v1|fitted_dens_x0.5] ep 19 success=False steps=120 inf=12.8s sim=4.9s total=20.9s
[octo-small|PutEggplantInBasketScene-v1|fitted_dens_x0.5] ep 20 success=True steps=120 inf=12.0s sim=4.5s total=19.9s
[octo-small|PutEggplantInBasketScene-v1|fitted_dens_x0.5] ep 21 success=True steps=120 inf=11.6s sim=4.4s total=19.0s
[octo-small|PutEggplantInBasketScene-v1|fitted_dens_x0.5] ep 22 success=True steps=120 inf=10.4s sim=3.7s total=16.8s
[octo-small|PutEggplantInBasketScene-v1|fitted_dens_x0.5] ep 23 success=False steps=120 inf=10.2s sim=3.8s total=16.9s
[octo-small|PutEggplantInBasketScene-v1|fitted_dens_x0.5] ep 24 success=True steps=120 inf=10.7s sim=3.0s total=16.5s
[octo-small|PutEggplantInBasketScene-v1|fitted_dens_x0.5] ep 25 success=True steps=120 inf=10.9s sim=3.3s total=17.1s
[octo-small|PutEggplantInBasketScene-v1|fitted_dens_x0.5] ep 26 success=False steps=120 inf=11.3s sim=4.0s total=18.2s
[octo-small|PutEggplantInBasketScene-v1|fitted_dens_x0.5] ep 27 success=False steps=120 inf=10.7s sim=3.5s total=17.2s
[octo-small|PutEggplantInBasketScene-v1|fitted_dens_x0.5] ep 28 success=True steps=120 inf=10.6s sim=3.4s total=17.1s
[octo-small|PutEggplantInBasketScene-v1|fitted_dens_x0.5] ep 29 success=True steps=120 inf=11.1s sim=3.2s total=17.2s
[octo-small|PutEggplantInBasketScene-v1|fitted_dens_x0.5] ep 30 success=True steps=120 inf=10.8s sim=3.6s total=17.3s
[octo-small|PutEggplantInBasketScene-v1|fitted_dens_x0.5] ep 31 success=True steps=120 inf=11.1s sim=2.8s total=16.7s
[octo-small|PutEggplantInBasketScene-v1|fitted_dens_x0.5] ep 32 success=True steps=120 inf=10.0s sim=3.1s total=15.8s
[octo-small|PutEggplantInBasketScene-v1|fitted_dens_x0.5] ep 33 success=True steps=120 inf=10.9s sim=4.1s total=17.7s
[octo-small|PutEggplantInBasketScene-v1|fitted_dens_x0.5] ep 34 success=False steps=120 inf=11.2s sim=4.0s total=18.0s
[octo-small|PutEggplantInBasketScene-v1|fitted_dens_x0.5] ep 35 success=False steps=120 inf=10.6s sim=4.3s total=18.0s
[octo-small|PutEggplantInBasketScene-v1|fitted_dens_x0.5] ep 36 success=True steps=120 inf=10.3s sim=3.2s total=16.3s
[octo-small|PutEggplantInBasketScene-v1|fitted_dens_x0.5] ep 37 success=True steps=120 inf=10.6s sim=3.1s total=16.6s
[octo-small|PutEggplantInBasketScene-v1|fitted_dens_x0.5] ep 38 success=False steps=120 inf=11.1s sim=4.3s total=18.3s
[octo-small|PutEggplantInBasketScene-v1|fitted_dens_x0.5] ep 39 success=True steps=120 inf=10.3s sim=3.0s total=16.3s
[octo-small|PutEggplantInBasketScene-v1|fitted_dens_x0.5] ep 40 success=True steps=120 inf=8.7s sim=2.9s total=14.3s
[octo-small|PutEggplantInBasketScene-v1|fitted_dens_x0.5] ep 41 success=True steps=120 inf=10.6s sim=3.4s total=17.0s
[octo-small|PutEggplantInBasketScene-v1|fitted_dens_x0.5] ep 42 success=False steps=120 inf=11.0s sim=4.1s total=17.8s
[octo-small|PutEggplantInBasketScene-v1|fitted_dens_x0.5] ep 43 success=False steps=120 inf=10.3s sim=3.8s total=17.1s
[octo-small|PutEggplantInBasketScene-v1|fitted_dens_x0.5] ep 44 success=False steps=120 inf=10.6s sim=4.3s total=17.6s
[octo-small|PutEggplantInBasketScene-v1|fitted_dens_x0.5] ep 45 success=False steps=120 inf=10.2s sim=3.5s total=16.6s
[octo-small|PutEggplantInBasketScene-v1|fitted_dens_x0.5] ep 46 success=False steps=120 inf=11.2s sim=4.2s total=18.1s
[octo-small|PutEggplantInBasketScene-v1|fitted_dens_x0.5] ep 47 success=False steps=120 inf=10.1s sim=3.6s total=41.0s
[octo-small|PutEggplantInBasketScene-v1|fitted_dens_x0.5] ep 48 success=False steps=120 inf=10.5s sim=3.8s total=17.3s
