E:\research\the_world\.venv-windows-ms3\Lib\site-packages\sapien\wrapper\pinocchio_model.py:299: UserWarning: pinnochio package is not installed, robotics functionalities will not be available
  warnings.warn(
[33;1m2026-09-23 01:29:17,477 - mani_skill  - WARNING - Mimic targets dictionary is missing for controller config for widowx250s_bridgedataset_sink. Assuming the first joint is the control joint and the second joint is the mimic joint[0m
[33;1m2026-09-23 01:29:17,604 - mani_skill  - WARNING - No initial pose set for actor builder of eggplant, setting to default pose q=[1,0,0,0], p=[0,0,0]. Not setting reasonable initial poses may slow down simulation, see https://github.com/haosulab/ManiSkill/issues/421.[0m
[33;1m2026-09-23 01:29:17,615 - mani_skill  - WARNING - No initial pose set for actor builder of dummy_sink_target_plane, setting to default pose q=[1,0,0,0], p=[0,0,0]. Not setting reasonable initial poses may slow down simulation, see https://github.com/haosulab/ManiSkill/issues/421.[0m
[octo-small|PutEggplantInBasketScene-v1|fitted_fric_x0.4] ep 0 success=True steps=120 inf=9.5s sim=5.2s total=18.6s
[octo-small|PutEggplantInBasketScene-v1|fitted_fric_x0.4] ep 1 success=False steps=120 inf=10.9s sim=5.0s total=19.9s
[octo-small|PutEggplantInBasketScene-v1|fitted_fric_x0.4] ep 2 success=False steps=120 inf=11.1s sim=6.4s total=21.3s
[octo-small|PutEggplantInBasketScene-v1|fitted_fric_x0.4] ep 3 success=False steps=120 inf=9.3s sim=5.4s total=18.5s
[octo-small|PutEggplantInBasketScene-v1|fitted_fric_x0.4] ep 4 success=True steps=120 inf=10.1s sim=6.0s total=19.9s
[octo-small|PutEggplantInBasketScene-v1|fitted_fric_x0.4] ep 5 success=True steps=120 inf=10.5s sim=4.9s total=19.2s
[octo-small|PutEggplantInBasketScene-v1|fitted_fric_x0.4] ep 6 success=True steps=120 inf=10.6s sim=4.7s total=19.1s
[octo-small|PutEggplantInBasketScene-v1|fitted_fric_x0.4] ep 7 success=False steps=120 inf=10.5s sim=4.4s total=17.8s
[octo-small|PutEggplantInBasketScene-v1|fitted_fric_x0.4] ep 8 success=True steps=120 inf=11.1s sim=2.9s total=17.1s
[octo-small|PutEggplantInBasketScene-v1|fitted_fric_x0.4] ep 9 success=True steps=120 inf=10.4s sim=3.0s total=16.3s
[octo-small|PutEggplantInBasketScene-v1|fitted_fric_x0.4] ep 10 success=True steps=120 inf=11.7s sim=2.8s total=17.3s
[octo-small|PutEggplantInBasketScene-v1|fitted_fric_x0.4] ep 11 success=False steps=120 inf=10.6s sim=3.6s total=16.9s
[octo-small|PutEggplantInBasketScene-v1|fitted_fric_x0.4] ep 12 success=True steps=120 inf=11.2s sim=4.0s total=18.4s
[octo-small|PutEggplantInBasketScene-v1|fitted_fric_x0.4] ep 13 success=True steps=120 inf=10.0s sim=5.1s total=18.9s
[octo-small|PutEggplantInBasketScene-v1|fitted_fric_x0.4] ep 14 success=False steps=120 inf=10.7s sim=6.5s total=21.0s
[octo-small|PutEggplantInBasketScene-v1|fitted_fric_x0.4] ep 15 success=True steps=120 inf=9.9s sim=5.3s total=19.3s
[octo-small|PutEggplantInBasketScene-v1|fitted_fric_x0.4] ep 16 success=True steps=120 inf=10.0s sim=4.8s total=18.5s
[octo-small|PutEggplantInBasketScene-v1|fitted_fric_x0.4] ep 17 success=True steps=120 inf=10.0s sim=4.8s total=18.6s
[octo-small|PutEggplantInBasketScene-v1|fitted_fric_x0.4] ep 18 success=False steps=120 inf=10.1s sim=5.9s total=19.7s
[octo-small|PutEggplantInBasketScene-v1|fitted_fric_x0.4] ep 19 success=False steps=120 inf=10.8s sim=7.1s total=21.9s
[octo-small|PutEggplantInBasketScene-v1|fitted_fric_x0.4] ep 20 success=False steps=120 inf=10.6s sim=7.1s total=21.5s
[octo-small|PutEggplantInBasketScene-v1|fitted_fric_x0.4] ep 21 success=False steps=120 inf=10.9s sim=4.8s total=19.5s
[octo-small|PutEggplantInBasketScene-v1|fitted_fric_x0.4] ep 22 success=False steps=120 inf=10.8s sim=5.7s total=20.3s
[octo-small|PutEggplantInBasketScene-v1|fitted_fric_x0.4] ep 23 success=True steps=120 inf=9.8s sim=5.7s total=19.0s
[octo-small|PutEggplantInBasketScene-v1|fitted_fric_x0.4] ep 24 success=True steps=120 inf=9.8s sim=4.9s total=18.5s
[octo-small|PutEggplantInBasketScene-v1|fitted_fric_x0.4] ep 25 success=False steps=120 inf=10.2s sim=6.3s total=20.2s
[octo-small|PutEggplantInBasketScene-v1|fitted_fric_x0.4] ep 26 success=False steps=120 inf=10.3s sim=5.8s total=20.0s
[octo-small|PutEggplantInBasketScene-v1|fitted_fric_x0.4] ep 27 success=False steps=120 inf=10.8s sim=5.9s total=20.8s
[octo-small|PutEggplantInBasketScene-v1|fitted_fric_x0.4] ep 28 success=True steps=120 inf=11.0s sim=7.2s total=22.0s
[octo-small|PutEggplantInBasketScene-v1|fitted_fric_x0.4] ep 29 success=False steps=120 inf=11.6s sim=5.6s total=21.2s
[octo-small|PutEggplantInBasketScene-v1|fitted_fric_x0.4] ep 30 success=True steps=120 inf=11.0s sim=4.9s total=20.1s
[octo-small|PutEggplantInBasketScene-v1|fitted_fric_x0.4] ep 31 success=False steps=120 inf=10.2s sim=6.1s total=20.2s
[octo-small|PutEggplantInBasketScene-v1|fitted_fric_x0.4] ep 32 success=False steps=120 inf=9.6s sim=5.3s total=19.0s
[octo-small|PutEggplantInBasketScene-v1|fitted_fric_x0.4] ep 33 success=False steps=120 inf=10.1s sim=5.9s total=19.8s
[octo-small|PutEggplantInBasketScene-v1|fitted_fric_x0.4] ep 34 success=False steps=120 inf=10.0s sim=6.3s total=20.5s
[octo-small|PutEggplantInBasketScene-v1|fitted_fric_x0.4] ep 35 success=False steps=120 inf=10.6s sim=5.9s total=20.3s
[octo-small|PutEggplantInBasketScene-v1|fitted_fric_x0.4] ep 36 success=False steps=120 inf=11.3s sim=7.2s total=22.6s
[octo-small|PutEggplantInBasketScene-v1|fitted_fric_x0.4] ep 37 success=False steps=120 inf=10.4s sim=7.0s total=21.2s
[octo-small|PutEggplantInBasketScene-v1|fitted_fric_x0.4] ep 38 success=False steps=120 inf=11.7s sim=7.0s total=22.2s
[octo-small|PutEggplantInBasketScene-v1|fitted_fric_x0.4] ep 39 success=True steps=120 inf=10.8s sim=3.0s total=16.7s
[octo-small|PutEggplantInBasketScene-v1|fitted_fric_x0.4] ep 40 success=True steps=120 inf=11.2s sim=3.3s total=17.1s
[octo-small|PutEggplantInBasketScene-v1|fitted_fric_x0.4] ep 41 success=True steps=120 inf=10.8s sim=3.0s total=16.9s
[octo-small|PutEggplantInBasketScene-v1|fitted_fric_x0.4] ep 42 success=False steps=120 inf=10.9s sim=4.1s total=17.8s
[octo-small|PutEggplantInBasketScene-v1|fitted_fric_x0.4] ep 43 success=True steps=120 inf=11.1s sim=3.2s total=17.2s
[octo-small|PutEggplantInBasketScene-v1|fitted_fric_x0.4] ep 44 success=False steps=120 inf=11.3s sim=4.2s total=18.1s
[octo-small|PutEggplantInBasketScene-v1|fitted_fric_x0.4] ep 45 success=True steps=120 inf=10.2s sim=3.1s total=16.4s
[octo-small|PutEggplantInBasketScene-v1|fitted_fric_x0.4] ep 46 success=True steps=120 inf=10.6s sim=3.7s total=17.0s
[octo-small|PutEggplantInBasketScene-v1|fitted_fric_x0.4] ep 47 success=False steps=120 inf=10.7s sim=3.5s total=17.1s
[octo-small|PutEggplantInBasketScene-v1|fitted_fric_x0.4] ep 48 success=False steps=120 inf=10.9s sim=4.1s total=18.0s
[octo-small|PutEggplantInBasketScene-v1|fitted_fric_x0.4] ep 49 success=True steps=120 inf=11.8s sim=4.1s total=19.1s
[octo-small|PutEggplantInBasketScene-v1|fitted_fric_x0.4] ep 50 success=True steps=120 inf=11.8s sim=4.0s total=19.0s
[octo-small|PutEggplantInBasketScene-v1|fitted_fric_x0.4] ep 51 success=False steps=120 inf=11.8s sim=4.9s total=20.0s
[octo-small|PutEggplantInBasketScene-v1|fitted_fric_x0.4] ep 52 success=False steps=120 inf=11.6s sim=5.0s total=19.6s
[octo-small|PutEggplantInBasketScene-v1|fitted_fric_x0.4] ep 53 success=True steps=120 inf=11.5s sim=4.0s total=18.7s
[octo-small|PutEggplantInBasketScene-v1|fitted_fric_x0.4] ep 54 success=True steps=120 inf=11.1s sim=4.4s total=18.6s
[octo-small|PutEggplantInBasketScene-v1|fitted_fric_x0.4] ep 55 success=False steps=120 inf=11.1s sim=5.3s total=19.6s
[octo-small|PutEggplantInBasketScene-v1|fitted_fric_x0.4] ep 56 success=False steps=120 inf=11.4s sim=5.1s total=19.7s
[octo-small|PutEggplantInBasketScene-v1|fitted_fric_x0.4] ep 57 success=False steps=120 inf=12.0s sim=4.4s total=19.7s
[octo-small|PutEggplantInBasketScene-v1|fitted_fric_x0.4] ep 58 success=True steps=120 inf=11.6s sim=4.7s total=19.6s
[octo-small|PutEggplantInBasketScene-v1|fitted_fric_x0.4] ep 59 success=False steps=120 inf=11.6s sim=5.0s total=19.7s
[octo-small|PutEggplantInBasketScene-v1|fitted_fric_x0.4] ep 60 success=False steps=120 inf=11.5s sim=4.9s total=19.8s
[octo-small|PutEggplantInBasketScene-v1|fitted_fric_x0.4] ep 61 success=True steps=120 inf=11.8s sim=3.7s total=18.9s
[octo-small|PutEggplantInBasketScene-v1|fitted_fric_x0.4] ep 62 success=False steps=120 inf=11.7s sim=4.6s total=19.3s
[octo-small|PutEggplantInBasketScene-v1|fitted_fric_x0.4] ep 63 success=True steps=120 inf=11.8s sim=3.9s total=18.8s
== fitted_fric_x0.4: 29/64 success
