E:\research\the_world\.venv-windows-ms3\Lib\site-packages\sapien\wrapper\pinocchio_model.py:299: UserWarning: pinnochio package is not installed, robotics functionalities will not be available
  warnings.warn(
[33;1m2026-09-23 04:15:50,476 - mani_skill  - WARNING - Mimic targets dictionary is missing for controller config for widowx250s_bridgedataset_flat_table. Assuming the first joint is the control joint and the second joint is the mimic joint[0m
[33;1m2026-09-23 04:15:50,663 - mani_skill  - WARNING - No initial pose set for actor builder of bridge_spoon_generated_modified, setting to default pose q=[1,0,0,0], p=[0,0,0]. Not setting reasonable initial poses may slow down simulation, see https://github.com/haosulab/ManiSkill/issues/421.[0m
[33;1m2026-09-23 04:15:50,698 - mani_skill  - WARNING - No initial pose set for actor builder of table_cloth_generated_shorter, setting to default pose q=[1,0,0,0], p=[0,0,0]. Not setting reasonable initial poses may slow down simulation, see https://github.com/haosulab/ManiSkill/issues/421.[0m
[octo-small|PutSpoonOnTableClothInScene-v1|fitted_fric_x0.4] ep 0 success=True steps=60 inf=7.7s sim=3.0s total=13.0s
[octo-small|PutSpoonOnTableClothInScene-v1|fitted_fric_x0.4] ep 1 success=False steps=60 inf=8.3s sim=3.5s total=13.9s
[octo-small|PutSpoonOnTableClothInScene-v1|fitted_fric_x0.4] ep 2 success=False steps=60 inf=8.6s sim=3.3s total=14.1s
[octo-small|PutSpoonOnTableClothInScene-v1|fitted_fric_x0.4] ep 3 success=False steps=60 inf=9.0s sim=3.7s total=14.9s
[octo-small|PutSpoonOnTableClothInScene-v1|fitted_fric_x0.4] ep 4 success=False steps=60 inf=8.7s sim=2.9s total=13.8s
[octo-small|PutSpoonOnTableClothInScene-v1|fitted_fric_x0.4] ep 5 success=False steps=60 inf=8.8s sim=3.7s total=14.8s
[octo-small|PutSpoonOnTableClothInScene-v1|fitted_fric_x0.4] ep 6 success=False steps=60 inf=8.4s sim=3.3s total=14.0s
[octo-small|PutSpoonOnTableClothInScene-v1|fitted_fric_x0.4] ep 7 success=False steps=60 inf=8.1s sim=3.4s total=13.4s
[octo-small|PutSpoonOnTableClothInScene-v1|fitted_fric_x0.4] ep 8 success=False steps=60 inf=8.7s sim=3.0s total=14.0s
[octo-small|PutSpoonOnTableClothInScene-v1|fitted_fric_x0.4] ep 9 success=False steps=60 inf=8.4s sim=3.5s total=14.0s
[octo-small|PutSpoonOnTableClothInScene-v1|fitted_fric_x0.4] ep 10 success=True steps=60 inf=8.2s sim=3.5s total=14.1s
[octo-small|PutSpoonOnTableClothInScene-v1|fitted_fric_x0.4] ep 11 success=False steps=60 inf=8.8s sim=3.4s total=14.3s
[octo-small|PutSpoonOnTableClothInScene-v1|fitted_fric_x0.4] ep 12 success=False steps=60 inf=10.3s sim=3.5s total=16.1s
[octo-small|PutSpoonOnTableClothInScene-v1|fitted_fric_x0.4] ep 13 success=False steps=60 inf=13.3s sim=4.0s total=19.4s
[octo-small|PutSpoonOnTableClothInScene-v1|fitted_fric_x0.4] ep 14 success=False steps=60 inf=11.4s sim=3.0s total=16.7s
[octo-small|PutSpoonOnTableClothInScene-v1|fitted_fric_x0.4] ep 15 success=False steps=60 inf=6.6s sim=3.0s total=11.5s
[octo-small|PutSpoonOnTableClothInScene-v1|fitted_fric_x0.4] ep 16 success=False steps=60 inf=10.4s sim=2.9s total=15.5s
[octo-small|PutSpoonOnTableClothInScene-v1|fitted_fric_x0.4] ep 17 success=False steps=60 inf=12.1s sim=3.0s total=17.4s
[octo-small|PutSpoonOnTableClothInScene-v1|fitted_fric_x0.4] ep 18 success=False steps=60 inf=10.8s sim=3.2s total=16.3s
[octo-small|PutSpoonOnTableClothInScene-v1|fitted_fric_x0.4] ep 19 success=False steps=60 inf=11.9s sim=3.1s total=17.3s
[octo-small|PutSpoonOnTableClothInScene-v1|fitted_fric_x0.4] ep 20 success=False steps=60 inf=12.5s sim=2.9s total=17.7s
[octo-small|PutSpoonOnTableClothInScene-v1|fitted_fric_x0.4] ep 21 success=False steps=60 inf=11.9s sim=2.5s total=16.8s
[octo-small|PutSpoonOnTableClothInScene-v1|fitted_fric_x0.4] ep 22 success=False steps=60 inf=12.3s sim=3.2s total=16.4s
[octo-small|PutSpoonOnTableClothInScene-v1|fitted_fric_x0.4] ep 23 success=False steps=60 inf=11.6s sim=3.2s total=16.9s
== fitted_fric_x0.4: 2/24 success
