E:\research\the_world\.venv-windows-ms3\Lib\site-packages\sapien\wrapper\pinocchio_model.py:299: UserWarning: pinnochio package is not installed, robotics functionalities will not be available
  warnings.warn(
[33;1m2026-09-23 04:04:28,282 - mani_skill  - WARNING - Mimic targets dictionary is missing for controller config for widowx250s_bridgedataset_flat_table. Assuming the first joint is the control joint and the second joint is the mimic joint[0m
[33;1m2026-09-23 04:04:28,364 - mani_skill  - WARNING - No initial pose set for actor builder of bridge_spoon_generated_modified, setting to default pose q=[1,0,0,0], p=[0,0,0]. Not setting reasonable initial poses may slow down simulation, see https://github.com/haosulab/ManiSkill/issues/421.[0m
[33;1m2026-09-23 04:04:28,394 - mani_skill  - WARNING - No initial pose set for actor builder of table_cloth_generated_shorter, setting to default pose q=[1,0,0,0], p=[0,0,0]. Not setting reasonable initial poses may slow down simulation, see https://github.com/haosulab/ManiSkill/issues/421.[0m
[octo-base|PutSpoonOnTableClothInScene-v1|fitted_force_x0.5] ep 0 success=False steps=60 inf=6.5s sim=1.6s total=9.7s
[octo-base|PutSpoonOnTableClothInScene-v1|fitted_force_x0.5] ep 1 success=False steps=60 inf=6.6s sim=2.0s total=10.3s
[octo-base|PutSpoonOnTableClothInScene-v1|fitted_force_x0.5] ep 2 success=False steps=60 inf=6.6s sim=2.0s total=10.2s
[octo-base|PutSpoonOnTableClothInScene-v1|fitted_force_x0.5] ep 3 success=False steps=60 inf=8.5s sim=2.5s total=12.9s
[octo-base|PutSpoonOnTableClothInScene-v1|fitted_force_x0.5] ep 4 success=False steps=60 inf=9.8s sim=3.3s total=15.4s
[octo-base|PutSpoonOnTableClothInScene-v1|fitted_force_x0.5] ep 5 success=False steps=60 inf=9.8s sim=3.2s total=15.4s
[octo-base|PutSpoonOnTableClothInScene-v1|fitted_force_x0.5] ep 6 success=True steps=60 inf=10.2s sim=3.3s total=15.6s
[octo-base|PutSpoonOnTableClothInScene-v1|fitted_force_x0.5] ep 7 success=False steps=60 inf=12.8s sim=3.3s total=18.6s
[octo-base|PutSpoonOnTableClothInScene-v1|fitted_force_x0.5] ep 8 success=False steps=60 inf=9.3s sim=2.5s total=13.9s
[octo-base|PutSpoonOnTableClothInScene-v1|fitted_force_x0.5] ep 9 success=False steps=60 inf=13.6s sim=3.4s total=19.4s
[octo-base|PutSpoonOnTableClothInScene-v1|fitted_force_x0.5] ep 10 success=True steps=60 inf=14.6s sim=3.4s total=20.4s
[octo-base|PutSpoonOnTableClothInScene-v1|fitted_force_x0.5] ep 11 success=False steps=60 inf=19.8s sim=3.3s total=25.6s
[octo-base|PutSpoonOnTableClothInScene-v1|fitted_force_x0.5] ep 12 success=False steps=60 inf=20.0s sim=3.1s total=26.0s
[octo-base|PutSpoonOnTableClothInScene-v1|fitted_force_x0.5] ep 13 success=True steps=60 inf=13.4s sim=3.1s total=18.7s
[octo-base|PutSpoonOnTableClothInScene-v1|fitted_force_x0.5] ep 14 success=False steps=60 inf=11.6s sim=2.9s total=16.9s
[octo-base|PutSpoonOnTableClothInScene-v1|fitted_force_x0.5] ep 15 success=False steps=60 inf=23.9s sim=3.0s total=29.9s
[octo-base|PutSpoonOnTableClothInScene-v1|fitted_force_x0.5] ep 16 success=False steps=60 inf=12.4s sim=3.3s total=18.1s
[octo-base|PutSpoonOnTableClothInScene-v1|fitted_force_x0.5] ep 17 success=False steps=60 inf=18.3s sim=2.8s total=23.6s
[octo-base|PutSpoonOnTableClothInScene-v1|fitted_force_x0.5] ep 18 success=False steps=60 inf=22.6s sim=3.3s total=29.0s
[octo-base|PutSpoonOnTableClothInScene-v1|fitted_force_x0.5] ep 19 success=False steps=60 inf=21.0s sim=3.1s total=27.0s
[octo-base|PutSpoonOnTableClothInScene-v1|fitted_force_x0.5] ep 20 success=False steps=60 inf=23.7s sim=3.0s total=29.6s
[octo-base|PutSpoonOnTableClothInScene-v1|fitted_force_x0.5] ep 21 success=False steps=60 inf=14.5s sim=2.8s total=19.7s
[octo-base|PutSpoonOnTableClothInScene-v1|fitted_force_x0.5] ep 22 success=True steps=60 inf=16.6s sim=3.0s total=22.3s
[octo-base|PutSpoonOnTableClothInScene-v1|fitted_force_x0.5] ep 23 success=False steps=60 inf=17.2s sim=3.2s total=22.9s
== fitted_force_x0.5: 4/24 success
