[force_x0.5] build {'lr_switch': True} -> 25 episodes
[force_x0.5] effective: {"stiffness_scale": 1.0, "damping_scale": 1.0, "force_scale": 0.5, "delay_steps": 0, "fric_scale": 1.0, "dens_scale": 1.0, "drives": {"stiffness": [1700.0, 1737.047119140625, 979.[2026-09-21 06:49:39.664] [svulkan2] [warning] A second renderer will share the same internal context with the first one. Arguments passed to constructor will be ignored.
[2026-09-21 06:52:01.937] [svulkan2] [warning] A second renderer will share the same internal context with the first one. Arguments passed to constructor will be ignored.
[2026-09-21 06:54:12.983] [svulkan2] [warning] A second renderer will share the same internal context with the first one. Arguments passed to constructor will be ignored.
[2026-09-21 06:56:04.106] [svulkan2] [warning] A second renderer will share the same internal context with the first one. Arguments passed to constructor will be ignored.
[2026-09-21 06:58:59.134] [svulkan2] [warning] A second renderer will share the same internal context with the first one. Arguments passed to constructor will be ignored.
[2026-09-21 07:01:02.690] [svulkan2] [warning] A second renderer will share the same internal context with the first one. Arguments passed to constructor will be ignored.
[2026-09-21 07:02:36.507] [svulkan2] [warning] A second renderer will share the same internal context with the first one. Arguments passed to constructor will be ignored.
[2026-09-21 07:05:48.641] [svulkan2] [warning] A second renderer will share the same internal context with the first one. Arguments passed to constructor will be ignored.
[2026-09-21 07:08:07.312] [svulkan2] [warning] A second renderer will share the same internal context with the first one. Arguments passed to constructor will be ignored.
[2026-09-21 07:09:52.209] [svulkan2] [warning] A second renderer will share the same internal context with the first one. Arguments passed to constructor will be ignored.
[2026-09-21 07:13:01.731] [svulkan2] [warning] A second renderer will share the same internal context with the first one. Arguments passed to constructor will be ignored.
3.6s (inf 2.2s)
[force_x0.5] ep 22 success=1 steps=17 grip_closes=2 3.4s (inf 2.0s)
[force_x0.5] ep 23 success=1 steps=13 grip_closes=2 2.6s (inf 1.5s)
[force_x0.5] ep 24 success=1 steps=14 grip_closes=2 2.7s (inf 1.6s)
[force_x0.5] build {'upright': True} -> 25 episodes
[force_x0.5] ep 25 success=1 steps=26 grip_closes=2 4.8s (inf 3.0s)
[force_x0.5] ep 26 success=1 steps=80 grip_closes=2 14.9s (inf 9.1s)
[force_x0.5] ep 27 success=1 steps=18 grip_closes=2 3.4s (inf 2.1s)
[force_x0.5] ep 28 success=1 steps=20 grip_closes=2 3.8s (inf 2.3s)
[force_x0.5] ep 29 success=1 steps=26 grip_closes=2 4.9s (inf 3.0s)
[force_x0.5] ep 30 success=1 steps=24 grip_closes=2 4.5s (inf 2.8s)
[force_x0.5] ep 31 success=0 steps=80 grip_closes=2 15.0s (inf 9.2s)
[force_x0.5] ep 32 success=1 steps=18 grip_closes=2 3.4s (inf 2.1s)
[force_x0.5] ep 33 success=1 steps=27 grip_closes=2 5.1s (inf 3.1s)
[force_x0.5] ep 34 success=1 steps=32 grip_closes=3 6.1s (inf 3.7s)
[force_x0.5] ep 35 success=1 steps=63 grip_closes=2 11.7s (inf 7.2s)
[force_x0.5] ep 36 success=1 steps=39 grip_closes=2 7.2s (inf 4.5s)
[force_x0.5] ep 37 success=1 steps=15 grip_closes=2 2.8s (inf 1.7s)
[force_x0.5] ep 38 success=1 steps=15 grip_closes=2 2.9s (inf 1.7s)
[force_x0.5] ep 39 success=1 steps=18 grip_closes=2 3.4s (inf 2.1s)
[force_x0.5] ep 40 success=1 steps=25 grip_closes=2 4.7s (inf 2.9s)
[force_x0.5] ep 41 success=1 steps=20 grip_closes=2 3.8s (inf 2.3s)
[force_x0.5] ep 42 success=1 steps=15 grip_closes=2 2.9s (inf 1.7s)
[force_x0.5] ep 43 success=1 steps=17 grip_closes=2 3.2s (inf 1.9s)
[force_x0.5] ep 44 success=0 steps=10 grip_closes=2 1.9s (inf 1.1s)
[force_x0.5] ep 45 success=0 steps=19 grip_closes=2 3.6s (inf 2.2s)
[force_x0.5] ep 46 success=1 steps=20 grip_closes=2 3.7s (inf 2.3s)
[force_x0.5] ep 47 success=1 steps=19 grip_closes=2 3.6s (inf 2.2s)
[force_x0.5] ep 48 success=1 steps=20 grip_closes=2 3.8s (inf 2.3s)
[force_x0.5] ep 49 success=0 steps=80 grip_closes=4 15.0s (inf 9.1s)
[force_x0.5] build {'laid_vertically': True} -> 25 episodes
[force_x0.5] ep 50 success=1 steps=80 grip_closes=3 14.6s (inf 9.2s)
[force_x0.5] ep 51 success=1 steps=24 grip_closes=2 4.6s (inf 2.8s)
[force_x0.5] ep 52 success=1 steps=20 grip_closes=2 3.9s (inf 2.3s)
[force_x0.5] ep 53 success=1 steps=19 grip_closes=2 3.6s (inf 2.2s)
[force_x0.5] ep 54 success=1 steps=19 grip_closes=2 3.7s (inf 2.2s)
[force_x0.5] ep 55 success=0 steps=31 grip_closes=2 5.7s (inf 3.6s)
[force_x0.5] ep 56 success=1 steps=22 grip_closes=2 4.1s (inf 2.5s)
[force_x0.5] ep 57 success=1 steps=19 grip_closes=2 3.7s (inf 2.2s)
[force_x0.5] ep 58 success=1 steps=20 grip_closes=2 3.8s (inf 2.3s)
[force_x0.5] ep 59 success=1 steps=17 grip_closes=2 3.3s (inf 2.0s)
[force_x0.5] ep 60 success=0 steps=80 grip_closes=1 14.7s (inf 9.2s)
[force_x0.5] ep 61 success=1 steps=20 grip_closes=2 3.7s (inf 2.3s)
[force_x0.5] ep 62 success=1 steps=20 grip_closes=2 3.9s (inf 2.3s)
[force_x0.5] ep 63 success=1 steps=20 grip_closes=2 3.8s (inf 2.3s)
[force_x0.5] ep 64 success=1 steps=16 grip_closes=2 3.1s (inf 1.8s)
[force_x0.5] ep 65 success=0 steps=80 grip_closes=3 15.2s (inf 9.2s)
[force_x0.5] ep 66 success=1 steps=23 grip_closes=2 4.4s (inf 2.7s)
[force_x0.5] ep 67 success=1 steps=20 grip_closes=2 3.8s (inf 2.3s)
[force_x0.5] ep 68 success=1 steps=19 grip_closes=2 3.6s (inf 2.2s)
[force_x0.5] ep 69 success=1 steps=16 grip_closes=2 3.2s (inf 1.9s)
[force_x0.5] ep 70 success=1 steps=19 grip_closes=2 3.7s (inf 2.2s)
[force_x0.5] ep 71 success=0 steps=21 grip_closes=2 4.1s (inf 2.4s)
[force_x0.5] ep 72 success=1 steps=22 grip_closes=2 4.2s (inf 2.5s)
[force_x0.5] ep 73 success=1 steps=18 grip_closes=2 3.4s (inf 2.0s)
[force_x0.5] ep 74 success=1 steps=16 grip_closes=2 3.0s (inf 1.8s)
[force_x0.5] build {'lr_switch': True, 'urdf_version': 'recolor_tabletop_visual_matching_1'} -> 25 episodes
[force_x0.5] ep 75 success=1 steps=80 grip_closes=2 14.9s (inf 9.2s)
[force_x0.5] ep 76 success=1 steps=22 grip_closes=2 4.1s (inf 2.5s)
[force_x0.5] ep 77 success=1 steps=17 grip_closes=2 3.3s (inf 2.0s)
[force_x0.5] ep 78 success=1 steps=14 grip_closes=2 2.8s (inf 1.6s)
[force_x0.5] ep 79 success=0 steps=48 grip_closes=3 9.0s (inf 5.5s)
[force_x0.5] ep 80 success=1 steps=80 grip_closes=2 15.1s (inf 9.2s)
[force_x0.5] ep 81 success=1 steps=18 grip_closes=2 3.4s (inf 2.1s)
[force_x0.5] ep 82 success=1 steps=16 grip_closes=2 3.1s (inf 1.8s)
[force_x0.5] ep 83 success=1 steps=14 grip_closes=2 2.8s (inf 1.6s)
[force_x0.5] ep 84 success=1 steps=16 grip_closes=2 3.0s (inf 1.8s)
[force_x0.5] ep 85 success=1 steps=20 grip_closes=2 3.9s (inf 2.3s)
[force_x0.5] ep 86 success=1 steps=16 grip_closes=2 3.2s (inf 1.9s)
[force_x0.5] ep 87 success=1 steps=15 grip_closes=2 3.0s (inf 1.7s)
[force_x0.5] ep 88 success=1 steps=15 grip_closes=2 2.9s (inf 1.7s)
[force_x0.5] ep 89 success=1 steps=15 grip_closes=2 2.9s (inf 1.7s)
[force_x0.5] ep 90 success=1 steps=18 grip_closes=2 3.5s (inf 2.1s)
[force_x0.5] ep 91 success=1 steps=16 grip_closes=2 3.1s (inf 1.8s)
[force_x0.5] ep 92 success=1 steps=15 grip_closes=2 3.0s (inf 1.7s)
[force_x0.5] ep 93 success=1 steps=15 grip_closes=2 2.9s (inf 1.7s)
[force_x0.5] ep 94 success=1 steps=15 grip_closes=2 3.0s (inf 1.7s)
[force_x0.5] ep 95 success=1 steps=21 grip_closes=2 4.0s (inf 2.4s)
[force_x0.5] ep 96 success=1 steps=18 grip_closes=2 3.5s (inf 2.1s)
[force_x0.5] ep 97 success=1 steps=16 grip_closes=2 3.1s (inf 1.8s)
[force_x0.5] ep 98 success=1 steps=14 grip_closes=2 2.8s (inf 1.6s)
[force_x0.5] ep 99 success=1 steps=13 grip_closes=2 2.5s (inf 1.5s)
[force_x0.5] build {'upright': True, 'urdf_version': 'recolor_tabletop_visual_matching_1'} -> 25 episodes
[force_x0.5] ep 100 success=1 steps=28 grip_closes=2 5.1s (inf 3.2s)
[force_x0.5] ep 101 success=1 steps=21 grip_closes=2 3.9s (inf 2.4s)
[force_x0.5] ep 102 success=1 steps=58 grip_closes=2 10.8s (inf 6.7s)
[force_x0.5] ep 103 success=0 steps=80 grip_closes=6 14.7s (inf 9.2s)
[force_x0.5] ep 104 success=0 steps=39 grip_closes=2 7.2s (inf 4.5s)
[force_x0.5] ep 105 success=1 steps=23 grip_closes=2 4.3s (inf 2.7s)
[force_x0.5] ep 106 success=1 steps=63 grip_closes=2 11.8s (inf 7.2s)
[force_x0.5] ep 107 success=1 steps=18 grip_closes=2 3.4s (inf 2.1s)
[force_x0.5] ep 108 success=1 steps=18 grip_closes=2 3.4s (inf 2.1s)
[force_x0.5] ep 109 success=1 steps=24 grip_closes=2 4.6s (inf 2.8s)
[force_x0.5] ep 110 success=1 steps=25 grip_closes=2 4.7s (inf 2.9s)
[force_x0.5] ep 111 success=1 steps=20 grip_closes=2 3.8s (inf 2.3s)
[force_x0.5] ep 112 success=1 steps=19 grip_closes=2 3.6s (inf 2.2s)
[force_x0.5] ep 113 success=1 steps=15 grip_closes=2 2.9s (inf 1.7s)
[force_x0.5] ep 114 success=0 steps=80 grip_closes=7 15.0s (inf 9.3s)
[force_x0.5] ep 115 success=1 steps=23 grip_closes=2 4.3s (inf 2.7s)
[force_x0.5] ep 116 success=1 steps=22 grip_closes=2 4.1s (inf 2.5s)
[force_x0.5] ep 117 success=1 steps=24 grip_closes=2 4.6s (inf 2.8s)
[force_x0.5] ep 118 success=0 steps=80 grip_closes=2 15.1s (inf 9.2s)
[force_x0.5] ep 119 success=0 steps=80 grip_closes=2 15.0s (inf 9.2s)
[force_x0.5] ep 120 success=0 steps=21 grip_closes=2 3.9s (inf 2.4s)
[force_x0.5] ep 121 success=1 steps=80 grip_closes=2 14.8s (inf 9.2s)
[force_x0.5] ep 122 success=1 steps=18 grip_closes=2 3.4s (inf 2.1s)
[force_x0.5] ep 123 success=1 steps=29 grip_closes=3 5.4s (inf 3.3s)
[force_x0.5] ep 124 success=1 steps=16 grip_closes=2 3.1s (inf 1.8s)
[force_x0.5] build {'laid_vertically': True, 'urdf_version': 'recolor_tabletop_visual_matching_1'} -> 25 episodes
[force_x0.5] ep 125 success=1 steps=41 grip_closes=2 7.7s (inf 4.7s)
[force_x0.5] ep 126 success=1 steps=22 grip_closes=2 4.1s (inf 2.6s)
[force_x0.5] ep 127 success=1 steps=20 grip_closes=2 3.9s (inf 2.3s)
[force_x0.5] ep 128 success=1 steps=19 grip_closes=2 3.6s (inf 2.2s)
[force_x0.5] ep 129 success=1 steps=21 grip_closes=2 4.1s (inf 2.4s)
[force_x0.5] ep 130 success=0 steps=80 grip_closes=1 14.7s (inf 9.3s)
[force_x0.5] ep 131 success=1 steps=19 grip_closes=2 3.7s (inf 2.3s)
[force_x0.5] ep 132 success=1 steps=19 grip_closes=2 3.7s (inf 2.2s)
[force_x0.5] ep 133 success=1 steps=19 grip_closes=2 4.0s (inf 2.4s)
[force_x0.5] ep 134 success=1 steps=20 grip_closes=2 4.1s (inf 2.5s)
[force_x0.5] ep 135 success=1 steps=27 grip_closes=2 5.4s (inf 3.2s)
[force_x0.5] ep 136 success=1 steps=20 grip_closes=2 4.0s (inf 2.4s)
[force_x0.5] ep 137 success=1 steps=19 grip_closes=2 4.3s (inf 2.5s)
[force_x0.5] ep 138 success=1 steps=19 grip_closes=2 4.4s (inf 2.5s)
[force_x0.5] ep 139 success=1 steps=17 grip_closes=2 3.8s (inf 2.2s)
[force_x0.5] ep 140 success=0 steps=41 grip_closes=2 8.5s (inf 5.1s)
[force_x0.5] ep 141 success=1 steps=20 grip_closes=2 4.1s (inf 2.4s)
[force_x0.5] ep 142 success=1 steps=20 grip_closes=2 3.9s (inf 2.4s)
[force_x0.5] ep 143 success=1 steps=18 grip_closes=2 3.9s (inf 2.2s)
[force_x0.5] ep 144 success=1 steps=20 grip_closes=2 4.1s (inf 2.4s)
[force_x0.5] ep 145 success=0 steps=22 grip_closes=2 4.5s (inf 2.6s)
[force_x0.5] ep 146 success=1 steps=20 grip_closes=2 4.1s (inf 2.4s)
[force_x0.5] ep 147 success=1 steps=24 grip_closes=2 4.9s (inf 2.9s)
[force_x0.5] ep 148 success=1 steps=18 grip_closes=2 3.6s (inf 2.2s)
[force_x0.5] ep 149 success=1 steps=21 grip_closes=2 4.3s (inf 2.5s)
[force_x0.5] build {'lr_switch': True, 'urdf_version': 'recolor_tabletop_visual_matching_2'} -> 25 episodes
[force_x0.5] ep 150 success=1 steps=38 grip_closes=2 7.7s (inf 4.6s)
[force_x0.5] ep 151 success=1 steps=20 grip_closes=2 3.9s (inf 2.4s)
[force_x0.5] ep 152 success=1 steps=19 grip_closes=2 3.9s (inf 2.3s)
[force_x0.5] ep 153 success=1 steps=16 grip_closes=2 3.3s (inf 1.9s)
[force_x0.5] ep 154 success=1 steps=20 grip_closes=2 4.1s (inf 2.4s)
[force_x0.5] ep 155 success=1 steps=23 grip_closes=2 4.6s (inf 2.7s)
[force_x0.5] ep 156 success=1 steps=19 grip_closes=2 3.8s (inf 2.2s)
[force_x0.5] ep 157 success=1 steps=16 grip_closes=2 3.3s (inf 1.9s)
[force_x0.5] ep 158 success=1 steps=15 grip_closes=2 3.1s (inf 1.8s)
[force_x0.5] ep 159 success=1 steps=16 grip_closes=2 3.3s (inf 1.9s)
[force_x0.5] ep 160 success=1 steps=19 grip_closes=2 3.8s (inf 2.2s)
[force_x0.5] ep 161 success=1 steps=17 grip_closes=2 3.5s (inf 2.0s)
[force_x0.5] ep 162 success=1 steps=15 grip_closes=2 3.1s (inf 1.8s)
[force_x0.5] ep 163 success=1 steps=15 grip_closes=2 3.2s (inf 1.8s)
[force_x0.5] ep 164 success=1 steps=15 grip_closes=2 3.1s (inf 1.8s)
[force_x0.5] ep 165 success=1 steps=20 grip_closes=2 4.3s (inf 2.5s)
[force_x0.5] ep 166 success=1 steps=16 grip_closes=2 3.5s (inf 2.0s)
[force_x0.5] ep 167 success=1 steps=15 grip_closes=2 3.1s (inf 1.8s)
[force_x0.5] ep 168 success=1 steps=15 grip_closes=2 3.2s (inf 1.8s)
[force_x0.5] ep 169 success=1 steps=14 grip_closes=2 3.1s (inf 1.7s)
[force_x0.5] ep 170 success=1 steps=20 grip_closes=2 4.1s (inf 2.4s)
[force_x0.5] ep 171 success=1 steps=17 grip_closes=2 3.5s (inf 2.0s)
[force_x0.5] ep 172 success=1 steps=16 grip_closes=2 3.5s (inf 2.0s)
[force_x0.5] ep 173 success=1 steps=13 grip_closes=2 2.7s (inf 1.5s)
[force_x0.5] ep 174 success=1 steps=13 grip_closes=2 2.6s (inf 1.5s)
[force_x0.5] build {'upright': True, 'urdf_version': 'recolor_tabletop_visual_matching_2'} -> 25 episodes
[force_x0.5] ep 175 success=1 steps=25 grip_closes=2 4.8s (inf 3.0s)
[force_x0.5] ep 176 success=1 steps=80 grip_closes=2 15.6s (inf 9.6s)
[force_x0.5] ep 177 success=1 steps=61 grip_closes=2 11.7s (inf 7.1s)
[force_x0.5] ep 178 success=1 steps=80 grip_closes=2 15.9s (inf 9.6s)
[force_x0.5] ep 179 success=1 steps=26 grip_closes=2 5.0s (inf 3.0s)
[force_x0.5] ep 180 success=1 steps=24 grip_closes=2 4.5s (inf 2.8s)
[force_x0.5] ep 181 success=1 steps=36 grip_closes=2 6.8s (inf 4.2s)
[force_x0.5] ep 182 success=1 steps=17 grip_closes=2 3.2s (inf 2.0s)
[force_x0.5] ep 183 success=1 steps=80 grip_closes=5 15.1s (inf 9.3s)
[force_x0.5] ep 184 success=1 steps=17 grip_closes=2 3.2s (inf 1.9s)
[force_x0.5] ep 185 success=1 steps=24 grip_closes=2 4.6s (inf 2.8s)
[force_x0.5] ep 186 success=0 steps=80 grip_closes=2 15.3s (inf 9.3s)
[force_x0.5] ep 187 success=1 steps=20 grip_closes=2 3.9s (inf 2.3s)
[force_x0.5] ep 188 success=1 steps=14 grip_closes=2 2.8s (inf 1.6s)
[force_x0.5] ep 189 success=0 steps=13 grip_closes=2 2.7s (inf 1.6s)
[force_x0.5] ep 190 success=1 steps=23 grip_closes=2 4.5s (inf 2.7s)
[force_x0.5] ep 191 success=1 steps=21 grip_closes=2 4.0s (inf 2.4s)
[force_x0.5] ep 192 success=1 steps=80 grip_closes=2 15.5s (inf 9.4s)
[force_x0.5] ep 193 success=0 steps=80 grip_closes=2 15.2s (inf 9.3s)
[force_x0.5] ep 194 success=1 steps=13 grip_closes=2 2.5s (inf 1.5s)
[force_x0.5] ep 195 success=1 steps=34 grip_closes=2 6.5s (inf 4.0s)
[force_x0.5] ep 196 success=1 steps=19 grip_closes=2 3.6s (inf 2.2s)
[force_x0.5] ep 197 success=1 steps=19 grip_closes=2 3.6s (inf 2.2s)
[force_x0.5] ep 198 success=1 steps=16 grip_closes=2 3.2s (inf 1.9s)
[force_x0.5] ep 199 success=0 steps=80 grip_closes=2 16.1s (inf 9.7s)
[force_x0.5] build {'laid_vertically': True, 'urdf_version': 'recolor_tabletop_visual_matching_2'} -> 25 episodes
[force_x0.5] ep 200 success=0 steps=67 grip_closes=4 12.9s (inf 8.0s)
[force_x0.5] ep 201 success=1 steps=20 grip_closes=2 4.0s (inf 2.4s)
[force_x0.5] ep 202 success=1 steps=20 grip_closes=2 3.8s (inf 2.3s)
[force_x0.5] ep 203 success=1 steps=19 grip_closes=2 4.0s (inf 2.3s)
[force_x0.5] ep 204 success=0 steps=36 grip_closes=2 7.3s (inf 4.3s)
[force_x0.5] ep 205 success=1 steps=35 grip_closes=2 6.9s (inf 4.2s)
[force_x0.5] ep 206 success=1 steps=20 grip_closes=2 3.8s (inf 2.4s)
[force_x0.5] ep 207 success=1 steps=21 grip_closes=2 4.1s (inf 2.5s)
[force_x0.5] ep 208 success=1 steps=20 grip_closes=2 4.1s (inf 2.4s)
[force_x0.5] ep 209 success=1 steps=17 grip_closes=2 3.4s (inf 2.0s)
[force_x0.5] ep 210 success=1 steps=80 grip_closes=2 15.5s (inf 9.5s)
[force_x0.5] ep 211 success=0 steps=25 grip_closes=2 4.8s (inf 2.9s)
[force_x0.5] ep 212 success=1 steps=19 grip_closes=2 3.7s (inf 2.2s)
[force_x0.5] ep 213 success=1 steps=19 grip_closes=2 3.7s (inf 2.2s)
[force_x0.5] ep 214 success=1 steps=17 grip_closes=2 3.3s (inf 2.0s)
[force_x0.5] ep 215 success=0 steps=80 grip_closes=3 15.6s (inf 9.4s)
[force_x0.5] ep 216 success=1 steps=21 grip_closes=2 4.3s (inf 2.6s)
[force_x0.5] ep 217 success=1 steps=22 grip_closes=2 4.4s (inf 2.6s)
[force_x0.5] ep 218 success=1 steps=19 grip_closes=2 3.9s (inf 2.3s)
[force_x0.5] ep 219 success=1 steps=17 grip_closes=2 3.3s (inf 2.0s)
[force_x0.5] ep 220 success=1 steps=17 grip_closes=2 3.3s (inf 2.0s)
[force_x0.5] ep 221 success=1 steps=19 grip_closes=2 3.7s (inf 2.2s)
[force_x0.5] ep 222 success=1 steps=23 grip_closes=2 4.6s (inf 2.7s)
[force_x0.5] ep 223 success=1 steps=18 grip_closes=2 3.6s (inf 2.1s)
[force_x0.5] ep 224 success=1 steps=22 grip_closes=2 4.4s (inf 2.6s)
[force_x0.5] build {'lr_switch': True, 'urdf_version': 'recolor_cabinet_visual_matching_1'} -> 25 episodes
[force_x0.5] ep 225 success=1 steps=36 grip_closes=2 6.9s (inf 4.2s)
[force_x0.5] ep 226 success=1 steps=39 grip_closes=3 7.4s (inf 4.6s)
[force_x0.5] ep 227 success=1 steps=19 grip_closes=2 3.6s (inf 2.3s)
[force_x0.5] ep 228 success=1 steps=17 grip_closes=2 3.4s (inf 2.0s)
[force_x0.5] ep 229 success=0 steps=80 grip_closes=2 14.9s (inf 9.4s)
[force_x0.5] ep 230 success=1 steps=25 grip_closes=2 4.7s (inf 2.9s)
[force_x0.5] ep 231 success=1 steps=18 grip_closes=2 3.5s (inf 2.1s)
[force_x0.5] ep 232 success=1 steps=15 grip_closes=2 3.0s (inf 1.7s)
[force_x0.5] ep 233 success=1 steps=14 grip_closes=2 2.8s (inf 1.6s)
[force_x0.5] ep 234 success=1 steps=17 grip_closes=2 3.4s (inf 2.0s)
[force_x0.5] ep 235 success=1 steps=22 grip_closes=2 4.4s (inf 2.6s)
[force_x0.5] ep 236 success=1 steps=16 grip_closes=2 3.3s (inf 1.9s)
[force_x0.5] ep 237 success=1 steps=15 grip_closes=2 3.1s (inf 1.8s)
[force_x0.5] ep 238 success=1 steps=15 grip_closes=2 2.9s (inf 1.7s)
[force_x0.5] ep 239 success=1 steps=15 grip_closes=2 2.9s (inf 1.7s)
[force_x0.5] ep 240 success=1 steps=20 grip_closes=2 4.0s (inf 2.4s)
[force_x0.5] ep 241 success=1 steps=16 grip_closes=2 3.2s (inf 1.9s)
[force_x0.5] ep 242 success=1 steps=15 grip_closes=2 3.0s (inf 1.8s)
[force_x0.5] ep 243 success=1 steps=14 grip_closes=2 2.8s (inf 1.6s)
[force_x0.5] ep 244 success=1 steps=15 grip_closes=2 3.0s (inf 1.7s)
[force_x0.5] ep 245 success=1 steps=21 grip_closes=2 4.1s (inf 2.4s)
[force_x0.5] ep 246 success=1 steps=17 grip_closes=2 3.3s (inf 2.0s)
[force_x0.5] ep 247 success=1 steps=16 grip_closes=2 3.2s (inf 1.8s)
[force_x0.5] ep 248 success=1 steps=13 grip_closes=2 2.6s (inf 1.5s)
[force_x0.5] ep 249 success=1 steps=14 grip_closes=2 2.7s (inf 1.6s)
[force_x0.5] build {'upright': True, 'urdf_version': 'recolor_cabinet_visual_matching_1'} -> 25 episodes
[force_x0.5] ep 250 success=1 steps=27 grip_closes=2 5.0s (inf 3.1s)
[force_x0.5] ep 251 success=1 steps=22 grip_closes=2 4.2s (inf 2.6s)
[force_x0.5] ep 252 success=1 steps=37 grip_closes=2 7.1s (inf 4.3s)
[force_x0.5] ep 253 success=0 steps=20 grip_closes=2 4.5s (inf 2.8s)
[force_x0.5] ep 254 success=0 steps=80 grip_closes=2 15.0s (inf 9.3s)
[force_x0.5] ep 255 success=1 steps=25 grip_closes=2 5.1s (inf 3.1s)
[force_x0.5] ep 256 success=1 steps=19 grip_closes=2 3.8s (inf 2.3s)
[force_x0.5] ep 257 success=0 steps=51 grip_closes=3 10.1s (inf 6.2s)
[force_x0.5] ep 258 success=0 steps=18 grip_closes=2 3.6s (inf 2.2s)
[force_x0.5] ep 259 success=1 steps=19 grip_closes=2 3.8s (inf 2.3s)
[force_x0.5] ep 260 success=1 steps=24 grip_closes=2 4.6s (inf 2.9s)
[force_x0.5] ep 261 success=1 steps=80 grip_closes=2 15.7s (inf 9.6s)
[force_x0.5] ep 262 success=1 steps=17 grip_closes=2 3.3s (inf 2.0s)
[force_x0.5] ep 263 success=1 steps=15 grip_closes=2 3.0s (inf 1.8s)
[force_x0.5] ep 264 success=0 steps=19 grip_closes=2 3.8s (inf 2.2s)
[force_x0.5] ep 265 success=1 steps=22 grip_closes=2 4.4s (inf 2.7s)
[force_x0.5] ep 266 success=0 steps=80 grip_closes=2 15.8s (inf 9.7s)
[force_x0.5] ep 267 success=1 steps=17 grip_closes=2 3.3s (inf 2.0s)
[force_x0.5] ep 268 success=1 steps=72 grip_closes=2 14.4s (inf 8.8s)
[force_x0.5] ep 269 success=0 steps=60 grip_closes=2 12.1s (inf 7.3s)
[force_x0.5] ep 270 success=1 steps=80 grip_closes=2 16.8s (inf 10.1s)
[force_x0.5] ep 271 success=1 steps=24 grip_closes=2 4.7s (inf 2.9s)
[force_x0.5] ep 272 success=1 steps=19 grip_closes=2 3.8s (inf 2.3s)
[force_x0.5] ep 273 success=0 steps=80 grip_closes=2 16.1s (inf 9.7s)
[force_x0.5] ep 274 success=1 steps=17 grip_closes=2 3.4s (inf 2.0s)
[force_x0.5] build {'laid_vertically': True, 'urdf_version': 'recolor_cabinet_visual_matching_1'} -> 25 episodes
[force_x0.5] ep 275 success=1 steps=66 grip_closes=2 13.1s (inf 8.0s)
[force_x0.5] ep 276 success=1 steps=22 grip_closes=2 4.3s (inf 2.7s)
[force_x0.5] ep 277 success=1 steps=20 grip_closes=2 4.1s (inf 2.4s)
[force_x0.5] ep 278 success=1 steps=19 grip_closes=2 3.9s (inf 2.3s)
[force_x0.5] ep 279 success=1 steps=21 grip_closes=2 4.2s (inf 2.5s)
[force_x0.5] ep 280 success=0 steps=80 grip_closes=3 15.5s (inf 9.6s)
[force_x0.5] ep 281 success=1 steps=20 grip_closes=2 4.0s (inf 2.4s)
[force_x0.5] ep 282 success=1 steps=20 grip_closes=2 4.0s (inf 2.4s)
[force_x0.5] ep 283 success=1 steps=19 grip_closes=2 3.8s (inf 2.3s)
[force_x0.5] ep 284 success=1 steps=19 grip_closes=2 3.9s (inf 2.3s)
[force_x0.5] ep 285 success=1 steps=41 grip_closes=3 8.0s (inf 4.9s)
[force_x0.5] ep 286 success=1 steps=19 grip_closes=2 3.8s (inf 2.3s)
[force_x0.5] ep 287 success=1 steps=20 grip_closes=2 4.0s (inf 2.4s)
[force_x0.5] ep 288 success=1 steps=19 grip_closes=2 3.8s (inf 2.3s)
[force_x0.5] ep 289 success=1 steps=18 grip_closes=2 3.7s (inf 2.2s)
[force_x0.5] ep 290 success=0 steps=46 grip_closes=3 9.1s (inf 5.5s)
[force_x0.5] ep 291 success=1 steps=22 grip_closes=2 4.5s (inf 2.6s)
[force_x0.5] ep 292 success=1 steps=21 grip_closes=2 4.2s (inf 2.5s)
[force_x0.5] ep 293 success=1 steps=19 grip_closes=2 3.9s (inf 2.3s)
[force_x0.5] ep 294 success=1 steps=23 grip_closes=2 4.5s (inf 2.7s)
[force_x0.5] ep 295 success=0 steps=25 grip_closes=2 5.0s (inf 3.0s)
[force_x0.5] ep 296 success=1 steps=22 grip_closes=2 4.5s (inf 2.6s)
[force_x0.5] ep 297 success=1 steps=23 grip_closes=2 4.7s (inf 2.8s)
[force_x0.5] ep 298 success=1 steps=19 grip_closes=2 3.9s (inf 2.3s)
[force_x0.5] ep 299 success=1 steps=22 grip_closes=2 4.6s (inf 2.7s)
[force_x0.5] n=300 success_rate=0.873
SWEEP_MS2_DONE /mnt/e/research/the_world/results/fractal_reversal/rt-1-converged/GraspSingleOpenedCokeCanInScene-v0
