[force_x0.5] build {'lr_switch': True} -> 25 episodes
[force_x0.5] effective: {"stiffness_scale": 1.0, "damping_scale": 1.0, "force_scale": 0.5, "delay_steps": 0, "fric_scale": 1.0, "dens_scale": 1.0, "drives": {"stiffness": [1700.0, 1737.047119140625, 979.[2026-09-21 08:26:25.583] [svulkan2] [warning] A second renderer will share the same internal context with the first one. Arguments passed to constructor will be ignored.
[2026-09-21 08:30:30.729] [svulkan2] [warning] A second renderer will share the same internal context with the first one. Arguments passed to constructor will be ignored.
[2026-09-21 08:33:55.921] [svulkan2] [warning] A second renderer will share the same internal context with the first one. Arguments passed to constructor will be ignored.
[2026-09-21 08:36:02.572] [svulkan2] [warning] A second renderer will share the same internal context with the first one. Arguments passed to constructor will be ignored.
[2026-09-21 08:40:26.705] [svulkan2] [warning] A second renderer will share the same internal context with the first one. Arguments passed to constructor will be ignored.
[2026-09-21 08:43:30.183] [svulkan2] [warning] A second renderer will share the same internal context with the first one. Arguments passed to constructor will be ignored.
[2026-09-21 08:45:56.503] [svulkan2] [warning] A second renderer will share the same internal context with the first one. Arguments passed to constructor will be ignored.
[2026-09-21 08:49:21.586] [svulkan2] [warning] A second renderer will share the same internal context with the first one. Arguments passed to constructor will be ignored.
[2026-09-21 08:53:07.822] [svulkan2] [warning] A second renderer will share the same internal context with the first one. Arguments passed to constructor will be ignored.
[2026-09-21 08:55:22.497] [svulkan2] [warning] A second renderer will share the same internal context with the first one. Arguments passed to constructor will be ignored.
[2026-09-21 08:59:11.374] [svulkan2] [warning] A second renderer will share the same internal context with the first one. Arguments passed to constructor will be ignored.
es=2 4.1s (inf 2.4s)
[force_x0.5] ep 22 success=1 steps=15 grip_closes=2 4.2s (inf 2.1s)
[force_x0.5] ep 23 success=1 steps=13 grip_closes=2 3.1s (inf 1.7s)
[force_x0.5] ep 24 success=1 steps=12 grip_closes=2 2.4s (inf 1.3s)
[force_x0.5] build {'upright': True} -> 25 episodes
[force_x0.5] ep 25 success=0 steps=80 grip_closes=1 14.0s (inf 8.4s)
[force_x0.5] ep 26 success=0 steps=80 grip_closes=2 14.7s (inf 8.3s)
[force_x0.5] ep 27 success=0 steps=80 grip_closes=2 14.9s (inf 8.4s)
[force_x0.5] ep 28 success=1 steps=80 grip_closes=2 16.6s (inf 9.1s)
[force_x0.5] ep 29 success=0 steps=13 grip_closes=2 2.4s (inf 1.3s)
[force_x0.5] ep 30 success=0 steps=80 grip_closes=1 14.1s (inf 8.3s)
[force_x0.5] ep 31 success=0 steps=80 grip_closes=1 14.1s (inf 8.4s)
[force_x0.5] ep 32 success=0 steps=80 grip_closes=2 14.8s (inf 8.4s)
[force_x0.5] ep 33 success=0 steps=80 grip_closes=2 14.7s (inf 8.3s)
[force_x0.5] ep 34 success=1 steps=15 grip_closes=2 2.7s (inf 1.5s)
[force_x0.5] ep 35 success=0 steps=80 grip_closes=2 14.8s (inf 8.3s)
[force_x0.5] ep 36 success=0 steps=80 grip_closes=2 16.3s (inf 9.1s)
[force_x0.5] ep 37 success=1 steps=80 grip_closes=2 15.1s (inf 8.4s)
[force_x0.5] ep 38 success=0 steps=80 grip_closes=2 15.1s (inf 8.3s)
[force_x0.5] ep 39 success=1 steps=13 grip_closes=2 2.4s (inf 1.3s)
[force_x0.5] ep 40 success=0 steps=80 grip_closes=2 15.4s (inf 8.7s)
[force_x0.5] ep 41 success=0 steps=80 grip_closes=2 14.8s (inf 8.3s)
[force_x0.5] ep 42 success=1 steps=18 grip_closes=2 3.4s (inf 1.9s)
[force_x0.5] ep 43 success=1 steps=15 grip_closes=2 2.9s (inf 1.6s)
[force_x0.5] ep 44 success=1 steps=12 grip_closes=2 2.6s (inf 1.4s)
[force_x0.5] ep 45 success=1 steps=25 grip_closes=2 5.1s (inf 2.8s)
[force_x0.5] ep 46 success=1 steps=20 grip_closes=2 3.6s (inf 2.1s)
[force_x0.5] ep 47 success=1 steps=17 grip_closes=2 3.1s (inf 1.7s)
[force_x0.5] ep 48 success=1 steps=14 grip_closes=2 2.6s (inf 1.4s)
[force_x0.5] ep 49 success=1 steps=13 grip_closes=2 2.4s (inf 1.3s)
[force_x0.5] build {'laid_vertically': True} -> 25 episodes
[force_x0.5] ep 50 success=1 steps=80 grip_closes=2 15.0s (inf 8.4s)
[force_x0.5] ep 51 success=1 steps=25 grip_closes=2 4.5s (inf 2.6s)
[force_x0.5] ep 52 success=1 steps=23 grip_closes=2 4.1s (inf 2.4s)
[force_x0.5] ep 53 success=1 steps=22 grip_closes=2 4.0s (inf 2.2s)
[force_x0.5] ep 54 success=0 steps=80 grip_closes=3 15.1s (inf 8.4s)
[force_x0.5] ep 55 success=0 steps=80 grip_closes=3 15.7s (inf 8.6s)
[force_x0.5] ep 56 success=1 steps=22 grip_closes=2 4.0s (inf 2.3s)
[force_x0.5] ep 57 success=1 steps=24 grip_closes=2 5.0s (inf 2.7s)
[force_x0.5] ep 58 success=1 steps=20 grip_closes=2 3.7s (inf 2.0s)
[force_x0.5] ep 59 success=1 steps=20 grip_closes=2 3.7s (inf 2.0s)
[force_x0.5] ep 60 success=1 steps=80 grip_closes=2 14.8s (inf 8.4s)
[force_x0.5] ep 61 success=1 steps=22 grip_closes=2 4.3s (inf 2.3s)
[force_x0.5] ep 62 success=1 steps=21 grip_closes=2 4.2s (inf 2.3s)
[force_x0.5] ep 63 success=1 steps=21 grip_closes=2 4.3s (inf 2.4s)
[force_x0.5] ep 64 success=1 steps=24 grip_closes=2 5.1s (inf 2.8s)
[force_x0.5] ep 65 success=0 steps=80 grip_closes=2 15.0s (inf 8.3s)
[force_x0.5] ep 66 success=1 steps=23 grip_closes=2 4.5s (inf 2.5s)
[force_x0.5] ep 67 success=1 steps=36 grip_closes=2 6.6s (inf 3.7s)
[force_x0.5] ep 68 success=1 steps=24 grip_closes=2 4.3s (inf 2.5s)
[force_x0.5] ep 69 success=0 steps=80 grip_closes=1 14.1s (inf 8.3s)
[force_x0.5] ep 70 success=1 steps=80 grip_closes=2 14.8s (inf 8.2s)
[force_x0.5] ep 71 success=1 steps=80 grip_closes=2 14.7s (inf 8.3s)
[force_x0.5] ep 72 success=0 steps=10 grip_closes=1 1.8s (inf 1.0s)
[force_x0.5] ep 73 success=1 steps=31 grip_closes=2 5.6s (inf 3.2s)
[force_x0.5] ep 74 success=0 steps=80 grip_closes=1 14.2s (inf 8.3s)
[force_x0.5] build {'lr_switch': True, 'urdf_version': 'recolor_tabletop_visual_matching_1'} -> 25 episodes
[force_x0.5] ep 75 success=0 steps=80 grip_closes=2 14.6s (inf 8.1s)
[force_x0.5] ep 76 success=1 steps=19 grip_closes=2 3.6s (inf 1.9s)
[force_x0.5] ep 77 success=1 steps=19 grip_closes=2 3.7s (inf 2.0s)
[force_x0.5] ep 78 success=1 steps=17 grip_closes=2 3.5s (inf 2.0s)
[force_x0.5] ep 79 success=1 steps=15 grip_closes=2 3.1s (inf 1.8s)
[force_x0.5] ep 80 success=0 steps=80 grip_closes=1 15.4s (inf 9.4s)
[force_x0.5] ep 81 success=1 steps=23 grip_closes=2 4.4s (inf 2.7s)
[force_x0.5] ep 82 success=1 steps=17 grip_closes=2 3.3s (inf 2.0s)
[force_x0.5] ep 83 success=1 steps=16 grip_closes=2 3.2s (inf 1.9s)
[force_x0.5] ep 84 success=1 steps=14 grip_closes=2 2.9s (inf 1.7s)
[force_x0.5] ep 85 success=1 steps=80 grip_closes=2 15.7s (inf 9.5s)
[force_x0.5] ep 86 success=1 steps=19 grip_closes=2 3.7s (inf 2.3s)
[force_x0.5] ep 87 success=1 steps=16 grip_closes=2 3.2s (inf 1.9s)
[force_x0.5] ep 88 success=1 steps=15 grip_closes=2 3.0s (inf 1.8s)
[force_x0.5] ep 89 success=1 steps=12 grip_closes=2 2.5s (inf 1.4s)
[force_x0.5] ep 90 success=1 steps=68 grip_closes=2 13.2s (inf 8.0s)
[force_x0.5] ep 91 success=1 steps=17 grip_closes=2 3.3s (inf 2.0s)
[force_x0.5] ep 92 success=1 steps=16 grip_closes=2 3.3s (inf 1.9s)
[force_x0.5] ep 93 success=1 steps=14 grip_closes=2 3.0s (inf 1.7s)
[force_x0.5] ep 94 success=1 steps=11 grip_closes=2 2.4s (inf 1.3s)
[force_x0.5] ep 95 success=0 steps=6 grip_closes=1 1.2s (inf 0.7s)
[force_x0.5] ep 96 success=1 steps=18 grip_closes=2 3.5s (inf 2.1s)
[force_x0.5] ep 97 success=1 steps=15 grip_closes=2 3.1s (inf 1.8s)
[force_x0.5] ep 98 success=1 steps=13 grip_closes=2 2.8s (inf 1.5s)
[force_x0.5] ep 99 success=1 steps=12 grip_closes=2 2.5s (inf 1.4s)
[force_x0.5] build {'upright': True, 'urdf_version': 'recolor_tabletop_visual_matching_1'} -> 25 episodes
[force_x0.5] ep 100 success=0 steps=80 grip_closes=2 15.4s (inf 9.4s)
[force_x0.5] ep 101 success=0 steps=80 grip_closes=2 15.8s (inf 9.6s)
[force_x0.5] ep 102 success=0 steps=80 grip_closes=2 15.3s (inf 9.4s)
[force_x0.5] ep 103 success=1 steps=80 grip_closes=2 16.0s (inf 9.7s)
[force_x0.5] ep 104 success=1 steps=80 grip_closes=2 16.2s (inf 9.8s)
[force_x0.5] ep 105 success=0 steps=80 grip_closes=2 16.2s (inf 9.9s)
[force_x0.5] ep 106 success=0 steps=80 grip_closes=2 16.1s (inf 9.8s)
[force_x0.5] ep 107 success=0 steps=80 grip_closes=2 15.9s (inf 9.6s)
[force_x0.5] ep 108 success=0 steps=80 grip_closes=2 16.0s (inf 9.7s)
[force_x0.5] ep 109 success=1 steps=12 grip_closes=2 2.4s (inf 1.4s)
[force_x0.5] ep 110 success=0 steps=80 grip_closes=2 16.5s (inf 9.9s)
[force_x0.5] ep 111 success=0 steps=80 grip_closes=2 16.1s (inf 9.7s)
[force_x0.5] ep 112 success=0 steps=80 grip_closes=2 15.5s (inf 9.1s)
[force_x0.5] ep 113 success=1 steps=17 grip_closes=2 3.4s (inf 2.1s)
[force_x0.5] ep 114 success=0 steps=13 grip_closes=2 2.8s (inf 1.6s)
[force_x0.5] ep 115 success=0 steps=80 grip_closes=2 16.4s (inf 9.8s)
[force_x0.5] ep 116 success=0 steps=80 grip_closes=2 16.0s (inf 9.7s)
[force_x0.5] ep 117 success=1 steps=17 grip_closes=2 3.4s (inf 2.1s)
[force_x0.5] ep 118 success=1 steps=16 grip_closes=2 3.2s (inf 1.9s)
[force_x0.5] ep 119 success=1 steps=14 grip_closes=2 2.9s (inf 1.7s)
[force_x0.5] ep 120 success=1 steps=22 grip_closes=2 4.6s (inf 2.8s)
[force_x0.5] ep 121 success=0 steps=33 grip_closes=2 6.8s (inf 4.1s)
[force_x0.5] ep 122 success=1 steps=17 grip_closes=2 3.7s (inf 2.2s)
[force_x0.5] ep 123 success=1 steps=14 grip_closes=2 2.9s (inf 1.7s)
[force_x0.5] ep 124 success=1 steps=12 grip_closes=2 2.4s (inf 1.4s)
[force_x0.5] build {'laid_vertically': True, 'urdf_version': 'recolor_tabletop_visual_matching_1'} -> 25 episodes
[force_x0.5] ep 125 success=0 steps=80 grip_closes=2 16.3s (inf 9.6s)
[force_x0.5] ep 126 success=1 steps=80 grip_closes=2 15.9s (inf 9.6s)
[force_x0.5] ep 127 success=1 steps=22 grip_closes=2 4.2s (inf 2.6s)
[force_x0.5] ep 128 success=1 steps=23 grip_closes=2 4.5s (inf 2.7s)
[force_x0.5] ep 129 success=1 steps=29 grip_closes=2 5.6s (inf 3.4s)
[force_x0.5] ep 130 success=0 steps=80 grip_closes=2 16.5s (inf 9.5s)
[force_x0.5] ep 131 success=1 steps=23 grip_closes=2 4.6s (inf 2.7s)
[force_x0.5] ep 132 success=1 steps=25 grip_closes=2 5.1s (inf 3.1s)
[force_x0.5] ep 133 success=1 steps=22 grip_closes=2 4.4s (inf 2.6s)
[force_x0.5] ep 134 success=1 steps=23 grip_closes=2 4.0s (inf 2.3s)
[force_x0.5] ep 135 success=0 steps=80 grip_closes=2 14.7s (inf 8.2s)
[force_x0.5] ep 136 success=1 steps=23 grip_closes=2 4.1s (inf 2.4s)
[force_x0.5] ep 137 success=1 steps=24 grip_closes=2 4.3s (inf 2.4s)
[force_x0.5] ep 138 success=1 steps=22 grip_closes=2 3.9s (inf 2.2s)
[force_x0.5] ep 139 success=1 steps=23 grip_closes=2 4.0s (inf 2.3s)
[force_x0.5] ep 140 success=0 steps=80 grip_closes=2 14.4s (inf 8.0s)
[force_x0.5] ep 141 success=1 steps=24 grip_closes=2 4.3s (inf 2.4s)
[force_x0.5] ep 142 success=1 steps=37 grip_closes=2 7.3s (inf 4.0s)
[force_x0.5] ep 143 success=1 steps=22 grip_closes=2 4.2s (inf 2.4s)
[force_x0.5] ep 144 success=0 steps=80 grip_closes=1 14.7s (inf 8.5s)
[force_x0.5] ep 145 success=0 steps=33 grip_closes=2 5.9s (inf 3.3s)
[force_x0.5] ep 146 success=0 steps=26 grip_closes=2 4.8s (inf 2.6s)
[force_x0.5] ep 147 success=1 steps=28 grip_closes=2 5.0s (inf 2.8s)
[force_x0.5] ep 148 success=1 steps=23 grip_closes=2 4.3s (inf 2.4s)
[force_x0.5] ep 149 success=1 steps=22 grip_closes=2 4.0s (inf 2.2s)
[force_x0.5] build {'lr_switch': True, 'urdf_version': 'recolor_tabletop_visual_matching_2'} -> 25 episodes
[force_x0.5] ep 150 success=1 steps=64 grip_closes=2 12.6s (inf 7.1s)
[force_x0.5] ep 151 success=1 steps=21 grip_closes=2 4.0s (inf 2.2s)
[force_x0.5] ep 152 success=1 steps=18 grip_closes=2 3.4s (inf 1.9s)
[force_x0.5] ep 153 success=1 steps=17 grip_closes=2 3.4s (inf 1.8s)
[force_x0.5] ep 154 success=1 steps=15 grip_closes=2 2.9s (inf 1.6s)
[force_x0.5] ep 155 success=0 steps=80 grip_closes=1 15.1s (inf 8.6s)
[force_x0.5] ep 156 success=1 steps=80 grip_closes=2 14.8s (inf 8.4s)
[force_x0.5] ep 157 success=1 steps=18 grip_closes=2 3.2s (inf 1.8s)
[force_x0.5] ep 158 success=1 steps=16 grip_closes=2 2.9s (inf 1.6s)
[force_x0.5] ep 159 success=1 steps=13 grip_closes=2 2.5s (inf 1.3s)
[force_x0.5] ep 160 success=0 steps=80 grip_closes=2 14.6s (inf 8.3s)
[force_x0.5] ep 161 success=1 steps=20 grip_closes=2 3.6s (inf 2.0s)
[force_x0.5] ep 162 success=1 steps=16 grip_closes=2 3.0s (inf 1.6s)
[force_x0.5] ep 163 success=1 steps=16 grip_closes=2 3.1s (inf 1.7s)
[force_x0.5] ep 164 success=1 steps=12 grip_closes=2 2.5s (inf 1.3s)
[force_x0.5] ep 165 success=1 steps=80 grip_closes=2 16.3s (inf 9.0s)
[force_x0.5] ep 166 success=1 steps=17 grip_closes=2 3.2s (inf 1.8s)
[force_x0.5] ep 167 success=1 steps=15 grip_closes=2 2.9s (inf 1.5s)
[force_x0.5] ep 168 success=1 steps=14 grip_closes=2 2.5s (inf 1.4s)
[force_x0.5] ep 169 success=1 steps=11 grip_closes=2 2.1s (inf 1.1s)
[force_x0.5] ep 170 success=0 steps=80 grip_closes=1 13.9s (inf 8.3s)
[force_x0.5] ep 171 success=1 steps=18 grip_closes=2 3.2s (inf 1.9s)
[force_x0.5] ep 172 success=1 steps=16 grip_closes=2 3.2s (inf 1.8s)
[force_x0.5] ep 173 success=1 steps=12 grip_closes=2 2.6s (inf 1.3s)
[force_x0.5] ep 174 success=1 steps=12 grip_closes=2 2.5s (inf 1.3s)
[force_x0.5] build {'upright': True, 'urdf_version': 'recolor_tabletop_visual_matching_2'} -> 25 episodes
[force_x0.5] ep 175 success=0 steps=80 grip_closes=2 14.4s (inf 8.3s)
[force_x0.5] ep 176 success=0 steps=80 grip_closes=2 15.1s (inf 8.7s)
[force_x0.5] ep 177 success=0 steps=80 grip_closes=2 15.0s (inf 8.5s)
[force_x0.5] ep 178 success=0 steps=80 grip_closes=2 15.1s (inf 8.7s)
[force_x0.5] ep 179 success=0 steps=80 grip_closes=3 15.3s (inf 8.7s)
[force_x0.5] ep 180 success=0 steps=33 grip_closes=2 6.0s (inf 3.4s)
[force_x0.5] ep 181 success=0 steps=80 grip_closes=2 15.2s (inf 8.8s)
[force_x0.5] ep 182 success=0 steps=80 grip_closes=2 15.0s (inf 8.6s)
[force_x0.5] ep 183 success=1 steps=18 grip_closes=2 3.3s (inf 1.9s)
[force_x0.5] ep 184 success=1 steps=13 grip_closes=2 2.5s (inf 1.4s)
[force_x0.5] ep 185 success=0 steps=80 grip_closes=2 15.1s (inf 8.5s)
[force_x0.5] ep 186 success=0 steps=80 grip_closes=2 15.0s (inf 8.5s)
[force_x0.5] ep 187 success=0 steps=80 grip_closes=2 14.7s (inf 8.3s)
[force_x0.5] ep 188 success=1 steps=15 grip_closes=2 2.8s (inf 1.6s)
[force_x0.5] ep 189 success=1 steps=14 grip_closes=2 2.7s (inf 1.5s)
[force_x0.5] ep 190 success=0 steps=44 grip_closes=2 8.1s (inf 4.7s)
[force_x0.5] ep 191 success=1 steps=19 grip_closes=2 3.5s (inf 2.0s)
[force_x0.5] ep 192 success=1 steps=17 grip_closes=2 3.4s (inf 1.9s)
[force_x0.5] ep 193 success=1 steps=14 grip_closes=2 2.6s (inf 1.5s)
[force_x0.5] ep 194 success=1 steps=13 grip_closes=2 2.5s (inf 1.4s)
[force_x0.5] ep 195 success=0 steps=23 grip_closes=2 4.1s (inf 2.3s)
[force_x0.5] ep 196 success=1 steps=19 grip_closes=2 3.5s (inf 2.0s)
[force_x0.5] ep 197 success=1 steps=17 grip_closes=2 3.1s (inf 1.7s)
[force_x0.5] ep 198 success=1 steps=13 grip_closes=2 2.4s (inf 1.3s)
[force_x0.5] ep 199 success=1 steps=12 grip_closes=2 2.2s (inf 1.2s)
[force_x0.5] build {'laid_vertically': True, 'urdf_version': 'recolor_tabletop_visual_matching_2'} -> 25 episodes
[force_x0.5] ep 200 success=1 steps=80 grip_closes=2 14.9s (inf 8.5s)
[force_x0.5] ep 201 success=1 steps=23 grip_closes=2 4.1s (inf 2.4s)
[force_x0.5] ep 202 success=1 steps=25 grip_closes=2 5.1s (inf 2.9s)
[force_x0.5] ep 203 success=1 steps=80 grip_closes=2 14.3s (inf 8.1s)
[force_x0.5] ep 204 success=0 steps=80 grip_closes=9 15.2s (inf 8.6s)
[force_x0.5] ep 205 success=1 steps=80 grip_closes=2 14.9s (inf 8.4s)
[force_x0.5] ep 206 success=1 steps=22 grip_closes=2 3.9s (inf 2.2s)
[force_x0.5] ep 207 success=1 steps=21 grip_closes=2 4.2s (inf 2.4s)
[force_x0.5] ep 208 success=1 steps=21 grip_closes=2 3.8s (inf 2.2s)
[force_x0.5] ep 209 success=1 steps=19 grip_closes=2 3.3s (inf 1.9s)
[force_x0.5] ep 210 success=0 steps=80 grip_closes=2 15.4s (inf 8.6s)
[force_x0.5] ep 211 success=1 steps=21 grip_closes=2 3.8s (inf 2.2s)
[force_x0.5] ep 212 success=1 steps=22 grip_closes=2 4.1s (inf 2.3s)
[force_x0.5] ep 213 success=1 steps=22 grip_closes=2 4.2s (inf 2.3s)
[force_x0.5] ep 214 success=1 steps=80 grip_closes=3 15.7s (inf 8.9s)
[force_x0.5] ep 215 success=0 steps=80 grip_closes=2 15.0s (inf 8.6s)
[force_x0.5] ep 216 success=0 steps=23 grip_closes=2 4.2s (inf 2.5s)
[force_x0.5] ep 217 success=1 steps=80 grip_closes=2 14.4s (inf 8.2s)
[force_x0.5] ep 218 success=1 steps=22 grip_closes=2 4.0s (inf 2.3s)
[force_x0.5] ep 219 success=0 steps=80 grip_closes=1 14.7s (inf 8.5s)
[force_x0.5] ep 220 success=1 steps=80 grip_closes=2 14.1s (inf 8.0s)
[force_x0.5] ep 221 success=0 steps=80 grip_closes=2 14.6s (inf 8.3s)
[force_x0.5] ep 222 success=1 steps=40 grip_closes=2 6.8s (inf 3.9s)
[force_x0.5] ep 223 success=1 steps=24 grip_closes=2 4.2s (inf 2.4s)
[force_x0.5] ep 224 success=1 steps=22 grip_closes=2 4.7s (inf 2.6s)
[force_x0.5] build {'lr_switch': True, 'urdf_version': 'recolor_cabinet_visual_matching_1'} -> 25 episodes
[force_x0.5] ep 225 success=0 steps=80 grip_closes=1 15.2s (inf 8.5s)
[force_x0.5] ep 226 success=1 steps=19 grip_closes=2 3.3s (inf 1.9s)
[force_x0.5] ep 227 success=1 steps=18 grip_closes=2 3.2s (inf 1.8s)
[force_x0.5] ep 228 success=1 steps=16 grip_closes=2 2.8s (inf 1.6s)
[force_x0.5] ep 229 success=1 steps=15 grip_closes=2 2.9s (inf 1.5s)
[force_x0.5] ep 230 success=0 steps=80 grip_closes=1 14.9s (inf 8.4s)
[force_x0.5] ep 231 success=1 steps=21 grip_closes=2 3.7s (inf 2.1s)
[force_x0.5] ep 232 success=1 steps=80 grip_closes=2 14.5s (inf 8.1s)
[force_x0.5] ep 233 success=1 steps=16 grip_closes=2 3.0s (inf 1.7s)
[force_x0.5] ep 234 success=1 steps=13 grip_closes=2 2.6s (inf 1.4s)
[force_x0.5] ep 235 success=1 steps=80 grip_closes=2 14.7s (inf 8.3s)
[force_x0.5] ep 236 success=1 steps=20 grip_closes=2 4.2s (inf 2.3s)
[force_x0.5] ep 237 success=1 steps=16 grip_closes=2 3.2s (inf 1.8s)
[force_x0.5] ep 238 success=1 steps=15 grip_closes=2 3.0s (inf 1.7s)
[force_x0.5] ep 239 success=1 steps=12 grip_closes=2 2.7s (inf 1.4s)
[force_x0.5] ep 240 success=0 steps=80 grip_closes=2 14.9s (inf 8.3s)
[force_x0.5] ep 241 success=1 steps=17 grip_closes=2 3.1s (inf 1.7s)
[force_x0.5] ep 242 success=1 steps=15 grip_closes=2 2.8s (inf 1.5s)
[force_x0.5] ep 243 success=1 steps=14 grip_closes=2 2.6s (inf 1.4s)
[force_x0.5] ep 244 success=1 steps=11 grip_closes=2 2.1s (inf 1.1s)
[force_x0.5] ep 245 success=0 steps=6 grip_closes=1 1.3s (inf 0.6s)
[force_x0.5] ep 246 success=1 steps=17 grip_closes=2 3.3s (inf 1.8s)
[force_x0.5] ep 247 success=1 steps=14 grip_closes=2 2.7s (inf 1.4s)
[force_x0.5] ep 248 success=1 steps=13 grip_closes=2 2.6s (inf 1.4s)
[force_x0.5] ep 249 success=1 steps=12 grip_closes=2 2.7s (inf 1.4s)
[force_x0.5] build {'upright': True, 'urdf_version': 'recolor_cabinet_visual_matching_1'} -> 25 episodes
[force_x0.5] ep 250 success=0 steps=80 grip_closes=2 14.4s (inf 8.1s)
[force_x0.5] ep 251 success=0 steps=80 grip_closes=2 14.9s (inf 8.5s)
[force_x0.5] ep 252 success=0 steps=80 grip_closes=2 15.2s (inf 8.5s)
[force_x0.5] ep 253 success=0 steps=80 grip_closes=2 14.4s (inf 8.2s)
[force_x0.5] ep 254 success=1 steps=80 grip_closes=2 14.9s (inf 8.3s)
[force_x0.5] ep 255 success=0 steps=80 grip_closes=2 14.0s (inf 8.0s)
[force_x0.5] ep 256 success=0 steps=80 grip_closes=2 14.5s (inf 8.2s)
[force_x0.5] ep 257 success=0 steps=80 grip_closes=2 14.5s (inf 8.2s)
[force_x0.5] ep 258 success=1 steps=80 grip_closes=2 14.2s (inf 8.0s)
[force_x0.5] ep 259 success=1 steps=13 grip_closes=2 2.4s (inf 1.3s)
[force_x0.5] ep 260 success=0 steps=80 grip_closes=2 14.5s (inf 8.2s)
[force_x0.5] ep 261 success=0 steps=80 grip_closes=2 15.2s (inf 8.5s)
[force_x0.5] ep 262 success=1 steps=17 grip_closes=2 3.1s (inf 1.8s)
[force_x0.5] ep 263 success=1 steps=15 grip_closes=2 2.8s (inf 1.5s)
[force_x0.5] ep 264 success=1 steps=13 grip_closes=2 2.4s (inf 1.3s)
[force_x0.5] ep 265 success=0 steps=27 grip_closes=2 4.9s (inf 2.8s)
[force_x0.5] ep 266 success=0 steps=80 grip_closes=2 15.0s (inf 8.5s)
[force_x0.5] ep 267 success=1 steps=16 grip_closes=2 2.9s (inf 1.7s)
[force_x0.5] ep 268 success=1 steps=14 grip_closes=2 2.6s (inf 1.5s)
[force_x0.5] ep 269 success=1 steps=14 grip_closes=2 2.6s (inf 1.5s)
[force_x0.5] ep 270 success=1 steps=22 grip_closes=2 4.0s (inf 2.3s)
[force_x0.5] ep 271 success=0 steps=80 grip_closes=2 15.5s (inf 8.7s)
[force_x0.5] ep 272 success=1 steps=16 grip_closes=2 3.1s (inf 1.7s)
[force_x0.5] ep 273 success=1 steps=13 grip_closes=2 2.6s (inf 1.4s)
[force_x0.5] ep 274 success=1 steps=11 grip_closes=2 2.1s (inf 1.1s)
[force_x0.5] build {'laid_vertically': True, 'urdf_version': 'recolor_cabinet_visual_matching_1'} -> 25 episodes
[force_x0.5] ep 275 success=1 steps=80 grip_closes=2 14.5s (inf 8.3s)
[force_x0.5] ep 276 success=1 steps=80 grip_closes=2 15.2s (inf 8.6s)
[force_x0.5] ep 277 success=1 steps=23 grip_closes=2 4.1s (inf 2.4s)
[force_x0.5] ep 278 success=1 steps=23 grip_closes=2 4.4s (inf 2.5s)
[force_x0.5] ep 279 success=1 steps=21 grip_closes=2 4.0s (inf 2.2s)
[force_x0.5] ep 280 success=1 steps=80 grip_closes=2 14.5s (inf 8.4s)
[force_x0.5] ep 281 success=1 steps=23 grip_closes=2 4.2s (inf 2.4s)
[force_x0.5] ep 282 success=1 steps=23 grip_closes=2 4.3s (inf 2.4s)
[force_x0.5] ep 283 success=1 steps=22 grip_closes=2 4.3s (inf 2.4s)
[force_x0.5] ep 284 success=1 steps=21 grip_closes=2 4.0s (inf 2.3s)
[force_x0.5] ep 285 success=1 steps=31 grip_closes=2 6.1s (inf 3.4s)
[force_x0.5] ep 286 success=1 steps=23 grip_closes=2 4.5s (inf 2.5s)
[force_x0.5] ep 287 success=1 steps=23 grip_closes=2 4.5s (inf 2.5s)
[force_x0.5] ep 288 success=1 steps=22 grip_closes=2 4.4s (inf 2.5s)
[force_x0.5] ep 289 success=1 steps=80 grip_closes=2 15.9s (inf 8.9s)
[force_x0.5] ep 290 success=0 steps=80 grip_closes=4 15.8s (inf 8.9s)
[force_x0.5] ep 291 success=1 steps=23 grip_closes=2 4.8s (inf 2.6s)
[force_x0.5] ep 292 success=1 steps=25 grip_closes=2 5.1s (inf 2.8s)
[force_x0.5] ep 293 success=1 steps=23 grip_closes=2 4.8s (inf 2.6s)
[force_x0.5] ep 294 success=0 steps=80 grip_closes=1 15.0s (inf 8.8s)
[force_x0.5] ep 295 success=0 steps=25 grip_closes=2 4.7s (inf 2.6s)
[force_x0.5] ep 296 success=0 steps=80 grip_closes=2 15.0s (inf 8.3s)
[force_x0.5] ep 297 success=1 steps=26 grip_closes=2 4.6s (inf 2.7s)
[force_x0.5] ep 298 success=1 steps=80 grip_closes=2 14.5s (inf 8.3s)
[force_x0.5] ep 299 success=0 steps=80 grip_closes=1 13.8s (inf 8.3s)
[force_x0.5] n=300 success_rate=0.697
SWEEP_MS2_DONE /mnt/e/research/the_world/results/fractal_reversal/rt-1-15pct/GraspSingleOpenedCokeCanInScene-v0
