[nominal] build {'lr_switch': True} -> 25 episodes
[nominal] effective: {"stiffness_scale": 1.0, "damping_scale": 1.0, "force_scale": 1.0, "delay_steps": 0, "fric_scale": 1.0, "dens_scale": 1.0, "drives": {"stiffness": [1700.0, 1737.047119140625, 979.975891[2026-09-21 06:23:35.950] [svulkan2] [warning] A second renderer will share the same internal context with the first one. Arguments passed to constructor will be ignored.
[2026-09-21 06:26:00.776] [svulkan2] [warning] A second renderer will share the same internal context with the first one. Arguments passed to constructor will be ignored.
[2026-09-21 06:27:58.858] [svulkan2] [warning] A second renderer will share the same internal context with the first one. Arguments passed to constructor will be ignored.
[2026-09-21 06:29:29.624] [svulkan2] [warning] A second renderer will share the same internal context with the first one. Arguments passed to constructor will be ignored.
[2026-09-21 06:32:16.723] [svulkan2] [warning] A second renderer will share the same internal context with the first one. Arguments passed to constructor will be ignored.
[2026-09-21 06:34:18.763] [svulkan2] [warning] A second renderer will share the same internal context with the first one. Arguments passed to constructor will be ignored.
[2026-09-21 06:35:48.472] [svulkan2] [warning] A second renderer will share the same internal context with the first one. Arguments passed to constructor will be ignored.
[2026-09-21 06:38:12.017] [svulkan2] [warning] A second renderer will share the same internal context with the first one. Arguments passed to constructor will be ignored.
[2026-09-21 06:40:12.411] [svulkan2] [warning] A second renderer will share the same internal context with the first one. Arguments passed to constructor will be ignored.
[2026-09-21 06:41:58.330] [svulkan2] [warning] A second renderer will share the same internal context with the first one. Arguments passed to constructor will be ignored.
[2026-09-21 06:45:38.052] [svulkan2] [warning] A second renderer will share the same internal context with the first one. Arguments passed to constructor will be ignored.
3.0s (inf 1.5s)
[nominal] ep 23 success=1 steps=13 grip_closes=2 2.3s (inf 1.1s)
[nominal] ep 24 success=1 steps=14 grip_closes=2 2.4s (inf 1.2s)
[nominal] build {'upright': True} -> 25 episodes
[nominal] ep 25 success=1 steps=26 grip_closes=2 4.2s (inf 2.2s)
[nominal] ep 26 success=1 steps=80 grip_closes=2 13.5s (inf 7.0s)
[nominal] ep 27 success=1 steps=18 grip_closes=2 2.9s (inf 1.5s)
[nominal] ep 28 success=1 steps=20 grip_closes=2 3.3s (inf 1.7s)
[nominal] ep 29 success=1 steps=28 grip_closes=2 4.7s (inf 2.4s)
[nominal] ep 30 success=1 steps=25 grip_closes=2 4.1s (inf 2.2s)
[nominal] ep 31 success=0 steps=80 grip_closes=2 13.4s (inf 7.0s)
[nominal] ep 32 success=1 steps=18 grip_closes=2 3.0s (inf 1.6s)
[nominal] ep 33 success=1 steps=27 grip_closes=2 4.4s (inf 2.3s)
[nominal] ep 34 success=0 steps=80 grip_closes=1 13.8s (inf 7.3s)
[nominal] ep 35 success=1 steps=63 grip_closes=2 10.5s (inf 5.5s)
[nominal] ep 36 success=1 steps=39 grip_closes=2 6.7s (inf 3.5s)
[nominal] ep 37 success=1 steps=15 grip_closes=2 2.6s (inf 1.4s)
[nominal] ep 38 success=1 steps=15 grip_closes=2 2.5s (inf 1.3s)
[nominal] ep 39 success=1 steps=16 grip_closes=2 2.8s (inf 1.4s)
[nominal] ep 40 success=1 steps=79 grip_closes=2 13.0s (inf 6.8s)
[nominal] ep 41 success=1 steps=20 grip_closes=2 3.3s (inf 1.7s)
[nominal] ep 42 success=1 steps=15 grip_closes=2 2.5s (inf 1.3s)
[nominal] ep 43 success=1 steps=15 grip_closes=2 2.6s (inf 1.3s)
[nominal] ep 44 success=0 steps=12 grip_closes=2 2.0s (inf 1.0s)
[nominal] ep 45 success=0 steps=19 grip_closes=2 3.3s (inf 1.7s)
[nominal] ep 46 success=1 steps=20 grip_closes=2 3.5s (inf 1.9s)
[nominal] ep 47 success=1 steps=19 grip_closes=2 3.3s (inf 1.7s)
[nominal] ep 48 success=1 steps=16 grip_closes=2 2.9s (inf 1.5s)
[nominal] ep 49 success=0 steps=80 grip_closes=5 13.4s (inf 6.9s)
[nominal] build {'laid_vertically': True} -> 25 episodes
[nominal] ep 50 success=1 steps=80 grip_closes=3 13.1s (inf 7.1s)
[nominal] ep 51 success=1 steps=24 grip_closes=2 4.2s (inf 2.1s)
[nominal] ep 52 success=1 steps=20 grip_closes=2 3.8s (inf 1.9s)
[nominal] ep 53 success=1 steps=19 grip_closes=2 3.3s (inf 1.7s)
[nominal] ep 54 success=1 steps=18 grip_closes=2 3.1s (inf 1.5s)
[nominal] ep 55 success=1 steps=80 grip_closes=4 13.0s (inf 7.0s)
[nominal] ep 56 success=1 steps=22 grip_closes=2 3.8s (inf 1.9s)
[nominal] ep 57 success=1 steps=19 grip_closes=2 3.3s (inf 1.7s)
[nominal] ep 58 success=1 steps=20 grip_closes=2 3.3s (inf 1.7s)
[nominal] ep 59 success=1 steps=17 grip_closes=2 2.9s (inf 1.5s)
[nominal] ep 60 success=0 steps=80 grip_closes=1 14.0s (inf 7.4s)
[nominal] ep 61 success=1 steps=20 grip_closes=2 3.5s (inf 1.8s)
[nominal] ep 62 success=1 steps=20 grip_closes=2 3.4s (inf 1.7s)
[nominal] ep 63 success=1 steps=20 grip_closes=2 3.4s (inf 1.8s)
[nominal] ep 64 success=1 steps=16 grip_closes=2 2.7s (inf 1.4s)
[nominal] ep 65 success=1 steps=33 grip_closes=2 5.5s (inf 2.9s)
[nominal] ep 66 success=0 steps=23 grip_closes=2 3.8s (inf 2.0s)
[nominal] ep 67 success=1 steps=20 grip_closes=2 3.4s (inf 1.7s)
[nominal] ep 68 success=1 steps=19 grip_closes=2 3.3s (inf 1.6s)
[nominal] ep 69 success=1 steps=16 grip_closes=2 2.8s (inf 1.4s)
[nominal] ep 70 success=1 steps=19 grip_closes=2 3.2s (inf 1.6s)
[nominal] ep 71 success=0 steps=21 grip_closes=2 3.5s (inf 1.8s)
[nominal] ep 72 success=1 steps=22 grip_closes=2 3.7s (inf 1.9s)
[nominal] ep 73 success=1 steps=18 grip_closes=2 3.0s (inf 1.5s)
[nominal] ep 74 success=1 steps=16 grip_closes=2 2.6s (inf 1.3s)
[nominal] build {'lr_switch': True, 'urdf_version': 'recolor_tabletop_visual_matching_1'} -> 25 episodes
[nominal] ep 75 success=1 steps=28 grip_closes=2 4.5s (inf 2.4s)
[nominal] ep 76 success=1 steps=22 grip_closes=2 3.8s (inf 1.9s)
[nominal] ep 77 success=1 steps=17 grip_closes=2 2.8s (inf 1.4s)
[nominal] ep 78 success=1 steps=14 grip_closes=2 2.5s (inf 1.2s)
[nominal] ep 79 success=0 steps=50 grip_closes=3 8.2s (inf 4.3s)
[nominal] ep 80 success=1 steps=80 grip_closes=2 13.2s (inf 6.8s)
[nominal] ep 81 success=1 steps=18 grip_closes=2 3.0s (inf 1.6s)
[nominal] ep 82 success=1 steps=16 grip_closes=2 2.8s (inf 1.4s)
[nominal] ep 83 success=1 steps=14 grip_closes=2 2.4s (inf 1.2s)
[nominal] ep 84 success=1 steps=16 grip_closes=2 2.7s (inf 1.4s)
[nominal] ep 85 success=1 steps=20 grip_closes=2 3.4s (inf 1.7s)
[nominal] ep 86 success=1 steps=16 grip_closes=2 2.8s (inf 1.4s)
[nominal] ep 87 success=1 steps=15 grip_closes=2 2.7s (inf 1.3s)
[nominal] ep 88 success=1 steps=15 grip_closes=2 2.5s (inf 1.3s)
[nominal] ep 89 success=1 steps=15 grip_closes=2 2.5s (inf 1.3s)
[nominal] ep 90 success=1 steps=18 grip_closes=2 3.1s (inf 1.6s)
[nominal] ep 91 success=1 steps=16 grip_closes=2 2.7s (inf 1.4s)
[nominal] ep 92 success=1 steps=15 grip_closes=2 2.6s (inf 1.3s)
[nominal] ep 93 success=1 steps=15 grip_closes=2 2.6s (inf 1.3s)
[nominal] ep 94 success=1 steps=15 grip_closes=2 2.9s (inf 1.4s)
[nominal] ep 95 success=1 steps=21 grip_closes=2 3.6s (inf 1.8s)
[nominal] ep 96 success=1 steps=18 grip_closes=2 3.3s (inf 1.6s)
[nominal] ep 97 success=1 steps=16 grip_closes=2 2.8s (inf 1.4s)
[nominal] ep 98 success=1 steps=14 grip_closes=2 2.5s (inf 1.2s)
[nominal] ep 99 success=1 steps=13 grip_closes=2 2.2s (inf 1.1s)
[nominal] build {'upright': True, 'urdf_version': 'recolor_tabletop_visual_matching_1'} -> 25 episodes
[nominal] ep 100 success=1 steps=28 grip_closes=2 4.5s (inf 2.4s)
[nominal] ep 101 success=1 steps=21 grip_closes=2 3.4s (inf 1.8s)
[nominal] ep 102 success=1 steps=58 grip_closes=2 9.6s (inf 5.0s)
[nominal] ep 103 success=0 steps=80 grip_closes=6 13.0s (inf 7.0s)
[nominal] ep 104 success=0 steps=19 grip_closes=2 3.1s (inf 1.7s)
[nominal] ep 105 success=1 steps=24 grip_closes=2 3.9s (inf 2.1s)
[nominal] ep 106 success=1 steps=55 grip_closes=2 9.2s (inf 4.8s)
[nominal] ep 107 success=1 steps=18 grip_closes=2 3.0s (inf 1.6s)
[nominal] ep 108 success=1 steps=17 grip_closes=2 2.8s (inf 1.5s)
[nominal] ep 109 success=0 steps=80 grip_closes=2 13.3s (inf 6.9s)
[nominal] ep 110 success=1 steps=24 grip_closes=2 3.8s (inf 2.0s)
[nominal] ep 111 success=1 steps=20 grip_closes=2 3.2s (inf 1.7s)
[nominal] ep 112 success=1 steps=80 grip_closes=2 13.1s (inf 6.8s)
[nominal] ep 113 success=1 steps=14 grip_closes=2 2.3s (inf 1.2s)
[nominal] ep 114 success=0 steps=17 grip_closes=2 2.9s (inf 1.5s)
[nominal] ep 115 success=1 steps=22 grip_closes=2 3.7s (inf 1.9s)
[nominal] ep 116 success=1 steps=29 grip_closes=2 4.8s (inf 2.5s)
[nominal] ep 117 success=1 steps=17 grip_closes=2 3.0s (inf 1.5s)
[nominal] ep 118 success=0 steps=80 grip_closes=2 13.4s (inf 6.9s)
[nominal] ep 119 success=0 steps=80 grip_closes=2 13.1s (inf 6.8s)
[nominal] ep 120 success=0 steps=20 grip_closes=2 3.2s (inf 1.7s)
[nominal] ep 121 success=0 steps=80 grip_closes=2 13.0s (inf 6.8s)
[nominal] ep 122 success=1 steps=19 grip_closes=2 3.1s (inf 1.6s)
[nominal] ep 123 success=0 steps=80 grip_closes=2 13.4s (inf 7.0s)
[nominal] ep 124 success=1 steps=17 grip_closes=2 3.0s (inf 1.5s)
[nominal] build {'laid_vertically': True, 'urdf_version': 'recolor_tabletop_visual_matching_1'} -> 25 episodes
[nominal] ep 125 success=1 steps=45 grip_closes=2 7.4s (inf 3.9s)
[nominal] ep 126 success=1 steps=22 grip_closes=2 3.8s (inf 1.9s)
[nominal] ep 127 success=1 steps=20 grip_closes=2 3.4s (inf 1.7s)
[nominal] ep 128 success=1 steps=19 grip_closes=2 3.2s (inf 1.6s)
[nominal] ep 129 success=1 steps=80 grip_closes=2 13.4s (inf 7.0s)
[nominal] ep 130 success=0 steps=49 grip_closes=2 7.9s (inf 4.2s)
[nominal] ep 131 success=1 steps=19 grip_closes=2 3.3s (inf 1.7s)
[nominal] ep 132 success=1 steps=20 grip_closes=2 3.4s (inf 1.7s)
[nominal] ep 133 success=1 steps=19 grip_closes=2 3.4s (inf 1.7s)
[nominal] ep 134 success=1 steps=20 grip_closes=2 3.3s (inf 1.7s)
[nominal] ep 135 success=1 steps=26 grip_closes=2 4.3s (inf 2.2s)
[nominal] ep 136 success=1 steps=20 grip_closes=2 3.3s (inf 1.7s)
[nominal] ep 137 success=1 steps=20 grip_closes=2 3.5s (inf 1.8s)
[nominal] ep 138 success=1 steps=19 grip_closes=2 3.2s (inf 1.6s)
[nominal] ep 139 success=1 steps=17 grip_closes=2 3.4s (inf 1.7s)
[nominal] ep 140 success=0 steps=41 grip_closes=2 8.4s (inf 4.3s)
[nominal] ep 141 success=1 steps=20 grip_closes=2 3.8s (inf 1.8s)
[nominal] ep 142 success=1 steps=20 grip_closes=2 3.4s (inf 1.7s)
[nominal] ep 143 success=1 steps=18 grip_closes=2 3.2s (inf 1.6s)
[nominal] ep 144 success=1 steps=20 grip_closes=2 3.5s (inf 1.7s)
[nominal] ep 145 success=0 steps=22 grip_closes=2 4.0s (inf 2.0s)
[nominal] ep 146 success=1 steps=20 grip_closes=2 3.5s (inf 1.7s)
[nominal] ep 147 success=1 steps=24 grip_closes=2 4.4s (inf 2.2s)
[nominal] ep 148 success=1 steps=18 grip_closes=2 3.0s (inf 1.5s)
[nominal] ep 149 success=1 steps=73 grip_closes=2 12.4s (inf 6.4s)
[nominal] build {'lr_switch': True, 'urdf_version': 'recolor_tabletop_visual_matching_2'} -> 25 episodes
[nominal] ep 150 success=1 steps=38 grip_closes=2 6.3s (inf 3.3s)
[nominal] ep 151 success=1 steps=20 grip_closes=2 3.5s (inf 1.8s)
[nominal] ep 152 success=1 steps=19 grip_closes=2 3.3s (inf 1.6s)
[nominal] ep 153 success=1 steps=16 grip_closes=2 2.7s (inf 1.4s)
[nominal] ep 154 success=1 steps=20 grip_closes=2 3.4s (inf 1.7s)
[nominal] ep 155 success=1 steps=23 grip_closes=2 4.1s (inf 2.0s)
[nominal] ep 156 success=1 steps=19 grip_closes=2 3.4s (inf 1.7s)
[nominal] ep 157 success=1 steps=16 grip_closes=2 2.9s (inf 1.4s)
[nominal] ep 158 success=1 steps=15 grip_closes=2 2.6s (inf 1.3s)
[nominal] ep 159 success=1 steps=16 grip_closes=2 2.8s (inf 1.4s)
[nominal] ep 160 success=1 steps=19 grip_closes=2 3.5s (inf 1.7s)
[nominal] ep 161 success=1 steps=17 grip_closes=2 3.0s (inf 1.5s)
[nominal] ep 162 success=1 steps=15 grip_closes=2 2.5s (inf 1.3s)
[nominal] ep 163 success=1 steps=15 grip_closes=2 2.6s (inf 1.3s)
[nominal] ep 164 success=1 steps=15 grip_closes=2 2.6s (inf 1.3s)
[nominal] ep 165 success=1 steps=20 grip_closes=2 3.4s (inf 1.7s)
[nominal] ep 166 success=1 steps=16 grip_closes=2 2.8s (inf 1.4s)
[nominal] ep 167 success=1 steps=15 grip_closes=2 2.7s (inf 1.3s)
[nominal] ep 168 success=1 steps=15 grip_closes=2 2.8s (inf 1.3s)
[nominal] ep 169 success=1 steps=14 grip_closes=2 2.5s (inf 1.2s)
[nominal] ep 170 success=1 steps=80 grip_closes=3 13.2s (inf 6.9s)
[nominal] ep 171 success=1 steps=17 grip_closes=2 3.0s (inf 1.6s)
[nominal] ep 172 success=1 steps=16 grip_closes=2 2.8s (inf 1.4s)
[nominal] ep 173 success=1 steps=13 grip_closes=2 2.5s (inf 1.2s)
[nominal] ep 174 success=1 steps=13 grip_closes=2 2.2s (inf 1.1s)
[nominal] build {'upright': True, 'urdf_version': 'recolor_tabletop_visual_matching_2'} -> 25 episodes
[nominal] ep 175 success=1 steps=25 grip_closes=2 3.9s (inf 2.1s)
[nominal] ep 176 success=1 steps=80 grip_closes=2 13.1s (inf 6.9s)
[nominal] ep 177 success=1 steps=19 grip_closes=2 3.1s (inf 1.6s)
[nominal] ep 178 success=1 steps=20 grip_closes=2 3.3s (inf 1.7s)
[nominal] ep 179 success=1 steps=19 grip_closes=2 3.1s (inf 1.6s)
[nominal] ep 180 success=1 steps=24 grip_closes=2 3.9s (inf 2.0s)
[nominal] ep 181 success=1 steps=18 grip_closes=2 2.9s (inf 1.5s)
[nominal] ep 182 success=1 steps=17 grip_closes=2 3.0s (inf 1.6s)
[nominal] ep 183 success=1 steps=17 grip_closes=2 3.0s (inf 1.6s)
[nominal] ep 184 success=1 steps=16 grip_closes=2 2.7s (inf 1.4s)
[nominal] ep 185 success=1 steps=24 grip_closes=2 3.9s (inf 2.0s)
[nominal] ep 186 success=0 steps=80 grip_closes=2 13.1s (inf 6.9s)
[nominal] ep 187 success=1 steps=21 grip_closes=2 3.4s (inf 1.8s)
[nominal] ep 188 success=1 steps=14 grip_closes=2 2.3s (inf 1.2s)
[nominal] ep 189 success=1 steps=12 grip_closes=2 2.0s (inf 1.0s)
[nominal] ep 190 success=1 steps=23 grip_closes=2 3.7s (inf 2.0s)
[nominal] ep 191 success=1 steps=21 grip_closes=2 3.4s (inf 1.8s)
[nominal] ep 192 success=1 steps=80 grip_closes=2 13.1s (inf 6.8s)
[nominal] ep 193 success=1 steps=18 grip_closes=2 3.1s (inf 1.6s)
[nominal] ep 194 success=1 steps=13 grip_closes=2 2.2s (inf 1.1s)
[nominal] ep 195 success=1 steps=34 grip_closes=2 5.4s (inf 2.9s)
[nominal] ep 196 success=1 steps=80 grip_closes=2 13.3s (inf 6.9s)
[nominal] ep 197 success=1 steps=19 grip_closes=2 3.1s (inf 1.6s)
[nominal] ep 198 success=1 steps=80 grip_closes=2 13.3s (inf 6.9s)
[nominal] ep 199 success=0 steps=80 grip_closes=2 13.6s (inf 7.0s)
[nominal] build {'laid_vertically': True, 'urdf_version': 'recolor_tabletop_visual_matching_2'} -> 25 episodes
[nominal] ep 200 success=0 steps=80 grip_closes=2 13.2s (inf 6.9s)
[nominal] ep 201 success=1 steps=21 grip_closes=2 3.4s (inf 1.8s)
[nominal] ep 202 success=1 steps=20 grip_closes=2 3.2s (inf 1.7s)
[nominal] ep 203 success=1 steps=19 grip_closes=2 3.1s (inf 1.6s)
[nominal] ep 204 success=1 steps=18 grip_closes=2 3.1s (inf 1.5s)
[nominal] ep 205 success=1 steps=30 grip_closes=2 6.2s (inf 3.2s)
[nominal] ep 206 success=1 steps=20 grip_closes=2 4.0s (inf 2.1s)
[nominal] ep 207 success=1 steps=21 grip_closes=2 4.0s (inf 2.0s)
[nominal] ep 208 success=1 steps=20 grip_closes=2 3.4s (inf 1.7s)
[nominal] ep 209 success=1 steps=17 grip_closes=2 2.9s (inf 1.5s)
[nominal] ep 210 success=1 steps=80 grip_closes=2 13.0s (inf 6.8s)
[nominal] ep 211 success=0 steps=25 grip_closes=2 4.1s (inf 2.1s)
[nominal] ep 212 success=1 steps=19 grip_closes=2 3.6s (inf 1.8s)
[nominal] ep 213 success=1 steps=19 grip_closes=2 3.6s (inf 1.8s)
[nominal] ep 214 success=1 steps=17 grip_closes=2 3.1s (inf 1.5s)
[nominal] ep 215 success=0 steps=80 grip_closes=2 12.9s (inf 6.9s)
[nominal] ep 216 success=1 steps=22 grip_closes=2 3.7s (inf 1.9s)
[nominal] ep 217 success=1 steps=21 grip_closes=2 3.5s (inf 1.8s)
[nominal] ep 218 success=1 steps=19 grip_closes=2 3.3s (inf 1.7s)
[nominal] ep 219 success=1 steps=17 grip_closes=2 2.9s (inf 1.5s)
[nominal] ep 220 success=1 steps=17 grip_closes=2 3.0s (inf 1.5s)
[nominal] ep 221 success=1 steps=19 grip_closes=2 3.3s (inf 1.6s)
[nominal] ep 222 success=1 steps=23 grip_closes=2 3.9s (inf 2.0s)
[nominal] ep 223 success=1 steps=18 grip_closes=2 3.3s (inf 1.8s)
[nominal] ep 224 success=1 steps=22 grip_closes=2 4.4s (inf 2.4s)
[nominal] build {'lr_switch': True, 'urdf_version': 'recolor_cabinet_visual_matching_1'} -> 25 episodes
[nominal] ep 225 success=1 steps=36 grip_closes=2 6.6s (inf 3.7s)
[nominal] ep 226 success=1 steps=39 grip_closes=3 7.1s (inf 4.1s)
[nominal] ep 227 success=1 steps=19 grip_closes=2 3.5s (inf 1.9s)
[nominal] ep 228 success=1 steps=17 grip_closes=2 3.4s (inf 1.9s)
[nominal] ep 229 success=0 steps=80 grip_closes=2 16.6s (inf 10.1s)
[nominal] ep 230 success=1 steps=25 grip_closes=2 5.0s (inf 3.0s)
[nominal] ep 231 success=1 steps=18 grip_closes=2 3.5s (inf 2.1s)
[nominal] ep 232 success=1 steps=15 grip_closes=2 3.0s (inf 1.7s)
[nominal] ep 233 success=1 steps=14 grip_closes=2 2.8s (inf 1.6s)
[nominal] ep 234 success=1 steps=17 grip_closes=2 3.4s (inf 2.0s)
[nominal] ep 235 success=1 steps=22 grip_closes=2 4.3s (inf 2.5s)
[nominal] ep 236 success=1 steps=16 grip_closes=2 3.2s (inf 1.8s)
[nominal] ep 237 success=1 steps=15 grip_closes=2 3.0s (inf 1.7s)
[nominal] ep 238 success=1 steps=15 grip_closes=2 3.1s (inf 1.8s)
[nominal] ep 239 success=1 steps=15 grip_closes=2 3.0s (inf 1.8s)
[nominal] ep 240 success=1 steps=20 grip_closes=2 3.9s (inf 2.3s)
[nominal] ep 241 success=1 steps=16 grip_closes=2 3.1s (inf 1.8s)
[nominal] ep 242 success=1 steps=15 grip_closes=2 3.0s (inf 1.7s)
[nominal] ep 243 success=1 steps=14 grip_closes=2 2.8s (inf 1.6s)
[nominal] ep 244 success=1 steps=15 grip_closes=2 3.0s (inf 1.7s)
[nominal] ep 245 success=1 steps=21 grip_closes=2 4.1s (inf 2.4s)
[nominal] ep 246 success=1 steps=17 grip_closes=2 3.3s (inf 1.9s)
[nominal] ep 247 success=1 steps=16 grip_closes=2 3.2s (inf 1.8s)
[nominal] ep 248 success=1 steps=13 grip_closes=2 2.6s (inf 1.5s)
[nominal] ep 249 success=1 steps=14 grip_closes=2 2.7s (inf 1.6s)
[nominal] build {'upright': True, 'urdf_version': 'recolor_cabinet_visual_matching_1'} -> 25 episodes
[nominal] ep 250 success=1 steps=27 grip_closes=2 5.0s (inf 3.1s)
[nominal] ep 251 success=1 steps=22 grip_closes=2 4.1s (inf 2.5s)
[nominal] ep 252 success=1 steps=37 grip_closes=2 6.9s (inf 4.3s)
[nominal] ep 253 success=0 steps=20 grip_closes=2 3.8s (inf 2.3s)
[nominal] ep 254 success=0 steps=80 grip_closes=5 15.2s (inf 9.4s)
[nominal] ep 255 success=1 steps=25 grip_closes=2 4.7s (inf 2.9s)
[nominal] ep 256 success=1 steps=19 grip_closes=2 3.6s (inf 2.2s)
[nominal] ep 257 success=0 steps=51 grip_closes=3 9.5s (inf 5.9s)
[nominal] ep 258 success=1 steps=80 grip_closes=2 15.6s (inf 9.5s)
[nominal] ep 259 success=1 steps=80 grip_closes=2 14.9s (inf 9.1s)
[nominal] ep 260 success=1 steps=25 grip_closes=2 4.6s (inf 2.9s)
[nominal] ep 261 success=0 steps=80 grip_closes=2 15.0s (inf 9.2s)
[nominal] ep 262 success=1 steps=16 grip_closes=2 3.0s (inf 1.8s)
[nominal] ep 263 success=1 steps=15 grip_closes=2 2.9s (inf 1.7s)
[nominal] ep 264 success=0 steps=80 grip_closes=1 14.4s (inf 9.2s)
[nominal] ep 265 success=0 steps=80 grip_closes=2 15.0s (inf 9.1s)
[nominal] ep 266 success=0 steps=80 grip_closes=2 14.9s (inf 9.1s)
[nominal] ep 267 success=1 steps=17 grip_closes=2 3.2s (inf 1.9s)
[nominal] ep 268 success=0 steps=80 grip_closes=2 15.0s (inf 9.1s)
[nominal] ep 269 success=0 steps=80 grip_closes=2 15.0s (inf 9.2s)
[nominal] ep 270 success=0 steps=22 grip_closes=2 4.1s (inf 2.5s)
[nominal] ep 271 success=1 steps=25 grip_closes=2 4.7s (inf 2.9s)
[nominal] ep 272 success=1 steps=19 grip_closes=2 3.6s (inf 2.2s)
[nominal] ep 273 success=0 steps=80 grip_closes=2 15.5s (inf 9.3s)
[nominal] ep 274 success=1 steps=17 grip_closes=2 3.3s (inf 2.0s)
[nominal] build {'laid_vertically': True, 'urdf_version': 'recolor_cabinet_visual_matching_1'} -> 25 episodes
[nominal] ep 275 success=1 steps=33 grip_closes=2 6.2s (inf 3.8s)
[nominal] ep 276 success=1 steps=22 grip_closes=2 4.2s (inf 2.5s)
[nominal] ep 277 success=1 steps=20 grip_closes=2 3.9s (inf 2.3s)
[nominal] ep 278 success=1 steps=19 grip_closes=2 3.7s (inf 2.2s)
[nominal] ep 279 success=1 steps=21 grip_closes=2 4.3s (inf 2.5s)
[nominal] ep 280 success=0 steps=80 grip_closes=3 15.9s (inf 9.7s)
[nominal] ep 281 success=1 steps=20 grip_closes=2 4.1s (inf 2.4s)
[nominal] ep 282 success=1 steps=20 grip_closes=2 4.2s (inf 2.4s)
[nominal] ep 283 success=1 steps=19 grip_closes=2 3.9s (inf 2.3s)
[nominal] ep 284 success=1 steps=19 grip_closes=2 4.0s (inf 2.3s)
[nominal] ep 285 success=1 steps=26 grip_closes=2 5.3s (inf 3.2s)
[nominal] ep 286 success=1 steps=20 grip_closes=2 4.0s (inf 2.4s)
[nominal] ep 287 success=1 steps=20 grip_closes=2 4.1s (inf 2.4s)
[nominal] ep 288 success=1 steps=19 grip_closes=2 3.8s (inf 2.3s)
[nominal] ep 289 success=1 steps=18 grip_closes=2 3.7s (inf 2.1s)
[nominal] ep 290 success=0 steps=23 grip_closes=2 4.6s (inf 2.7s)
[nominal] ep 291 success=1 steps=21 grip_closes=2 4.1s (inf 2.5s)
[nominal] ep 292 success=1 steps=21 grip_closes=2 4.3s (inf 2.5s)
[nominal] ep 293 success=1 steps=19 grip_closes=2 4.0s (inf 2.3s)
[nominal] ep 294 success=1 steps=23 grip_closes=2 4.5s (inf 2.7s)
[nominal] ep 295 success=0 steps=25 grip_closes=2 5.0s (inf 2.9s)
[nominal] ep 296 success=1 steps=23 grip_closes=2 4.6s (inf 2.7s)
[nominal] ep 297 success=1 steps=23 grip_closes=2 4.6s (inf 2.7s)
[nominal] ep 298 success=1 steps=19 grip_closes=2 3.8s (inf 2.2s)
[nominal] ep 299 success=1 steps=21 grip_closes=2 4.0s (inf 2.4s)
[nominal] n=300 success_rate=0.863
SWEEP_MS2_DONE /mnt/e/research/the_world/results/fractal_reversal/rt-1-converged/GraspSingleOpenedCokeCanInScene-v0
