[fric_x0.4] build {'lr_switch': True} -> 25 episodes
[fric_x0.4] effective: {"stiffness_scale": 1.0, "damping_scale": 1.0, "force_scale": 1.0, "delay_steps": 0, "fric_scale": 0.4, "dens_scale": 1.0, "drives": {"stiffness": [1700.0, 1737.047119140625, 979.97[2026-09-21 09:05:10.072] [svulkan2] [warning] A second renderer will share the same internal context with the first one. Arguments passed to constructor will be ignored.
[2026-09-21 09:08:43.251] [svulkan2] [warning] A second renderer will share the same internal context with the first one. Arguments passed to constructor will be ignored.
[2026-09-21 09:12:02.570] [svulkan2] [warning] A second renderer will share the same internal context with the first one. Arguments passed to constructor will be ignored.
[2026-09-21 09:13:48.845] [svulkan2] [warning] A second renderer will share the same internal context with the first one. Arguments passed to constructor will be ignored.
[2026-09-21 09:17:45.145] [svulkan2] [warning] A second renderer will share the same internal context with the first one. Arguments passed to constructor will be ignored.
[2026-09-21 09:20:43.561] [svulkan2] [warning] A second renderer will share the same internal context with the first one. Arguments passed to constructor will be ignored.
[2026-09-21 09:23:01.833] [svulkan2] [warning] A second renderer will share the same internal context with the first one. Arguments passed to constructor will be ignored.
[2026-09-21 09:26:15.926] [svulkan2] [warning] A second renderer will share the same internal context with the first one. Arguments passed to constructor will be ignored.
[2026-09-21 09:29:31.803] [svulkan2] [warning] A second renderer will share the same internal context with the first one. Arguments passed to constructor will be ignored.
[2026-09-21 09:31:22.618] [svulkan2] [warning] A second renderer will share the same internal context with the first one. Arguments passed to constructor will be ignored.
[2026-09-21 09:34:50.222] [svulkan2] [warning] A second renderer will share the same internal context with the first one. Arguments passed to constructor will be ignored.
18 grip_closes=2 3.2s (inf 1.8s)
[fric_x0.4] ep 22 success=1 steps=15 grip_closes=2 3.0s (inf 1.6s)
[fric_x0.4] ep 23 success=1 steps=13 grip_closes=2 2.5s (inf 1.3s)
[fric_x0.4] ep 24 success=1 steps=12 grip_closes=2 2.4s (inf 1.2s)
[fric_x0.4] build {'upright': True} -> 25 episodes
[fric_x0.4] ep 25 success=0 steps=80 grip_closes=1 13.7s (inf 8.1s)
[fric_x0.4] ep 26 success=0 steps=80 grip_closes=2 14.6s (inf 8.3s)
[fric_x0.4] ep 27 success=0 steps=80 grip_closes=2 14.6s (inf 8.2s)
[fric_x0.4] ep 28 success=1 steps=80 grip_closes=2 14.8s (inf 8.3s)
[fric_x0.4] ep 29 success=0 steps=12 grip_closes=2 2.2s (inf 1.2s)
[fric_x0.4] ep 30 success=0 steps=80 grip_closes=1 14.5s (inf 8.5s)
[fric_x0.4] ep 31 success=0 steps=80 grip_closes=1 14.5s (inf 8.5s)
[fric_x0.4] ep 32 success=0 steps=80 grip_closes=2 15.4s (inf 8.5s)
[fric_x0.4] ep 33 success=1 steps=80 grip_closes=2 15.3s (inf 8.5s)
[fric_x0.4] ep 34 success=1 steps=16 grip_closes=2 3.0s (inf 1.7s)
[fric_x0.4] ep 35 success=0 steps=80 grip_closes=2 14.6s (inf 8.2s)
[fric_x0.4] ep 36 success=0 steps=80 grip_closes=2 13.8s (inf 7.8s)
[fric_x0.4] ep 37 success=1 steps=80 grip_closes=2 13.8s (inf 7.8s)
[fric_x0.4] ep 38 success=0 steps=15 grip_closes=2 2.6s (inf 1.5s)
[fric_x0.4] ep 39 success=1 steps=13 grip_closes=2 2.3s (inf 1.3s)
[fric_x0.4] ep 40 success=0 steps=80 grip_closes=2 13.8s (inf 7.9s)
[fric_x0.4] ep 41 success=1 steps=20 grip_closes=2 3.4s (inf 2.0s)
[fric_x0.4] ep 42 success=1 steps=18 grip_closes=2 3.1s (inf 1.7s)
[fric_x0.4] ep 43 success=1 steps=15 grip_closes=2 2.6s (inf 1.5s)
[fric_x0.4] ep 44 success=1 steps=12 grip_closes=2 2.1s (inf 1.2s)
[fric_x0.4] ep 45 success=1 steps=27 grip_closes=2 4.7s (inf 2.7s)
[fric_x0.4] ep 46 success=1 steps=18 grip_closes=2 3.1s (inf 1.8s)
[fric_x0.4] ep 47 success=1 steps=17 grip_closes=2 3.0s (inf 1.7s)
[fric_x0.4] ep 48 success=1 steps=14 grip_closes=2 2.5s (inf 1.4s)
[fric_x0.4] ep 49 success=1 steps=13 grip_closes=2 2.3s (inf 1.3s)
[fric_x0.4] build {'laid_vertically': True} -> 25 episodes
[fric_x0.4] ep 50 success=1 steps=80 grip_closes=2 13.7s (inf 7.8s)
[fric_x0.4] ep 51 success=1 steps=26 grip_closes=2 4.5s (inf 2.5s)
[fric_x0.4] ep 52 success=1 steps=80 grip_closes=2 13.8s (inf 7.8s)
[fric_x0.4] ep 53 success=1 steps=22 grip_closes=2 3.8s (inf 2.2s)
[fric_x0.4] ep 54 success=1 steps=20 grip_closes=2 3.6s (inf 2.0s)
[fric_x0.4] ep 55 success=0 steps=80 grip_closes=2 14.3s (inf 7.8s)
[fric_x0.4] ep 56 success=1 steps=80 grip_closes=2 14.3s (inf 8.0s)
[fric_x0.4] ep 57 success=1 steps=23 grip_closes=2 4.0s (inf 2.3s)
[fric_x0.4] ep 58 success=1 steps=20 grip_closes=2 3.6s (inf 2.0s)
[fric_x0.4] ep 59 success=1 steps=19 grip_closes=2 3.3s (inf 1.9s)
[fric_x0.4] ep 60 success=0 steps=80 grip_closes=2 14.1s (inf 7.8s)
[fric_x0.4] ep 61 success=1 steps=22 grip_closes=2 3.8s (inf 2.2s)
[fric_x0.4] ep 62 success=1 steps=22 grip_closes=2 3.9s (inf 2.1s)
[fric_x0.4] ep 63 success=1 steps=21 grip_closes=2 3.6s (inf 2.1s)
[fric_x0.4] ep 64 success=1 steps=24 grip_closes=2 4.2s (inf 2.4s)
[fric_x0.4] ep 65 success=0 steps=80 grip_closes=2 14.1s (inf 7.9s)
[fric_x0.4] ep 66 success=1 steps=23 grip_closes=2 4.1s (inf 2.2s)
[fric_x0.4] ep 67 success=1 steps=28 grip_closes=2 4.8s (inf 2.7s)
[fric_x0.4] ep 68 success=1 steps=24 grip_closes=2 4.2s (inf 2.3s)
[fric_x0.4] ep 69 success=0 steps=80 grip_closes=1 13.4s (inf 7.9s)
[fric_x0.4] ep 70 success=1 steps=80 grip_closes=2 13.8s (inf 7.9s)
[fric_x0.4] ep 71 success=1 steps=80 grip_closes=2 13.8s (inf 7.9s)
[fric_x0.4] ep 72 success=0 steps=10 grip_closes=1 1.7s (inf 1.0s)
[fric_x0.4] ep 73 success=1 steps=31 grip_closes=2 5.4s (inf 3.1s)
[fric_x0.4] ep 74 success=0 steps=80 grip_closes=1 13.9s (inf 8.2s)
[fric_x0.4] build {'lr_switch': True, 'urdf_version': 'recolor_tabletop_visual_matching_1'} -> 25 episodes
[fric_x0.4] ep 75 success=1 steps=80 grip_closes=2 14.3s (inf 8.1s)
[fric_x0.4] ep 76 success=1 steps=19 grip_closes=2 3.3s (inf 1.9s)
[fric_x0.4] ep 77 success=1 steps=19 grip_closes=2 3.4s (inf 1.9s)
[fric_x0.4] ep 78 success=1 steps=17 grip_closes=2 2.9s (inf 1.7s)
[fric_x0.4] ep 79 success=1 steps=15 grip_closes=2 2.8s (inf 1.5s)
[fric_x0.4] ep 80 success=0 steps=80 grip_closes=1 14.0s (inf 8.1s)
[fric_x0.4] ep 81 success=1 steps=19 grip_closes=2 3.5s (inf 2.0s)
[fric_x0.4] ep 82 success=1 steps=17 grip_closes=2 3.0s (inf 1.7s)
[fric_x0.4] ep 83 success=1 steps=16 grip_closes=2 2.9s (inf 1.6s)
[fric_x0.4] ep 84 success=1 steps=14 grip_closes=2 2.6s (inf 1.4s)
[fric_x0.4] ep 85 success=1 steps=80 grip_closes=2 14.1s (inf 7.9s)
[fric_x0.4] ep 86 success=1 steps=19 grip_closes=2 3.4s (inf 1.9s)
[fric_x0.4] ep 87 success=1 steps=16 grip_closes=2 2.8s (inf 1.6s)
[fric_x0.4] ep 88 success=1 steps=15 grip_closes=2 2.7s (inf 1.5s)
[fric_x0.4] ep 89 success=1 steps=12 grip_closes=2 2.2s (inf 1.2s)
[fric_x0.4] ep 90 success=1 steps=22 grip_closes=2 3.9s (inf 2.2s)
[fric_x0.4] ep 91 success=1 steps=17 grip_closes=2 3.0s (inf 1.7s)
[fric_x0.4] ep 92 success=1 steps=16 grip_closes=2 3.0s (inf 1.6s)
[fric_x0.4] ep 93 success=1 steps=14 grip_closes=2 2.5s (inf 1.4s)
[fric_x0.4] ep 94 success=1 steps=11 grip_closes=2 2.0s (inf 1.1s)
[fric_x0.4] ep 95 success=0 steps=6 grip_closes=1 1.2s (inf 0.6s)
[fric_x0.4] ep 96 success=1 steps=18 grip_closes=2 3.2s (inf 1.8s)
[fric_x0.4] ep 97 success=1 steps=15 grip_closes=2 2.6s (inf 1.5s)
[fric_x0.4] ep 98 success=1 steps=13 grip_closes=2 2.4s (inf 1.3s)
[fric_x0.4] ep 99 success=1 steps=11 grip_closes=2 2.2s (inf 1.1s)
[fric_x0.4] build {'upright': True, 'urdf_version': 'recolor_tabletop_visual_matching_1'} -> 25 episodes
[fric_x0.4] ep 100 success=0 steps=80 grip_closes=2 13.8s (inf 7.8s)
[fric_x0.4] ep 101 success=0 steps=80 grip_closes=2 13.9s (inf 7.8s)
[fric_x0.4] ep 102 success=0 steps=80 grip_closes=2 13.8s (inf 7.8s)
[fric_x0.4] ep 103 success=1 steps=80 grip_closes=2 13.8s (inf 7.8s)
[fric_x0.4] ep 104 success=1 steps=80 grip_closes=2 13.8s (inf 7.8s)
[fric_x0.4] ep 105 success=0 steps=80 grip_closes=2 13.9s (inf 7.8s)
[fric_x0.4] ep 106 success=0 steps=80 grip_closes=2 13.8s (inf 7.9s)
[fric_x0.4] ep 107 success=0 steps=80 grip_closes=2 14.1s (inf 8.0s)
[fric_x0.4] ep 108 success=1 steps=18 grip_closes=2 3.1s (inf 1.8s)
[fric_x0.4] ep 109 success=1 steps=12 grip_closes=2 2.2s (inf 1.2s)
[fric_x0.4] ep 110 success=0 steps=80 grip_closes=2 13.8s (inf 7.8s)
[fric_x0.4] ep 111 success=0 steps=80 grip_closes=3 13.9s (inf 7.9s)
[fric_x0.4] ep 112 success=0 steps=80 grip_closes=2 13.8s (inf 7.8s)
[fric_x0.4] ep 113 success=1 steps=17 grip_closes=2 3.0s (inf 1.7s)
[fric_x0.4] ep 114 success=1 steps=13 grip_closes=2 2.4s (inf 1.3s)
[fric_x0.4] ep 115 success=0 steps=80 grip_closes=2 13.9s (inf 7.9s)
[fric_x0.4] ep 116 success=0 steps=80 grip_closes=2 13.9s (inf 7.9s)
[fric_x0.4] ep 117 success=1 steps=18 grip_closes=2 3.2s (inf 1.8s)
[fric_x0.4] ep 118 success=1 steps=15 grip_closes=2 2.6s (inf 1.5s)
[fric_x0.4] ep 119 success=1 steps=14 grip_closes=2 2.5s (inf 1.4s)
[fric_x0.4] ep 120 success=0 steps=80 grip_closes=2 14.1s (inf 7.9s)
[fric_x0.4] ep 121 success=0 steps=80 grip_closes=2 13.8s (inf 7.8s)
[fric_x0.4] ep 122 success=1 steps=17 grip_closes=2 2.9s (inf 1.7s)
[fric_x0.4] ep 123 success=1 steps=13 grip_closes=2 2.3s (inf 1.3s)
[fric_x0.4] ep 124 success=1 steps=11 grip_closes=2 2.0s (inf 1.1s)
[fric_x0.4] build {'laid_vertically': True, 'urdf_version': 'recolor_tabletop_visual_matching_1'} -> 25 episodes
[fric_x0.4] ep 125 success=1 steps=32 grip_closes=2 5.4s (inf 3.1s)
[fric_x0.4] ep 126 success=1 steps=80 grip_closes=2 13.9s (inf 7.9s)
[fric_x0.4] ep 127 success=1 steps=22 grip_closes=2 3.8s (inf 2.2s)
[fric_x0.4] ep 128 success=1 steps=80 grip_closes=2 14.0s (inf 7.9s)
[fric_x0.4] ep 129 success=0 steps=80 grip_closes=5 14.4s (inf 7.8s)
[fric_x0.4] ep 130 success=1 steps=29 grip_closes=2 5.1s (inf 2.8s)
[fric_x0.4] ep 131 success=1 steps=80 grip_closes=2 13.8s (inf 7.8s)
[fric_x0.4] ep 132 success=1 steps=23 grip_closes=2 3.9s (inf 2.2s)
[fric_x0.4] ep 133 success=1 steps=22 grip_closes=2 3.9s (inf 2.1s)
[fric_x0.4] ep 134 success=1 steps=23 grip_closes=2 4.0s (inf 2.2s)
[fric_x0.4] ep 135 success=0 steps=80 grip_closes=2 14.4s (inf 7.9s)
[fric_x0.4] ep 136 success=1 steps=23 grip_closes=2 4.1s (inf 2.2s)
[fric_x0.4] ep 137 success=1 steps=23 grip_closes=2 4.0s (inf 2.3s)
[fric_x0.4] ep 138 success=1 steps=22 grip_closes=2 3.9s (inf 2.2s)
[fric_x0.4] ep 139 success=1 steps=24 grip_closes=2 4.3s (inf 2.5s)
[fric_x0.4] ep 140 success=0 steps=80 grip_closes=3 14.0s (inf 7.8s)
[fric_x0.4] ep 141 success=1 steps=24 grip_closes=2 4.2s (inf 2.4s)
[fric_x0.4] ep 142 success=1 steps=27 grip_closes=2 4.8s (inf 2.6s)
[fric_x0.4] ep 143 success=1 steps=22 grip_closes=2 3.8s (inf 2.2s)
[fric_x0.4] ep 144 success=0 steps=80 grip_closes=1 13.3s (inf 7.9s)
[fric_x0.4] ep 145 success=0 steps=24 grip_closes=2 4.1s (inf 2.4s)
[fric_x0.4] ep 146 success=1 steps=26 grip_closes=2 5.9s (inf 2.6s)
[fric_x0.4] ep 147 success=1 steps=29 grip_closes=2 5.1s (inf 2.9s)
[fric_x0.4] ep 148 success=1 steps=23 grip_closes=2 4.0s (inf 2.3s)
[fric_x0.4] ep 149 success=1 steps=22 grip_closes=2 3.9s (inf 2.2s)
[fric_x0.4] build {'lr_switch': True, 'urdf_version': 'recolor_tabletop_visual_matching_2'} -> 25 episodes
[fric_x0.4] ep 150 success=0 steps=80 grip_closes=2 14.3s (inf 7.8s)
[fric_x0.4] ep 151 success=1 steps=21 grip_closes=2 3.8s (inf 2.1s)
[fric_x0.4] ep 152 success=1 steps=18 grip_closes=2 3.1s (inf 1.8s)
[fric_x0.4] ep 153 success=1 steps=17 grip_closes=2 3.0s (inf 1.7s)
[fric_x0.4] ep 154 success=1 steps=15 grip_closes=2 2.8s (inf 1.5s)
[fric_x0.4] ep 155 success=0 steps=80 grip_closes=1 13.9s (inf 7.9s)
[fric_x0.4] ep 156 success=1 steps=80 grip_closes=2 14.0s (inf 8.0s)
[fric_x0.4] ep 157 success=1 steps=17 grip_closes=2 2.9s (inf 1.7s)
[fric_x0.4] ep 158 success=1 steps=16 grip_closes=2 2.9s (inf 1.6s)
[fric_x0.4] ep 159 success=1 steps=13 grip_closes=2 2.4s (inf 1.3s)
[fric_x0.4] ep 160 success=1 steps=80 grip_closes=2 13.9s (inf 7.9s)
[fric_x0.4] ep 161 success=1 steps=20 grip_closes=2 3.4s (inf 1.9s)
[fric_x0.4] ep 162 success=1 steps=16 grip_closes=2 2.9s (inf 1.6s)
[fric_x0.4] ep 163 success=1 steps=15 grip_closes=2 2.7s (inf 1.5s)
[fric_x0.4] ep 164 success=1 steps=12 grip_closes=2 2.1s (inf 1.2s)
[fric_x0.4] ep 165 success=0 steps=80 grip_closes=2 14.0s (inf 7.9s)
[fric_x0.4] ep 166 success=1 steps=17 grip_closes=2 2.9s (inf 1.7s)
[fric_x0.4] ep 167 success=1 steps=15 grip_closes=2 2.8s (inf 1.5s)
[fric_x0.4] ep 168 success=1 steps=14 grip_closes=2 2.4s (inf 1.4s)
[fric_x0.4] ep 169 success=1 steps=11 grip_closes=2 2.1s (inf 1.1s)
[fric_x0.4] ep 170 success=0 steps=80 grip_closes=1 13.5s (inf 8.0s)
[fric_x0.4] ep 171 success=1 steps=17 grip_closes=2 2.9s (inf 1.7s)
[fric_x0.4] ep 172 success=1 steps=16 grip_closes=2 2.8s (inf 1.5s)
[fric_x0.4] ep 173 success=1 steps=12 grip_closes=2 2.2s (inf 1.2s)
[fric_x0.4] ep 174 success=1 steps=12 grip_closes=2 2.1s (inf 1.2s)
[fric_x0.4] build {'upright': True, 'urdf_version': 'recolor_tabletop_visual_matching_2'} -> 25 episodes
[fric_x0.4] ep 175 success=0 steps=80 grip_closes=2 13.8s (inf 7.9s)
[fric_x0.4] ep 176 success=0 steps=80 grip_closes=2 13.7s (inf 7.8s)
[fric_x0.4] ep 177 success=0 steps=80 grip_closes=2 13.8s (inf 7.8s)
[fric_x0.4] ep 178 success=0 steps=80 grip_closes=2 13.8s (inf 7.8s)
[fric_x0.4] ep 179 success=1 steps=15 grip_closes=2 2.6s (inf 1.5s)
[fric_x0.4] ep 180 success=0 steps=80 grip_closes=2 13.6s (inf 7.8s)
[fric_x0.4] ep 181 success=0 steps=80 grip_closes=2 13.9s (inf 8.1s)
[fric_x0.4] ep 182 success=0 steps=80 grip_closes=2 13.4s (inf 7.8s)
[fric_x0.4] ep 183 success=1 steps=18 grip_closes=2 3.0s (inf 1.7s)
[fric_x0.4] ep 184 success=1 steps=13 grip_closes=2 2.2s (inf 1.2s)
[fric_x0.4] ep 185 success=0 steps=37 grip_closes=2 6.2s (inf 3.6s)
[fric_x0.4] ep 186 success=0 steps=80 grip_closes=2 13.5s (inf 7.8s)
[fric_x0.4] ep 187 success=1 steps=80 grip_closes=2 13.6s (inf 7.9s)
[fric_x0.4] ep 188 success=1 steps=15 grip_closes=2 2.6s (inf 1.5s)
[fric_x0.4] ep 189 success=0 steps=80 grip_closes=2 13.8s (inf 8.1s)
[fric_x0.4] ep 190 success=0 steps=80 grip_closes=2 13.8s (inf 8.0s)
[fric_x0.4] ep 191 success=1 steps=19 grip_closes=2 3.2s (inf 1.8s)
[fric_x0.4] ep 192 success=1 steps=16 grip_closes=2 2.8s (inf 1.6s)
[fric_x0.4] ep 193 success=1 steps=14 grip_closes=2 2.4s (inf 1.4s)
[fric_x0.4] ep 194 success=1 steps=13 grip_closes=2 2.3s (inf 1.3s)
[fric_x0.4] ep 195 success=0 steps=23 grip_closes=2 3.9s (inf 2.2s)
[fric_x0.4] ep 196 success=1 steps=18 grip_closes=2 3.0s (inf 1.8s)
[fric_x0.4] ep 197 success=1 steps=17 grip_closes=2 3.0s (inf 1.7s)
[fric_x0.4] ep 198 success=1 steps=13 grip_closes=2 2.3s (inf 1.3s)
[fric_x0.4] ep 199 success=1 steps=12 grip_closes=2 2.1s (inf 1.2s)
[fric_x0.4] build {'laid_vertically': True, 'urdf_version': 'recolor_tabletop_visual_matching_2'} -> 25 episodes
[fric_x0.4] ep 200 success=1 steps=80 grip_closes=2 13.6s (inf 7.9s)
[fric_x0.4] ep 201 success=1 steps=80 grip_closes=2 13.5s (inf 7.8s)
[fric_x0.4] ep 202 success=1 steps=25 grip_closes=2 4.2s (inf 2.4s)
[fric_x0.4] ep 203 success=1 steps=24 grip_closes=2 4.0s (inf 2.4s)
[fric_x0.4] ep 204 success=1 steps=20 grip_closes=2 3.5s (inf 2.0s)
[fric_x0.4] ep 205 success=0 steps=80 grip_closes=3 13.7s (inf 7.9s)
[fric_x0.4] ep 206 success=1 steps=22 grip_closes=2 3.8s (inf 2.2s)
[fric_x0.4] ep 207 success=1 steps=21 grip_closes=2 3.6s (inf 2.1s)
[fric_x0.4] ep 208 success=1 steps=21 grip_closes=2 3.6s (inf 2.1s)
[fric_x0.4] ep 209 success=1 steps=19 grip_closes=2 3.3s (inf 1.8s)
[fric_x0.4] ep 210 success=1 steps=80 grip_closes=4 13.6s (inf 7.8s)
[fric_x0.4] ep 211 success=1 steps=21 grip_closes=2 3.5s (inf 2.1s)
[fric_x0.4] ep 212 success=1 steps=22 grip_closes=2 3.8s (inf 2.2s)
[fric_x0.4] ep 213 success=1 steps=22 grip_closes=2 3.8s (inf 2.2s)
[fric_x0.4] ep 214 success=1 steps=80 grip_closes=3 13.5s (inf 7.8s)
[fric_x0.4] ep 215 success=1 steps=80 grip_closes=2 13.5s (inf 7.8s)
[fric_x0.4] ep 216 success=1 steps=23 grip_closes=2 3.9s (inf 2.3s)
[fric_x0.4] ep 217 success=1 steps=80 grip_closes=2 13.7s (inf 7.8s)
[fric_x0.4] ep 218 success=1 steps=22 grip_closes=2 3.7s (inf 2.2s)
[fric_x0.4] ep 219 success=0 steps=80 grip_closes=1 13.1s (inf 7.9s)
[fric_x0.4] ep 220 success=1 steps=80 grip_closes=2 13.4s (inf 7.7s)
[fric_x0.4] ep 221 success=0 steps=80 grip_closes=2 13.6s (inf 7.8s)
[fric_x0.4] ep 222 success=1 steps=39 grip_closes=2 6.4s (inf 3.8s)
[fric_x0.4] ep 223 success=1 steps=24 grip_closes=2 4.1s (inf 2.4s)
[fric_x0.4] ep 224 success=1 steps=21 grip_closes=2 3.7s (inf 2.1s)
[fric_x0.4] build {'lr_switch': True, 'urdf_version': 'recolor_cabinet_visual_matching_1'} -> 25 episodes
[fric_x0.4] ep 225 success=0 steps=80 grip_closes=2 13.5s (inf 7.8s)
[fric_x0.4] ep 226 success=1 steps=19 grip_closes=2 3.4s (inf 1.8s)
[fric_x0.4] ep 227 success=1 steps=18 grip_closes=2 3.2s (inf 1.7s)
[fric_x0.4] ep 228 success=1 steps=16 grip_closes=2 2.7s (inf 1.6s)
[fric_x0.4] ep 229 success=1 steps=15 grip_closes=2 2.5s (inf 1.4s)
[fric_x0.4] ep 230 success=0 steps=80 grip_closes=1 13.4s (inf 7.8s)
[fric_x0.4] ep 231 success=1 steps=20 grip_closes=2 3.3s (inf 1.9s)
[fric_x0.4] ep 232 success=1 steps=17 grip_closes=2 3.0s (inf 1.7s)
[fric_x0.4] ep 233 success=1 steps=16 grip_closes=2 2.7s (inf 1.5s)
[fric_x0.4] ep 234 success=1 steps=13 grip_closes=2 2.3s (inf 1.3s)
[fric_x0.4] ep 235 success=0 steps=80 grip_closes=1 13.3s (inf 7.8s)
[fric_x0.4] ep 236 success=1 steps=20 grip_closes=2 3.4s (inf 1.9s)
[fric_x0.4] ep 237 success=1 steps=15 grip_closes=2 2.6s (inf 1.5s)
[fric_x0.4] ep 238 success=1 steps=14 grip_closes=2 2.5s (inf 1.4s)
[fric_x0.4] ep 239 success=1 steps=12 grip_closes=2 2.2s (inf 1.2s)
[fric_x0.4] ep 240 success=1 steps=80 grip_closes=2 13.6s (inf 7.8s)
[fric_x0.4] ep 241 success=1 steps=17 grip_closes=2 2.9s (inf 1.7s)
[fric_x0.4] ep 242 success=1 steps=15 grip_closes=2 2.7s (inf 1.5s)
[fric_x0.4] ep 243 success=1 steps=14 grip_closes=2 2.5s (inf 1.4s)
[fric_x0.4] ep 244 success=1 steps=11 grip_closes=2 2.1s (inf 1.1s)
[fric_x0.4] ep 245 success=0 steps=6 grip_closes=1 1.2s (inf 0.6s)
[fric_x0.4] ep 246 success=1 steps=17 grip_closes=2 3.0s (inf 1.7s)
[fric_x0.4] ep 247 success=1 steps=14 grip_closes=2 2.6s (inf 1.4s)
[fric_x0.4] ep 248 success=1 steps=13 grip_closes=2 2.3s (inf 1.3s)
[fric_x0.4] ep 249 success=1 steps=12 grip_closes=2 2.1s (inf 1.2s)
[fric_x0.4] build {'upright': True, 'urdf_version': 'recolor_cabinet_visual_matching_1'} -> 25 episodes
[fric_x0.4] ep 250 success=0 steps=80 grip_closes=2 13.4s (inf 7.8s)
[fric_x0.4] ep 251 success=0 steps=80 grip_closes=2 13.5s (inf 7.8s)
[fric_x0.4] ep 252 success=0 steps=80 grip_closes=2 13.4s (inf 7.8s)
[fric_x0.4] ep 253 success=0 steps=80 grip_closes=2 13.3s (inf 7.8s)
[fric_x0.4] ep 254 success=1 steps=17 grip_closes=2 2.9s (inf 1.6s)
[fric_x0.4] ep 255 success=0 steps=80 grip_closes=2 13.5s (inf 7.8s)
[fric_x0.4] ep 256 success=0 steps=80 grip_closes=2 13.4s (inf 7.8s)
[fric_x0.4] ep 257 success=0 steps=80 grip_closes=2 13.5s (inf 7.8s)
[fric_x0.4] ep 258 success=1 steps=80 grip_closes=2 13.5s (inf 7.8s)
[fric_x0.4] ep 259 success=1 steps=13 grip_closes=2 2.2s (inf 1.3s)
[fric_x0.4] ep 260 success=0 steps=80 grip_closes=2 13.6s (inf 7.9s)
[fric_x0.4] ep 261 success=0 steps=80 grip_closes=2 13.4s (inf 7.8s)
[fric_x0.4] ep 262 success=1 steps=80 grip_closes=2 13.5s (inf 7.8s)
[fric_x0.4] ep 263 success=1 steps=15 grip_closes=2 2.5s (inf 1.4s)
[fric_x0.4] ep 264 success=1 steps=13 grip_closes=2 2.2s (inf 1.3s)
[fric_x0.4] ep 265 success=0 steps=80 grip_closes=2 13.5s (inf 7.8s)
[fric_x0.4] ep 266 success=0 steps=80 grip_closes=2 13.5s (inf 7.7s)
[fric_x0.4] ep 267 success=1 steps=16 grip_closes=2 2.7s (inf 1.5s)
[fric_x0.4] ep 268 success=1 steps=14 grip_closes=2 2.4s (inf 1.4s)
[fric_x0.4] ep 269 success=1 steps=13 grip_closes=2 2.3s (inf 1.3s)
[fric_x0.4] ep 270 success=1 steps=22 grip_closes=2 3.7s (inf 2.1s)
[fric_x0.4] ep 271 success=1 steps=17 grip_closes=2 2.9s (inf 1.7s)
[fric_x0.4] ep 272 success=1 steps=16 grip_closes=2 2.7s (inf 1.6s)
[fric_x0.4] ep 273 success=1 steps=14 grip_closes=2 2.4s (inf 1.3s)
[fric_x0.4] ep 274 success=1 steps=11 grip_closes=2 1.9s (inf 1.1s)
[fric_x0.4] build {'laid_vertically': True, 'urdf_version': 'recolor_cabinet_visual_matching_1'} -> 25 episodes
[fric_x0.4] ep 275 success=0 steps=80 grip_closes=2 13.9s (inf 7.9s)
[fric_x0.4] ep 276 success=1 steps=80 grip_closes=2 13.7s (inf 7.8s)
[fric_x0.4] ep 277 success=1 steps=22 grip_closes=2 3.7s (inf 2.2s)
[fric_x0.4] ep 278 success=1 steps=23 grip_closes=2 3.8s (inf 2.2s)
[fric_x0.4] ep 279 success=1 steps=21 grip_closes=2 3.6s (inf 2.0s)
[fric_x0.4] ep 280 success=1 steps=80 grip_closes=2 13.5s (inf 7.8s)
[fric_x0.4] ep 281 success=1 steps=23 grip_closes=2 3.8s (inf 2.2s)
[fric_x0.4] ep 282 success=1 steps=23 grip_closes=2 4.0s (inf 2.3s)
[fric_x0.4] ep 283 success=1 steps=22 grip_closes=2 3.8s (inf 2.1s)
[fric_x0.4] ep 284 success=1 steps=21 grip_closes=2 3.7s (inf 2.0s)
[fric_x0.4] ep 285 success=0 steps=80 grip_closes=2 13.7s (inf 7.8s)
[fric_x0.4] ep 286 success=1 steps=23 grip_closes=2 3.9s (inf 2.3s)
[fric_x0.4] ep 287 success=1 steps=23 grip_closes=2 4.0s (inf 2.3s)
[fric_x0.4] ep 288 success=1 steps=23 grip_closes=2 4.0s (inf 2.2s)
[fric_x0.4] ep 289 success=1 steps=23 grip_closes=2 3.9s (inf 2.3s)
[fric_x0.4] ep 290 success=0 steps=80 grip_closes=2 13.8s (inf 7.8s)
[fric_x0.4] ep 291 success=1 steps=23 grip_closes=2 4.0s (inf 2.2s)
[fric_x0.4] ep 292 success=1 steps=25 grip_closes=2 4.4s (inf 2.5s)
[fric_x0.4] ep 293 success=1 steps=23 grip_closes=2 3.9s (inf 2.2s)
[fric_x0.4] ep 294 success=0 steps=80 grip_closes=1 12.9s (inf 7.8s)
[fric_x0.4] ep 295 success=0 steps=25 grip_closes=2 4.2s (inf 2.4s)
[fric_x0.4] ep 296 success=0 steps=28 grip_closes=2 4.7s (inf 2.7s)
[fric_x0.4] ep 297 success=1 steps=80 grip_closes=2 13.5s (inf 7.8s)
[fric_x0.4] ep 298 success=1 steps=24 grip_closes=2 4.0s (inf 2.3s)
[fric_x0.4] ep 299 success=0 steps=80 grip_closes=1 13.1s (inf 7.8s)
[fric_x0.4] n=300 success_rate=0.727
SWEEP_MS2_DONE /mnt/e/research/the_world/results/fractal_reversal/rt-1-15pct/GraspSingleOpenedCokeCanInScene-v0
