E:\research\the_world\.venv-windows-ms3\Lib\site-packages\sapien\wrapper\pinocchio_model.py:299: UserWarning: pinnochio package is not installed, robotics functionalities will not be available
  warnings.warn(
[33;1m2026-09-19 19:38:29,351 - mani_skill  - WARNING - Mimic targets dictionary is missing for controller config for widowx250s_bridgedataset_sink. Assuming the first joint is the control joint and the second joint is the mimic joint[0m
[33;1m2026-09-19 19:38:29,464 - mani_skill  - WARNING - No initial pose set for actor builder of eggplant, setting to default pose q=[1,0,0,0], p=[0,0,0]. Not setting reasonable initial poses may slow down simulation, see https://github.com/haosulab/ManiSkill/issues/421.[0m
[33;1m2026-09-19 19:38:29,476 - mani_skill  - WARNING - No initial pose set for actor builder of dummy_sink_target_plane, setting to default pose q=[1,0,0,0], p=[0,0,0]. Not setting reasonable initial poses may slow down simulation, see https://github.com/haosulab/ManiSkill/issues/421.[0m
[octo-base|PutEggplantInBasketScene-v1|nominal] ep 0 success=True steps=120 inf=22.3s sim=5.4s total=32.3s
[octo-base|PutEggplantInBasketScene-v1|nominal] ep 1 success=True steps=120 inf=22.4s sim=4.4s total=31.2s
[octo-base|PutEggplantInBasketScene-v1|nominal] ep 2 success=True steps=120 inf=22.8s sim=4.1s total=31.1s
[octo-base|PutEggplantInBasketScene-v1|nominal] ep 3 success=False steps=120 inf=22.9s sim=4.7s total=31.7s
[octo-base|PutEggplantInBasketScene-v1|nominal] ep 4 success=True steps=120 inf=22.3s sim=4.6s total=31.9s
[octo-base|PutEggplantInBasketScene-v1|nominal] ep 5 success=True steps=120 inf=21.1s sim=4.8s total=30.7s
[octo-base|PutEggplantInBasketScene-v1|nominal] ep 6 success=False steps=120 inf=23.2s sim=5.8s total=34.2s
[octo-base|PutEggplantInBasketScene-v1|nominal] ep 7 success=False steps=120 inf=22.5s sim=5.3s total=32.5s
[octo-base|PutEggplantInBasketScene-v1|nominal] ep 8 success=True steps=120 inf=23.5s sim=5.1s total=32.9s
[octo-base|PutEggplantInBasketScene-v1|nominal] ep 9 success=False steps=120 inf=22.4s sim=4.8s total=31.6s
[octo-base|PutEggplantInBasketScene-v1|nominal] ep 10 success=True steps=120 inf=22.2s sim=4.1s total=30.4s
[octo-base|PutEggplantInBasketScene-v1|nominal] ep 11 success=False steps=120 inf=22.8s sim=4.5s total=31.5s
[octo-base|PutEggplantInBasketScene-v1|nominal] ep 12 success=True steps=120 inf=22.5s sim=5.1s total=32.3s
[octo-base|PutEggplantInBasketScene-v1|nominal] ep 13 success=True steps=120 inf=21.9s sim=4.7s total=31.4s
[octo-base|PutEggplantInBasketScene-v1|nominal] ep 14 success=True steps=120 inf=21.8s sim=6.6s total=33.3s
[octo-base|PutEggplantInBasketScene-v1|nominal] ep 15 success=False steps=120 inf=21.4s sim=6.0s total=32.3s
[octo-base|PutEggplantInBasketScene-v1|nominal] ep 16 success=False steps=120 inf=21.9s sim=6.2s total=33.1s
[octo-base|PutEggplantInBasketScene-v1|nominal] ep 17 success=True steps=120 inf=21.5s sim=6.7s total=33.1s
[octo-base|PutEggplantInBasketScene-v1|nominal] ep 18 success=False steps=120 inf=21.1s sim=4.5s total=30.7s
[octo-base|PutEggplantInBasketScene-v1|nominal] ep 19 success=True steps=120 inf=25.0s sim=7.6s total=38.1s
[octo-base|PutEggplantInBasketScene-v1|nominal] ep 20 success=False steps=120 inf=32.4s sim=9.5s total=49.0s
[octo-base|PutEggplantInBasketScene-v1|nominal] ep 21 success=True steps=120 inf=33.9s sim=10.1s total=50.1s
[octo-base|PutEggplantInBasketScene-v1|nominal] ep 22 success=True steps=120 inf=35.1s sim=9.9s total=51.3s
[octo-base|PutEggplantInBasketScene-v1|nominal] ep 23 success=False steps=120 inf=34.5s sim=11.6s total=50.9s
[octo-base|PutEggplantInBasketScene-v1|nominal] ep 24 success=False steps=120 inf=32.9s sim=11.1s total=48.9s
[octo-base|PutEggplantInBasketScene-v1|nominal] ep 25 success=True steps=120 inf=32.9s sim=9.4s total=47.1s
[octo-base|PutEggplantInBasketScene-v1|nominal] ep 26 success=True steps=120 inf=31.8s sim=8.4s total=45.1s
[octo-base|PutEggplantInBasketScene-v1|nominal] ep 27 success=False steps=120 inf=33.3s sim=12.3s total=50.1s
[octo-base|PutEggplantInBasketScene-v1|nominal] ep 28 success=True steps=120 inf=32.1s sim=9.6s total=46.5s
[octo-base|PutEggplantInBasketScene-v1|nominal] ep 29 success=True steps=120 inf=32.6s sim=9.2s total=46.7s
[octo-base|PutEggplantInBasketScene-v1|nominal] ep 30 success=True steps=120 inf=33.3s sim=11.3s total=49.3s
[octo-base|PutEggplantInBasketScene-v1|nominal] ep 31 success=False steps=120 inf=35.1s sim=10.2s total=49.6s
[octo-base|PutEggplantInBasketScene-v1|nominal] ep 32 success=True steps=120 inf=36.6s sim=7.2s total=47.6s
[octo-base|PutEggplantInBasketScene-v1|nominal] ep 33 success=True steps=120 inf=36.0s sim=6.5s total=46.4s
[octo-base|PutEggplantInBasketScene-v1|nominal] ep 34 success=True steps=120 inf=34.2s sim=7.4s total=45.3s
[octo-base|PutEggplantInBasketScene-v1|nominal] ep 35 success=False steps=120 inf=33.4s sim=8.3s total=45.4s
[octo-base|PutEggplantInBasketScene-v1|nominal] ep 36 success=False steps=120 inf=34.0s sim=6.7s total=44.4s
[octo-base|PutEggplantInBasketScene-v1|nominal] ep 37 success=True steps=120 inf=32.7s sim=6.2s total=42.5s
[octo-base|PutEggplantInBasketScene-v1|nominal] ep 38 success=False steps=120 inf=33.3s sim=8.3s total=45.2s
[octo-base|PutEggplantInBasketScene-v1|nominal] ep 39 success=False steps=120 inf=34.3s sim=8.8s total=46.7s
[octo-base|PutEggplantInBasketScene-v1|nominal] ep 40 success=False steps=120 inf=34.0s sim=7.3s total=44.9s
[octo-base|PutEggplantInBasketScene-v1|nominal] ep 41 success=True steps=120 inf=24.8s sim=4.0s total=31.5s
[octo-base|PutEggplantInBasketScene-v1|nominal] ep 42 success=False steps=120 inf=25.3s sim=4.0s total=31.6s
[octo-base|PutEggplantInBasketScene-v1|nominal] ep 43 success=False steps=120 inf=25.3s sim=4.2s total=31.9s
[octo-base|PutEggplantInBasketScene-v1|nominal] ep 44 success=True steps=120 inf=25.0s sim=3.9s total=31.6s
[octo-base|PutEggplantInBasketScene-v1|nominal] ep 45 success=True steps=120 inf=24.6s sim=4.0s total=31.4s
[octo-base|PutEggplantInBasketScene-v1|nominal] ep 46 success=True steps=120 inf=24.3s sim=5.2s total=32.3s
[octo-base|PutEggplantInBasketScene-v1|nominal] ep 47 success=False steps=120 inf=25.1s sim=5.1s total=33.3s
== nominal: 27/48 success
E:\research\the_world\.venv-windows-ms3\Lib\site-packages\sapien\wrapper\pinocchio_model.py:299: UserWarning: pinnochio package is not installed, robotics functionalities will not be available
  warnings.warn(
[33;1m2026-09-19 20:28:53,241 - mani_skill  - WARNING - Mimic targets dictionary is missing for controller config for widowx250s_bridgedataset_sink. Assuming the first joint is the control joint and the second joint is the mimic joint[0m
[33;1m2026-09-19 20:28:53,355 - mani_skill  - WARNING - No initial pose set for actor builder of eggplant, setting to default pose q=[1,0,0,0], p=[0,0,0]. Not setting reasonable initial poses may slow down simulation, see https://github.com/haosulab/ManiSkill/issues/421.[0m
[33;1m2026-09-19 20:28:53,364 - mani_skill  - WARNING - No initial pose set for actor builder of dummy_sink_target_plane, setting to default pose q=[1,0,0,0], p=[0,0,0]. Not setting reasonable initial poses may slow down simulation, see https://github.com/haosulab/ManiSkill/issues/421.[0m
[octo-base|PutEggplantInBasketScene-v1|nominal] ep 48 success=False steps=120 inf=13.3s sim=4.5s total=21.4s
[octo-base|PutEggplantInBasketScene-v1|nominal] ep 49 success=True steps=120 inf=14.3s sim=4.7s total=22.5s
[octo-base|PutEggplantInBasketScene-v1|nominal] ep 50 success=False steps=120 inf=14.0s sim=3.6s total=21.1s
[octo-base|PutEggplantInBasketScene-v1|nominal] ep 51 success=False steps=120 inf=13.6s sim=4.6s total=21.6s
[octo-base|PutEggplantInBasketScene-v1|nominal] ep 52 success=True steps=120 inf=14.2s sim=3.4s total=20.9s
[octo-base|PutEggplantInBasketScene-v1|nominal] ep 53 success=True steps=120 inf=14.7s sim=3.2s total=21.4s
[octo-base|PutEggplantInBasketScene-v1|nominal] ep 54 success=True steps=120 inf=13.9s sim=3.8s total=21.3s
[octo-base|PutEggplantInBasketScene-v1|nominal] ep 55 success=False steps=120 inf=13.1s sim=4.5s total=21.3s
[octo-base|PutEggplantInBasketScene-v1|nominal] ep 56 success=False steps=120 inf=13.2s sim=4.6s total=21.7s
[octo-base|PutEggplantInBasketScene-v1|nominal] ep 57 success=False steps=120 inf=15.1s sim=3.1s total=21.7s
[octo-base|PutEggplantInBasketScene-v1|nominal] ep 58 success=False steps=120 inf=13.2s sim=4.0s total=21.0s
[octo-base|PutEggplantInBasketScene-v1|nominal] ep 59 success=False steps=120 inf=13.0s sim=5.1s total=21.8s
[octo-base|PutEggplantInBasketScene-v1|nominal] ep 60 success=False steps=120 inf=14.4s sim=4.0s total=22.0s
[octo-base|PutEggplantInBasketScene-v1|nominal] ep 61 success=False steps=120 inf=14.1s sim=3.2s total=21.1s
[octo-base|PutEggplantInBasketScene-v1|nominal] ep 62 success=True steps=120 inf=10.2s sim=3.0s total=16.3s
[octo-base|PutEggplantInBasketScene-v1|nominal] ep 63 success=False steps=120 inf=13.1s sim=4.5s total=21.1s
== nominal: 32/64 success
