E:\research\the_world\.venv-windows-ms3\Lib\site-packages\sapien\wrapper\pinocchio_model.py:299: UserWarning: pinnochio package is not installed, robotics functionalities will not be available
  warnings.warn(
[33;1m2026-09-19 21:26:57,949 - mani_skill  - WARNING - Mimic targets dictionary is missing for controller config for widowx250s_bridgedataset_sink. Assuming the first joint is the control joint and the second joint is the mimic joint[0m
[33;1m2026-09-19 21:26:58,045 - mani_skill  - WARNING - No initial pose set for actor builder of eggplant, setting to default pose q=[1,0,0,0], p=[0,0,0]. Not setting reasonable initial poses may slow down simulation, see https://github.com/haosulab/ManiSkill/issues/421.[0m
[33;1m2026-09-19 21:26:58,071 - mani_skill  - WARNING - No initial pose set for actor builder of dummy_sink_target_plane, setting to default pose q=[1,0,0,0], p=[0,0,0]. Not setting reasonable initial poses may slow down simulation, see https://github.com/haosulab/ManiSkill/issues/421.[0m
[octo-small@hist1|PutEggplantInBasketScene-v1|nominal] ep 48 success=False steps=120 inf=6.4s sim=3.1s total=12.8s
[octo-small@hist1|PutEggplantInBasketScene-v1|nominal] ep 49 success=False steps=120 inf=8.6s sim=3.5s total=15.3s
[octo-small@hist1|PutEggplantInBasketScene-v1|nominal] ep 50 success=True steps=120 inf=10.6s sim=3.5s total=17.9s
[octo-small@hist1|PutEggplantInBasketScene-v1|nominal] ep 51 success=True steps=120 inf=11.0s sim=3.3s total=17.6s
[octo-small@hist1|PutEggplantInBasketScene-v1|nominal] ep 52 success=False steps=120 inf=9.5s sim=3.4s total=16.5s
[octo-small@hist1|PutEggplantInBasketScene-v1|nominal] ep 53 success=True steps=120 inf=10.2s sim=2.8s total=16.4s
[octo-small@hist1|PutEggplantInBasketScene-v1|nominal] ep 54 success=True steps=120 inf=10.5s sim=3.2s total=17.5s
[octo-small@hist1|PutEggplantInBasketScene-v1|nominal] ep 55 success=False steps=120 inf=10.0s sim=4.0s total=17.5s
[octo-small@hist1|PutEggplantInBasketScene-v1|nominal] ep 56 success=False steps=120 inf=10.3s sim=3.3s total=17.2s
[octo-small@hist1|PutEggplantInBasketScene-v1|nominal] ep 57 success=True steps=120 inf=11.0s sim=3.9s total=18.5s
[octo-small@hist1|PutEggplantInBasketScene-v1|nominal] ep 58 success=False steps=120 inf=13.2s sim=6.7s total=29.4s
[octo-small@hist1|PutEggplantInBasketScene-v1|nominal] ep 59 success=False steps=120 inf=13.4s sim=6.0s total=29.6s
[octo-small@hist1|PutEggplantInBasketScene-v1|nominal] ep 60 success=False steps=120 inf=13.7s sim=7.2s total=30.4s
[octo-small@hist1|PutEggplantInBasketScene-v1|nominal] ep 61 success=False steps=120 inf=13.0s sim=5.6s total=28.7s
[octo-small@hist1|PutEggplantInBasketScene-v1|nominal] ep 62 success=True steps=120 inf=13.6s sim=4.6s total=30.5s
[octo-small@hist1|PutEggplantInBasketScene-v1|nominal] ep 63 success=False steps=120 inf=12.9s sim=7.4s total=28.5s
== nominal: 31/64 success
