E:\research\the_world\.venv-windows-ms3\Lib\site-packages\sapien\wrapper\pinocchio_model.py:299: UserWarning: pinnochio package is not installed, robotics functionalities will not be available
  warnings.warn(
[33;1m2026-09-19 21:27:18,420 - mani_skill  - WARNING - Mimic targets dictionary is missing for controller config for widowx250s_bridgedataset_sink. Assuming the first joint is the control joint and the second joint is the mimic joint[0m
[33;1m2026-09-19 21:27:18,502 - mani_skill  - WARNING - No initial pose set for actor builder of eggplant, setting to default pose q=[1,0,0,0], p=[0,0,0]. Not setting reasonable initial poses may slow down simulation, see https://github.com/haosulab/ManiSkill/issues/421.[0m
[33;1m2026-09-19 21:27:18,541 - mani_skill  - WARNING - No initial pose set for actor builder of dummy_sink_target_plane, setting to default pose q=[1,0,0,0], p=[0,0,0]. Not setting reasonable initial poses may slow down simulation, see https://github.com/haosulab/ManiSkill/issues/421.[0m
[octo-base@hist1|PutEggplantInBasketScene-v1|nominal] ep 48 success=False steps=120 inf=11.3s sim=4.3s total=19.4s
[octo-base@hist1|PutEggplantInBasketScene-v1|nominal] ep 49 success=True steps=120 inf=11.0s sim=3.0s total=17.7s
[octo-base@hist1|PutEggplantInBasketScene-v1|nominal] ep 50 success=True steps=120 inf=10.8s sim=4.2s total=18.5s
[octo-base@hist1|PutEggplantInBasketScene-v1|nominal] ep 51 success=False steps=120 inf=10.7s sim=3.7s total=18.1s
[octo-base@hist1|PutEggplantInBasketScene-v1|nominal] ep 52 success=False steps=120 inf=11.2s sim=3.9s total=18.8s
[octo-base@hist1|PutEggplantInBasketScene-v1|nominal] ep 53 success=True steps=120 inf=10.3s sim=4.2s total=18.3s
[octo-base@hist1|PutEggplantInBasketScene-v1|nominal] ep 54 success=False steps=120 inf=10.8s sim=3.7s total=18.2s
[octo-base@hist1|PutEggplantInBasketScene-v1|nominal] ep 55 success=False steps=120 inf=11.9s sim=5.6s total=22.1s
[octo-base@hist1|PutEggplantInBasketScene-v1|nominal] ep 56 success=True steps=120 inf=14.7s sim=6.2s total=32.2s
[octo-base@hist1|PutEggplantInBasketScene-v1|nominal] ep 57 success=True steps=120 inf=15.6s sim=6.9s total=33.7s
[octo-base@hist1|PutEggplantInBasketScene-v1|nominal] ep 58 success=True steps=120 inf=15.2s sim=8.5s total=33.1s
[octo-base@hist1|PutEggplantInBasketScene-v1|nominal] ep 59 success=False steps=120 inf=15.3s sim=8.6s total=33.6s
[octo-base@hist1|PutEggplantInBasketScene-v1|nominal] ep 60 success=True steps=120 inf=15.2s sim=6.1s total=33.0s
[octo-base@hist1|PutEggplantInBasketScene-v1|nominal] ep 61 success=False steps=120 inf=14.1s sim=5.4s total=30.4s
[octo-base@hist1|PutEggplantInBasketScene-v1|nominal] ep 62 success=True steps=120 inf=12.5s sim=5.2s total=27.2s
[octo-base@hist1|PutEggplantInBasketScene-v1|nominal] ep 63 success=False steps=120 inf=12.3s sim=7.1s total=27.5s
== nominal: 22/64 success
