E:\research\the_world\.venv-windows-ms3\Lib\site-packages\sapien\wrapper\pinocchio_model.py:299: UserWarning: pinnochio package is not installed, robotics functionalities will not be available
  warnings.warn(
[33;1m2026-09-19 21:22:01,231 - mani_skill  - WARNING - Mimic targets dictionary is missing for controller config for widowx250s_bridgedataset_sink. Assuming the first joint is the control joint and the second joint is the mimic joint[0m
[33;1m2026-09-19 21:22:01,308 - mani_skill  - WARNING - No initial pose set for actor builder of eggplant, setting to default pose q=[1,0,0,0], p=[0,0,0]. Not setting reasonable initial poses may slow down simulation, see https://github.com/haosulab/ManiSkill/issues/421.[0m
[33;1m2026-09-19 21:22:01,326 - mani_skill  - WARNING - No initial pose set for actor builder of dummy_sink_target_plane, setting to default pose q=[1,0,0,0], p=[0,0,0]. Not setting reasonable initial poses may slow down simulation, see https://github.com/haosulab/ManiSkill/issues/421.[0m
[octo-base|PutEggplantInBasketScene-v1|force_x0.5] ep 48 success=False steps=120 inf=11.8s sim=4.1s total=19.4s
[octo-base|PutEggplantInBasketScene-v1|force_x0.5] ep 49 success=True steps=120 inf=11.6s sim=3.3s total=18.2s
[octo-base|PutEggplantInBasketScene-v1|force_x0.5] ep 50 success=True steps=120 inf=12.0s sim=3.0s total=18.5s
[octo-base|PutEggplantInBasketScene-v1|force_x0.5] ep 51 success=False steps=120 inf=11.3s sim=3.9s total=18.6s
[octo-base|PutEggplantInBasketScene-v1|force_x0.5] ep 52 success=True steps=120 inf=12.4s sim=3.7s total=19.8s
[octo-base|PutEggplantInBasketScene-v1|force_x0.5] ep 53 success=True steps=120 inf=11.6s sim=2.7s total=17.9s
[octo-base|PutEggplantInBasketScene-v1|force_x0.5] ep 54 success=False steps=120 inf=11.5s sim=3.3s total=18.5s
[octo-base|PutEggplantInBasketScene-v1|force_x0.5] ep 55 success=False steps=120 inf=11.7s sim=4.5s total=20.0s
[octo-base|PutEggplantInBasketScene-v1|force_x0.5] ep 56 success=False steps=120 inf=11.4s sim=2.9s total=17.9s
[octo-base|PutEggplantInBasketScene-v1|force_x0.5] ep 57 success=True steps=120 inf=12.1s sim=2.8s total=18.3s
[octo-base|PutEggplantInBasketScene-v1|force_x0.5] ep 58 success=False steps=120 inf=11.6s sim=3.4s total=18.9s
[octo-base|PutEggplantInBasketScene-v1|force_x0.5] ep 59 success=False steps=120 inf=11.7s sim=4.0s total=19.1s
[octo-base|PutEggplantInBasketScene-v1|force_x0.5] ep 60 success=False steps=120 inf=11.2s sim=3.9s total=18.8s
[octo-base|PutEggplantInBasketScene-v1|force_x0.5] ep 61 success=False steps=120 inf=12.2s sim=2.9s total=18.5s
[octo-base|PutEggplantInBasketScene-v1|force_x0.5] ep 62 success=False steps=120 inf=11.6s sim=3.4s total=18.8s
[octo-base|PutEggplantInBasketScene-v1|force_x0.5] ep 63 success=False steps=120 inf=9.4s sim=3.1s total=15.5s
== force_x0.5: 25/64 success
