E:\research\the_world\.venv-windows-ms3\Lib\site-packages\sapien\wrapper\pinocchio_model.py:299: UserWarning: pinnochio package is not installed, robotics functionalities will not be available
  warnings.warn(
[33;1m2026-09-19 19:38:29,351 - mani_skill  - WARNING - Mimic targets dictionary is missing for controller config for widowx250s_bridgedataset_sink. Assuming the first joint is the control joint and the second joint is the mimic joint[0m
[33;1m2026-09-19 19:38:29,464 - mani_skill  - WARNING - No initial pose set for actor builder of eggplant, setting to default pose q=[1,0,0,0], p=[0,0,0]. Not setting reasonable initial poses may slow down simulation, see https://github.com/haosulab/ManiSkill/issues/421.[0m
[33;1m2026-09-19 19:38:29,476 - mani_skill  - WARNING - No initial pose set for actor builder of dummy_sink_target_plane, setting to default pose q=[1,0,0,0], p=[0,0,0]. Not setting reasonable initial poses may slow down simulation, see https://github.com/haosulab/ManiSkill/issues/421.[0m
[octo-small|PutEggplantInBasketScene-v1|nominal] ep 0 success=True steps=120 inf=15.2s sim=4.3s total=23.7s
[octo-small|PutEggplantInBasketScene-v1|nominal] ep 1 success=False steps=120 inf=15.2s sim=6.5s total=25.7s
[octo-small|PutEggplantInBasketScene-v1|nominal] ep 2 success=False steps=120 inf=16.6s sim=5.4s total=25.6s
[octo-small|PutEggplantInBasketScene-v1|nominal] ep 3 success=False steps=120 inf=16.2s sim=5.1s total=25.0s
[octo-small|PutEggplantInBasketScene-v1|nominal] ep 4 success=False steps=120 inf=16.2s sim=5.6s total=25.5s
[octo-small|PutEggplantInBasketScene-v1|nominal] ep 5 success=True steps=120 inf=15.0s sim=4.7s total=23.8s
[octo-small|PutEggplantInBasketScene-v1|nominal] ep 6 success=False steps=120 inf=15.0s sim=6.5s total=25.6s
[octo-small|PutEggplantInBasketScene-v1|nominal] ep 7 success=False steps=120 inf=15.0s sim=5.8s total=25.3s
[octo-small|PutEggplantInBasketScene-v1|nominal] ep 8 success=True steps=120 inf=15.3s sim=4.4s total=24.3s
[octo-small|PutEggplantInBasketScene-v1|nominal] ep 9 success=True steps=120 inf=15.9s sim=4.5s total=24.3s
[octo-small|PutEggplantInBasketScene-v1|nominal] ep 10 success=True steps=120 inf=15.8s sim=3.8s total=23.3s
[octo-small|PutEggplantInBasketScene-v1|nominal] ep 11 success=True steps=120 inf=15.8s sim=4.2s total=23.9s
[octo-small|PutEggplantInBasketScene-v1|nominal] ep 12 success=False steps=120 inf=15.6s sim=5.2s total=24.6s
[octo-small|PutEggplantInBasketScene-v1|nominal] ep 13 success=True steps=120 inf=15.8s sim=4.8s total=24.5s
[octo-small|PutEggplantInBasketScene-v1|nominal] ep 14 success=False steps=120 inf=16.2s sim=4.6s total=24.9s
[octo-small|PutEggplantInBasketScene-v1|nominal] ep 15 success=False steps=120 inf=16.7s sim=5.0s total=25.6s
[octo-small|PutEggplantInBasketScene-v1|nominal] ep 16 success=True steps=120 inf=15.6s sim=4.7s total=24.5s
[octo-small|PutEggplantInBasketScene-v1|nominal] ep 17 success=True steps=120 inf=15.1s sim=4.3s total=23.7s
[octo-small|PutEggplantInBasketScene-v1|nominal] ep 18 success=True steps=120 inf=14.8s sim=4.8s total=23.8s
[octo-small|PutEggplantInBasketScene-v1|nominal] ep 19 success=False steps=120 inf=14.6s sim=5.9s total=24.5s
[octo-small|PutEggplantInBasketScene-v1|nominal] ep 20 success=True steps=120 inf=14.9s sim=4.8s total=24.0s
[octo-small|PutEggplantInBasketScene-v1|nominal] ep 21 success=True steps=120 inf=14.7s sim=4.6s total=23.5s
[octo-small|PutEggplantInBasketScene-v1|nominal] ep 22 success=False steps=120 inf=14.5s sim=5.3s total=24.1s
[octo-small|PutEggplantInBasketScene-v1|nominal] ep 23 success=False steps=120 inf=14.9s sim=5.6s total=25.0s
[octo-small|PutEggplantInBasketScene-v1|nominal] ep 24 success=False steps=120 inf=14.9s sim=5.4s total=24.9s
[octo-small|PutEggplantInBasketScene-v1|nominal] ep 25 success=True steps=120 inf=14.8s sim=4.1s total=23.2s
[octo-small|PutEggplantInBasketScene-v1|nominal] ep 26 success=True steps=120 inf=24.7s sim=9.4s total=40.3s
[octo-small|PutEggplantInBasketScene-v1|nominal] ep 27 success=True steps=120 inf=22.4s sim=8.7s total=37.1s
[octo-small|PutEggplantInBasketScene-v1|nominal] ep 28 success=True steps=120 inf=23.7s sim=12.3s total=41.2s
[octo-small|PutEggplantInBasketScene-v1|nominal] ep 29 success=False steps=120 inf=24.3s sim=8.9s total=39.1s
[octo-small|PutEggplantInBasketScene-v1|nominal] ep 30 success=False steps=120 inf=23.3s sim=11.2s total=39.2s
[octo-small|PutEggplantInBasketScene-v1|nominal] ep 31 success=False steps=120 inf=22.6s sim=11.0s total=38.5s
[octo-small|PutEggplantInBasketScene-v1|nominal] ep 32 success=False steps=120 inf=23.3s sim=11.8s total=40.1s
[octo-small|PutEggplantInBasketScene-v1|nominal] ep 33 success=True steps=120 inf=22.6s sim=9.5s total=37.0s
[octo-small|PutEggplantInBasketScene-v1|nominal] ep 34 success=False steps=120 inf=22.7s sim=11.7s total=39.3s
[octo-small|PutEggplantInBasketScene-v1|nominal] ep 35 success=False steps=120 inf=23.1s sim=11.6s total=39.6s
[octo-small|PutEggplantInBasketScene-v1|nominal] ep 36 success=False steps=120 inf=22.4s sim=13.0s total=40.4s
[octo-small|PutEggplantInBasketScene-v1|nominal] ep 37 success=True steps=120 inf=23.2s sim=8.9s total=37.0s
[octo-small|PutEggplantInBasketScene-v1|nominal] ep 38 success=False steps=120 inf=23.2s sim=14.3s total=42.7s
[octo-small|PutEggplantInBasketScene-v1|nominal] ep 39 success=False steps=120 inf=23.1s sim=10.9s total=38.6s
[octo-small|PutEggplantInBasketScene-v1|nominal] ep 40 success=True steps=120 inf=23.9s sim=8.7s total=37.1s
[octo-small|PutEggplantInBasketScene-v1|nominal] ep 41 success=True steps=120 inf=27.0s sim=7.3s total=37.9s
[octo-small|PutEggplantInBasketScene-v1|nominal] ep 42 success=True steps=120 inf=26.2s sim=7.5s total=37.3s
[octo-small|PutEggplantInBasketScene-v1|nominal] ep 43 success=False steps=120 inf=24.5s sim=7.1s total=35.3s
[octo-small|PutEggplantInBasketScene-v1|nominal] ep 44 success=False steps=120 inf=24.9s sim=7.5s total=35.9s
[octo-small|PutEggplantInBasketScene-v1|nominal] ep 45 success=True steps=120 inf=24.6s sim=9.3s total=37.6s
[octo-small|PutEggplantInBasketScene-v1|nominal] ep 46 success=False steps=120 inf=24.3s sim=5.6s total=33.6s
[octo-small|PutEggplantInBasketScene-v1|nominal] ep 47 success=False steps=120 inf=25.5s sim=7.4s total=36.4s
== nominal: 22/48 success
E:\research\the_world\.venv-windows-ms3\Lib\site-packages\sapien\wrapper\pinocchio_model.py:299: UserWarning: pinnochio package is not installed, robotics functionalities will not be available
  warnings.warn(
[33;1m2026-09-19 20:22:52,317 - mani_skill  - WARNING - Mimic targets dictionary is missing for controller config for widowx250s_bridgedataset_sink. Assuming the first joint is the control joint and the second joint is the mimic joint[0m
[33;1m2026-09-19 20:22:52,440 - mani_skill  - WARNING - No initial pose set for actor builder of eggplant, setting to default pose q=[1,0,0,0], p=[0,0,0]. Not setting reasonable initial poses may slow down simulation, see https://github.com/haosulab/ManiSkill/issues/421.[0m
[33;1m2026-09-19 20:22:52,449 - mani_skill  - WARNING - No initial pose set for actor builder of dummy_sink_target_plane, setting to default pose q=[1,0,0,0], p=[0,0,0]. Not setting reasonable initial poses may slow down simulation, see https://github.com/haosulab/ManiSkill/issues/421.[0m
[octo-small|PutEggplantInBasketScene-v1|nominal] ep 48 success=True steps=120 inf=14.6s sim=3.9s total=21.9s
[octo-small|PutEggplantInBasketScene-v1|nominal] ep 49 success=True steps=120 inf=13.9s sim=4.1s total=21.6s
[octo-small|PutEggplantInBasketScene-v1|nominal] ep 50 success=False steps=120 inf=14.0s sim=5.0s total=22.6s
[octo-small|PutEggplantInBasketScene-v1|nominal] ep 51 success=False steps=120 inf=13.9s sim=5.2s total=22.7s
[octo-small|PutEggplantInBasketScene-v1|nominal] ep 52 success=True steps=120 inf=12.6s sim=4.0s total=20.2s
[octo-small|PutEggplantInBasketScene-v1|nominal] ep 53 success=True steps=120 inf=12.7s sim=3.6s total=19.6s
[octo-small|PutEggplantInBasketScene-v1|nominal] ep 54 success=False steps=120 inf=13.0s sim=4.7s total=21.3s
[octo-small|PutEggplantInBasketScene-v1|nominal] ep 55 success=False steps=120 inf=11.9s sim=4.5s total=20.0s
[octo-small|PutEggplantInBasketScene-v1|nominal] ep 56 success=True steps=120 inf=11.4s sim=3.8s total=18.7s
[octo-small|PutEggplantInBasketScene-v1|nominal] ep 57 success=True steps=120 inf=12.3s sim=4.6s total=20.5s
[octo-small|PutEggplantInBasketScene-v1|nominal] ep 58 success=False steps=120 inf=12.6s sim=4.7s total=20.5s
[octo-small|PutEggplantInBasketScene-v1|nominal] ep 59 success=False steps=120 inf=12.6s sim=4.5s total=20.4s
[octo-small|PutEggplantInBasketScene-v1|nominal] ep 60 success=False steps=120 inf=12.2s sim=3.5s total=19.1s
[octo-small|PutEggplantInBasketScene-v1|nominal] ep 61 success=False steps=120 inf=12.9s sim=3.3s total=19.6s
[octo-small|PutEggplantInBasketScene-v1|nominal] ep 62 success=True steps=120 inf=13.0s sim=3.4s total=19.9s
[octo-small|PutEggplantInBasketScene-v1|nominal] ep 63 success=False steps=120 inf=13.9s sim=4.1s total=21.2s
== nominal: 29/64 success
