E:\research\the_world\.venv-windows-ms3\Lib\site-packages\sapien\wrapper\pinocchio_model.py:299: UserWarning: pinnochio package is not installed, robotics functionalities will not be available
  warnings.warn(
[33;1m2026-09-19 21:52:16,145 - mani_skill  - WARNING - Mimic targets dictionary is missing for controller config for widowx250s_bridgedataset_sink. Assuming the first joint is the control joint and the second joint is the mimic joint[0m
[33;1m2026-09-19 21:52:16,225 - mani_skill  - WARNING - No initial pose set for actor builder of eggplant, setting to default pose q=[1,0,0,0], p=[0,0,0]. Not setting reasonable initial poses may slow down simulation, see https://github.com/haosulab/ManiSkill/issues/421.[0m
[33;1m2026-09-19 21:52:16,249 - mani_skill  - WARNING - No initial pose set for actor builder of dummy_sink_target_plane, setting to default pose q=[1,0,0,0], p=[0,0,0]. Not setting reasonable initial poses may slow down simulation, see https://github.com/haosulab/ManiSkill/issues/421.[0m
[octo-base@hist1|PutEggplantInBasketScene-v1|force_x0.5] ep 48 success=False steps=120 inf=11.3s sim=3.9s total=18.7s
[octo-base@hist1|PutEggplantInBasketScene-v1|force_x0.5] ep 49 success=False steps=120 inf=11.0s sim=3.6s total=18.0s
[octo-base@hist1|PutEggplantInBasketScene-v1|force_x0.5] ep 50 success=True steps=120 inf=11.1s sim=4.7s total=19.6s
[octo-base@hist1|PutEggplantInBasketScene-v1|force_x0.5] ep 51 success=False steps=120 inf=11.9s sim=3.7s total=19.1s
[octo-base@hist1|PutEggplantInBasketScene-v1|force_x0.5] ep 52 success=False steps=120 inf=10.9s sim=3.3s total=17.9s
[octo-base@hist1|PutEggplantInBasketScene-v1|force_x0.5] ep 53 success=True steps=120 inf=11.7s sim=3.0s total=18.5s
[octo-base@hist1|PutEggplantInBasketScene-v1|force_x0.5] ep 54 success=True steps=120 inf=12.1s sim=3.1s total=18.6s
[octo-base@hist1|PutEggplantInBasketScene-v1|force_x0.5] ep 55 success=False steps=120 inf=10.6s sim=3.7s total=18.0s
[octo-base@hist1|PutEggplantInBasketScene-v1|force_x0.5] ep 56 success=True steps=120 inf=11.3s sim=2.9s total=17.7s
[octo-base@hist1|PutEggplantInBasketScene-v1|force_x0.5] ep 57 success=True steps=120 inf=8.2s sim=2.9s total=14.5s
[octo-base@hist1|PutEggplantInBasketScene-v1|force_x0.5] ep 58 success=True steps=120 inf=8.4s sim=3.9s total=15.5s
[octo-base@hist1|PutEggplantInBasketScene-v1|force_x0.5] ep 59 success=False steps=120 inf=8.1s sim=2.9s total=14.1s
[octo-base@hist1|PutEggplantInBasketScene-v1|force_x0.5] ep 60 success=True steps=120 inf=7.9s sim=2.4s total=13.8s
[octo-base@hist1|PutEggplantInBasketScene-v1|force_x0.5] ep 61 success=False steps=120 inf=8.6s sim=2.7s total=14.4s
[octo-base@hist1|PutEggplantInBasketScene-v1|force_x0.5] ep 62 success=False steps=120 inf=8.1s sim=3.4s total=15.0s
[octo-base@hist1|PutEggplantInBasketScene-v1|force_x0.5] ep 63 success=False steps=120 inf=8.2s sim=2.9s total=14.3s
== force_x0.5: 19/64 success
