E:\research\the_world\.venv-windows-ms3\Lib\site-packages\sapien\wrapper\pinocchio_model.py:299: UserWarning: pinnochio package is not installed, robotics functionalities will not be available
  warnings.warn(
[33;1m2026-09-19 21:22:01,270 - mani_skill  - WARNING - Mimic targets dictionary is missing for controller config for widowx250s_bridgedataset_sink. Assuming the first joint is the control joint and the second joint is the mimic joint[0m
[33;1m2026-09-19 21:22:01,346 - mani_skill  - WARNING - No initial pose set for actor builder of eggplant, setting to default pose q=[1,0,0,0], p=[0,0,0]. Not setting reasonable initial poses may slow down simulation, see https://github.com/haosulab/ManiSkill/issues/421.[0m
[33;1m2026-09-19 21:22:01,356 - mani_skill  - WARNING - No initial pose set for actor builder of dummy_sink_target_plane, setting to default pose q=[1,0,0,0], p=[0,0,0]. Not setting reasonable initial poses may slow down simulation, see https://github.com/haosulab/ManiSkill/issues/421.[0m
[octo-small|PutEggplantInBasketScene-v1|force_x0.5] ep 48 success=True steps=120 inf=9.9s sim=2.6s total=15.7s
[octo-small|PutEggplantInBasketScene-v1|force_x0.5] ep 49 success=True steps=120 inf=10.8s sim=3.7s total=17.9s
[octo-small|PutEggplantInBasketScene-v1|force_x0.5] ep 50 success=False steps=120 inf=10.9s sim=3.8s total=18.0s
[octo-small|PutEggplantInBasketScene-v1|force_x0.5] ep 51 success=True steps=120 inf=10.3s sim=2.9s total=16.6s
[octo-small|PutEggplantInBasketScene-v1|force_x0.5] ep 52 success=False steps=120 inf=11.1s sim=4.4s total=18.9s
[octo-small|PutEggplantInBasketScene-v1|force_x0.5] ep 53 success=True steps=120 inf=10.4s sim=2.8s total=16.9s
[octo-small|PutEggplantInBasketScene-v1|force_x0.5] ep 54 success=True steps=120 inf=11.2s sim=4.0s total=18.6s
[octo-small|PutEggplantInBasketScene-v1|force_x0.5] ep 55 success=False steps=120 inf=10.2s sim=3.5s total=17.4s
[octo-small|PutEggplantInBasketScene-v1|force_x0.5] ep 56 success=False steps=120 inf=10.9s sim=3.7s total=18.2s
[octo-small|PutEggplantInBasketScene-v1|force_x0.5] ep 57 success=True steps=120 inf=10.6s sim=2.8s total=17.1s
[octo-small|PutEggplantInBasketScene-v1|force_x0.5] ep 58 success=False steps=120 inf=11.0s sim=4.3s total=18.7s
[octo-small|PutEggplantInBasketScene-v1|force_x0.5] ep 59 success=False steps=120 inf=11.0s sim=3.9s total=18.6s
[octo-small|PutEggplantInBasketScene-v1|force_x0.5] ep 60 success=False steps=120 inf=10.5s sim=4.0s total=18.0s
[octo-small|PutEggplantInBasketScene-v1|force_x0.5] ep 61 success=False steps=120 inf=10.1s sim=3.1s total=16.9s
[octo-small|PutEggplantInBasketScene-v1|force_x0.5] ep 62 success=False steps=120 inf=10.9s sim=4.1s total=18.3s
[octo-small|PutEggplantInBasketScene-v1|force_x0.5] ep 63 success=True steps=120 inf=10.7s sim=3.1s total=17.4s
== force_x0.5: 32/64 success
