E:\research\the_world\.venv-windows-ms3\Lib\site-packages\sapien\wrapper\pinocchio_model.py:299: UserWarning: pinnochio package is not installed, robotics functionalities will not be available
  warnings.warn(
[33;1m2026-09-19 11:56:52,917 - mani_skill  - WARNING - Mimic targets dictionary is missing for controller config for widowx250s_bridgedataset_flat_table. Assuming the first joint is the control joint and the second joint is the mimic joint[0m
[33;1m2026-09-19 11:56:52,987 - mani_skill  - WARNING - No initial pose set for actor builder of bridge_spoon_generated_modified, setting to default pose q=[1,0,0,0], p=[0,0,0]. Not setting reasonable initial poses may slow down simulation, see https://github.com/haosulab/ManiSkill/issues/421.[0m
[33;1m2026-09-19 11:56:53,001 - mani_skill  - WARNING - No initial pose set for actor builder of table_cloth_generated_shorter, setting to default pose q=[1,0,0,0], p=[0,0,0]. Not setting reasonable initial poses may slow down simulation, see https://github.com/haosulab/ManiSkill/issues/421.[0m
[openvla-7b-4bit|PutSpoonOnTableClothInScene-v1|nominal] ep 0 success=False steps=60 inf=29.2s sim=1.1s total=31.1s
[openvla-7b-4bit|PutSpoonOnTableClothInScene-v1|nominal] ep 1 success=False steps=60 inf=29.0s sim=1.0s total=30.8s
[openvla-7b-4bit|PutSpoonOnTableClothInScene-v1|nominal] ep 2 success=False steps=60 inf=28.9s sim=1.2s total=31.1s
[openvla-7b-4bit|PutSpoonOnTableClothInScene-v1|nominal] ep 3 success=False steps=60 inf=28.7s sim=1.0s total=30.7s
[openvla-7b-4bit|PutSpoonOnTableClothInScene-v1|nominal] ep 4 success=False steps=60 inf=28.8s sim=1.2s total=30.8s
[openvla-7b-4bit|PutSpoonOnTableClothInScene-v1|nominal] ep 5 success=False steps=60 inf=28.9s sim=1.0s total=30.7s
[openvla-7b-4bit|PutSpoonOnTableClothInScene-v1|nominal] ep 6 success=False steps=60 inf=28.9s sim=1.0s total=30.8s
[openvla-7b-4bit|PutSpoonOnTableClothInScene-v1|nominal] ep 7 success=False steps=60 inf=28.8s sim=0.9s total=30.6s
[openvla-7b-4bit|PutSpoonOnTableClothInScene-v1|nominal] ep 8 success=False steps=60 inf=28.8s sim=1.1s total=30.7s
[openvla-7b-4bit|PutSpoonOnTableClothInScene-v1|nominal] ep 9 success=False steps=60 inf=28.8s sim=1.0s total=30.7s
[openvla-7b-4bit|PutSpoonOnTableClothInScene-v1|nominal] ep 10 success=False steps=60 inf=30.1s sim=1.2s total=32.2s
[openvla-7b-4bit|PutSpoonOnTableClothInScene-v1|nominal] ep 11 success=False steps=60 inf=28.6s sim=1.2s total=30.7s
[openvla-7b-4bit|PutSpoonOnTableClothInScene-v1|nominal] ep 12 success=False steps=60 inf=28.8s sim=1.0s total=30.9s
[openvla-7b-4bit|PutSpoonOnTableClothInScene-v1|nominal] ep 13 success=False steps=60 inf=28.9s sim=1.1s total=30.8s
[openvla-7b-4bit|PutSpoonOnTableClothInScene-v1|nominal] ep 14 success=False steps=60 inf=28.7s sim=1.0s total=30.6s
[openvla-7b-4bit|PutSpoonOnTableClothInScene-v1|nominal] ep 15 success=False steps=60 inf=28.7s sim=0.9s total=30.4s
[openvla-7b-4bit|PutSpoonOnTableClothInScene-v1|nominal] ep 16 success=False steps=60 inf=28.6s sim=1.1s total=30.5s
[openvla-7b-4bit|PutSpoonOnTableClothInScene-v1|nominal] ep 17 success=False steps=60 inf=28.7s sim=1.3s total=30.8s
[openvla-7b-4bit|PutSpoonOnTableClothInScene-v1|nominal] ep 18 success=False steps=60 inf=28.9s sim=1.1s total=30.9s
[openvla-7b-4bit|PutSpoonOnTableClothInScene-v1|nominal] ep 19 success=False steps=60 inf=28.9s sim=1.1s total=30.8s
[openvla-7b-4bit|PutSpoonOnTableClothInScene-v1|nominal] ep 20 success=False steps=60 inf=28.7s sim=1.1s total=30.7s
[openvla-7b-4bit|PutSpoonOnTableClothInScene-v1|nominal] ep 21 success=False steps=60 inf=29.3s sim=1.0s total=31.3s
[openvla-7b-4bit|PutSpoonOnTableClothInScene-v1|nominal] ep 22 success=False steps=60 inf=30.0s sim=1.0s total=32.0s
[openvla-7b-4bit|PutSpoonOnTableClothInScene-v1|nominal] ep 23 success=False steps=60 inf=28.8s sim=1.1s total=30.7s
== nominal: 0/24 success
[33;1m2026-09-19 12:09:14,928 - mani_skill  - WARNING - Mimic targets dictionary is missing for controller config for widowx250s_bridgedataset_flat_table. Assuming the first joint is the control joint and the second joint is the mimic joint[0m
[33;1m2026-09-19 12:09:14,930 - mani_skill  - WARNING - No initial pose set for actor builder of bridge_spoon_generated_modified, setting to default pose q=[1,0,0,0], p=[0,0,0]. Not setting reasonable initial poses may slow down simulation, see https://github.com/haosulab/ManiSkill/issues/421.[0m
[33;1m2026-09-19 12:09:14,930 - mani_skill  - WARNING - No initial pose set for actor builder of table_cloth_generated_shorter, setting to default pose q=[1,0,0,0], p=[0,0,0]. Not setting reasonable initial poses may slow down simulation, see https://github.com/haosulab/ManiSkill/issues/421.[0m
[openvla-7b-4bit|PutSpoonOnTableClothInScene-v1|iso_x0.25] ep 0 success=False steps=60 inf=29.1s sim=1.1s total=31.1s
[openvla-7b-4bit|PutSpoonOnTableClothInScene-v1|iso_x0.25] ep 1 success=False steps=60 inf=29.4s sim=1.0s total=31.3s
[openvla-7b-4bit|PutSpoonOnTableClothInScene-v1|iso_x0.25] ep 2 success=False steps=60 inf=29.2s sim=1.1s total=31.3s
[openvla-7b-4bit|PutSpoonOnTableClothInScene-v1|iso_x0.25] ep 3 success=False steps=60 inf=29.1s sim=1.1s total=31.0s
[openvla-7b-4bit|PutSpoonOnTableClothInScene-v1|iso_x0.25] ep 4 success=False steps=60 inf=29.1s sim=1.1s total=31.2s
[openvla-7b-4bit|PutSpoonOnTableClothInScene-v1|iso_x0.25] ep 5 success=False steps=60 inf=29.1s sim=1.2s total=31.2s
[openvla-7b-4bit|PutSpoonOnTableClothInScene-v1|iso_x0.25] ep 6 success=False steps=60 inf=28.7s sim=1.1s total=30.6s
[openvla-7b-4bit|PutSpoonOnTableClothInScene-v1|iso_x0.25] ep 7 success=False steps=60 inf=28.7s sim=0.9s total=30.5s
[openvla-7b-4bit|PutSpoonOnTableClothInScene-v1|iso_x0.25] ep 8 success=False steps=60 inf=28.8s sim=1.2s total=30.8s
[openvla-7b-4bit|PutSpoonOnTableClothInScene-v1|iso_x0.25] ep 9 success=False steps=60 inf=29.8s sim=1.0s total=31.6s
[openvla-7b-4bit|PutSpoonOnTableClothInScene-v1|iso_x0.25] ep 10 success=False steps=60 inf=29.5s sim=1.2s total=31.5s
[openvla-7b-4bit|PutSpoonOnTableClothInScene-v1|iso_x0.25] ep 11 success=False steps=60 inf=29.1s sim=1.2s total=31.2s
[openvla-7b-4bit|PutSpoonOnTableClothInScene-v1|iso_x0.25] ep 12 success=False steps=60 inf=29.1s sim=1.0s total=31.0s
[openvla-7b-4bit|PutSpoonOnTableClothInScene-v1|iso_x0.25] ep 13 success=False steps=60 inf=29.0s sim=1.1s total=31.0s
[openvla-7b-4bit|PutSpoonOnTableClothInScene-v1|iso_x0.25] ep 14 success=False steps=60 inf=39.7s sim=1.5s total=42.2s
[openvla-7b-4bit|PutSpoonOnTableClothInScene-v1|iso_x0.25] ep 15 success=False steps=60 inf=49.2s sim=1.8s total=52.2s
[openvla-7b-4bit|PutSpoonOnTableClothInScene-v1|iso_x0.25] ep 16 success=False steps=60 inf=49.0s sim=1.5s total=51.6s
[openvla-7b-4bit|PutSpoonOnTableClothInScene-v1|iso_x0.25] ep 17 success=False steps=60 inf=48.8s sim=2.0s total=51.9s
[openvla-7b-4bit|PutSpoonOnTableClothInScene-v1|iso_x0.25] ep 18 success=False steps=60 inf=48.8s sim=1.9s total=51.8s
[openvla-7b-4bit|PutSpoonOnTableClothInScene-v1|iso_x0.25] ep 19 success=False steps=60 inf=49.0s sim=1.8s total=51.8s
[openvla-7b-4bit|PutSpoonOnTableClothInScene-v1|iso_x0.25] ep 20 success=False steps=60 inf=48.9s sim=1.9s total=52.0s
[openvla-7b-4bit|PutSpoonOnTableClothInScene-v1|iso_x0.25] ep 21 success=False steps=60 inf=49.2s sim=1.8s total=52.1s
[openvla-7b-4bit|PutSpoonOnTableClothInScene-v1|iso_x0.25] ep 22 success=False steps=60 inf=48.8s sim=1.8s total=51.8s
[openvla-7b-4bit|PutSpoonOnTableClothInScene-v1|iso_x0.25] ep 23 success=False steps=60 inf=49.1s sim=1.8s total=52.0s
== iso_x0.25: 0/24 success
[33;1m2026-09-19 12:25:00,113 - mani_skill  - WARNING - Mimic targets dictionary is missing for controller config for widowx250s_bridgedataset_flat_table. Assuming the first joint is the control joint and the second joint is the mimic joint[0m
[33;1m2026-09-19 12:25:00,116 - mani_skill  - WARNING - No initial pose set for actor builder of bridge_spoon_generated_modified, setting to default pose q=[1,0,0,0], p=[0,0,0]. Not setting reasonable initial poses may slow down simulation, see https://github.com/haosulab/ManiSkill/issues/421.[0m
[33;1m2026-09-19 12:25:00,117 - mani_skill  - WARNING - No initial pose set for actor builder of table_cloth_generated_shorter, setting to default pose q=[1,0,0,0], p=[0,0,0]. Not setting reasonable initial poses may slow down simulation, see https://github.com/haosulab/ManiSkill/issues/421.[0m
[openvla-7b-4bit|PutSpoonOnTableClothInScene-v1|iso_x4.0] ep 0 success=False steps=60 inf=42.8s sim=1.5s total=45.3s
[openvla-7b-4bit|PutSpoonOnTableClothInScene-v1|iso_x4.0] ep 1 success=False steps=60 inf=29.3s sim=1.0s total=31.1s
[openvla-7b-4bit|PutSpoonOnTableClothInScene-v1|iso_x4.0] ep 2 success=False steps=60 inf=30.0s sim=1.2s total=32.5s
[openvla-7b-4bit|PutSpoonOnTableClothInScene-v1|iso_x4.0] ep 3 success=False steps=60 inf=29.1s sim=1.1s total=31.1s
[openvla-7b-4bit|PutSpoonOnTableClothInScene-v1|iso_x4.0] ep 4 success=False steps=60 inf=28.8s sim=1.1s total=30.8s
[openvla-7b-4bit|PutSpoonOnTableClothInScene-v1|iso_x4.0] ep 5 success=False steps=60 inf=28.7s sim=1.1s total=30.8s
[openvla-7b-4bit|PutSpoonOnTableClothInScene-v1|iso_x4.0] ep 6 success=False steps=60 inf=28.7s sim=1.0s total=30.6s
[openvla-7b-4bit|PutSpoonOnTableClothInScene-v1|iso_x4.0] ep 7 success=False steps=60 inf=28.6s sim=0.9s total=30.4s
[openvla-7b-4bit|PutSpoonOnTableClothInScene-v1|iso_x4.0] ep 8 success=False steps=60 inf=28.7s sim=1.1s total=30.7s
[openvla-7b-4bit|PutSpoonOnTableClothInScene-v1|iso_x4.0] ep 9 success=False steps=60 inf=28.7s sim=1.0s total=30.7s
[openvla-7b-4bit|PutSpoonOnTableClothInScene-v1|iso_x4.0] ep 10 success=False steps=60 inf=28.7s sim=1.3s total=30.9s
[openvla-7b-4bit|PutSpoonOnTableClothInScene-v1|iso_x4.0] ep 11 success=False steps=60 inf=28.6s sim=1.2s total=30.8s
[openvla-7b-4bit|PutSpoonOnTableClothInScene-v1|iso_x4.0] ep 12 success=False steps=60 inf=28.8s sim=1.0s total=30.6s
[openvla-7b-4bit|PutSpoonOnTableClothInScene-v1|iso_x4.0] ep 13 success=False steps=60 inf=30.1s sim=0.9s total=31.9s
[openvla-7b-4bit|PutSpoonOnTableClothInScene-v1|iso_x4.0] ep 14 success=False steps=60 inf=28.9s sim=1.0s total=30.6s
[openvla-7b-4bit|PutSpoonOnTableClothInScene-v1|iso_x4.0] ep 15 success=False steps=60 inf=28.9s sim=0.9s total=30.7s
[openvla-7b-4bit|PutSpoonOnTableClothInScene-v1|iso_x4.0] ep 16 success=False steps=60 inf=28.8s sim=1.1s total=30.8s
[openvla-7b-4bit|PutSpoonOnTableClothInScene-v1|iso_x4.0] ep 17 success=False steps=60 inf=28.6s sim=1.1s total=30.7s
[openvla-7b-4bit|PutSpoonOnTableClothInScene-v1|iso_x4.0] ep 18 success=False steps=60 inf=28.7s sim=1.1s total=30.7s
[openvla-7b-4bit|PutSpoonOnTableClothInScene-v1|iso_x4.0] ep 19 success=False steps=60 inf=28.7s sim=1.0s total=30.6s
[openvla-7b-4bit|PutSpoonOnTableClothInScene-v1|iso_x4.0] ep 20 success=False steps=60 inf=28.8s sim=1.1s total=30.7s
[openvla-7b-4bit|PutSpoonOnTableClothInScene-v1|iso_x4.0] ep 21 success=False steps=60 inf=28.8s sim=1.1s total=30.7s
[openvla-7b-4bit|PutSpoonOnTableClothInScene-v1|iso_x4.0] ep 22 success=False steps=60 inf=28.7s sim=1.1s total=30.6s
[openvla-7b-4bit|PutSpoonOnTableClothInScene-v1|iso_x4.0] ep 23 success=False steps=60 inf=28.6s sim=1.1s total=30.5s
== iso_x4.0: 0/24 success
[33;1m2026-09-19 12:37:35,165 - mani_skill  - WARNING - Mimic targets dictionary is missing for controller config for widowx250s_bridgedataset_flat_table. Assuming the first joint is the control joint and the second joint is the mimic joint[0m
[33;1m2026-09-19 12:37:35,167 - mani_skill  - WARNING - No initial pose set for actor builder of bridge_spoon_generated_modified, setting to default pose q=[1,0,0,0], p=[0,0,0]. Not setting reasonable initial poses may slow down simulation, see https://github.com/haosulab/ManiSkill/issues/421.[0m
[33;1m2026-09-19 12:37:35,167 - mani_skill  - WARNING - No initial pose set for actor builder of table_cloth_generated_shorter, setting to default pose q=[1,0,0,0], p=[0,0,0]. Not setting reasonable initial poses may slow down simulation, see https://github.com/haosulab/ManiSkill/issues/421.[0m
[openvla-7b-4bit|PutSpoonOnTableClothInScene-v1|force_x0.5] ep 0 success=False steps=60 inf=29.0s sim=1.1s total=30.9s
[openvla-7b-4bit|PutSpoonOnTableClothInScene-v1|force_x0.5] ep 1 success=False steps=60 inf=30.4s sim=1.0s total=33.2s
[openvla-7b-4bit|PutSpoonOnTableClothInScene-v1|force_x0.5] ep 2 success=False steps=60 inf=28.8s sim=1.1s total=30.8s
[openvla-7b-4bit|PutSpoonOnTableClothInScene-v1|force_x0.5] ep 3 success=False steps=60 inf=29.0s sim=1.0s total=31.0s
[openvla-7b-4bit|PutSpoonOnTableClothInScene-v1|force_x0.5] ep 4 success=False steps=60 inf=28.8s sim=1.1s total=30.9s
[openvla-7b-4bit|PutSpoonOnTableClothInScene-v1|force_x0.5] ep 5 success=False steps=60 inf=28.7s sim=1.2s total=30.8s
[openvla-7b-4bit|PutSpoonOnTableClothInScene-v1|force_x0.5] ep 6 success=False steps=60 inf=29.0s sim=1.1s total=31.0s
[openvla-7b-4bit|PutSpoonOnTableClothInScene-v1|force_x0.5] ep 7 success=False steps=60 inf=28.8s sim=0.9s total=30.6s
[openvla-7b-4bit|PutSpoonOnTableClothInScene-v1|force_x0.5] ep 8 success=False steps=60 inf=28.8s sim=1.1s total=30.8s
[openvla-7b-4bit|PutSpoonOnTableClothInScene-v1|force_x0.5] ep 9 success=False steps=60 inf=28.7s sim=1.0s total=30.6s
[openvla-7b-4bit|PutSpoonOnTableClothInScene-v1|force_x0.5] ep 10 success=False steps=60 inf=28.9s sim=1.2s total=31.0s
[openvla-7b-4bit|PutSpoonOnTableClothInScene-v1|force_x0.5] ep 11 success=False steps=60 inf=28.9s sim=1.2s total=31.0s
[openvla-7b-4bit|PutSpoonOnTableClothInScene-v1|force_x0.5] ep 12 success=False steps=60 inf=29.4s sim=1.0s total=31.3s
[openvla-7b-4bit|PutSpoonOnTableClothInScene-v1|force_x0.5] ep 13 success=False steps=60 inf=29.6s sim=1.0s total=31.6s
[openvla-7b-4bit|PutSpoonOnTableClothInScene-v1|force_x0.5] ep 14 success=False steps=60 inf=29.1s sim=1.0s total=31.0s
[openvla-7b-4bit|PutSpoonOnTableClothInScene-v1|force_x0.5] ep 15 success=False steps=60 inf=28.8s sim=1.2s total=30.9s
[openvla-7b-4bit|PutSpoonOnTableClothInScene-v1|force_x0.5] ep 16 success=False steps=60 inf=28.7s sim=1.1s total=30.8s
[openvla-7b-4bit|PutSpoonOnTableClothInScene-v1|force_x0.5] ep 17 success=False steps=60 inf=28.8s sim=1.2s total=30.9s
[openvla-7b-4bit|PutSpoonOnTableClothInScene-v1|force_x0.5] ep 18 success=False steps=60 inf=28.7s sim=0.9s total=30.6s
[openvla-7b-4bit|PutSpoonOnTableClothInScene-v1|force_x0.5] ep 19 success=False steps=60 inf=28.9s sim=1.0s total=30.7s
[openvla-7b-4bit|PutSpoonOnTableClothInScene-v1|force_x0.5] ep 20 success=False steps=60 inf=28.9s sim=1.0s total=30.8s
[openvla-7b-4bit|PutSpoonOnTableClothInScene-v1|force_x0.5] ep 21 success=False steps=60 inf=28.7s sim=1.1s total=30.7s
[openvla-7b-4bit|PutSpoonOnTableClothInScene-v1|force_x0.5] ep 22 success=False steps=60 inf=28.8s sim=1.0s total=30.6s
[openvla-7b-4bit|PutSpoonOnTableClothInScene-v1|force_x0.5] ep 23 success=False steps=60 inf=28.9s sim=1.0s total=30.7s
== force_x0.5: 0/24 success
[33;1m2026-09-19 12:49:58,367 - mani_skill  - WARNING - Mimic targets dictionary is missing for controller config for widowx250s_bridgedataset_flat_table. Assuming the first joint is the control joint and the second joint is the mimic joint[0m
[33;1m2026-09-19 12:49:58,368 - mani_skill  - WARNING - No initial pose set for actor builder of bridge_spoon_generated_modified, setting to default pose q=[1,0,0,0], p=[0,0,0]. Not setting reasonable initial poses may slow down simulation, see https://github.com/haosulab/ManiSkill/issues/421.[0m
[33;1m2026-09-19 12:49:58,368 - mani_skill  - WARNING - No initial pose set for actor builder of table_cloth_generated_shorter, setting to default pose q=[1,0,0,0], p=[0,0,0]. Not setting reasonable initial poses may slow down simulation, see https://github.com/haosulab/ManiSkill/issues/421.[0m
[openvla-7b-4bit|PutSpoonOnTableClothInScene-v1|fric_x0.4] ep 0 success=False steps=60 inf=29.7s sim=1.1s total=31.6s
[openvla-7b-4bit|PutSpoonOnTableClothInScene-v1|fric_x0.4] ep 1 success=False steps=60 inf=28.9s sim=1.0s total=30.8s
[openvla-7b-4bit|PutSpoonOnTableClothInScene-v1|fric_x0.4] ep 2 success=False steps=60 inf=29.0s sim=1.1s total=31.0s
[openvla-7b-4bit|PutSpoonOnTableClothInScene-v1|fric_x0.4] ep 3 success=False steps=60 inf=28.8s sim=1.1s total=30.8s
[openvla-7b-4bit|PutSpoonOnTableClothInScene-v1|fric_x0.4] ep 4 success=False steps=60 inf=28.8s sim=1.1s total=30.8s
[openvla-7b-4bit|PutSpoonOnTableClothInScene-v1|fric_x0.4] ep 5 success=False steps=60 inf=28.6s sim=1.1s total=30.7s
[openvla-7b-4bit|PutSpoonOnTableClothInScene-v1|fric_x0.4] ep 6 success=False steps=60 inf=28.8s sim=1.1s total=30.7s
[openvla-7b-4bit|PutSpoonOnTableClothInScene-v1|fric_x0.4] ep 7 success=False steps=60 inf=28.9s sim=0.9s total=30.8s
[openvla-7b-4bit|PutSpoonOnTableClothInScene-v1|fric_x0.4] ep 8 success=False steps=60 inf=28.9s sim=1.1s total=30.9s
[openvla-7b-4bit|PutSpoonOnTableClothInScene-v1|fric_x0.4] ep 9 success=False steps=60 inf=28.9s sim=1.0s total=30.8s
[openvla-7b-4bit|PutSpoonOnTableClothInScene-v1|fric_x0.4] ep 10 success=False steps=60 inf=28.9s sim=0.9s total=30.7s
[openvla-7b-4bit|PutSpoonOnTableClothInScene-v1|fric_x0.4] ep 11 success=False steps=60 inf=29.1s sim=1.1s total=31.1s
[openvla-7b-4bit|PutSpoonOnTableClothInScene-v1|fric_x0.4] ep 12 success=False steps=60 inf=29.8s sim=1.0s total=31.7s
[openvla-7b-4bit|PutSpoonOnTableClothInScene-v1|fric_x0.4] ep 13 success=False steps=60 inf=29.4s sim=1.1s total=55.9s
[openvla-7b-4bit|PutSpoonOnTableClothInScene-v1|fric_x0.4] ep 14 success=False steps=60 inf=28.7s sim=1.0s total=30.5s
[openvla-7b-4bit|PutSpoonOnTableClothInScene-v1|fric_x0.4] ep 15 success=False steps=60 inf=28.8s sim=1.0s total=30.8s
[openvla-7b-4bit|PutSpoonOnTableClothInScene-v1|fric_x0.4] ep 16 success=False steps=60 inf=28.8s sim=1.1s total=30.8s
[openvla-7b-4bit|PutSpoonOnTableClothInScene-v1|fric_x0.4] ep 17 success=False steps=60 inf=28.9s sim=1.2s total=30.9s
[openvla-7b-4bit|PutSpoonOnTableClothInScene-v1|fric_x0.4] ep 18 success=False steps=60 inf=28.9s sim=1.0s total=30.8s
[openvla-7b-4bit|PutSpoonOnTableClothInScene-v1|fric_x0.4] ep 19 success=False steps=60 inf=28.8s sim=1.0s total=30.8s
[openvla-7b-4bit|PutSpoonOnTableClothInScene-v1|fric_x0.4] ep 20 success=False steps=60 inf=28.9s sim=1.1s total=30.9s
[openvla-7b-4bit|PutSpoonOnTableClothInScene-v1|fric_x0.4] ep 21 success=False steps=60 inf=29.0s sim=1.1s total=31.1s
[openvla-7b-4bit|PutSpoonOnTableClothInScene-v1|fric_x0.4] ep 22 success=False steps=60 inf=29.5s sim=1.1s total=31.5s
[openvla-7b-4bit|PutSpoonOnTableClothInScene-v1|fric_x0.4] ep 23 success=False steps=60 inf=29.8s sim=1.1s total=31.7s
== fric_x0.4: 0/24 success
[33;1m2026-09-19 13:02:46,777 - mani_skill  - WARNING - Mimic targets dictionary is missing for controller config for widowx250s_bridgedataset_flat_table. Assuming the first joint is the control joint and the second joint is the mimic joint[0m
[33;1m2026-09-19 13:02:46,779 - mani_skill  - WARNING - No initial pose set for actor builder of bridge_spoon_generated_modified, setting to default pose q=[1,0,0,0], p=[0,0,0]. Not setting reasonable initial poses may slow down simulation, see https://github.com/haosulab/ManiSkill/issues/421.[0m
[33;1m2026-09-19 13:02:46,780 - mani_skill  - WARNING - No initial pose set for actor builder of table_cloth_generated_shorter, setting to default pose q=[1,0,0,0], p=[0,0,0]. Not setting reasonable initial poses may slow down simulation, see https://github.com/haosulab/ManiSkill/issues/421.[0m
[openvla-7b-4bit|PutSpoonOnTableClothInScene-v1|dens_x0.5] ep 0 success=False steps=60 inf=29.0s sim=1.2s total=31.1s
[openvla-7b-4bit|PutSpoonOnTableClothInScene-v1|dens_x0.5] ep 1 success=False steps=60 inf=28.9s sim=1.0s total=30.8s
[openvla-7b-4bit|PutSpoonOnTableClothInScene-v1|dens_x0.5] ep 2 success=False steps=60 inf=28.7s sim=1.3s total=31.0s
[openvla-7b-4bit|PutSpoonOnTableClothInScene-v1|dens_x0.5] ep 3 success=False steps=60 inf=28.8s sim=1.1s total=30.8s
[openvla-7b-4bit|PutSpoonOnTableClothInScene-v1|dens_x0.5] ep 4 success=False steps=60 inf=28.8s sim=1.0s total=30.7s
[openvla-7b-4bit|PutSpoonOnTableClothInScene-v1|dens_x0.5] ep 5 success=False steps=60 inf=28.8s sim=1.2s total=30.9s
[openvla-7b-4bit|PutSpoonOnTableClothInScene-v1|dens_x0.5] ep 6 success=False steps=60 inf=28.9s sim=1.0s total=30.8s
[openvla-7b-4bit|PutSpoonOnTableClothInScene-v1|dens_x0.5] ep 7 success=False steps=60 inf=28.8s sim=0.9s total=30.5s
[openvla-7b-4bit|PutSpoonOnTableClothInScene-v1|dens_x0.5] ep 8 success=False steps=60 inf=28.7s sim=1.1s total=30.6s
[openvla-7b-4bit|PutSpoonOnTableClothInScene-v1|dens_x0.5] ep 9 success=False steps=60 inf=28.9s sim=1.0s total=30.9s
[openvla-7b-4bit|PutSpoonOnTableClothInScene-v1|dens_x0.5] ep 10 success=False steps=60 inf=30.0s sim=0.9s total=31.8s
[openvla-7b-4bit|PutSpoonOnTableClothInScene-v1|dens_x0.5] ep 11 success=False steps=60 inf=29.1s sim=1.2s total=31.1s
[openvla-7b-4bit|PutSpoonOnTableClothInScene-v1|dens_x0.5] ep 12 success=False steps=60 inf=28.8s sim=1.0s total=30.8s
[openvla-7b-4bit|PutSpoonOnTableClothInScene-v1|dens_x0.5] ep 13 success=False steps=60 inf=28.8s sim=1.1s total=30.9s
[openvla-7b-4bit|PutSpoonOnTableClothInScene-v1|dens_x0.5] ep 14 success=False steps=60 inf=28.8s sim=1.0s total=30.8s
[openvla-7b-4bit|PutSpoonOnTableClothInScene-v1|dens_x0.5] ep 15 success=False steps=60 inf=28.8s sim=1.0s total=30.6s
[openvla-7b-4bit|PutSpoonOnTableClothInScene-v1|dens_x0.5] ep 16 success=False steps=60 inf=28.9s sim=1.2s total=31.0s
[openvla-7b-4bit|PutSpoonOnTableClothInScene-v1|dens_x0.5] ep 17 success=False steps=60 inf=28.9s sim=1.4s total=31.3s
[openvla-7b-4bit|PutSpoonOnTableClothInScene-v1|dens_x0.5] ep 18 success=False steps=60 inf=28.8s sim=1.1s total=30.8s
[openvla-7b-4bit|PutSpoonOnTableClothInScene-v1|dens_x0.5] ep 19 success=False steps=60 inf=28.7s sim=1.0s total=30.6s
[openvla-7b-4bit|PutSpoonOnTableClothInScene-v1|dens_x0.5] ep 20 success=False steps=60 inf=28.7s sim=0.9s total=30.5s
[openvla-7b-4bit|PutSpoonOnTableClothInScene-v1|dens_x0.5] ep 21 success=False steps=60 inf=29.0s sim=1.1s total=30.9s
[openvla-7b-4bit|PutSpoonOnTableClothInScene-v1|dens_x0.5] ep 22 success=False steps=60 inf=30.0s sim=1.1s total=32.1s
[openvla-7b-4bit|PutSpoonOnTableClothInScene-v1|dens_x0.5] ep 23 success=False steps=60 inf=29.1s sim=1.0s total=31.1s
== dens_x0.5: 0/24 success
