[nominal] effective: {"stiffness_scale": 1.0, "damping_scale": 1.0, "force_scale": 1.0, "delay_steps": 0, "fric_scale": 1.0, "dens_scale": 1.0, "drives": {"stiffness": [1169.7891845703125, 730.0, 808.4601440429688, 1229.1298828125, 1272.2760009765625, 1056.3326416015625], "damping": [330.0, 180.0, 152.120361328125, 309.62152099609375, 201.04998779296875, 269.51458740234375], "force_limit": [200.0, 200.0, 100.0, 100.0, 100.0, 100.0]}, "obj_static_friction": 0.5, "obj_dynamic_friction": 0.5, "obj_mass": 0.020888807252049446}
[nominal] ep 0 success=0 steps=120 grip_closes=5 83.1s (inf 80.1s)
[nominal] ep 1 success=0 steps=120 grip_closes=1 84.6s (inf 80.9s)
[nominal] ep 2 success=0 steps=120 grip_closes=1 82.6s (inf 79.6s)
[nominal] ep 3 success=0 steps=120 grip_closes=4 86.3s (inf 82.2s)
[nominal] ep 4 success=0 steps=120 grip_closes=5 82.9s (inf 78.9s)
[nominal] ep 5 success=0 steps=120 grip_closes=4 83.5s (inf 79.5s)
[nominal] ep 6 success=0 steps=120 grip_closes=1 87.7s (inf 82.3s)
[nominal] ep 7 success=0 steps=120 grip_closes=3 85.8s (inf 79.5s)
[nominal] ep 8 success=0 steps=120 grip_closes=1 82.1s (inf 76.0s)
[nominal] ep 9 success=0 steps=120 grip_closes=1 87.3s (inf 81.8s)
[nominal] ep 10 success=0 steps=120 grip_closes=1 82.9s (inf 77.8s)
[nominal] ep 11 success=0 steps=120 grip_closes=2 87.4s (inf 82.9s)
[nominal] ep 12 success=0 steps=120 grip_closes=1 83.0s (inf 78.5s)
[nominal] ep 13 success=0 steps=120 grip_closes=1 84.0s (inf 78.9s)
[nominal] ep 14 success=0 steps=120 grip_closes=0 86.7s (inf 81.4s)
[nominal] ep 15 success=0 steps=120 grip_closes=1 84.1s (inf 78.9s)
[nominal] ep 16 success=0 steps=120 grip_closes=2 86.1s (inf 82.0s)
[nominal] ep 17 success=0 steps=120 grip_closes=0 87.7s (inf 79.4s)
[nominal] ep 18 success=0 steps=120 grip_closes=2 85.4s (inf 79.3s)
[nominal] ep 19 success=0 steps=120 grip_closes=0 87.6s (inf 81.6s)
[nominal] ep 20 success=0 steps=120 grip_closes=3 85.1s (inf 79.3s)
[nominal] ep 21 success=0 steps=120 grip_closes=6 86.4s (inf 81.4s)
[nominal] ep 22 success=0 steps=120 grip_closes=3 87.5s (inf 81.8s)
[nominal] ep 23 success=0 steps=120 grip_closes=8 80.1s (inf 74.7s)
[nominal] n=24 success_rate=0.000
[2026-09-20 04:54:50.836] [svulkan2] [warning] A second renderer will share the same internal context with the first one. Arguments passed to constructor will be ignored.
[force_x0.5] effective: {"stiffness_scale": 1.0, "damping_scale": 1.0, "force_scale": 0.5, "delay_steps": 0, "fric_scale": 1.0, "dens_scale": 1.0, "drives": {"stiffness": [1169.7891845703125, 730.0, 808.4601440429688, 1229.1298828125, 1272.2760009765625, 1056.3326416015625], "damping": [330.0, 180.0, 152.120361328125, 309.62152099609375, 201.04998779296875, 269.51458740234375], "force_limit": [100.0, 100.0, 50.0, 50.0, 50.0, 50.0]}, "obj_static_friction": 0.5, "obj_dynamic_friction": 0.5, "obj_mass": 0.020888807252049446}
[force_x0.5] ep 0 success=1 steps=120 grip_closes=1 85.1s (inf 80.6s)
[force_x0.5] ep 1 success=0 steps=120 grip_closes=2 110.8s (inf 106.9s)
[force_x0.5] ep 2 success=0 steps=120 grip_closes=1 110.7s (inf 107.2s)
[force_x0.5] ep 3 success=0 steps=120 grip_closes=2 112.5s (inf 108.5s)
[force_x0.5] ep 4 success=0 steps=120 grip_closes=2 111.2s (inf 107.8s)
[force_x0.5] ep 5 success=0 steps=120 grip_closes=1 112.2s (inf 108.1s)
[force_x0.5] ep 6 success=0 steps=120 grip_closes=1 111.0s (inf 107.2s)
[force_x0.5] ep 7 success=0 steps=120 grip_closes=7 111.5s (inf 107.8s)
[force_x0.5] ep 8 success=0 steps=120 grip_closes=7 113.3s (inf 109.3s)
[force_x0.5] ep 9 success=0 steps=120 grip_closes=0 110.2s (inf 106.6s)
[force_x0.5] ep 10 success=0 steps=120 grip_closes=6 111.9s (inf 108.8s)
[force_x0.5] ep 11 success=0 steps=120 grip_closes=3 111.4s (inf 108.2s)
[force_x0.5] ep 12 success=0 steps=120 grip_closes=0 110.8s (inf 108.2s)
[force_x0.5] ep 13 success=0 steps=120 grip_closes=1 111.9s (inf 108.8s)
[force_x0.5] ep 14 success=0 steps=120 grip_closes=2 112.8s (inf 109.2s)
[force_x0.5] ep 15 success=0 steps=120 grip_closes=0 111.4s (inf 107.8s)
[force_x0.5] ep 16 success=0 steps=120 grip_closes=2 109.4s (inf 105.6s)
[force_x0.5] ep 17 success=0 steps=120 grip_closes=9 109.1s (inf 105.5s)
[force_x0.5] ep 18 success=0 steps=120 grip_closes=1 86.4s (inf 81.2s)
[force_x0.5] ep 19 success=0 steps=120 grip_closes=3 81.8s (inf 76.2s)
[force_x0.5] ep 20 success=0 steps=120 grip_closes=3 88.7s (inf 84.3s)
[force_x0.5] ep 21 success=0 steps=120 grip_closes=3 84.4s (inf 79.9s)
[force_x0.5] ep 22 success=0 steps=120 grip_closes=3 81.7s (inf 76.8s)
[force_x0.5] ep 23 success=0 steps=120 grip_closes=0 86.0s (inf 81.5s)
[force_x0.5] n=24 success_rate=0.042
SWEEP_MS2_DONE /mnt/e/research/the_world/results/controller_sweep_ms2/openvla-7b-4bit/PutEggplantInBasketScene-v0
