E:\research\the_world\.venv-windows-ms3\Lib\site-packages\sapien\wrapper\pinocchio_model.py:299: UserWarning: pinnochio package is not installed, robotics functionalities will not be available
  warnings.warn(
[33;1m2026-09-20 02:43:43,885 - mani_skill  - WARNING - Mimic targets dictionary is missing for controller config for widowx250s_bridgedataset_flat_table. Assuming the first joint is the control joint and the second joint is the mimic joint[0m
[33;1m2026-09-20 02:43:43,992 - mani_skill  - WARNING - No initial pose set for actor builder of bridge_carrot_generated_modified, setting to default pose q=[1,0,0,0], p=[0,0,0]. Not setting reasonable initial poses may slow down simulation, see https://github.com/haosulab/ManiSkill/issues/421.[0m
[33;1m2026-09-20 02:43:44,007 - mani_skill  - WARNING - No initial pose set for actor builder of bridge_plate_objaverse_larger, setting to default pose q=[1,0,0,0], p=[0,0,0]. Not setting reasonable initial poses may slow down simulation, see https://github.com/haosulab/ManiSkill/issues/421.[0m
[openvla-7b-4bit|PutCarrotOnPlateInScene-v1|nominal] ep 0 success=False steps=60 inf=34.0s sim=1.2s total=36.2s
[openvla-7b-4bit|PutCarrotOnPlateInScene-v1|nominal] ep 1 success=False steps=60 inf=34.3s sim=1.1s total=36.4s
[openvla-7b-4bit|PutCarrotOnPlateInScene-v1|nominal] ep 2 success=False steps=60 inf=33.9s sim=1.2s total=36.1s
[openvla-7b-4bit|PutCarrotOnPlateInScene-v1|nominal] ep 3 success=False steps=60 inf=34.3s sim=1.2s total=36.4s
[openvla-7b-4bit|PutCarrotOnPlateInScene-v1|nominal] ep 4 success=False steps=60 inf=33.8s sim=1.1s total=35.9s
[openvla-7b-4bit|PutCarrotOnPlateInScene-v1|nominal] ep 5 success=False steps=60 inf=34.2s sim=1.1s total=36.2s
[openvla-7b-4bit|PutCarrotOnPlateInScene-v1|nominal] ep 6 success=False steps=60 inf=34.0s sim=1.4s total=36.3s
[openvla-7b-4bit|PutCarrotOnPlateInScene-v1|nominal] ep 7 success=False steps=60 inf=34.4s sim=1.1s total=36.4s
[openvla-7b-4bit|PutCarrotOnPlateInScene-v1|nominal] ep 8 success=False steps=60 inf=34.1s sim=1.2s total=36.1s
[openvla-7b-4bit|PutCarrotOnPlateInScene-v1|nominal] ep 9 success=False steps=60 inf=34.2s sim=1.0s total=36.1s
[openvla-7b-4bit|PutCarrotOnPlateInScene-v1|nominal] ep 10 success=False steps=60 inf=34.2s sim=1.2s total=36.4s
[openvla-7b-4bit|PutCarrotOnPlateInScene-v1|nominal] ep 11 success=False steps=60 inf=34.1s sim=1.2s total=36.2s
[openvla-7b-4bit|PutCarrotOnPlateInScene-v1|nominal] ep 12 success=False steps=60 inf=34.5s sim=1.1s total=36.6s
[openvla-7b-4bit|PutCarrotOnPlateInScene-v1|nominal] ep 13 success=False steps=60 inf=34.3s sim=1.2s total=36.5s
[openvla-7b-4bit|PutCarrotOnPlateInScene-v1|nominal] ep 14 success=False steps=60 inf=34.2s sim=1.1s total=36.3s
[openvla-7b-4bit|PutCarrotOnPlateInScene-v1|nominal] ep 15 success=False steps=60 inf=34.3s sim=1.1s total=36.4s
[openvla-7b-4bit|PutCarrotOnPlateInScene-v1|nominal] ep 16 success=False steps=60 inf=34.0s sim=1.0s total=36.1s
[openvla-7b-4bit|PutCarrotOnPlateInScene-v1|nominal] ep 17 success=False steps=60 inf=34.2s sim=1.2s total=36.3s
[openvla-7b-4bit|PutCarrotOnPlateInScene-v1|nominal] ep 18 success=False steps=60 inf=34.3s sim=1.1s total=36.4s
[openvla-7b-4bit|PutCarrotOnPlateInScene-v1|nominal] ep 19 success=False steps=60 inf=34.1s sim=1.2s total=36.3s
[openvla-7b-4bit|PutCarrotOnPlateInScene-v1|nominal] ep 20 success=True steps=60 inf=34.6s sim=1.1s total=36.6s
[openvla-7b-4bit|PutCarrotOnPlateInScene-v1|nominal] ep 21 success=False steps=60 inf=33.9s sim=1.0s total=35.8s
[openvla-7b-4bit|PutCarrotOnPlateInScene-v1|nominal] ep 22 success=False steps=60 inf=34.8s sim=1.2s total=37.0s
[openvla-7b-4bit|PutCarrotOnPlateInScene-v1|nominal] ep 23 success=False steps=60 inf=34.5s sim=1.1s total=36.6s
== nominal: 1/24 success
[33;1m2026-09-20 02:58:16,184 - mani_skill  - WARNING - Mimic targets dictionary is missing for controller config for widowx250s_bridgedataset_flat_table. Assuming the first joint is the control joint and the second joint is the mimic joint[0m
[33;1m2026-09-20 02:58:16,186 - mani_skill  - WARNING - No initial pose set for actor builder of bridge_carrot_generated_modified, setting to default pose q=[1,0,0,0], p=[0,0,0]. Not setting reasonable initial poses may slow down simulation, see https://github.com/haosulab/ManiSkill/issues/421.[0m
[33;1m2026-09-20 02:58:16,186 - mani_skill  - WARNING - No initial pose set for actor builder of bridge_plate_objaverse_larger, setting to default pose q=[1,0,0,0], p=[0,0,0]. Not setting reasonable initial poses may slow down simulation, see https://github.com/haosulab/ManiSkill/issues/421.[0m
[openvla-7b-4bit|PutCarrotOnPlateInScene-v1|force_x0.5] ep 0 success=False steps=60 inf=34.1s sim=1.3s total=36.2s
[openvla-7b-4bit|PutCarrotOnPlateInScene-v1|force_x0.5] ep 1 success=False steps=60 inf=34.2s sim=1.1s total=36.2s
[openvla-7b-4bit|PutCarrotOnPlateInScene-v1|force_x0.5] ep 2 success=False steps=60 inf=34.4s sim=1.1s total=36.5s
[openvla-7b-4bit|PutCarrotOnPlateInScene-v1|force_x0.5] ep 3 success=False steps=60 inf=34.4s sim=1.1s total=36.5s
[openvla-7b-4bit|PutCarrotOnPlateInScene-v1|force_x0.5] ep 4 success=False steps=60 inf=34.1s sim=1.2s total=36.1s
[openvla-7b-4bit|PutCarrotOnPlateInScene-v1|force_x0.5] ep 5 success=False steps=60 inf=34.1s sim=1.1s total=36.3s
[openvla-7b-4bit|PutCarrotOnPlateInScene-v1|force_x0.5] ep 6 success=False steps=60 inf=34.0s sim=1.2s total=36.1s
[openvla-7b-4bit|PutCarrotOnPlateInScene-v1|force_x0.5] ep 7 success=False steps=60 inf=35.0s sim=1.1s total=37.0s
[openvla-7b-4bit|PutCarrotOnPlateInScene-v1|force_x0.5] ep 8 success=False steps=60 inf=33.9s sim=1.1s total=36.0s
[openvla-7b-4bit|PutCarrotOnPlateInScene-v1|force_x0.5] ep 9 success=False steps=60 inf=34.9s sim=1.2s total=37.0s
[openvla-7b-4bit|PutCarrotOnPlateInScene-v1|force_x0.5] ep 10 success=False steps=60 inf=33.8s sim=1.2s total=35.9s
[openvla-7b-4bit|PutCarrotOnPlateInScene-v1|force_x0.5] ep 11 success=False steps=60 inf=34.1s sim=1.2s total=36.2s
[openvla-7b-4bit|PutCarrotOnPlateInScene-v1|force_x0.5] ep 12 success=False steps=60 inf=34.1s sim=1.1s total=36.1s
[openvla-7b-4bit|PutCarrotOnPlateInScene-v1|force_x0.5] ep 13 success=False steps=60 inf=34.2s sim=1.1s total=36.2s
[openvla-7b-4bit|PutCarrotOnPlateInScene-v1|force_x0.5] ep 14 success=False steps=60 inf=34.1s sim=1.2s total=36.2s
[openvla-7b-4bit|PutCarrotOnPlateInScene-v1|force_x0.5] ep 15 success=False steps=60 inf=33.9s sim=1.1s total=35.9s
[openvla-7b-4bit|PutCarrotOnPlateInScene-v1|force_x0.5] ep 16 success=False steps=60 inf=34.2s sim=1.1s total=36.2s
[openvla-7b-4bit|PutCarrotOnPlateInScene-v1|force_x0.5] ep 17 success=False steps=60 inf=34.1s sim=1.2s total=36.2s
[openvla-7b-4bit|PutCarrotOnPlateInScene-v1|force_x0.5] ep 18 success=False steps=60 inf=34.3s sim=1.2s total=36.4s
[openvla-7b-4bit|PutCarrotOnPlateInScene-v1|force_x0.5] ep 19 success=False steps=60 inf=34.1s sim=1.1s total=36.1s
[openvla-7b-4bit|PutCarrotOnPlateInScene-v1|force_x0.5] ep 20 success=True steps=60 inf=34.3s sim=1.1s total=36.4s
[openvla-7b-4bit|PutCarrotOnPlateInScene-v1|force_x0.5] ep 21 success=False steps=60 inf=34.3s sim=1.2s total=36.4s
[openvla-7b-4bit|PutCarrotOnPlateInScene-v1|force_x0.5] ep 22 success=False steps=60 inf=34.4s sim=1.2s total=36.5s
[openvla-7b-4bit|PutCarrotOnPlateInScene-v1|force_x0.5] ep 23 success=False steps=60 inf=34.2s sim=1.2s total=36.4s
== force_x0.5: 1/24 success
[33;1m2026-09-20 03:12:47,626 - mani_skill  - WARNING - Mimic targets dictionary is missing for controller config for widowx250s_bridgedataset_flat_table. Assuming the first joint is the control joint and the second joint is the mimic joint[0m
[33;1m2026-09-20 03:12:47,628 - mani_skill  - WARNING - No initial pose set for actor builder of bridge_carrot_generated_modified, setting to default pose q=[1,0,0,0], p=[0,0,0]. Not setting reasonable initial poses may slow down simulation, see https://github.com/haosulab/ManiSkill/issues/421.[0m
[33;1m2026-09-20 03:12:47,628 - mani_skill  - WARNING - No initial pose set for actor builder of bridge_plate_objaverse_larger, setting to default pose q=[1,0,0,0], p=[0,0,0]. Not setting reasonable initial poses may slow down simulation, see https://github.com/haosulab/ManiSkill/issues/421.[0m
[openvla-7b-4bit|PutCarrotOnPlateInScene-v1|iso_x0.25] ep 0 success=False steps=60 inf=34.1s sim=1.1s total=36.1s
[openvla-7b-4bit|PutCarrotOnPlateInScene-v1|iso_x0.25] ep 1 success=False steps=60 inf=34.7s sim=1.1s total=36.8s
[openvla-7b-4bit|PutCarrotOnPlateInScene-v1|iso_x0.25] ep 2 success=False steps=60 inf=34.4s sim=1.2s total=36.5s
[openvla-7b-4bit|PutCarrotOnPlateInScene-v1|iso_x0.25] ep 3 success=False steps=60 inf=34.2s sim=1.1s total=36.3s
[openvla-7b-4bit|PutCarrotOnPlateInScene-v1|iso_x0.25] ep 4 success=False steps=60 inf=35.3s sim=1.3s total=37.5s
[openvla-7b-4bit|PutCarrotOnPlateInScene-v1|iso_x0.25] ep 5 success=False steps=60 inf=34.9s sim=1.3s total=37.2s
[openvla-7b-4bit|PutCarrotOnPlateInScene-v1|iso_x0.25] ep 6 success=False steps=60 inf=35.1s sim=1.2s total=37.3s
[openvla-7b-4bit|PutCarrotOnPlateInScene-v1|iso_x0.25] ep 7 success=False steps=60 inf=33.9s sim=1.1s total=35.8s
[openvla-7b-4bit|PutCarrotOnPlateInScene-v1|iso_x0.25] ep 8 success=False steps=60 inf=35.1s sim=1.1s total=37.1s
[openvla-7b-4bit|PutCarrotOnPlateInScene-v1|iso_x0.25] ep 9 success=False steps=60 inf=34.2s sim=1.1s total=36.2s
[openvla-7b-4bit|PutCarrotOnPlateInScene-v1|iso_x0.25] ep 10 success=False steps=60 inf=34.0s sim=1.2s total=36.1s
[openvla-7b-4bit|PutCarrotOnPlateInScene-v1|iso_x0.25] ep 11 success=False steps=60 inf=34.5s sim=1.2s total=36.7s
[openvla-7b-4bit|PutCarrotOnPlateInScene-v1|iso_x0.25] ep 12 success=False steps=60 inf=33.9s sim=1.1s total=36.1s
[openvla-7b-4bit|PutCarrotOnPlateInScene-v1|iso_x0.25] ep 13 success=False steps=60 inf=34.4s sim=1.2s total=36.4s
[openvla-7b-4bit|PutCarrotOnPlateInScene-v1|iso_x0.25] ep 14 success=False steps=60 inf=33.9s sim=1.1s total=35.8s
[openvla-7b-4bit|PutCarrotOnPlateInScene-v1|iso_x0.25] ep 15 success=False steps=60 inf=34.4s sim=1.0s total=36.3s
[openvla-7b-4bit|PutCarrotOnPlateInScene-v1|iso_x0.25] ep 16 success=False steps=60 inf=34.1s sim=1.1s total=36.1s
[openvla-7b-4bit|PutCarrotOnPlateInScene-v1|iso_x0.25] ep 17 success=False steps=60 inf=34.8s sim=1.2s total=36.9s
[openvla-7b-4bit|PutCarrotOnPlateInScene-v1|iso_x0.25] ep 18 success=True steps=60 inf=33.9s sim=1.1s total=36.0s
[openvla-7b-4bit|PutCarrotOnPlateInScene-v1|iso_x0.25] ep 19 success=False steps=60 inf=34.2s sim=1.1s total=36.2s
[openvla-7b-4bit|PutCarrotOnPlateInScene-v1|iso_x0.25] ep 20 success=True steps=60 inf=34.0s sim=1.2s total=36.0s
[openvla-7b-4bit|PutCarrotOnPlateInScene-v1|iso_x0.25] ep 21 success=False steps=60 inf=33.9s sim=1.1s total=35.9s
[openvla-7b-4bit|PutCarrotOnPlateInScene-v1|iso_x0.25] ep 22 success=False steps=60 inf=34.0s sim=1.1s total=36.1s
[openvla-7b-4bit|PutCarrotOnPlateInScene-v1|iso_x0.25] ep 23 success=False steps=60 inf=33.8s sim=1.0s total=35.8s
== iso_x0.25: 2/24 success
[33;1m2026-09-20 03:27:21,171 - mani_skill  - WARNING - Mimic targets dictionary is missing for controller config for widowx250s_bridgedataset_flat_table. Assuming the first joint is the control joint and the second joint is the mimic joint[0m
[33;1m2026-09-20 03:27:21,172 - mani_skill  - WARNING - No initial pose set for actor builder of bridge_carrot_generated_modified, setting to default pose q=[1,0,0,0], p=[0,0,0]. Not setting reasonable initial poses may slow down simulation, see https://github.com/haosulab/ManiSkill/issues/421.[0m
[33;1m2026-09-20 03:27:21,173 - mani_skill  - WARNING - No initial pose set for actor builder of bridge_plate_objaverse_larger, setting to default pose q=[1,0,0,0], p=[0,0,0]. Not setting reasonable initial poses may slow down simulation, see https://github.com/haosulab/ManiSkill/issues/421.[0m
[openvla-7b-4bit|PutCarrotOnPlateInScene-v1|iso_x4.0] ep 0 success=False steps=60 inf=34.1s sim=1.1s total=36.1s
[openvla-7b-4bit|PutCarrotOnPlateInScene-v1|iso_x4.0] ep 1 success=False steps=60 inf=33.9s sim=1.1s total=36.0s
[openvla-7b-4bit|PutCarrotOnPlateInScene-v1|iso_x4.0] ep 2 success=False steps=60 inf=33.9s sim=1.1s total=35.9s
[openvla-7b-4bit|PutCarrotOnPlateInScene-v1|iso_x4.0] ep 3 success=False steps=60 inf=34.0s sim=1.1s total=36.0s
[openvla-7b-4bit|PutCarrotOnPlateInScene-v1|iso_x4.0] ep 4 success=False steps=60 inf=34.2s sim=1.1s total=36.2s
[openvla-7b-4bit|PutCarrotOnPlateInScene-v1|iso_x4.0] ep 5 success=False steps=60 inf=35.0s sim=1.2s total=37.2s
[openvla-7b-4bit|PutCarrotOnPlateInScene-v1|iso_x4.0] ep 6 success=False steps=60 inf=34.6s sim=1.2s total=36.9s
[openvla-7b-4bit|PutCarrotOnPlateInScene-v1|iso_x4.0] ep 7 success=False steps=60 inf=34.5s sim=1.2s total=36.8s
[openvla-7b-4bit|PutCarrotOnPlateInScene-v1|iso_x4.0] ep 8 success=False steps=60 inf=41.4s sim=1.2s total=43.5s
[openvla-7b-4bit|PutCarrotOnPlateInScene-v1|iso_x4.0] ep 9 success=False steps=60 inf=36.2s sim=1.2s total=38.2s
[openvla-7b-4bit|PutCarrotOnPlateInScene-v1|iso_x4.0] ep 10 success=False steps=60 inf=40.8s sim=1.5s total=43.5s
[openvla-7b-4bit|PutCarrotOnPlateInScene-v1|iso_x4.0] ep 11 success=False steps=60 inf=38.9s sim=1.5s total=41.6s
[openvla-7b-4bit|PutCarrotOnPlateInScene-v1|iso_x4.0] ep 12 success=False steps=60 inf=34.4s sim=1.2s total=36.6s
[openvla-7b-4bit|PutCarrotOnPlateInScene-v1|iso_x4.0] ep 13 success=False steps=60 inf=34.8s sim=1.0s total=36.7s
[openvla-7b-4bit|PutCarrotOnPlateInScene-v1|iso_x4.0] ep 14 success=False steps=60 inf=34.9s sim=1.2s total=37.0s
[openvla-7b-4bit|PutCarrotOnPlateInScene-v1|iso_x4.0] ep 15 success=False steps=60 inf=34.6s sim=1.2s total=36.9s
[openvla-7b-4bit|PutCarrotOnPlateInScene-v1|iso_x4.0] ep 16 success=False steps=60 inf=34.2s sim=1.2s total=36.4s
[openvla-7b-4bit|PutCarrotOnPlateInScene-v1|iso_x4.0] ep 17 success=False steps=60 inf=34.4s sim=1.1s total=36.4s
[openvla-7b-4bit|PutCarrotOnPlateInScene-v1|iso_x4.0] ep 18 success=False steps=60 inf=34.2s sim=1.2s total=36.3s
[openvla-7b-4bit|PutCarrotOnPlateInScene-v1|iso_x4.0] ep 19 success=False steps=60 inf=34.4s sim=1.1s total=36.5s
[openvla-7b-4bit|PutCarrotOnPlateInScene-v1|iso_x4.0] ep 20 success=True steps=60 inf=34.7s sim=1.2s total=36.8s
[openvla-7b-4bit|PutCarrotOnPlateInScene-v1|iso_x4.0] ep 21 success=False steps=60 inf=34.1s sim=1.1s total=36.2s
[openvla-7b-4bit|PutCarrotOnPlateInScene-v1|iso_x4.0] ep 22 success=False steps=60 inf=34.9s sim=1.1s total=37.0s
[openvla-7b-4bit|PutCarrotOnPlateInScene-v1|iso_x4.0] ep 23 success=False steps=60 inf=34.4s sim=1.2s total=36.6s
== iso_x4.0: 1/24 success
[33;1m2026-09-20 03:42:18,584 - mani_skill  - WARNING - Mimic targets dictionary is missing for controller config for widowx250s_bridgedataset_flat_table. Assuming the first joint is the control joint and the second joint is the mimic joint[0m
[33;1m2026-09-20 03:42:18,586 - mani_skill  - WARNING - No initial pose set for actor builder of bridge_carrot_generated_modified, setting to default pose q=[1,0,0,0], p=[0,0,0]. Not setting reasonable initial poses may slow down simulation, see https://github.com/haosulab/ManiSkill/issues/421.[0m
[33;1m2026-09-20 03:42:18,586 - mani_skill  - WARNING - No initial pose set for actor builder of bridge_plate_objaverse_larger, setting to default pose q=[1,0,0,0], p=[0,0,0]. Not setting reasonable initial poses may slow down simulation, see https://github.com/haosulab/ManiSkill/issues/421.[0m
[openvla-7b-4bit|PutCarrotOnPlateInScene-v1|fric_x0.4] ep 0 success=False steps=60 inf=34.7s sim=1.3s total=36.9s
[openvla-7b-4bit|PutCarrotOnPlateInScene-v1|fric_x0.4] ep 1 success=False steps=60 inf=34.3s sim=1.2s total=36.3s
[openvla-7b-4bit|PutCarrotOnPlateInScene-v1|fric_x0.4] ep 2 success=False steps=60 inf=34.3s sim=1.3s total=36.5s
[openvla-7b-4bit|PutCarrotOnPlateInScene-v1|fric_x0.4] ep 3 success=False steps=60 inf=34.9s sim=1.2s total=37.1s
[openvla-7b-4bit|PutCarrotOnPlateInScene-v1|fric_x0.4] ep 4 success=False steps=60 inf=34.1s sim=1.2s total=36.2s
[openvla-7b-4bit|PutCarrotOnPlateInScene-v1|fric_x0.4] ep 5 success=False steps=60 inf=34.7s sim=1.2s total=36.9s
[openvla-7b-4bit|PutCarrotOnPlateInScene-v1|fric_x0.4] ep 6 success=False steps=60 inf=34.2s sim=1.2s total=36.3s
[openvla-7b-4bit|PutCarrotOnPlateInScene-v1|fric_x0.4] ep 7 success=False steps=60 inf=34.7s sim=1.2s total=37.0s
[openvla-7b-4bit|PutCarrotOnPlateInScene-v1|fric_x0.4] ep 8 success=False steps=60 inf=34.4s sim=1.0s total=36.4s
[openvla-7b-4bit|PutCarrotOnPlateInScene-v1|fric_x0.4] ep 9 success=False steps=60 inf=34.5s sim=1.2s total=36.6s
[openvla-7b-4bit|PutCarrotOnPlateInScene-v1|fric_x0.4] ep 10 success=False steps=60 inf=34.4s sim=1.2s total=36.5s
[openvla-7b-4bit|PutCarrotOnPlateInScene-v1|fric_x0.4] ep 11 success=False steps=60 inf=43.2s sim=1.3s total=45.4s
[openvla-7b-4bit|PutCarrotOnPlateInScene-v1|fric_x0.4] ep 12 success=False steps=60 inf=37.4s sim=1.2s total=39.6s
[openvla-7b-4bit|PutCarrotOnPlateInScene-v1|fric_x0.4] ep 13 success=False steps=60 inf=51.0s sim=1.3s total=53.3s
[openvla-7b-4bit|PutCarrotOnPlateInScene-v1|fric_x0.4] ep 14 success=False steps=60 inf=45.9s sim=1.2s total=48.0s
[openvla-7b-4bit|PutCarrotOnPlateInScene-v1|fric_x0.4] ep 15 success=False steps=60 inf=34.8s sim=1.1s total=36.7s
[openvla-7b-4bit|PutCarrotOnPlateInScene-v1|fric_x0.4] ep 16 success=False steps=60 inf=34.5s sim=1.1s total=36.5s
[openvla-7b-4bit|PutCarrotOnPlateInScene-v1|fric_x0.4] ep 17 success=False steps=60 inf=36.8s sim=1.3s total=39.0s
[openvla-7b-4bit|PutCarrotOnPlateInScene-v1|fric_x0.4] ep 18 success=False steps=60 inf=48.6s sim=1.2s total=50.8s
[openvla-7b-4bit|PutCarrotOnPlateInScene-v1|fric_x0.4] ep 19 success=False steps=60 inf=34.9s sim=1.2s total=36.9s
[openvla-7b-4bit|PutCarrotOnPlateInScene-v1|fric_x0.4] ep 20 success=False steps=60 inf=35.1s sim=1.3s total=37.2s
[openvla-7b-4bit|PutCarrotOnPlateInScene-v1|fric_x0.4] ep 21 success=False steps=60 inf=54.4s sim=1.4s total=56.8s
[openvla-7b-4bit|PutCarrotOnPlateInScene-v1|fric_x0.4] ep 22 success=False steps=60 inf=53.2s sim=1.3s total=55.6s
[openvla-7b-4bit|PutCarrotOnPlateInScene-v1|fric_x0.4] ep 23 success=False steps=60 inf=54.2s sim=1.4s total=56.5s
== fric_x0.4: 0/24 success
[33;1m2026-09-20 03:58:54,115 - mani_skill  - WARNING - Mimic targets dictionary is missing for controller config for widowx250s_bridgedataset_flat_table. Assuming the first joint is the control joint and the second joint is the mimic joint[0m
[33;1m2026-09-20 03:58:54,120 - mani_skill  - WARNING - No initial pose set for actor builder of bridge_carrot_generated_modified, setting to default pose q=[1,0,0,0], p=[0,0,0]. Not setting reasonable initial poses may slow down simulation, see https://github.com/haosulab/ManiSkill/issues/421.[0m
[33;1m2026-09-20 03:58:54,121 - mani_skill  - WARNING - No initial pose set for actor builder of bridge_plate_objaverse_larger, setting to default pose q=[1,0,0,0], p=[0,0,0]. Not setting reasonable initial poses may slow down simulation, see https://github.com/haosulab/ManiSkill/issues/421.[0m
[openvla-7b-4bit|PutCarrotOnPlateInScene-v1|dens_x0.5] ep 0 success=False steps=60 inf=52.4s sim=1.3s total=54.7s
[openvla-7b-4bit|PutCarrotOnPlateInScene-v1|dens_x0.5] ep 1 success=False steps=60 inf=51.2s sim=1.2s total=53.5s
[openvla-7b-4bit|PutCarrotOnPlateInScene-v1|dens_x0.5] ep 2 success=False steps=60 inf=52.8s sim=1.3s total=55.0s
[openvla-7b-4bit|PutCarrotOnPlateInScene-v1|dens_x0.5] ep 3 success=False steps=60 inf=51.9s sim=1.2s total=54.2s
[openvla-7b-4bit|PutCarrotOnPlateInScene-v1|dens_x0.5] ep 4 success=False steps=60 inf=52.3s sim=1.1s total=54.3s
[openvla-7b-4bit|PutCarrotOnPlateInScene-v1|dens_x0.5] ep 5 success=False steps=60 inf=51.6s sim=1.3s total=53.8s
[openvla-7b-4bit|PutCarrotOnPlateInScene-v1|dens_x0.5] ep 6 success=False steps=60 inf=50.9s sim=1.2s total=53.1s
[openvla-7b-4bit|PutCarrotOnPlateInScene-v1|dens_x0.5] ep 7 success=False steps=60 inf=51.2s sim=1.3s total=53.4s
[openvla-7b-4bit|PutCarrotOnPlateInScene-v1|dens_x0.5] ep 8 success=False steps=60 inf=51.8s sim=1.2s total=53.9s
[openvla-7b-4bit|PutCarrotOnPlateInScene-v1|dens_x0.5] ep 9 success=False steps=60 inf=51.2s sim=1.2s total=53.3s
[openvla-7b-4bit|PutCarrotOnPlateInScene-v1|dens_x0.5] ep 10 success=False steps=60 inf=51.3s sim=1.3s total=53.5s
[openvla-7b-4bit|PutCarrotOnPlateInScene-v1|dens_x0.5] ep 11 success=False steps=60 inf=51.1s sim=1.3s total=53.3s
[openvla-7b-4bit|PutCarrotOnPlateInScene-v1|dens_x0.5] ep 12 success=False steps=60 inf=51.5s sim=1.2s total=53.6s
[openvla-7b-4bit|PutCarrotOnPlateInScene-v1|dens_x0.5] ep 13 success=False steps=60 inf=51.4s sim=1.1s total=53.4s
[openvla-7b-4bit|PutCarrotOnPlateInScene-v1|dens_x0.5] ep 14 success=False steps=60 inf=40.0s sim=1.2s total=42.2s
[openvla-7b-4bit|PutCarrotOnPlateInScene-v1|dens_x0.5] ep 15 success=False steps=60 inf=34.2s sim=1.1s total=36.3s
[openvla-7b-4bit|PutCarrotOnPlateInScene-v1|dens_x0.5] ep 16 success=False steps=60 inf=38.0s sim=1.2s total=40.2s
[openvla-7b-4bit|PutCarrotOnPlateInScene-v1|dens_x0.5] ep 17 success=False steps=60 inf=52.5s sim=1.3s total=54.8s
[openvla-7b-4bit|PutCarrotOnPlateInScene-v1|dens_x0.5] ep 18 success=False steps=60 inf=42.7s sim=1.2s total=44.8s
[openvla-7b-4bit|PutCarrotOnPlateInScene-v1|dens_x0.5] ep 19 success=False steps=60 inf=34.3s sim=1.2s total=36.4s
[openvla-7b-4bit|PutCarrotOnPlateInScene-v1|dens_x0.5] ep 20 success=False steps=60 inf=34.8s sim=1.2s total=36.9s
[openvla-7b-4bit|PutCarrotOnPlateInScene-v1|dens_x0.5] ep 21 success=False steps=60 inf=34.6s sim=1.3s total=36.8s
[openvla-7b-4bit|PutCarrotOnPlateInScene-v1|dens_x0.5] ep 22 success=True steps=60 inf=35.3s sim=1.3s total=37.5s
[openvla-7b-4bit|PutCarrotOnPlateInScene-v1|dens_x0.5] ep 23 success=False steps=60 inf=43.5s sim=1.7s total=46.2s
== dens_x0.5: 1/24 success
