E:\research\the_world\.venv-windows-ms3\Lib\site-packages\sapien\wrapper\pinocchio_model.py:299: UserWarning: pinnochio package is not installed, robotics functionalities will not be available
  warnings.warn(
E:\research\the_world\.venv-windows-ms3\Lib\site-packages\mani_skill\envs\tasks\digital_twins\bridge_dataset_eval\put_on_in_scene.py:197: UserWarning: Creating a tensor from a list of numpy.ndarrays is extremely slow. Please consider converting the list to a single numpy.ndarray with numpy.array() before converting to a tensor. (Triggered internally at C:\actions-runner\_work\pytorch\pytorch\pytorch\torch\csrc\utils\tensor_new.cpp:257.)
  quat_configs = torch.tensor(quat_configs)
[33;1m2026-09-18 13:53:57,631 - mani_skill  - WARNING - Mimic targets dictionary is missing for controller config for widowx250s_bridgedataset_flat_table. Assuming the first joint is the control joint and the second joint is the mimic joint[0m
[33;1m2026-09-18 13:53:57,695 - mani_skill  - WARNING - No initial pose set for actor builder of baked_green_cube_3cm, setting to default pose q=[1,0,0,0], p=[0,0,0]. Not setting reasonable initial poses may slow down simulation, see https://github.com/haosulab/ManiSkill/issues/421.[0m
[33;1m2026-09-18 13:53:57,701 - mani_skill  - WARNING - No initial pose set for actor builder of baked_yellow_cube_3cm, setting to default pose q=[1,0,0,0], p=[0,0,0]. Not setting reasonable initial poses may slow down simulation, see https://github.com/haosulab/ManiSkill/issues/421.[0m
[octo-base|StackGreenCubeOnYellowCubeBakedTexInScene-v1|iso_x0.25] ep 24 success=False steps=60 inf=4.0s sim=1.1s total=6.4s
[octo-base|StackGreenCubeOnYellowCubeBakedTexInScene-v1|iso_x0.25] ep 25 success=False steps=60 inf=4.0s sim=1.1s total=6.6s
[octo-base|StackGreenCubeOnYellowCubeBakedTexInScene-v1|iso_x0.25] ep 26 success=False steps=60 inf=4.0s sim=1.2s total=6.5s
[octo-base|StackGreenCubeOnYellowCubeBakedTexInScene-v1|iso_x0.25] ep 27 success=False steps=60 inf=4.0s sim=1.2s total=6.6s
[octo-base|StackGreenCubeOnYellowCubeBakedTexInScene-v1|iso_x0.25] ep 28 success=False steps=60 inf=4.0s sim=1.1s total=6.5s
[octo-base|StackGreenCubeOnYellowCubeBakedTexInScene-v1|iso_x0.25] ep 29 success=False steps=60 inf=4.0s sim=1.2s total=6.6s
[octo-base|StackGreenCubeOnYellowCubeBakedTexInScene-v1|iso_x0.25] ep 30 success=False steps=60 inf=4.0s sim=1.1s total=6.5s
[octo-base|StackGreenCubeOnYellowCubeBakedTexInScene-v1|iso_x0.25] ep 31 success=False steps=60 inf=3.9s sim=1.2s total=6.5s
[octo-base|StackGreenCubeOnYellowCubeBakedTexInScene-v1|iso_x0.25] ep 32 success=False steps=60 inf=4.0s sim=1.2s total=6.5s
[octo-base|StackGreenCubeOnYellowCubeBakedTexInScene-v1|iso_x0.25] ep 33 success=False steps=60 inf=3.9s sim=1.1s total=6.5s
[octo-base|StackGreenCubeOnYellowCubeBakedTexInScene-v1|iso_x0.25] ep 34 success=False steps=60 inf=4.0s sim=1.2s total=6.6s
[octo-base|StackGreenCubeOnYellowCubeBakedTexInScene-v1|iso_x0.25] ep 35 success=False steps=60 inf=3.9s sim=1.1s total=6.4s
[octo-base|StackGreenCubeOnYellowCubeBakedTexInScene-v1|iso_x0.25] ep 36 success=False steps=60 inf=4.0s sim=1.1s total=6.4s
[octo-base|StackGreenCubeOnYellowCubeBakedTexInScene-v1|iso_x0.25] ep 37 success=False steps=60 inf=4.0s sim=1.0s total=6.3s
[octo-base|StackGreenCubeOnYellowCubeBakedTexInScene-v1|iso_x0.25] ep 38 success=False steps=60 inf=4.0s sim=1.1s total=6.5s
[octo-base|StackGreenCubeOnYellowCubeBakedTexInScene-v1|iso_x0.25] ep 39 success=False steps=60 inf=4.0s sim=1.1s total=6.4s
[octo-base|StackGreenCubeOnYellowCubeBakedTexInScene-v1|iso_x0.25] ep 40 success=False steps=60 inf=3.9s sim=1.1s total=6.5s
[octo-base|StackGreenCubeOnYellowCubeBakedTexInScene-v1|iso_x0.25] ep 41 success=False steps=60 inf=3.9s sim=1.1s total=6.5s
[octo-base|StackGreenCubeOnYellowCubeBakedTexInScene-v1|iso_x0.25] ep 42 success=False steps=60 inf=4.0s sim=1.2s total=6.4s
[octo-base|StackGreenCubeOnYellowCubeBakedTexInScene-v1|iso_x0.25] ep 43 success=False steps=60 inf=3.9s sim=1.1s total=6.4s
[octo-base|StackGreenCubeOnYellowCubeBakedTexInScene-v1|iso_x0.25] ep 44 success=False steps=60 inf=3.8s sim=1.1s total=6.5s
[octo-base|StackGreenCubeOnYellowCubeBakedTexInScene-v1|iso_x0.25] ep 45 success=False steps=60 inf=4.0s sim=1.1s total=6.5s
[octo-base|StackGreenCubeOnYellowCubeBakedTexInScene-v1|iso_x0.25] ep 46 success=False steps=60 inf=4.0s sim=1.1s total=6.5s
[octo-base|StackGreenCubeOnYellowCubeBakedTexInScene-v1|iso_x0.25] ep 47 success=False steps=60 inf=3.9s sim=1.1s total=6.4s
== iso_x0.25: 0/48 success
[33;1m2026-09-18 13:56:33,537 - mani_skill  - WARNING - Mimic targets dictionary is missing for controller config for widowx250s_bridgedataset_flat_table. Assuming the first joint is the control joint and the second joint is the mimic joint[0m
[33;1m2026-09-18 13:56:33,539 - mani_skill  - WARNING - No initial pose set for actor builder of baked_green_cube_3cm, setting to default pose q=[1,0,0,0], p=[0,0,0]. Not setting reasonable initial poses may slow down simulation, see https://github.com/haosulab/ManiSkill/issues/421.[0m
[33;1m2026-09-18 13:56:33,540 - mani_skill  - WARNING - No initial pose set for actor builder of baked_yellow_cube_3cm, setting to default pose q=[1,0,0,0], p=[0,0,0]. Not setting reasonable initial poses may slow down simulation, see https://github.com/haosulab/ManiSkill/issues/421.[0m
[octo-base|StackGreenCubeOnYellowCubeBakedTexInScene-v1|iso_x0.5] ep 24 success=False steps=60 inf=3.9s sim=1.2s total=6.5s
[octo-base|StackGreenCubeOnYellowCubeBakedTexInScene-v1|iso_x0.5] ep 25 success=False steps=60 inf=3.9s sim=1.1s total=6.5s
[octo-base|StackGreenCubeOnYellowCubeBakedTexInScene-v1|iso_x0.5] ep 26 success=False steps=60 inf=4.0s sim=1.2s total=6.5s
[octo-base|StackGreenCubeOnYellowCubeBakedTexInScene-v1|iso_x0.5] ep 27 success=False steps=60 inf=4.0s sim=1.3s total=6.7s
[octo-base|StackGreenCubeOnYellowCubeBakedTexInScene-v1|iso_x0.5] ep 28 success=False steps=60 inf=4.0s sim=1.2s total=6.6s
[octo-base|StackGreenCubeOnYellowCubeBakedTexInScene-v1|iso_x0.5] ep 29 success=False steps=60 inf=3.9s sim=1.1s total=6.6s
[octo-base|StackGreenCubeOnYellowCubeBakedTexInScene-v1|iso_x0.5] ep 30 success=False steps=60 inf=3.9s sim=1.1s total=6.4s
[octo-base|StackGreenCubeOnYellowCubeBakedTexInScene-v1|iso_x0.5] ep 31 success=False steps=60 inf=4.0s sim=1.2s total=6.6s
[octo-base|StackGreenCubeOnYellowCubeBakedTexInScene-v1|iso_x0.5] ep 32 success=False steps=60 inf=3.9s sim=1.1s total=6.5s
[octo-base|StackGreenCubeOnYellowCubeBakedTexInScene-v1|iso_x0.5] ep 33 success=False steps=60 inf=4.0s sim=1.2s total=6.5s
[octo-base|StackGreenCubeOnYellowCubeBakedTexInScene-v1|iso_x0.5] ep 34 success=False steps=60 inf=4.0s sim=1.2s total=6.4s
[octo-base|StackGreenCubeOnYellowCubeBakedTexInScene-v1|iso_x0.5] ep 35 success=False steps=60 inf=3.9s sim=1.1s total=6.6s
[octo-base|StackGreenCubeOnYellowCubeBakedTexInScene-v1|iso_x0.5] ep 36 success=False steps=60 inf=4.0s sim=1.1s total=6.4s
[octo-base|StackGreenCubeOnYellowCubeBakedTexInScene-v1|iso_x0.5] ep 37 success=False steps=60 inf=4.0s sim=1.1s total=6.3s
[octo-base|StackGreenCubeOnYellowCubeBakedTexInScene-v1|iso_x0.5] ep 38 success=False steps=60 inf=3.9s sim=1.1s total=6.5s
[octo-base|StackGreenCubeOnYellowCubeBakedTexInScene-v1|iso_x0.5] ep 39 success=False steps=60 inf=4.0s sim=1.1s total=6.4s
[octo-base|StackGreenCubeOnYellowCubeBakedTexInScene-v1|iso_x0.5] ep 40 success=False steps=60 inf=3.9s sim=1.1s total=6.5s
[octo-base|StackGreenCubeOnYellowCubeBakedTexInScene-v1|iso_x0.5] ep 41 success=False steps=60 inf=4.0s sim=1.1s total=6.5s
[octo-base|StackGreenCubeOnYellowCubeBakedTexInScene-v1|iso_x0.5] ep 42 success=False steps=60 inf=3.9s sim=1.2s total=6.5s
[octo-base|StackGreenCubeOnYellowCubeBakedTexInScene-v1|iso_x0.5] ep 43 success=False steps=60 inf=3.9s sim=1.1s total=6.5s
[octo-base|StackGreenCubeOnYellowCubeBakedTexInScene-v1|iso_x0.5] ep 44 success=False steps=60 inf=3.9s sim=1.1s total=6.4s
[octo-base|StackGreenCubeOnYellowCubeBakedTexInScene-v1|iso_x0.5] ep 45 success=False steps=60 inf=3.9s sim=1.1s total=6.3s
[octo-base|StackGreenCubeOnYellowCubeBakedTexInScene-v1|iso_x0.5] ep 46 success=False steps=60 inf=3.9s sim=1.1s total=6.4s
[octo-base|StackGreenCubeOnYellowCubeBakedTexInScene-v1|iso_x0.5] ep 47 success=False steps=60 inf=4.0s sim=1.1s total=6.5s
== iso_x0.5: 0/48 success
[33;1m2026-09-18 13:59:09,588 - mani_skill  - WARNING - Mimic targets dictionary is missing for controller config for widowx250s_bridgedataset_flat_table. Assuming the first joint is the control joint and the second joint is the mimic joint[0m
[33;1m2026-09-18 13:59:09,590 - mani_skill  - WARNING - No initial pose set for actor builder of baked_green_cube_3cm, setting to default pose q=[1,0,0,0], p=[0,0,0]. Not setting reasonable initial poses may slow down simulation, see https://github.com/haosulab/ManiSkill/issues/421.[0m
[33;1m2026-09-18 13:59:09,590 - mani_skill  - WARNING - No initial pose set for actor builder of baked_yellow_cube_3cm, setting to default pose q=[1,0,0,0], p=[0,0,0]. Not setting reasonable initial poses may slow down simulation, see https://github.com/haosulab/ManiSkill/issues/421.[0m
== nominal: 0/48 success
[33;1m2026-09-18 13:59:09,769 - mani_skill  - WARNING - Mimic targets dictionary is missing for controller config for widowx250s_bridgedataset_flat_table. Assuming the first joint is the control joint and the second joint is the mimic joint[0m
[33;1m2026-09-18 13:59:09,771 - mani_skill  - WARNING - No initial pose set for actor builder of baked_green_cube_3cm, setting to default pose q=[1,0,0,0], p=[0,0,0]. Not setting reasonable initial poses may slow down simulation, see https://github.com/haosulab/ManiSkill/issues/421.[0m
[33;1m2026-09-18 13:59:09,772 - mani_skill  - WARNING - No initial pose set for actor builder of baked_yellow_cube_3cm, setting to default pose q=[1,0,0,0], p=[0,0,0]. Not setting reasonable initial poses may slow down simulation, see https://github.com/haosulab/ManiSkill/issues/421.[0m
[octo-base|StackGreenCubeOnYellowCubeBakedTexInScene-v1|iso_x2.0] ep 24 success=False steps=60 inf=3.9s sim=1.1s total=6.5s
[octo-base|StackGreenCubeOnYellowCubeBakedTexInScene-v1|iso_x2.0] ep 25 success=False steps=60 inf=3.9s sim=1.1s total=6.5s
[octo-base|StackGreenCubeOnYellowCubeBakedTexInScene-v1|iso_x2.0] ep 26 success=False steps=60 inf=3.9s sim=1.1s total=6.5s
[octo-base|StackGreenCubeOnYellowCubeBakedTexInScene-v1|iso_x2.0] ep 27 success=False steps=60 inf=3.9s sim=1.2s total=6.6s
[octo-base|StackGreenCubeOnYellowCubeBakedTexInScene-v1|iso_x2.0] ep 28 success=False steps=60 inf=4.0s sim=1.1s total=6.5s
[octo-base|StackGreenCubeOnYellowCubeBakedTexInScene-v1|iso_x2.0] ep 29 success=False steps=60 inf=4.0s sim=1.1s total=6.4s
[octo-base|StackGreenCubeOnYellowCubeBakedTexInScene-v1|iso_x2.0] ep 30 success=False steps=60 inf=3.9s sim=1.1s total=6.5s
[octo-base|StackGreenCubeOnYellowCubeBakedTexInScene-v1|iso_x2.0] ep 31 success=False steps=60 inf=3.9s sim=1.1s total=6.6s
[octo-base|StackGreenCubeOnYellowCubeBakedTexInScene-v1|iso_x2.0] ep 32 success=False steps=60 inf=3.9s sim=1.2s total=6.5s
[octo-base|StackGreenCubeOnYellowCubeBakedTexInScene-v1|iso_x2.0] ep 33 success=False steps=60 inf=4.0s sim=1.2s total=6.6s
[octo-base|StackGreenCubeOnYellowCubeBakedTexInScene-v1|iso_x2.0] ep 34 success=False steps=60 inf=3.9s sim=1.2s total=6.5s
[octo-base|StackGreenCubeOnYellowCubeBakedTexInScene-v1|iso_x2.0] ep 35 success=False steps=60 inf=3.9s sim=1.1s total=6.4s
[octo-base|StackGreenCubeOnYellowCubeBakedTexInScene-v1|iso_x2.0] ep 36 success=False steps=60 inf=3.9s sim=1.1s total=6.5s
[octo-base|StackGreenCubeOnYellowCubeBakedTexInScene-v1|iso_x2.0] ep 37 success=False steps=60 inf=3.9s sim=1.1s total=6.3s
[octo-base|StackGreenCubeOnYellowCubeBakedTexInScene-v1|iso_x2.0] ep 38 success=False steps=60 inf=4.0s sim=1.1s total=6.5s
[octo-base|StackGreenCubeOnYellowCubeBakedTexInScene-v1|iso_x2.0] ep 39 success=False steps=60 inf=3.9s sim=1.1s total=6.4s
[octo-base|StackGreenCubeOnYellowCubeBakedTexInScene-v1|iso_x2.0] ep 40 success=False steps=60 inf=3.9s sim=1.1s total=6.4s
[octo-base|StackGreenCubeOnYellowCubeBakedTexInScene-v1|iso_x2.0] ep 41 success=False steps=60 inf=3.9s sim=1.1s total=6.6s
[octo-base|StackGreenCubeOnYellowCubeBakedTexInScene-v1|iso_x2.0] ep 42 success=False steps=60 inf=3.9s sim=1.2s total=6.6s
[octo-base|StackGreenCubeOnYellowCubeBakedTexInScene-v1|iso_x2.0] ep 43 success=False steps=60 inf=4.0s sim=1.1s total=6.5s
[octo-base|StackGreenCubeOnYellowCubeBakedTexInScene-v1|iso_x2.0] ep 44 success=False steps=60 inf=4.0s sim=1.1s total=6.5s
[octo-base|StackGreenCubeOnYellowCubeBakedTexInScene-v1|iso_x2.0] ep 45 success=False steps=60 inf=4.0s sim=1.1s total=6.6s
[octo-base|StackGreenCubeOnYellowCubeBakedTexInScene-v1|iso_x2.0] ep 46 success=False steps=60 inf=3.9s sim=1.1s total=6.5s
[octo-base|StackGreenCubeOnYellowCubeBakedTexInScene-v1|iso_x2.0] ep 47 success=False steps=60 inf=3.9s sim=1.0s total=6.4s
== iso_x2.0: 0/48 success
[33;1m2026-09-18 14:01:45,620 - mani_skill  - WARNING - Mimic targets dictionary is missing for controller config for widowx250s_bridgedataset_flat_table. Assuming the first joint is the control joint and the second joint is the mimic joint[0m
[33;1m2026-09-18 14:01:45,621 - mani_skill  - WARNING - No initial pose set for actor builder of baked_green_cube_3cm, setting to default pose q=[1,0,0,0], p=[0,0,0]. Not setting reasonable initial poses may slow down simulation, see https://github.com/haosulab/ManiSkill/issues/421.[0m
[33;1m2026-09-18 14:01:45,622 - mani_skill  - WARNING - No initial pose set for actor builder of baked_yellow_cube_3cm, setting to default pose q=[1,0,0,0], p=[0,0,0]. Not setting reasonable initial poses may slow down simulation, see https://github.com/haosulab/ManiSkill/issues/421.[0m
[octo-base|StackGreenCubeOnYellowCubeBakedTexInScene-v1|iso_x4.0] ep 24 success=False steps=60 inf=3.9s sim=1.1s total=6.5s
[octo-base|StackGreenCubeOnYellowCubeBakedTexInScene-v1|iso_x4.0] ep 25 success=False steps=60 inf=4.0s sim=1.1s total=6.5s
[octo-base|StackGreenCubeOnYellowCubeBakedTexInScene-v1|iso_x4.0] ep 26 success=False steps=60 inf=4.0s sim=1.1s total=6.3s
[octo-base|StackGreenCubeOnYellowCubeBakedTexInScene-v1|iso_x4.0] ep 27 success=False steps=60 inf=3.9s sim=1.2s total=6.5s
[octo-base|StackGreenCubeOnYellowCubeBakedTexInScene-v1|iso_x4.0] ep 28 success=False steps=60 inf=3.9s sim=1.1s total=6.5s
[octo-base|StackGreenCubeOnYellowCubeBakedTexInScene-v1|iso_x4.0] ep 29 success=False steps=60 inf=3.9s sim=1.1s total=6.5s
[octo-base|StackGreenCubeOnYellowCubeBakedTexInScene-v1|iso_x4.0] ep 30 success=False steps=60 inf=4.0s sim=1.1s total=6.5s
[octo-base|StackGreenCubeOnYellowCubeBakedTexInScene-v1|iso_x4.0] ep 31 success=False steps=60 inf=4.0s sim=1.2s total=6.6s
[octo-base|StackGreenCubeOnYellowCubeBakedTexInScene-v1|iso_x4.0] ep 32 success=False steps=60 inf=3.7s sim=1.1s total=6.4s
[octo-base|StackGreenCubeOnYellowCubeBakedTexInScene-v1|iso_x4.0] ep 33 success=False steps=60 inf=3.9s sim=1.1s total=6.5s
[octo-base|StackGreenCubeOnYellowCubeBakedTexInScene-v1|iso_x4.0] ep 34 success=False steps=60 inf=4.0s sim=1.2s total=6.9s
[octo-base|StackGreenCubeOnYellowCubeBakedTexInScene-v1|iso_x4.0] ep 35 success=False steps=60 inf=4.1s sim=1.2s total=6.5s
[octo-base|StackGreenCubeOnYellowCubeBakedTexInScene-v1|iso_x4.0] ep 36 success=False steps=60 inf=4.0s sim=1.1s total=6.4s
[octo-base|StackGreenCubeOnYellowCubeBakedTexInScene-v1|iso_x4.0] ep 37 success=False steps=60 inf=3.9s sim=1.1s total=6.4s
[octo-base|StackGreenCubeOnYellowCubeBakedTexInScene-v1|iso_x4.0] ep 38 success=False steps=60 inf=3.8s sim=1.1s total=6.5s
[octo-base|StackGreenCubeOnYellowCubeBakedTexInScene-v1|iso_x4.0] ep 39 success=False steps=60 inf=3.9s sim=1.1s total=6.4s
[octo-base|StackGreenCubeOnYellowCubeBakedTexInScene-v1|iso_x4.0] ep 40 success=False steps=60 inf=4.0s sim=1.1s total=6.5s
[octo-base|StackGreenCubeOnYellowCubeBakedTexInScene-v1|iso_x4.0] ep 41 success=False steps=60 inf=4.1s sim=1.1s total=6.4s
[octo-base|StackGreenCubeOnYellowCubeBakedTexInScene-v1|iso_x4.0] ep 42 success=False steps=60 inf=3.9s sim=1.2s total=6.6s
[octo-base|StackGreenCubeOnYellowCubeBakedTexInScene-v1|iso_x4.0] ep 43 success=False steps=60 inf=3.9s sim=1.1s total=6.5s
[octo-base|StackGreenCubeOnYellowCubeBakedTexInScene-v1|iso_x4.0] ep 44 success=False steps=60 inf=4.0s sim=1.2s total=6.6s
[octo-base|StackGreenCubeOnYellowCubeBakedTexInScene-v1|iso_x4.0] ep 45 success=False steps=60 inf=4.0s sim=1.1s total=6.5s
[octo-base|StackGreenCubeOnYellowCubeBakedTexInScene-v1|iso_x4.0] ep 46 success=False steps=60 inf=4.1s sim=1.1s total=6.5s
[octo-base|StackGreenCubeOnYellowCubeBakedTexInScene-v1|iso_x4.0] ep 47 success=False steps=60 inf=3.9s sim=1.1s total=6.4s
== iso_x4.0: 0/48 success
