E:\research\the_world\.venv-windows-ms3\Lib\site-packages\sapien\wrapper\pinocchio_model.py:299: UserWarning: pinnochio package is not installed, robotics functionalities will not be available
  warnings.warn(
[33;1m2026-09-18 13:26:20,420 - mani_skill  - WARNING - Mimic targets dictionary is missing for controller config for widowx250s_bridgedataset_flat_table. Assuming the first joint is the control joint and the second joint is the mimic joint[0m
[33;1m2026-09-18 13:26:20,524 - mani_skill  - WARNING - No initial pose set for actor builder of bridge_carrot_generated_modified, setting to default pose q=[1,0,0,0], p=[0,0,0]. Not setting reasonable initial poses may slow down simulation, see https://github.com/haosulab/ManiSkill/issues/421.[0m
[33;1m2026-09-18 13:26:20,546 - mani_skill  - WARNING - No initial pose set for actor builder of bridge_plate_objaverse_larger, setting to default pose q=[1,0,0,0], p=[0,0,0]. Not setting reasonable initial poses may slow down simulation, see https://github.com/haosulab/ManiSkill/issues/421.[0m
[octo-small|PutCarrotOnPlateInScene-v1|iso_x0.25] ep 48 success=False steps=60 inf=10.8s sim=1.6s total=14.4s
[octo-small|PutCarrotOnPlateInScene-v1|iso_x0.25] ep 49 success=False steps=60 inf=10.6s sim=1.8s total=14.3s
[octo-small|PutCarrotOnPlateInScene-v1|iso_x0.25] ep 50 success=False steps=60 inf=11.6s sim=1.6s total=15.0s
[octo-small|PutCarrotOnPlateInScene-v1|iso_x0.25] ep 51 success=False steps=60 inf=11.6s sim=1.7s total=15.1s
[octo-small|PutCarrotOnPlateInScene-v1|iso_x0.25] ep 52 success=False steps=60 inf=10.7s sim=1.9s total=14.5s
[octo-small|PutCarrotOnPlateInScene-v1|iso_x0.25] ep 53 success=False steps=60 inf=10.4s sim=1.7s total=14.1s
[octo-small|PutCarrotOnPlateInScene-v1|iso_x0.25] ep 54 success=False steps=60 inf=10.8s sim=1.8s total=14.6s
[octo-small|PutCarrotOnPlateInScene-v1|iso_x0.25] ep 55 success=False steps=60 inf=11.0s sim=1.7s total=14.7s
[octo-small|PutCarrotOnPlateInScene-v1|iso_x0.25] ep 56 success=False steps=60 inf=11.2s sim=1.7s total=14.7s
[octo-small|PutCarrotOnPlateInScene-v1|iso_x0.25] ep 57 success=False steps=60 inf=11.0s sim=1.8s total=14.6s
[octo-small|PutCarrotOnPlateInScene-v1|iso_x0.25] ep 58 success=False steps=60 inf=11.7s sim=1.6s total=15.3s
[octo-small|PutCarrotOnPlateInScene-v1|iso_x0.25] ep 59 success=False steps=60 inf=10.9s sim=1.8s total=14.6s
[octo-small|PutCarrotOnPlateInScene-v1|iso_x0.25] ep 60 success=False steps=60 inf=11.6s sim=1.7s total=15.2s
[octo-small|PutCarrotOnPlateInScene-v1|iso_x0.25] ep 61 success=False steps=60 inf=10.9s sim=1.8s total=14.4s
[octo-small|PutCarrotOnPlateInScene-v1|iso_x0.25] ep 62 success=False steps=60 inf=11.9s sim=1.6s total=15.6s
[octo-small|PutCarrotOnPlateInScene-v1|iso_x0.25] ep 63 success=False steps=60 inf=11.0s sim=1.9s total=14.7s
[octo-small|PutCarrotOnPlateInScene-v1|iso_x0.25] ep 64 success=True steps=60 inf=11.7s sim=1.7s total=15.8s
[octo-small|PutCarrotOnPlateInScene-v1|iso_x0.25] ep 65 success=False steps=60 inf=11.6s sim=1.7s total=15.2s
[octo-small|PutCarrotOnPlateInScene-v1|iso_x0.25] ep 66 success=False steps=60 inf=11.3s sim=1.8s total=15.1s
[octo-small|PutCarrotOnPlateInScene-v1|iso_x0.25] ep 67 success=False steps=60 inf=11.4s sim=1.7s total=15.1s
[octo-small|PutCarrotOnPlateInScene-v1|iso_x0.25] ep 68 success=False steps=60 inf=10.7s sim=1.9s total=14.4s
[octo-small|PutCarrotOnPlateInScene-v1|iso_x0.25] ep 69 success=False steps=60 inf=11.1s sim=1.7s total=14.7s
[octo-small|PutCarrotOnPlateInScene-v1|iso_x0.25] ep 70 success=True steps=60 inf=10.8s sim=1.7s total=14.5s
[octo-small|PutCarrotOnPlateInScene-v1|iso_x0.25] ep 71 success=False steps=60 inf=11.3s sim=1.7s total=15.2s
[octo-small|PutCarrotOnPlateInScene-v1|iso_x0.25] ep 72 success=True steps=60 inf=11.1s sim=1.7s total=14.8s
[octo-small|PutCarrotOnPlateInScene-v1|iso_x0.25] ep 73 success=False steps=60 inf=11.1s sim=1.8s total=14.9s
[octo-small|PutCarrotOnPlateInScene-v1|iso_x0.25] ep 74 success=False steps=60 inf=10.2s sim=1.8s total=14.0s
[octo-small|PutCarrotOnPlateInScene-v1|iso_x0.25] ep 75 success=False steps=60 inf=10.9s sim=1.9s total=14.6s
[octo-small|PutCarrotOnPlateInScene-v1|iso_x0.25] ep 76 success=False steps=60 inf=11.7s sim=1.8s total=15.4s
[octo-small|PutCarrotOnPlateInScene-v1|iso_x0.25] ep 77 success=False steps=60 inf=11.3s sim=1.8s total=14.8s
[octo-small|PutCarrotOnPlateInScene-v1|iso_x0.25] ep 78 success=False steps=60 inf=11.2s sim=1.9s total=15.0s
[octo-small|PutCarrotOnPlateInScene-v1|iso_x0.25] ep 79 success=False steps=60 inf=12.3s sim=1.6s total=15.7s
[octo-small|PutCarrotOnPlateInScene-v1|iso_x0.25] ep 80 success=False steps=60 inf=11.5s sim=1.7s total=15.1s
[octo-small|PutCarrotOnPlateInScene-v1|iso_x0.25] ep 81 success=False steps=60 inf=11.1s sim=1.7s total=14.8s
[octo-small|PutCarrotOnPlateInScene-v1|iso_x0.25] ep 82 success=False steps=60 inf=10.9s sim=1.8s total=14.5s
[octo-small|PutCarrotOnPlateInScene-v1|iso_x0.25] ep 83 success=False steps=60 inf=11.4s sim=1.7s total=15.0s
[octo-small|PutCarrotOnPlateInScene-v1|iso_x0.25] ep 84 success=False steps=60 inf=11.3s sim=1.7s total=14.8s
[octo-small|PutCarrotOnPlateInScene-v1|iso_x0.25] ep 85 success=False steps=60 inf=10.5s sim=1.8s total=14.4s
[octo-small|PutCarrotOnPlateInScene-v1|iso_x0.25] ep 86 success=False steps=60 inf=11.3s sim=1.8s total=14.9s
[octo-small|PutCarrotOnPlateInScene-v1|iso_x0.25] ep 87 success=False steps=60 inf=11.1s sim=1.7s total=14.6s
[octo-small|PutCarrotOnPlateInScene-v1|iso_x0.25] ep 88 success=False steps=60 inf=11.3s sim=1.9s total=15.0s
[octo-small|PutCarrotOnPlateInScene-v1|iso_x0.25] ep 89 success=False steps=60 inf=10.7s sim=1.9s total=14.5s
[octo-small|PutCarrotOnPlateInScene-v1|iso_x0.25] ep 90 success=True steps=60 inf=11.0s sim=2.0s total=15.0s
[octo-small|PutCarrotOnPlateInScene-v1|iso_x0.25] ep 91 success=False steps=60 inf=11.7s sim=1.5s total=15.1s
[octo-small|PutCarrotOnPlateInScene-v1|iso_x0.25] ep 92 success=False steps=60 inf=11.3s sim=1.6s total=15.2s
[octo-small|PutCarrotOnPlateInScene-v1|iso_x0.25] ep 93 success=False steps=60 inf=11.5s sim=1.5s total=15.1s
[octo-small|PutCarrotOnPlateInScene-v1|iso_x0.25] ep 94 success=False steps=60 inf=11.0s sim=1.8s total=14.6s
[octo-small|PutCarrotOnPlateInScene-v1|iso_x0.25] ep 95 success=False steps=60 inf=10.9s sim=1.6s total=14.5s
== iso_x0.25: 8/96 success
[33;1m2026-09-18 13:38:13,634 - mani_skill  - WARNING - Mimic targets dictionary is missing for controller config for widowx250s_bridgedataset_flat_table. Assuming the first joint is the control joint and the second joint is the mimic joint[0m
[33;1m2026-09-18 13:38:13,637 - mani_skill  - WARNING - No initial pose set for actor builder of bridge_carrot_generated_modified, setting to default pose q=[1,0,0,0], p=[0,0,0]. Not setting reasonable initial poses may slow down simulation, see https://github.com/haosulab/ManiSkill/issues/421.[0m
[33;1m2026-09-18 13:38:13,639 - mani_skill  - WARNING - No initial pose set for actor builder of bridge_plate_objaverse_larger, setting to default pose q=[1,0,0,0], p=[0,0,0]. Not setting reasonable initial poses may slow down simulation, see https://github.com/haosulab/ManiSkill/issues/421.[0m
[octo-small|PutCarrotOnPlateInScene-v1|iso_x0.5] ep 48 success=False steps=60 inf=10.5s sim=2.0s total=14.2s
[octo-small|PutCarrotOnPlateInScene-v1|iso_x0.5] ep 49 success=False steps=60 inf=10.7s sim=1.7s total=14.4s
[octo-small|PutCarrotOnPlateInScene-v1|iso_x0.5] ep 50 success=False steps=60 inf=11.0s sim=1.8s total=14.6s
[octo-small|PutCarrotOnPlateInScene-v1|iso_x0.5] ep 51 success=False steps=60 inf=10.6s sim=1.7s total=14.3s
[octo-small|PutCarrotOnPlateInScene-v1|iso_x0.5] ep 52 success=False steps=60 inf=11.3s sim=1.7s total=14.9s
[octo-small|PutCarrotOnPlateInScene-v1|iso_x0.5] ep 53 success=False steps=60 inf=11.2s sim=1.7s total=14.6s
[octo-small|PutCarrotOnPlateInScene-v1|iso_x0.5] ep 54 success=False steps=60 inf=11.4s sim=1.7s total=15.1s
[octo-small|PutCarrotOnPlateInScene-v1|iso_x0.5] ep 55 success=False steps=60 inf=11.9s sim=1.7s total=15.3s
[octo-small|PutCarrotOnPlateInScene-v1|iso_x0.5] ep 56 success=False steps=60 inf=10.3s sim=1.8s total=14.6s
[octo-small|PutCarrotOnPlateInScene-v1|iso_x0.5] ep 57 success=False steps=60 inf=11.2s sim=1.8s total=14.7s
[octo-small|PutCarrotOnPlateInScene-v1|iso_x0.5] ep 58 success=False steps=60 inf=11.0s sim=1.8s total=14.6s
[octo-small|PutCarrotOnPlateInScene-v1|iso_x0.5] ep 59 success=False steps=60 inf=11.6s sim=1.7s total=15.0s
[octo-small|PutCarrotOnPlateInScene-v1|iso_x0.5] ep 60 success=False steps=60 inf=10.4s sim=1.7s total=14.0s
[octo-small|PutCarrotOnPlateInScene-v1|iso_x0.5] ep 61 success=False steps=60 inf=8.5s sim=1.5s total=12.0s
[octo-small|PutCarrotOnPlateInScene-v1|iso_x0.5] ep 62 success=False steps=60 inf=9.4s sim=1.6s total=12.6s
[octo-small|PutCarrotOnPlateInScene-v1|iso_x0.5] ep 63 success=False steps=60 inf=9.0s sim=1.5s total=12.2s
[octo-small|PutCarrotOnPlateInScene-v1|iso_x0.5] ep 64 success=False steps=60 inf=9.1s sim=1.7s total=12.4s
[octo-small|PutCarrotOnPlateInScene-v1|iso_x0.5] ep 65 success=False steps=60 inf=9.3s sim=1.5s total=12.4s
[octo-small|PutCarrotOnPlateInScene-v1|iso_x0.5] ep 66 success=False steps=60 inf=8.7s sim=1.6s total=12.1s
[octo-small|PutCarrotOnPlateInScene-v1|iso_x0.5] ep 67 success=False steps=60 inf=8.8s sim=1.6s total=12.2s
[octo-small|PutCarrotOnPlateInScene-v1|iso_x0.5] ep 68 success=False steps=60 inf=9.5s sim=1.5s total=12.6s
[octo-small|PutCarrotOnPlateInScene-v1|iso_x0.5] ep 69 success=False steps=60 inf=8.6s sim=1.6s total=11.9s
[octo-small|PutCarrotOnPlateInScene-v1|iso_x0.5] ep 70 success=True steps=60 inf=9.3s sim=1.5s total=12.9s
[octo-small|PutCarrotOnPlateInScene-v1|iso_x0.5] ep 71 success=False steps=60 inf=8.4s sim=1.6s total=11.7s
[octo-small|PutCarrotOnPlateInScene-v1|iso_x0.5] ep 72 success=True steps=60 inf=6.8s sim=1.3s total=9.7s
[octo-small|PutCarrotOnPlateInScene-v1|iso_x0.5] ep 73 success=False steps=60 inf=6.5s sim=1.3s total=9.2s
[octo-small|PutCarrotOnPlateInScene-v1|iso_x0.5] ep 74 success=False steps=60 inf=6.7s sim=1.2s total=9.5s
[octo-small|PutCarrotOnPlateInScene-v1|iso_x0.5] ep 75 success=False steps=60 inf=6.8s sim=1.2s total=9.6s
[octo-small|PutCarrotOnPlateInScene-v1|iso_x0.5] ep 76 success=False steps=60 inf=7.0s sim=1.3s total=9.8s
[octo-small|PutCarrotOnPlateInScene-v1|iso_x0.5] ep 77 success=False steps=60 inf=7.0s sim=1.3s total=9.9s
[octo-small|PutCarrotOnPlateInScene-v1|iso_x0.5] ep 78 success=False steps=60 inf=6.5s sim=1.3s total=9.4s
[octo-small|PutCarrotOnPlateInScene-v1|iso_x0.5] ep 79 success=False steps=60 inf=6.9s sim=1.3s total=9.7s
[octo-small|PutCarrotOnPlateInScene-v1|iso_x0.5] ep 80 success=False steps=60 inf=7.0s sim=1.2s total=9.8s
[octo-small|PutCarrotOnPlateInScene-v1|iso_x0.5] ep 81 success=False steps=60 inf=6.9s sim=1.3s total=9.6s
[octo-small|PutCarrotOnPlateInScene-v1|iso_x0.5] ep 82 success=False steps=60 inf=6.9s sim=1.2s total=9.8s
[octo-small|PutCarrotOnPlateInScene-v1|iso_x0.5] ep 83 success=False steps=60 inf=6.8s sim=1.2s total=9.6s
[octo-small|PutCarrotOnPlateInScene-v1|iso_x0.5] ep 84 success=False steps=60 inf=6.8s sim=1.3s total=9.5s
[octo-small|PutCarrotOnPlateInScene-v1|iso_x0.5] ep 85 success=False steps=60 inf=6.6s sim=1.3s total=9.5s
[octo-small|PutCarrotOnPlateInScene-v1|iso_x0.5] ep 86 success=False steps=60 inf=7.0s sim=1.3s total=9.8s
[octo-small|PutCarrotOnPlateInScene-v1|iso_x0.5] ep 87 success=False steps=60 inf=6.6s sim=1.3s total=9.4s
[octo-small|PutCarrotOnPlateInScene-v1|iso_x0.5] ep 88 success=False steps=60 inf=6.6s sim=1.3s total=9.5s
[octo-small|PutCarrotOnPlateInScene-v1|iso_x0.5] ep 89 success=False steps=60 inf=6.1s sim=1.4s total=9.0s
[octo-small|PutCarrotOnPlateInScene-v1|iso_x0.5] ep 90 success=True steps=60 inf=6.6s sim=1.3s total=9.5s
[octo-small|PutCarrotOnPlateInScene-v1|iso_x0.5] ep 91 success=False steps=60 inf=6.9s sim=1.2s total=9.5s
[octo-small|PutCarrotOnPlateInScene-v1|iso_x0.5] ep 92 success=False steps=60 inf=6.9s sim=1.2s total=9.7s
[octo-small|PutCarrotOnPlateInScene-v1|iso_x0.5] ep 93 success=False steps=60 inf=6.4s sim=1.3s total=9.3s
[octo-small|PutCarrotOnPlateInScene-v1|iso_x0.5] ep 94 success=False steps=60 inf=6.0s sim=1.3s total=8.8s
[octo-small|PutCarrotOnPlateInScene-v1|iso_x0.5] ep 95 success=False steps=60 inf=7.0s sim=1.2s total=9.6s
== iso_x0.5: 6/96 success
[33;1m2026-09-18 13:47:28,332 - mani_skill  - WARNING - Mimic targets dictionary is missing for controller config for widowx250s_bridgedataset_flat_table. Assuming the first joint is the control joint and the second joint is the mimic joint[0m
[33;1m2026-09-18 13:47:28,335 - mani_skill  - WARNING - No initial pose set for actor builder of bridge_carrot_generated_modified, setting to default pose q=[1,0,0,0], p=[0,0,0]. Not setting reasonable initial poses may slow down simulation, see https://github.com/haosulab/ManiSkill/issues/421.[0m
[33;1m2026-09-18 13:47:28,335 - mani_skill  - WARNING - No initial pose set for actor builder of bridge_plate_objaverse_larger, setting to default pose q=[1,0,0,0], p=[0,0,0]. Not setting reasonable initial poses may slow down simulation, see https://github.com/haosulab/ManiSkill/issues/421.[0m
[octo-small|PutCarrotOnPlateInScene-v1|iso_x4.0] ep 48 success=False steps=60 inf=6.6s sim=1.2s total=9.4s
[octo-small|PutCarrotOnPlateInScene-v1|iso_x4.0] ep 49 success=False steps=60 inf=6.9s sim=1.2s total=9.8s
[octo-small|PutCarrotOnPlateInScene-v1|iso_x4.0] ep 50 success=False steps=60 inf=7.2s sim=1.2s total=9.5s
[octo-small|PutCarrotOnPlateInScene-v1|iso_x4.0] ep 51 success=False steps=60 inf=6.5s sim=1.2s total=9.3s
[octo-small|PutCarrotOnPlateInScene-v1|iso_x4.0] ep 52 success=False steps=60 inf=6.7s sim=1.3s total=9.7s
[octo-small|PutCarrotOnPlateInScene-v1|iso_x4.0] ep 53 success=False steps=60 inf=7.0s sim=1.2s total=9.5s
[octo-small|PutCarrotOnPlateInScene-v1|iso_x4.0] ep 54 success=False steps=60 inf=5.2s sim=1.2s total=7.7s
[octo-small|PutCarrotOnPlateInScene-v1|iso_x4.0] ep 55 success=False steps=60 inf=4.0s sim=1.0s total=6.5s
[octo-small|PutCarrotOnPlateInScene-v1|iso_x4.0] ep 56 success=False steps=60 inf=4.0s sim=1.0s total=6.5s
[octo-small|PutCarrotOnPlateInScene-v1|iso_x4.0] ep 57 success=False steps=60 inf=4.1s sim=1.0s total=6.5s
[octo-small|PutCarrotOnPlateInScene-v1|iso_x4.0] ep 58 success=False steps=60 inf=4.2s sim=1.0s total=6.5s
[octo-small|PutCarrotOnPlateInScene-v1|iso_x4.0] ep 59 success=False steps=60 inf=4.1s sim=1.0s total=6.5s
[octo-small|PutCarrotOnPlateInScene-v1|iso_x4.0] ep 60 success=False steps=60 inf=3.9s sim=1.0s total=6.5s
[octo-small|PutCarrotOnPlateInScene-v1|iso_x4.0] ep 61 success=False steps=60 inf=4.1s sim=1.0s total=6.3s
[octo-small|PutCarrotOnPlateInScene-v1|iso_x4.0] ep 62 success=False steps=60 inf=4.1s sim=1.1s total=6.5s
[octo-small|PutCarrotOnPlateInScene-v1|iso_x4.0] ep 63 success=False steps=60 inf=4.2s sim=1.0s total=6.6s
[octo-small|PutCarrotOnPlateInScene-v1|iso_x4.0] ep 64 success=False steps=60 inf=4.1s sim=1.1s total=6.5s
[octo-small|PutCarrotOnPlateInScene-v1|iso_x4.0] ep 65 success=False steps=60 inf=4.0s sim=1.0s total=6.5s
[octo-small|PutCarrotOnPlateInScene-v1|iso_x4.0] ep 66 success=True steps=60 inf=4.1s sim=1.1s total=6.6s
[octo-small|PutCarrotOnPlateInScene-v1|iso_x4.0] ep 67 success=False steps=60 inf=4.1s sim=1.0s total=6.6s
[octo-small|PutCarrotOnPlateInScene-v1|iso_x4.0] ep 68 success=False steps=60 inf=4.2s sim=1.0s total=6.6s
[octo-small|PutCarrotOnPlateInScene-v1|iso_x4.0] ep 69 success=False steps=60 inf=4.1s sim=1.0s total=6.7s
[octo-small|PutCarrotOnPlateInScene-v1|iso_x4.0] ep 70 success=True steps=60 inf=4.1s sim=1.0s total=6.6s
[octo-small|PutCarrotOnPlateInScene-v1|iso_x4.0] ep 71 success=False steps=60 inf=4.1s sim=1.0s total=6.9s
[octo-small|PutCarrotOnPlateInScene-v1|iso_x4.0] ep 72 success=True steps=60 inf=4.1s sim=1.1s total=6.7s
[octo-small|PutCarrotOnPlateInScene-v1|iso_x4.0] ep 73 success=False steps=60 inf=4.1s sim=1.0s total=6.7s
[octo-small|PutCarrotOnPlateInScene-v1|iso_x4.0] ep 74 success=False steps=60 inf=4.1s sim=1.0s total=6.4s
[octo-small|PutCarrotOnPlateInScene-v1|iso_x4.0] ep 75 success=False steps=60 inf=4.1s sim=1.0s total=6.5s
[octo-small|PutCarrotOnPlateInScene-v1|iso_x4.0] ep 76 success=False steps=60 inf=4.1s sim=1.0s total=6.7s
[octo-small|PutCarrotOnPlateInScene-v1|iso_x4.0] ep 77 success=False steps=60 inf=4.1s sim=1.0s total=6.6s
[octo-small|PutCarrotOnPlateInScene-v1|iso_x4.0] ep 78 success=False steps=60 inf=4.2s sim=1.1s total=6.7s
[octo-small|PutCarrotOnPlateInScene-v1|iso_x4.0] ep 79 success=False steps=60 inf=4.1s sim=1.0s total=6.6s
[octo-small|PutCarrotOnPlateInScene-v1|iso_x4.0] ep 80 success=False steps=60 inf=4.1s sim=1.0s total=6.4s
[octo-small|PutCarrotOnPlateInScene-v1|iso_x4.0] ep 81 success=False steps=60 inf=4.1s sim=1.0s total=6.6s
[octo-small|PutCarrotOnPlateInScene-v1|iso_x4.0] ep 82 success=False steps=60 inf=4.1s sim=1.0s total=6.5s
[octo-small|PutCarrotOnPlateInScene-v1|iso_x4.0] ep 83 success=False steps=60 inf=4.2s sim=1.0s total=6.5s
[octo-small|PutCarrotOnPlateInScene-v1|iso_x4.0] ep 84 success=False steps=60 inf=4.1s sim=1.0s total=6.6s
[octo-small|PutCarrotOnPlateInScene-v1|iso_x4.0] ep 85 success=False steps=60 inf=4.1s sim=1.0s total=6.7s
[octo-small|PutCarrotOnPlateInScene-v1|iso_x4.0] ep 86 success=False steps=60 inf=4.1s sim=1.1s total=6.5s
[octo-small|PutCarrotOnPlateInScene-v1|iso_x4.0] ep 87 success=False steps=60 inf=4.1s sim=1.0s total=6.5s
[octo-small|PutCarrotOnPlateInScene-v1|iso_x4.0] ep 88 success=False steps=60 inf=4.1s sim=1.1s total=6.5s
[octo-small|PutCarrotOnPlateInScene-v1|iso_x4.0] ep 89 success=False steps=60 inf=4.1s sim=1.0s total=6.6s
[octo-small|PutCarrotOnPlateInScene-v1|iso_x4.0] ep 90 success=True steps=60 inf=4.1s sim=1.1s total=6.6s
[octo-small|PutCarrotOnPlateInScene-v1|iso_x4.0] ep 91 success=False steps=60 inf=4.1s sim=1.1s total=6.6s
[octo-small|PutCarrotOnPlateInScene-v1|iso_x4.0] ep 92 success=False steps=60 inf=4.1s sim=1.0s total=6.5s
[octo-small|PutCarrotOnPlateInScene-v1|iso_x4.0] ep 93 success=False steps=60 inf=4.1s sim=1.0s total=6.6s
[octo-small|PutCarrotOnPlateInScene-v1|iso_x4.0] ep 94 success=False steps=60 inf=4.1s sim=1.1s total=6.7s
[octo-small|PutCarrotOnPlateInScene-v1|iso_x4.0] ep 95 success=False steps=60 inf=4.1s sim=1.0s total=6.6s
== iso_x4.0: 13/96 success
