E:\research\the_world\.venv-windows-ms3\Lib\site-packages\sapien\wrapper\pinocchio_model.py:299: UserWarning: pinnochio package is not installed, robotics functionalities will not be available
  warnings.warn(
E:\research\the_world\.venv-windows-ms3\Lib\site-packages\mani_skill\envs\tasks\digital_twins\bridge_dataset_eval\put_on_in_scene.py:197: UserWarning: Creating a tensor from a list of numpy.ndarrays is extremely slow. Please consider converting the list to a single numpy.ndarray with numpy.array() before converting to a tensor. (Triggered internally at C:\actions-runner\_work\pytorch\pytorch\pytorch\torch\csrc\utils\tensor_new.cpp:257.)
  quat_configs = torch.tensor(quat_configs)
[33;1m2026-09-18 11:47:30,468 - mani_skill  - WARNING - Mimic targets dictionary is missing for controller config for widowx250s_bridgedataset_flat_table. Assuming the first joint is the control joint and the second joint is the mimic joint[0m
[33;1m2026-09-18 11:47:30,597 - mani_skill  - WARNING - No initial pose set for actor builder of baked_green_cube_3cm, setting to default pose q=[1,0,0,0], p=[0,0,0]. Not setting reasonable initial poses may slow down simulation, see https://github.com/haosulab/ManiSkill/issues/421.[0m
[33;1m2026-09-18 11:47:30,607 - mani_skill  - WARNING - No initial pose set for actor builder of baked_yellow_cube_3cm, setting to default pose q=[1,0,0,0], p=[0,0,0]. Not setting reasonable initial poses may slow down simulation, see https://github.com/haosulab/ManiSkill/issues/421.[0m
[octo-base|StackGreenCubeOnYellowCubeBakedTexInScene-v1|nominal] ep 24 success=False steps=60 inf=11.5s sim=2.0s total=15.4s
[octo-base|StackGreenCubeOnYellowCubeBakedTexInScene-v1|nominal] ep 25 success=False steps=60 inf=10.5s sim=2.1s total=14.4s
[octo-base|StackGreenCubeOnYellowCubeBakedTexInScene-v1|nominal] ep 26 success=False steps=60 inf=10.6s sim=2.1s total=14.3s
[octo-base|StackGreenCubeOnYellowCubeBakedTexInScene-v1|nominal] ep 27 success=False steps=60 inf=11.1s sim=2.1s total=15.1s
[octo-base|StackGreenCubeOnYellowCubeBakedTexInScene-v1|nominal] ep 28 success=False steps=60 inf=11.8s sim=1.9s total=15.4s
[octo-base|StackGreenCubeOnYellowCubeBakedTexInScene-v1|nominal] ep 29 success=False steps=60 inf=11.5s sim=2.0s total=15.4s
[octo-base|StackGreenCubeOnYellowCubeBakedTexInScene-v1|nominal] ep 30 success=False steps=60 inf=10.7s sim=2.0s total=14.4s
[octo-base|StackGreenCubeOnYellowCubeBakedTexInScene-v1|nominal] ep 31 success=False steps=60 inf=10.8s sim=2.1s total=14.7s
[octo-base|StackGreenCubeOnYellowCubeBakedTexInScene-v1|nominal] ep 32 success=False steps=60 inf=11.2s sim=2.1s total=15.2s
[octo-base|StackGreenCubeOnYellowCubeBakedTexInScene-v1|nominal] ep 33 success=False steps=60 inf=12.2s sim=1.9s total=15.6s
[octo-base|StackGreenCubeOnYellowCubeBakedTexInScene-v1|nominal] ep 34 success=False steps=60 inf=12.4s sim=1.9s total=16.3s
[octo-base|StackGreenCubeOnYellowCubeBakedTexInScene-v1|nominal] ep 35 success=False steps=60 inf=12.0s sim=1.9s total=15.6s
[octo-base|StackGreenCubeOnYellowCubeBakedTexInScene-v1|nominal] ep 36 success=False steps=60 inf=10.6s sim=1.9s total=14.6s
[octo-base|StackGreenCubeOnYellowCubeBakedTexInScene-v1|nominal] ep 37 success=False steps=60 inf=10.3s sim=2.0s total=13.9s
[octo-base|StackGreenCubeOnYellowCubeBakedTexInScene-v1|nominal] ep 38 success=False steps=60 inf=11.7s sim=1.8s total=15.4s
[octo-base|StackGreenCubeOnYellowCubeBakedTexInScene-v1|nominal] ep 39 success=False steps=60 inf=12.0s sim=1.7s total=15.6s
[octo-base|StackGreenCubeOnYellowCubeBakedTexInScene-v1|nominal] ep 40 success=False steps=60 inf=11.3s sim=1.8s total=14.9s
[octo-base|StackGreenCubeOnYellowCubeBakedTexInScene-v1|nominal] ep 41 success=False steps=60 inf=11.4s sim=1.9s total=15.2s
[octo-base|StackGreenCubeOnYellowCubeBakedTexInScene-v1|nominal] ep 42 success=False steps=60 inf=11.4s sim=2.0s total=15.2s
[octo-base|StackGreenCubeOnYellowCubeBakedTexInScene-v1|nominal] ep 43 success=False steps=60 inf=11.5s sim=2.0s total=15.4s
[octo-base|StackGreenCubeOnYellowCubeBakedTexInScene-v1|nominal] ep 44 success=False steps=60 inf=10.9s sim=1.9s total=14.8s
[octo-base|StackGreenCubeOnYellowCubeBakedTexInScene-v1|nominal] ep 45 success=False steps=60 inf=10.9s sim=1.9s total=14.7s
[octo-base|StackGreenCubeOnYellowCubeBakedTexInScene-v1|nominal] ep 46 success=False steps=60 inf=11.2s sim=1.9s total=15.0s
[octo-base|StackGreenCubeOnYellowCubeBakedTexInScene-v1|nominal] ep 47 success=False steps=60 inf=10.9s sim=1.8s total=14.6s
== nominal: 0/48 success
[33;1m2026-09-18 11:53:32,602 - mani_skill  - WARNING - Mimic targets dictionary is missing for controller config for widowx250s_bridgedataset_flat_table. Assuming the first joint is the control joint and the second joint is the mimic joint[0m
[33;1m2026-09-18 11:53:32,604 - mani_skill  - WARNING - No initial pose set for actor builder of baked_green_cube_3cm, setting to default pose q=[1,0,0,0], p=[0,0,0]. Not setting reasonable initial poses may slow down simulation, see https://github.com/haosulab/ManiSkill/issues/421.[0m
[33;1m2026-09-18 11:53:32,605 - mani_skill  - WARNING - No initial pose set for actor builder of baked_yellow_cube_3cm, setting to default pose q=[1,0,0,0], p=[0,0,0]. Not setting reasonable initial poses may slow down simulation, see https://github.com/haosulab/ManiSkill/issues/421.[0m
[octo-base|StackGreenCubeOnYellowCubeBakedTexInScene-v1|stiff_x0.5] ep 24 success=False steps=60 inf=10.7s sim=2.0s total=14.3s
[octo-base|StackGreenCubeOnYellowCubeBakedTexInScene-v1|stiff_x0.5] ep 25 success=False steps=60 inf=10.5s sim=2.1s total=14.4s
[octo-base|StackGreenCubeOnYellowCubeBakedTexInScene-v1|stiff_x0.5] ep 26 success=False steps=60 inf=11.5s sim=1.8s total=15.2s
[octo-base|StackGreenCubeOnYellowCubeBakedTexInScene-v1|stiff_x0.5] ep 27 success=False steps=60 inf=12.2s sim=1.9s total=15.9s
[octo-base|StackGreenCubeOnYellowCubeBakedTexInScene-v1|stiff_x0.5] ep 28 success=False steps=60 inf=10.8s sim=2.0s total=14.9s
[octo-base|StackGreenCubeOnYellowCubeBakedTexInScene-v1|stiff_x0.5] ep 29 success=False steps=60 inf=11.2s sim=2.1s total=15.1s
[octo-base|StackGreenCubeOnYellowCubeBakedTexInScene-v1|stiff_x0.5] ep 30 success=False steps=60 inf=11.4s sim=1.9s total=15.2s
[octo-base|StackGreenCubeOnYellowCubeBakedTexInScene-v1|stiff_x0.5] ep 31 success=False steps=60 inf=11.5s sim=2.0s total=15.4s
[octo-base|StackGreenCubeOnYellowCubeBakedTexInScene-v1|stiff_x0.5] ep 32 success=False steps=60 inf=11.8s sim=1.9s total=15.6s
[octo-base|StackGreenCubeOnYellowCubeBakedTexInScene-v1|stiff_x0.5] ep 33 success=False steps=60 inf=11.5s sim=2.0s total=15.4s
[octo-base|StackGreenCubeOnYellowCubeBakedTexInScene-v1|stiff_x0.5] ep 34 success=False steps=60 inf=11.1s sim=2.1s total=15.1s
[octo-base|StackGreenCubeOnYellowCubeBakedTexInScene-v1|stiff_x0.5] ep 35 success=False steps=60 inf=11.7s sim=2.0s total=15.5s
[octo-base|StackGreenCubeOnYellowCubeBakedTexInScene-v1|stiff_x0.5] ep 36 success=False steps=60 inf=12.1s sim=1.7s total=15.7s
[octo-base|StackGreenCubeOnYellowCubeBakedTexInScene-v1|stiff_x0.5] ep 37 success=False steps=60 inf=11.7s sim=1.7s total=15.4s
[octo-base|StackGreenCubeOnYellowCubeBakedTexInScene-v1|stiff_x0.5] ep 38 success=False steps=60 inf=12.2s sim=1.8s total=16.0s
[octo-base|StackGreenCubeOnYellowCubeBakedTexInScene-v1|stiff_x0.5] ep 39 success=False steps=60 inf=11.7s sim=1.8s total=15.3s
[octo-base|StackGreenCubeOnYellowCubeBakedTexInScene-v1|stiff_x0.5] ep 40 success=False steps=60 inf=10.8s sim=1.9s total=14.5s
[octo-base|StackGreenCubeOnYellowCubeBakedTexInScene-v1|stiff_x0.5] ep 41 success=False steps=60 inf=10.9s sim=1.9s total=14.6s
[octo-base|StackGreenCubeOnYellowCubeBakedTexInScene-v1|stiff_x0.5] ep 42 success=False steps=60 inf=11.0s sim=1.9s total=14.7s
[octo-base|StackGreenCubeOnYellowCubeBakedTexInScene-v1|stiff_x0.5] ep 43 success=False steps=60 inf=11.2s sim=1.9s total=15.0s
[octo-base|StackGreenCubeOnYellowCubeBakedTexInScene-v1|stiff_x0.5] ep 44 success=False steps=60 inf=11.3s sim=1.9s total=15.1s
[octo-base|StackGreenCubeOnYellowCubeBakedTexInScene-v1|stiff_x0.5] ep 45 success=False steps=60 inf=12.6s sim=1.7s total=16.2s
[octo-base|StackGreenCubeOnYellowCubeBakedTexInScene-v1|stiff_x0.5] ep 46 success=False steps=60 inf=11.5s sim=1.9s total=15.2s
[octo-base|StackGreenCubeOnYellowCubeBakedTexInScene-v1|stiff_x0.5] ep 47 success=False steps=60 inf=11.6s sim=1.9s total=15.2s
== stiff_x0.5: 0/48 success
[33;1m2026-09-18 11:59:38,062 - mani_skill  - WARNING - Mimic targets dictionary is missing for controller config for widowx250s_bridgedataset_flat_table. Assuming the first joint is the control joint and the second joint is the mimic joint[0m
[33;1m2026-09-18 11:59:38,067 - mani_skill  - WARNING - No initial pose set for actor builder of baked_green_cube_3cm, setting to default pose q=[1,0,0,0], p=[0,0,0]. Not setting reasonable initial poses may slow down simulation, see https://github.com/haosulab/ManiSkill/issues/421.[0m
[33;1m2026-09-18 11:59:38,068 - mani_skill  - WARNING - No initial pose set for actor builder of baked_yellow_cube_3cm, setting to default pose q=[1,0,0,0], p=[0,0,0]. Not setting reasonable initial poses may slow down simulation, see https://github.com/haosulab/ManiSkill/issues/421.[0m
[octo-base|StackGreenCubeOnYellowCubeBakedTexInScene-v1|stiff_x2.0] ep 24 success=False steps=60 inf=11.5s sim=2.1s total=15.4s
[octo-base|StackGreenCubeOnYellowCubeBakedTexInScene-v1|stiff_x2.0] ep 25 success=False steps=60 inf=10.9s sim=2.1s total=14.9s
[octo-base|StackGreenCubeOnYellowCubeBakedTexInScene-v1|stiff_x2.0] ep 26 success=False steps=60 inf=11.2s sim=2.0s total=15.1s
[octo-base|StackGreenCubeOnYellowCubeBakedTexInScene-v1|stiff_x2.0] ep 27 success=False steps=60 inf=11.9s sim=1.9s total=15.7s
[octo-base|StackGreenCubeOnYellowCubeBakedTexInScene-v1|stiff_x2.0] ep 28 success=False steps=60 inf=10.3s sim=2.1s total=14.3s
[octo-base|StackGreenCubeOnYellowCubeBakedTexInScene-v1|stiff_x2.0] ep 29 success=False steps=60 inf=11.1s sim=2.1s total=15.1s
[octo-base|StackGreenCubeOnYellowCubeBakedTexInScene-v1|stiff_x2.0] ep 30 success=False steps=60 inf=11.5s sim=1.9s total=15.3s
[octo-base|StackGreenCubeOnYellowCubeBakedTexInScene-v1|stiff_x2.0] ep 31 success=False steps=60 inf=12.3s sim=1.8s total=16.2s
[octo-base|StackGreenCubeOnYellowCubeBakedTexInScene-v1|stiff_x2.0] ep 32 success=False steps=60 inf=11.5s sim=2.0s total=15.4s
[octo-base|StackGreenCubeOnYellowCubeBakedTexInScene-v1|stiff_x2.0] ep 33 success=False steps=60 inf=10.6s sim=2.0s total=14.4s
[octo-base|StackGreenCubeOnYellowCubeBakedTexInScene-v1|stiff_x2.0] ep 34 success=False steps=60 inf=11.6s sim=2.0s total=15.5s
[octo-base|StackGreenCubeOnYellowCubeBakedTexInScene-v1|stiff_x2.0] ep 35 success=False steps=60 inf=11.4s sim=2.0s total=15.3s
[octo-base|StackGreenCubeOnYellowCubeBakedTexInScene-v1|stiff_x2.0] ep 36 success=False steps=60 inf=11.5s sim=1.9s total=15.1s
[octo-base|StackGreenCubeOnYellowCubeBakedTexInScene-v1|stiff_x2.0] ep 37 success=False steps=60 inf=10.6s sim=2.0s total=14.5s
[octo-base|StackGreenCubeOnYellowCubeBakedTexInScene-v1|stiff_x2.0] ep 38 success=False steps=60 inf=11.7s sim=1.9s total=15.4s
[octo-base|StackGreenCubeOnYellowCubeBakedTexInScene-v1|stiff_x2.0] ep 39 success=False steps=60 inf=11.4s sim=2.0s total=15.2s
[octo-base|StackGreenCubeOnYellowCubeBakedTexInScene-v1|stiff_x2.0] ep 40 success=False steps=60 inf=11.8s sim=1.7s total=15.3s
[octo-base|StackGreenCubeOnYellowCubeBakedTexInScene-v1|stiff_x2.0] ep 41 success=False steps=60 inf=11.0s sim=1.9s total=14.7s
[octo-base|StackGreenCubeOnYellowCubeBakedTexInScene-v1|stiff_x2.0] ep 42 success=False steps=60 inf=10.9s sim=1.9s total=14.6s
[octo-base|StackGreenCubeOnYellowCubeBakedTexInScene-v1|stiff_x2.0] ep 43 success=False steps=60 inf=11.6s sim=1.9s total=15.3s
[octo-base|StackGreenCubeOnYellowCubeBakedTexInScene-v1|stiff_x2.0] ep 44 success=False steps=60 inf=10.9s sim=1.9s total=14.7s
[octo-base|StackGreenCubeOnYellowCubeBakedTexInScene-v1|stiff_x2.0] ep 45 success=False steps=60 inf=10.7s sim=2.0s total=14.4s
[octo-base|StackGreenCubeOnYellowCubeBakedTexInScene-v1|stiff_x2.0] ep 46 success=False steps=60 inf=11.5s sim=1.9s total=15.2s
[octo-base|StackGreenCubeOnYellowCubeBakedTexInScene-v1|stiff_x2.0] ep 47 success=False steps=60 inf=11.1s sim=1.8s total=14.8s
== stiff_x2.0: 0/48 success
[33;1m2026-09-18 12:05:40,126 - mani_skill  - WARNING - Mimic targets dictionary is missing for controller config for widowx250s_bridgedataset_flat_table. Assuming the first joint is the control joint and the second joint is the mimic joint[0m
[33;1m2026-09-18 12:05:40,128 - mani_skill  - WARNING - No initial pose set for actor builder of baked_green_cube_3cm, setting to default pose q=[1,0,0,0], p=[0,0,0]. Not setting reasonable initial poses may slow down simulation, see https://github.com/haosulab/ManiSkill/issues/421.[0m
[33;1m2026-09-18 12:05:40,129 - mani_skill  - WARNING - No initial pose set for actor builder of baked_yellow_cube_3cm, setting to default pose q=[1,0,0,0], p=[0,0,0]. Not setting reasonable initial poses may slow down simulation, see https://github.com/haosulab/ManiSkill/issues/421.[0m
[octo-base|StackGreenCubeOnYellowCubeBakedTexInScene-v1|damp_x0.5] ep 24 success=False steps=60 inf=11.7s sim=1.9s total=15.5s
[octo-base|StackGreenCubeOnYellowCubeBakedTexInScene-v1|damp_x0.5] ep 25 success=False steps=60 inf=10.5s sim=2.0s total=14.4s
[octo-base|StackGreenCubeOnYellowCubeBakedTexInScene-v1|damp_x0.5] ep 26 success=False steps=60 inf=10.9s sim=2.2s total=15.0s
[octo-base|StackGreenCubeOnYellowCubeBakedTexInScene-v1|damp_x0.5] ep 27 success=False steps=60 inf=11.1s sim=2.2s total=15.1s
[octo-base|StackGreenCubeOnYellowCubeBakedTexInScene-v1|damp_x0.5] ep 28 success=False steps=60 inf=10.8s sim=2.0s total=14.6s
[octo-base|StackGreenCubeOnYellowCubeBakedTexInScene-v1|damp_x0.5] ep 29 success=False steps=60 inf=11.2s sim=2.2s total=15.6s
[octo-base|StackGreenCubeOnYellowCubeBakedTexInScene-v1|damp_x0.5] ep 30 success=False steps=60 inf=10.5s sim=1.9s total=14.3s
[octo-base|StackGreenCubeOnYellowCubeBakedTexInScene-v1|damp_x0.5] ep 31 success=False steps=60 inf=11.1s sim=2.0s total=14.9s
[octo-base|StackGreenCubeOnYellowCubeBakedTexInScene-v1|damp_x0.5] ep 32 success=False steps=60 inf=10.8s sim=2.1s total=14.6s
[octo-base|StackGreenCubeOnYellowCubeBakedTexInScene-v1|damp_x0.5] ep 33 success=False steps=60 inf=10.9s sim=2.0s total=15.2s
[octo-base|StackGreenCubeOnYellowCubeBakedTexInScene-v1|damp_x0.5] ep 34 success=False steps=60 inf=11.6s sim=2.0s total=15.5s
[octo-base|StackGreenCubeOnYellowCubeBakedTexInScene-v1|damp_x0.5] ep 35 success=False steps=60 inf=11.0s sim=2.0s total=15.1s
[octo-base|StackGreenCubeOnYellowCubeBakedTexInScene-v1|damp_x0.5] ep 36 success=False steps=60 inf=11.5s sim=1.8s total=15.2s
[octo-base|StackGreenCubeOnYellowCubeBakedTexInScene-v1|damp_x0.5] ep 37 success=False steps=60 inf=11.2s sim=1.8s total=14.9s
[octo-base|StackGreenCubeOnYellowCubeBakedTexInScene-v1|damp_x0.5] ep 38 success=False steps=60 inf=11.4s sim=1.9s total=15.0s
[octo-base|StackGreenCubeOnYellowCubeBakedTexInScene-v1|damp_x0.5] ep 39 success=False steps=60 inf=11.1s sim=1.9s total=14.9s
[octo-base|StackGreenCubeOnYellowCubeBakedTexInScene-v1|damp_x0.5] ep 40 success=False steps=60 inf=11.7s sim=1.8s total=15.2s
[octo-base|StackGreenCubeOnYellowCubeBakedTexInScene-v1|damp_x0.5] ep 41 success=False steps=60 inf=11.5s sim=1.8s total=15.1s
[octo-base|StackGreenCubeOnYellowCubeBakedTexInScene-v1|damp_x0.5] ep 42 success=False steps=60 inf=11.0s sim=1.9s total=14.9s
[octo-base|StackGreenCubeOnYellowCubeBakedTexInScene-v1|damp_x0.5] ep 43 success=False steps=60 inf=11.2s sim=1.9s total=14.8s
[octo-base|StackGreenCubeOnYellowCubeBakedTexInScene-v1|damp_x0.5] ep 44 success=False steps=60 inf=10.6s sim=2.0s total=14.5s
[octo-base|StackGreenCubeOnYellowCubeBakedTexInScene-v1|damp_x0.5] ep 45 success=False steps=60 inf=11.8s sim=1.9s total=15.3s
[octo-base|StackGreenCubeOnYellowCubeBakedTexInScene-v1|damp_x0.5] ep 46 success=False steps=60 inf=11.1s sim=1.7s total=15.0s
[octo-base|StackGreenCubeOnYellowCubeBakedTexInScene-v1|damp_x0.5] ep 47 success=False steps=60 inf=10.9s sim=1.9s total=14.5s
== damp_x0.5: 0/48 success
[33;1m2026-09-18 12:11:39,567 - mani_skill  - WARNING - Mimic targets dictionary is missing for controller config for widowx250s_bridgedataset_flat_table. Assuming the first joint is the control joint and the second joint is the mimic joint[0m
[33;1m2026-09-18 12:11:39,570 - mani_skill  - WARNING - No initial pose set for actor builder of baked_green_cube_3cm, setting to default pose q=[1,0,0,0], p=[0,0,0]. Not setting reasonable initial poses may slow down simulation, see https://github.com/haosulab/ManiSkill/issues/421.[0m
[33;1m2026-09-18 12:11:39,570 - mani_skill  - WARNING - No initial pose set for actor builder of baked_yellow_cube_3cm, setting to default pose q=[1,0,0,0], p=[0,0,0]. Not setting reasonable initial poses may slow down simulation, see https://github.com/haosulab/ManiSkill/issues/421.[0m
[octo-base|StackGreenCubeOnYellowCubeBakedTexInScene-v1|damp_x2.0] ep 24 success=False steps=60 inf=11.4s sim=1.9s total=15.2s
[octo-base|StackGreenCubeOnYellowCubeBakedTexInScene-v1|damp_x2.0] ep 25 success=False steps=60 inf=10.7s sim=1.9s total=14.5s
[octo-base|StackGreenCubeOnYellowCubeBakedTexInScene-v1|damp_x2.0] ep 26 success=False steps=60 inf=11.8s sim=1.8s total=15.4s
[octo-base|StackGreenCubeOnYellowCubeBakedTexInScene-v1|damp_x2.0] ep 27 success=False steps=60 inf=12.2s sim=2.0s total=16.2s
[octo-base|StackGreenCubeOnYellowCubeBakedTexInScene-v1|damp_x2.0] ep 28 success=False steps=60 inf=12.1s sim=1.8s total=15.7s
[octo-base|StackGreenCubeOnYellowCubeBakedTexInScene-v1|damp_x2.0] ep 29 success=False steps=60 inf=10.9s sim=2.2s total=14.9s
[octo-base|StackGreenCubeOnYellowCubeBakedTexInScene-v1|damp_x2.0] ep 30 success=False steps=60 inf=11.2s sim=1.9s total=14.9s
[octo-base|StackGreenCubeOnYellowCubeBakedTexInScene-v1|damp_x2.0] ep 31 success=False steps=60 inf=11.1s sim=2.1s total=15.0s
[octo-base|StackGreenCubeOnYellowCubeBakedTexInScene-v1|damp_x2.0] ep 32 success=False steps=60 inf=10.8s sim=2.0s total=14.6s
[octo-base|StackGreenCubeOnYellowCubeBakedTexInScene-v1|damp_x2.0] ep 33 success=False steps=60 inf=11.4s sim=1.9s total=15.4s
[octo-base|StackGreenCubeOnYellowCubeBakedTexInScene-v1|damp_x2.0] ep 34 success=False steps=60 inf=11.5s sim=2.2s total=15.4s
[octo-base|StackGreenCubeOnYellowCubeBakedTexInScene-v1|damp_x2.0] ep 35 success=False steps=60 inf=10.7s sim=2.1s total=14.7s
[octo-base|StackGreenCubeOnYellowCubeBakedTexInScene-v1|damp_x2.0] ep 36 success=False steps=60 inf=11.1s sim=1.8s total=14.8s
[octo-base|StackGreenCubeOnYellowCubeBakedTexInScene-v1|damp_x2.0] ep 37 success=False steps=60 inf=11.2s sim=1.9s total=14.9s
[octo-base|StackGreenCubeOnYellowCubeBakedTexInScene-v1|damp_x2.0] ep 38 success=False steps=60 inf=12.0s sim=1.9s total=15.8s
[octo-base|StackGreenCubeOnYellowCubeBakedTexInScene-v1|damp_x2.0] ep 39 success=False steps=60 inf=11.0s sim=2.0s total=14.8s
[octo-base|StackGreenCubeOnYellowCubeBakedTexInScene-v1|damp_x2.0] ep 40 success=False steps=60 inf=11.3s sim=1.8s total=14.9s
[octo-base|StackGreenCubeOnYellowCubeBakedTexInScene-v1|damp_x2.0] ep 41 success=False steps=60 inf=11.7s sim=1.8s total=15.6s
[octo-base|StackGreenCubeOnYellowCubeBakedTexInScene-v1|damp_x2.0] ep 42 success=False steps=60 inf=11.3s sim=1.8s total=15.0s
[octo-base|StackGreenCubeOnYellowCubeBakedTexInScene-v1|damp_x2.0] ep 43 success=False steps=60 inf=11.8s sim=2.0s total=15.7s
[octo-base|StackGreenCubeOnYellowCubeBakedTexInScene-v1|damp_x2.0] ep 44 success=False steps=60 inf=12.4s sim=1.7s total=15.8s
[octo-base|StackGreenCubeOnYellowCubeBakedTexInScene-v1|damp_x2.0] ep 45 success=False steps=60 inf=10.9s sim=1.8s total=14.7s
[octo-base|StackGreenCubeOnYellowCubeBakedTexInScene-v1|damp_x2.0] ep 46 success=False steps=60 inf=10.9s sim=2.0s total=14.7s
[octo-base|StackGreenCubeOnYellowCubeBakedTexInScene-v1|damp_x2.0] ep 47 success=False steps=60 inf=11.4s sim=1.7s total=14.9s
== damp_x2.0: 0/48 success
[33;1m2026-09-18 12:17:43,607 - mani_skill  - WARNING - Mimic targets dictionary is missing for controller config for widowx250s_bridgedataset_flat_table. Assuming the first joint is the control joint and the second joint is the mimic joint[0m
[33;1m2026-09-18 12:17:43,609 - mani_skill  - WARNING - No initial pose set for actor builder of baked_green_cube_3cm, setting to default pose q=[1,0,0,0], p=[0,0,0]. Not setting reasonable initial poses may slow down simulation, see https://github.com/haosulab/ManiSkill/issues/421.[0m
[33;1m2026-09-18 12:17:43,610 - mani_skill  - WARNING - No initial pose set for actor builder of baked_yellow_cube_3cm, setting to default pose q=[1,0,0,0], p=[0,0,0]. Not setting reasonable initial poses may slow down simulation, see https://github.com/haosulab/ManiSkill/issues/421.[0m
[octo-base|StackGreenCubeOnYellowCubeBakedTexInScene-v1|force_x0.5] ep 24 success=False steps=60 inf=11.6s sim=2.0s total=15.4s
[octo-base|StackGreenCubeOnYellowCubeBakedTexInScene-v1|force_x0.5] ep 25 success=False steps=60 inf=12.1s sim=1.7s total=15.6s
[octo-base|StackGreenCubeOnYellowCubeBakedTexInScene-v1|force_x0.5] ep 26 success=False steps=60 inf=11.3s sim=2.0s total=15.2s
[octo-base|StackGreenCubeOnYellowCubeBakedTexInScene-v1|force_x0.5] ep 27 success=False steps=60 inf=11.6s sim=2.1s total=15.7s
[octo-base|StackGreenCubeOnYellowCubeBakedTexInScene-v1|force_x0.5] ep 28 success=False steps=60 inf=11.9s sim=1.8s total=15.4s
[octo-base|StackGreenCubeOnYellowCubeBakedTexInScene-v1|force_x0.5] ep 29 success=False steps=60 inf=11.2s sim=2.0s total=14.9s
[octo-base|StackGreenCubeOnYellowCubeBakedTexInScene-v1|force_x0.5] ep 30 success=False steps=60 inf=11.6s sim=1.9s total=15.5s
[octo-base|StackGreenCubeOnYellowCubeBakedTexInScene-v1|force_x0.5] ep 31 success=False steps=60 inf=11.8s sim=1.9s total=15.6s
[octo-base|StackGreenCubeOnYellowCubeBakedTexInScene-v1|force_x0.5] ep 32 success=False steps=60 inf=10.8s sim=1.9s total=14.5s
[octo-base|StackGreenCubeOnYellowCubeBakedTexInScene-v1|force_x0.5] ep 33 success=False steps=60 inf=8.9s sim=1.8s total=12.2s
[octo-base|StackGreenCubeOnYellowCubeBakedTexInScene-v1|force_x0.5] ep 34 success=False steps=60 inf=8.9s sim=1.9s total=12.5s
[octo-base|StackGreenCubeOnYellowCubeBakedTexInScene-v1|force_x0.5] ep 35 success=False steps=60 inf=9.7s sim=1.5s total=12.9s
[octo-base|StackGreenCubeOnYellowCubeBakedTexInScene-v1|force_x0.5] ep 36 success=False steps=60 inf=9.0s sim=1.7s total=12.4s
[octo-base|StackGreenCubeOnYellowCubeBakedTexInScene-v1|force_x0.5] ep 37 success=False steps=60 inf=9.2s sim=1.5s total=12.3s
[octo-base|StackGreenCubeOnYellowCubeBakedTexInScene-v1|force_x0.5] ep 38 success=False steps=60 inf=9.0s sim=1.6s total=12.2s
[octo-base|StackGreenCubeOnYellowCubeBakedTexInScene-v1|force_x0.5] ep 39 success=False steps=60 inf=8.5s sim=1.7s total=11.9s
[octo-base|StackGreenCubeOnYellowCubeBakedTexInScene-v1|force_x0.5] ep 40 success=False steps=60 inf=8.8s sim=1.7s total=12.2s
[octo-base|StackGreenCubeOnYellowCubeBakedTexInScene-v1|force_x0.5] ep 41 success=False steps=60 inf=8.5s sim=1.6s total=11.8s
[octo-base|StackGreenCubeOnYellowCubeBakedTexInScene-v1|force_x0.5] ep 42 success=False steps=60 inf=9.1s sim=1.7s total=12.6s
[octo-base|StackGreenCubeOnYellowCubeBakedTexInScene-v1|force_x0.5] ep 43 success=False steps=60 inf=9.2s sim=1.7s total=12.4s
[octo-base|StackGreenCubeOnYellowCubeBakedTexInScene-v1|force_x0.5] ep 44 success=False steps=60 inf=8.7s sim=1.7s total=12.2s
[octo-base|StackGreenCubeOnYellowCubeBakedTexInScene-v1|force_x0.5] ep 45 success=False steps=60 inf=9.1s sim=1.5s total=12.4s
[octo-base|StackGreenCubeOnYellowCubeBakedTexInScene-v1|force_x0.5] ep 46 success=False steps=60 inf=8.8s sim=1.7s total=12.1s
[octo-base|StackGreenCubeOnYellowCubeBakedTexInScene-v1|force_x0.5] ep 47 success=False steps=60 inf=9.5s sim=1.4s total=12.9s
== force_x0.5: 0/48 success
[33;1m2026-09-18 12:23:06,716 - mani_skill  - WARNING - Mimic targets dictionary is missing for controller config for widowx250s_bridgedataset_flat_table. Assuming the first joint is the control joint and the second joint is the mimic joint[0m
[33;1m2026-09-18 12:23:06,718 - mani_skill  - WARNING - No initial pose set for actor builder of baked_green_cube_3cm, setting to default pose q=[1,0,0,0], p=[0,0,0]. Not setting reasonable initial poses may slow down simulation, see https://github.com/haosulab/ManiSkill/issues/421.[0m
[33;1m2026-09-18 12:23:06,719 - mani_skill  - WARNING - No initial pose set for actor builder of baked_yellow_cube_3cm, setting to default pose q=[1,0,0,0], p=[0,0,0]. Not setting reasonable initial poses may slow down simulation, see https://github.com/haosulab/ManiSkill/issues/421.[0m
[octo-base|StackGreenCubeOnYellowCubeBakedTexInScene-v1|delay_1] ep 24 success=False steps=60 inf=8.6s sim=1.7s total=11.9s
[octo-base|StackGreenCubeOnYellowCubeBakedTexInScene-v1|delay_1] ep 25 success=False steps=60 inf=8.5s sim=1.8s total=12.0s
[octo-base|StackGreenCubeOnYellowCubeBakedTexInScene-v1|delay_1] ep 26 success=False steps=60 inf=8.8s sim=1.7s total=12.5s
[octo-base|StackGreenCubeOnYellowCubeBakedTexInScene-v1|delay_1] ep 27 success=False steps=60 inf=8.5s sim=1.9s total=11.8s
[octo-base|StackGreenCubeOnYellowCubeBakedTexInScene-v1|delay_1] ep 28 success=False steps=60 inf=9.8s sim=1.7s total=13.1s
[octo-base|StackGreenCubeOnYellowCubeBakedTexInScene-v1|delay_1] ep 29 success=False steps=60 inf=9.3s sim=1.7s total=12.8s
[octo-base|StackGreenCubeOnYellowCubeBakedTexInScene-v1|delay_1] ep 30 success=False steps=60 inf=9.4s sim=1.6s total=12.5s
[octo-base|StackGreenCubeOnYellowCubeBakedTexInScene-v1|delay_1] ep 31 success=False steps=60 inf=9.4s sim=1.7s total=12.9s
[octo-base|StackGreenCubeOnYellowCubeBakedTexInScene-v1|delay_1] ep 32 success=False steps=60 inf=9.6s sim=1.7s total=12.9s
[octo-base|StackGreenCubeOnYellowCubeBakedTexInScene-v1|delay_1] ep 33 success=False steps=60 inf=9.1s sim=1.8s total=12.5s
[octo-base|StackGreenCubeOnYellowCubeBakedTexInScene-v1|delay_1] ep 34 success=False steps=60 inf=8.7s sim=1.8s total=12.2s
[octo-base|StackGreenCubeOnYellowCubeBakedTexInScene-v1|delay_1] ep 35 success=False steps=60 inf=8.9s sim=1.6s total=12.1s
[octo-base|StackGreenCubeOnYellowCubeBakedTexInScene-v1|delay_1] ep 36 success=False steps=60 inf=9.0s sim=1.6s total=12.2s
[octo-base|StackGreenCubeOnYellowCubeBakedTexInScene-v1|delay_1] ep 37 success=False steps=60 inf=9.1s sim=1.8s total=12.6s
[octo-base|StackGreenCubeOnYellowCubeBakedTexInScene-v1|delay_1] ep 38 success=False steps=60 inf=9.2s sim=1.6s total=12.4s
[octo-base|StackGreenCubeOnYellowCubeBakedTexInScene-v1|delay_1] ep 39 success=False steps=60 inf=9.0s sim=1.7s total=12.3s
[octo-base|StackGreenCubeOnYellowCubeBakedTexInScene-v1|delay_1] ep 40 success=False steps=60 inf=8.7s sim=1.6s total=12.0s
[octo-base|StackGreenCubeOnYellowCubeBakedTexInScene-v1|delay_1] ep 41 success=False steps=60 inf=9.0s sim=1.6s total=12.3s
[octo-base|StackGreenCubeOnYellowCubeBakedTexInScene-v1|delay_1] ep 42 success=False steps=60 inf=8.7s sim=1.7s total=12.0s
[octo-base|StackGreenCubeOnYellowCubeBakedTexInScene-v1|delay_1] ep 43 success=False steps=60 inf=8.9s sim=1.8s total=12.4s
[octo-base|StackGreenCubeOnYellowCubeBakedTexInScene-v1|delay_1] ep 44 success=False steps=60 inf=8.9s sim=1.6s total=12.1s
[octo-base|StackGreenCubeOnYellowCubeBakedTexInScene-v1|delay_1] ep 45 success=False steps=60 inf=9.1s sim=1.6s total=12.4s
[octo-base|StackGreenCubeOnYellowCubeBakedTexInScene-v1|delay_1] ep 46 success=False steps=60 inf=9.1s sim=1.6s total=12.4s
[octo-base|StackGreenCubeOnYellowCubeBakedTexInScene-v1|delay_1] ep 47 success=False steps=60 inf=9.3s sim=1.5s total=12.5s
== delay_1: 0/48 success
