E:\research\the_world\.venv-windows-ms3\Lib\site-packages\sapien\wrapper\pinocchio_model.py:299: UserWarning: pinnochio package is not installed, robotics functionalities will not be available
  warnings.warn(
E:\research\the_world\.venv-windows-ms3\Lib\site-packages\mani_skill\envs\tasks\digital_twins\bridge_dataset_eval\put_on_in_scene.py:197: UserWarning: Creating a tensor from a list of numpy.ndarrays is extremely slow. Please consider converting the list to a single numpy.ndarray with numpy.array() before converting to a tensor. (Triggered internally at C:\actions-runner\_work\pytorch\pytorch\pytorch\torch\csrc\utils\tensor_new.cpp:257.)
  quat_configs = torch.tensor(quat_configs)
[33;1m2026-09-18 13:53:57,637 - mani_skill  - WARNING - Mimic targets dictionary is missing for controller config for widowx250s_bridgedataset_flat_table. Assuming the first joint is the control joint and the second joint is the mimic joint[0m
[33;1m2026-09-18 13:53:57,702 - mani_skill  - WARNING - No initial pose set for actor builder of baked_green_cube_3cm, setting to default pose q=[1,0,0,0], p=[0,0,0]. Not setting reasonable initial poses may slow down simulation, see https://github.com/haosulab/ManiSkill/issues/421.[0m
[33;1m2026-09-18 13:53:57,706 - mani_skill  - WARNING - No initial pose set for actor builder of baked_yellow_cube_3cm, setting to default pose q=[1,0,0,0], p=[0,0,0]. Not setting reasonable initial poses may slow down simulation, see https://github.com/haosulab/ManiSkill/issues/421.[0m
== iso_x0.25: 1/48 success
[33;1m2026-09-18 13:53:58,324 - mani_skill  - WARNING - Mimic targets dictionary is missing for controller config for widowx250s_bridgedataset_flat_table. Assuming the first joint is the control joint and the second joint is the mimic joint[0m
[33;1m2026-09-18 13:53:58,325 - mani_skill  - WARNING - No initial pose set for actor builder of baked_green_cube_3cm, setting to default pose q=[1,0,0,0], p=[0,0,0]. Not setting reasonable initial poses may slow down simulation, see https://github.com/haosulab/ManiSkill/issues/421.[0m
[33;1m2026-09-18 13:53:58,326 - mani_skill  - WARNING - No initial pose set for actor builder of baked_yellow_cube_3cm, setting to default pose q=[1,0,0,0], p=[0,0,0]. Not setting reasonable initial poses may slow down simulation, see https://github.com/haosulab/ManiSkill/issues/421.[0m
== iso_x0.5: 1/48 success
[33;1m2026-09-18 13:53:58,566 - mani_skill  - WARNING - Mimic targets dictionary is missing for controller config for widowx250s_bridgedataset_flat_table. Assuming the first joint is the control joint and the second joint is the mimic joint[0m
[33;1m2026-09-18 13:53:58,567 - mani_skill  - WARNING - No initial pose set for actor builder of baked_green_cube_3cm, setting to default pose q=[1,0,0,0], p=[0,0,0]. Not setting reasonable initial poses may slow down simulation, see https://github.com/haosulab/ManiSkill/issues/421.[0m
[33;1m2026-09-18 13:53:58,569 - mani_skill  - WARNING - No initial pose set for actor builder of baked_yellow_cube_3cm, setting to default pose q=[1,0,0,0], p=[0,0,0]. Not setting reasonable initial poses may slow down simulation, see https://github.com/haosulab/ManiSkill/issues/421.[0m
== nominal: 0/48 success
[33;1m2026-09-18 13:53:58,790 - mani_skill  - WARNING - Mimic targets dictionary is missing for controller config for widowx250s_bridgedataset_flat_table. Assuming the first joint is the control joint and the second joint is the mimic joint[0m
[33;1m2026-09-18 13:53:58,791 - mani_skill  - WARNING - No initial pose set for actor builder of baked_green_cube_3cm, setting to default pose q=[1,0,0,0], p=[0,0,0]. Not setting reasonable initial poses may slow down simulation, see https://github.com/haosulab/ManiSkill/issues/421.[0m
[33;1m2026-09-18 13:53:58,791 - mani_skill  - WARNING - No initial pose set for actor builder of baked_yellow_cube_3cm, setting to default pose q=[1,0,0,0], p=[0,0,0]. Not setting reasonable initial poses may slow down simulation, see https://github.com/haosulab/ManiSkill/issues/421.[0m
== iso_x2.0: 1/48 success
[33;1m2026-09-18 13:53:59,028 - mani_skill  - WARNING - Mimic targets dictionary is missing for controller config for widowx250s_bridgedataset_flat_table. Assuming the first joint is the control joint and the second joint is the mimic joint[0m
[33;1m2026-09-18 13:53:59,029 - mani_skill  - WARNING - No initial pose set for actor builder of baked_green_cube_3cm, setting to default pose q=[1,0,0,0], p=[0,0,0]. Not setting reasonable initial poses may slow down simulation, see https://github.com/haosulab/ManiSkill/issues/421.[0m
[33;1m2026-09-18 13:53:59,029 - mani_skill  - WARNING - No initial pose set for actor builder of baked_yellow_cube_3cm, setting to default pose q=[1,0,0,0], p=[0,0,0]. Not setting reasonable initial poses may slow down simulation, see https://github.com/haosulab/ManiSkill/issues/421.[0m
== iso_x4.0: 0/48 success
