E:\research\the_world\.venv-windows-ms3\Lib\site-packages\sapien\wrapper\pinocchio_model.py:299: UserWarning: pinnochio package is not installed, robotics functionalities will not be available
  warnings.warn(
[33;1m2026-09-18 14:05:00,259 - mani_skill  - WARNING - Mimic targets dictionary is missing for controller config for widowx250s_bridgedataset_flat_table. Assuming the first joint is the control joint and the second joint is the mimic joint[0m
[33;1m2026-09-18 14:05:00,332 - mani_skill  - WARNING - No initial pose set for actor builder of bridge_spoon_generated_modified, setting to default pose q=[1,0,0,0], p=[0,0,0]. Not setting reasonable initial poses may slow down simulation, see https://github.com/haosulab/ManiSkill/issues/421.[0m
[33;1m2026-09-18 14:05:00,343 - mani_skill  - WARNING - No initial pose set for actor builder of table_cloth_generated_shorter, setting to default pose q=[1,0,0,0], p=[0,0,0]. Not setting reasonable initial poses may slow down simulation, see https://github.com/haosulab/ManiSkill/issues/421.[0m
[octo-base|PutSpoonOnTableClothInScene-v1|stiff_x0.25] ep 0 success=False steps=60 inf=11.4s sim=1.6s total=14.9s
[octo-base|PutSpoonOnTableClothInScene-v1|stiff_x0.25] ep 1 success=False steps=60 inf=11.6s sim=1.7s total=15.3s
[octo-base|PutSpoonOnTableClothInScene-v1|stiff_x0.25] ep 2 success=False steps=60 inf=10.9s sim=2.1s total=14.9s
[octo-base|PutSpoonOnTableClothInScene-v1|stiff_x0.25] ep 3 success=False steps=60 inf=10.9s sim=2.2s total=14.9s
[octo-base|PutSpoonOnTableClothInScene-v1|stiff_x0.25] ep 4 success=False steps=60 inf=11.9s sim=1.7s total=15.6s
[octo-base|PutSpoonOnTableClothInScene-v1|stiff_x0.25] ep 5 success=False steps=60 inf=11.8s sim=2.5s total=16.4s
[octo-base|PutSpoonOnTableClothInScene-v1|stiff_x0.25] ep 6 success=False steps=60 inf=12.9s sim=1.8s total=16.9s
[octo-base|PutSpoonOnTableClothInScene-v1|stiff_x0.25] ep 7 success=False steps=60 inf=13.2s sim=1.8s total=17.0s
[octo-base|PutSpoonOnTableClothInScene-v1|stiff_x0.25] ep 8 success=False steps=60 inf=13.0s sim=1.9s total=16.8s
[octo-base|PutSpoonOnTableClothInScene-v1|stiff_x0.25] ep 9 success=False steps=60 inf=12.8s sim=2.1s total=16.9s
[octo-base|PutSpoonOnTableClothInScene-v1|stiff_x0.25] ep 10 success=False steps=60 inf=12.9s sim=1.8s total=17.0s
[octo-base|PutSpoonOnTableClothInScene-v1|stiff_x0.25] ep 11 success=False steps=60 inf=13.0s sim=1.8s total=16.6s
[octo-base|PutSpoonOnTableClothInScene-v1|stiff_x0.25] ep 12 success=False steps=60 inf=12.9s sim=1.7s total=16.7s
[octo-base|PutSpoonOnTableClothInScene-v1|stiff_x0.25] ep 13 success=False steps=60 inf=13.1s sim=1.8s total=16.9s
[octo-base|PutSpoonOnTableClothInScene-v1|stiff_x0.25] ep 14 success=False steps=60 inf=12.8s sim=1.9s total=16.8s
[octo-base|PutSpoonOnTableClothInScene-v1|stiff_x0.25] ep 15 success=False steps=60 inf=12.7s sim=1.9s total=16.6s
[octo-base|PutSpoonOnTableClothInScene-v1|stiff_x0.25] ep 16 success=False steps=60 inf=13.6s sim=1.8s total=17.3s
[octo-base|PutSpoonOnTableClothInScene-v1|stiff_x0.25] ep 17 success=False steps=60 inf=12.8s sim=1.8s total=16.7s
[octo-base|PutSpoonOnTableClothInScene-v1|stiff_x0.25] ep 18 success=False steps=60 inf=12.7s sim=1.9s total=16.6s
[octo-base|PutSpoonOnTableClothInScene-v1|stiff_x0.25] ep 19 success=False steps=60 inf=13.5s sim=1.8s total=17.2s
[octo-base|PutSpoonOnTableClothInScene-v1|stiff_x0.25] ep 20 success=False steps=60 inf=12.9s sim=2.0s total=16.9s
[octo-base|PutSpoonOnTableClothInScene-v1|stiff_x0.25] ep 21 success=False steps=60 inf=12.8s sim=1.7s total=16.6s
[octo-base|PutSpoonOnTableClothInScene-v1|stiff_x0.25] ep 22 success=False steps=60 inf=12.6s sim=1.9s total=16.6s
[octo-base|PutSpoonOnTableClothInScene-v1|stiff_x0.25] ep 23 success=False steps=60 inf=13.3s sim=1.8s total=17.2s
== stiff_x0.25: 0/24 success
[33;1m2026-09-18 14:11:36,544 - mani_skill  - WARNING - Mimic targets dictionary is missing for controller config for widowx250s_bridgedataset_flat_table. Assuming the first joint is the control joint and the second joint is the mimic joint[0m
[33;1m2026-09-18 14:11:36,547 - mani_skill  - WARNING - No initial pose set for actor builder of bridge_spoon_generated_modified, setting to default pose q=[1,0,0,0], p=[0,0,0]. Not setting reasonable initial poses may slow down simulation, see https://github.com/haosulab/ManiSkill/issues/421.[0m
[33;1m2026-09-18 14:11:36,548 - mani_skill  - WARNING - No initial pose set for actor builder of table_cloth_generated_shorter, setting to default pose q=[1,0,0,0], p=[0,0,0]. Not setting reasonable initial poses may slow down simulation, see https://github.com/haosulab/ManiSkill/issues/421.[0m
[octo-base|PutSpoonOnTableClothInScene-v1|stiff_x4.0] ep 0 success=False steps=60 inf=12.6s sim=2.1s total=16.6s
[octo-base|PutSpoonOnTableClothInScene-v1|stiff_x4.0] ep 1 success=False steps=60 inf=12.6s sim=1.8s total=16.5s
[octo-base|PutSpoonOnTableClothInScene-v1|stiff_x4.0] ep 2 success=False steps=60 inf=12.4s sim=2.2s total=16.7s
[octo-base|PutSpoonOnTableClothInScene-v1|stiff_x4.0] ep 3 success=False steps=60 inf=12.7s sim=2.0s total=16.7s
[octo-base|PutSpoonOnTableClothInScene-v1|stiff_x4.0] ep 4 success=False steps=60 inf=13.2s sim=1.8s total=16.9s
[octo-base|PutSpoonOnTableClothInScene-v1|stiff_x4.0] ep 5 success=False steps=60 inf=12.9s sim=1.8s total=16.7s
[octo-base|PutSpoonOnTableClothInScene-v1|stiff_x4.0] ep 6 success=True steps=60 inf=12.6s sim=2.3s total=16.8s
[octo-base|PutSpoonOnTableClothInScene-v1|stiff_x4.0] ep 7 success=False steps=60 inf=12.5s sim=1.9s total=16.4s
[octo-base|PutSpoonOnTableClothInScene-v1|stiff_x4.0] ep 8 success=False steps=60 inf=12.8s sim=2.1s total=16.9s
[octo-base|PutSpoonOnTableClothInScene-v1|stiff_x4.0] ep 9 success=False steps=60 inf=12.7s sim=2.0s total=16.9s
[octo-base|PutSpoonOnTableClothInScene-v1|stiff_x4.0] ep 10 success=False steps=60 inf=13.2s sim=1.7s total=17.0s
[octo-base|PutSpoonOnTableClothInScene-v1|stiff_x4.0] ep 11 success=False steps=60 inf=12.8s sim=1.8s total=16.7s
[octo-base|PutSpoonOnTableClothInScene-v1|stiff_x4.0] ep 12 success=False steps=60 inf=13.2s sim=1.5s total=17.1s
[octo-base|PutSpoonOnTableClothInScene-v1|stiff_x4.0] ep 13 success=False steps=60 inf=12.6s sim=1.8s total=16.4s
[octo-base|PutSpoonOnTableClothInScene-v1|stiff_x4.0] ep 14 success=False steps=60 inf=12.7s sim=1.7s total=16.6s
[octo-base|PutSpoonOnTableClothInScene-v1|stiff_x4.0] ep 15 success=False steps=60 inf=12.9s sim=1.9s total=16.9s
[octo-base|PutSpoonOnTableClothInScene-v1|stiff_x4.0] ep 16 success=False steps=60 inf=12.7s sim=2.0s total=16.7s
[octo-base|PutSpoonOnTableClothInScene-v1|stiff_x4.0] ep 17 success=False steps=60 inf=12.5s sim=2.0s total=16.5s
[octo-base|PutSpoonOnTableClothInScene-v1|stiff_x4.0] ep 18 success=False steps=60 inf=12.6s sim=1.8s total=16.5s
[octo-base|PutSpoonOnTableClothInScene-v1|stiff_x4.0] ep 19 success=False steps=60 inf=12.9s sim=1.8s total=16.7s
[octo-base|PutSpoonOnTableClothInScene-v1|stiff_x4.0] ep 20 success=False steps=60 inf=12.9s sim=1.6s total=16.5s
[octo-base|PutSpoonOnTableClothInScene-v1|stiff_x4.0] ep 21 success=False steps=60 inf=12.3s sim=2.1s total=16.6s
[octo-base|PutSpoonOnTableClothInScene-v1|stiff_x4.0] ep 22 success=False steps=60 inf=12.9s sim=1.9s total=16.8s
[octo-base|PutSpoonOnTableClothInScene-v1|stiff_x4.0] ep 23 success=False steps=60 inf=12.7s sim=2.0s total=16.9s
== stiff_x4.0: 1/24 success
[33;1m2026-09-18 14:18:18,081 - mani_skill  - WARNING - Mimic targets dictionary is missing for controller config for widowx250s_bridgedataset_flat_table. Assuming the first joint is the control joint and the second joint is the mimic joint[0m
[33;1m2026-09-18 14:18:18,083 - mani_skill  - WARNING - No initial pose set for actor builder of bridge_spoon_generated_modified, setting to default pose q=[1,0,0,0], p=[0,0,0]. Not setting reasonable initial poses may slow down simulation, see https://github.com/haosulab/ManiSkill/issues/421.[0m
[33;1m2026-09-18 14:18:18,083 - mani_skill  - WARNING - No initial pose set for actor builder of table_cloth_generated_shorter, setting to default pose q=[1,0,0,0], p=[0,0,0]. Not setting reasonable initial poses may slow down simulation, see https://github.com/haosulab/ManiSkill/issues/421.[0m
[octo-base|PutSpoonOnTableClothInScene-v1|damp_x0.25] ep 0 success=False steps=60 inf=12.9s sim=1.9s total=16.8s
[octo-base|PutSpoonOnTableClothInScene-v1|damp_x0.25] ep 1 success=False steps=60 inf=13.1s sim=1.7s total=16.9s
[octo-base|PutSpoonOnTableClothInScene-v1|damp_x0.25] ep 2 success=False steps=60 inf=12.8s sim=2.0s total=16.7s
[octo-base|PutSpoonOnTableClothInScene-v1|damp_x0.25] ep 3 success=False steps=60 inf=12.8s sim=2.0s total=16.8s
[octo-base|PutSpoonOnTableClothInScene-v1|damp_x0.25] ep 4 success=False steps=60 inf=12.3s sim=2.0s total=16.4s
[octo-base|PutSpoonOnTableClothInScene-v1|damp_x0.25] ep 5 success=False steps=60 inf=13.0s sim=1.8s total=16.9s
[octo-base|PutSpoonOnTableClothInScene-v1|damp_x0.25] ep 6 success=True steps=60 inf=12.7s sim=1.9s total=16.7s
[octo-base|PutSpoonOnTableClothInScene-v1|damp_x0.25] ep 7 success=False steps=60 inf=12.8s sim=1.8s total=16.6s
[octo-base|PutSpoonOnTableClothInScene-v1|damp_x0.25] ep 8 success=False steps=60 inf=12.5s sim=1.9s total=16.4s
[octo-base|PutSpoonOnTableClothInScene-v1|damp_x0.25] ep 9 success=True steps=60 inf=13.0s sim=1.8s total=16.8s
[octo-base|PutSpoonOnTableClothInScene-v1|damp_x0.25] ep 10 success=False steps=60 inf=12.4s sim=1.9s total=16.3s
[octo-base|PutSpoonOnTableClothInScene-v1|damp_x0.25] ep 11 success=False steps=60 inf=12.6s sim=2.0s total=16.5s
[octo-base|PutSpoonOnTableClothInScene-v1|damp_x0.25] ep 12 success=False steps=60 inf=12.6s sim=1.8s total=16.5s
[octo-base|PutSpoonOnTableClothInScene-v1|damp_x0.25] ep 13 success=False steps=60 inf=12.9s sim=1.6s total=16.3s
[octo-base|PutSpoonOnTableClothInScene-v1|damp_x0.25] ep 14 success=False steps=60 inf=12.7s sim=1.9s total=16.6s
[octo-base|PutSpoonOnTableClothInScene-v1|damp_x0.25] ep 15 success=False steps=60 inf=13.3s sim=1.8s total=16.9s
[octo-base|PutSpoonOnTableClothInScene-v1|damp_x0.25] ep 16 success=False steps=60 inf=12.7s sim=1.9s total=16.6s
[octo-base|PutSpoonOnTableClothInScene-v1|damp_x0.25] ep 17 success=False steps=60 inf=12.3s sim=2.1s total=16.4s
[octo-base|PutSpoonOnTableClothInScene-v1|damp_x0.25] ep 18 success=False steps=60 inf=12.8s sim=1.7s total=16.6s
[octo-base|PutSpoonOnTableClothInScene-v1|damp_x0.25] ep 19 success=False steps=60 inf=12.7s sim=2.0s total=16.6s
[octo-base|PutSpoonOnTableClothInScene-v1|damp_x0.25] ep 20 success=False steps=60 inf=13.4s sim=1.7s total=17.1s
[octo-base|PutSpoonOnTableClothInScene-v1|damp_x0.25] ep 21 success=False steps=60 inf=12.2s sim=1.9s total=16.1s
[octo-base|PutSpoonOnTableClothInScene-v1|damp_x0.25] ep 22 success=False steps=60 inf=12.7s sim=1.8s total=16.8s
[octo-base|PutSpoonOnTableClothInScene-v1|damp_x0.25] ep 23 success=False steps=60 inf=12.9s sim=2.0s total=16.7s
== damp_x0.25: 2/24 success
[33;1m2026-09-18 14:24:57,428 - mani_skill  - WARNING - Mimic targets dictionary is missing for controller config for widowx250s_bridgedataset_flat_table. Assuming the first joint is the control joint and the second joint is the mimic joint[0m
[33;1m2026-09-18 14:24:57,430 - mani_skill  - WARNING - No initial pose set for actor builder of bridge_spoon_generated_modified, setting to default pose q=[1,0,0,0], p=[0,0,0]. Not setting reasonable initial poses may slow down simulation, see https://github.com/haosulab/ManiSkill/issues/421.[0m
[33;1m2026-09-18 14:24:57,431 - mani_skill  - WARNING - No initial pose set for actor builder of table_cloth_generated_shorter, setting to default pose q=[1,0,0,0], p=[0,0,0]. Not setting reasonable initial poses may slow down simulation, see https://github.com/haosulab/ManiSkill/issues/421.[0m
[octo-base|PutSpoonOnTableClothInScene-v1|damp_x4.0] ep 0 success=False steps=60 inf=12.7s sim=1.8s total=16.6s
[octo-base|PutSpoonOnTableClothInScene-v1|damp_x4.0] ep 1 success=False steps=60 inf=12.6s sim=2.2s total=16.6s
[octo-base|PutSpoonOnTableClothInScene-v1|damp_x4.0] ep 2 success=False steps=60 inf=11.6s sim=2.5s total=16.3s
[octo-base|PutSpoonOnTableClothInScene-v1|damp_x4.0] ep 3 success=False steps=60 inf=11.7s sim=2.4s total=16.4s
[octo-base|PutSpoonOnTableClothInScene-v1|damp_x4.0] ep 4 success=False steps=60 inf=12.9s sim=1.8s total=17.0s
[octo-base|PutSpoonOnTableClothInScene-v1|damp_x4.0] ep 5 success=False steps=60 inf=12.5s sim=2.4s total=16.9s
[octo-base|PutSpoonOnTableClothInScene-v1|damp_x4.0] ep 6 success=False steps=60 inf=13.2s sim=1.8s total=17.2s
[octo-base|PutSpoonOnTableClothInScene-v1|damp_x4.0] ep 7 success=False steps=60 inf=13.3s sim=1.7s total=17.0s
[octo-base|PutSpoonOnTableClothInScene-v1|damp_x4.0] ep 8 success=False steps=60 inf=12.3s sim=2.1s total=16.4s
[octo-base|PutSpoonOnTableClothInScene-v1|damp_x4.0] ep 9 success=False steps=60 inf=12.4s sim=2.1s total=16.6s
[octo-base|PutSpoonOnTableClothInScene-v1|damp_x4.0] ep 10 success=False steps=60 inf=13.6s sim=1.8s total=17.3s
[octo-base|PutSpoonOnTableClothInScene-v1|damp_x4.0] ep 11 success=False steps=60 inf=12.9s sim=1.8s total=16.6s
[octo-base|PutSpoonOnTableClothInScene-v1|damp_x4.0] ep 12 success=False steps=60 inf=12.6s sim=1.8s total=16.5s
[octo-base|PutSpoonOnTableClothInScene-v1|damp_x4.0] ep 13 success=False steps=60 inf=12.4s sim=1.7s total=16.2s
[octo-base|PutSpoonOnTableClothInScene-v1|damp_x4.0] ep 14 success=False steps=60 inf=12.6s sim=1.9s total=16.7s
[octo-base|PutSpoonOnTableClothInScene-v1|damp_x4.0] ep 15 success=False steps=60 inf=12.8s sim=1.9s total=16.8s
[octo-base|PutSpoonOnTableClothInScene-v1|damp_x4.0] ep 16 success=False steps=60 inf=12.8s sim=1.8s total=16.9s
[octo-base|PutSpoonOnTableClothInScene-v1|damp_x4.0] ep 17 success=False steps=60 inf=12.8s sim=1.8s total=16.6s
[octo-base|PutSpoonOnTableClothInScene-v1|damp_x4.0] ep 18 success=False steps=60 inf=13.1s sim=1.6s total=16.7s
[octo-base|PutSpoonOnTableClothInScene-v1|damp_x4.0] ep 19 success=False steps=60 inf=12.3s sim=1.9s total=16.4s
[octo-base|PutSpoonOnTableClothInScene-v1|damp_x4.0] ep 20 success=False steps=60 inf=11.8s sim=1.8s total=15.7s
[octo-base|PutSpoonOnTableClothInScene-v1|damp_x4.0] ep 21 success=False steps=60 inf=12.6s sim=1.6s total=16.0s
[octo-base|PutSpoonOnTableClothInScene-v1|damp_x4.0] ep 22 success=False steps=60 inf=13.2s sim=1.7s total=16.9s
[octo-base|PutSpoonOnTableClothInScene-v1|damp_x4.0] ep 23 success=False steps=60 inf=13.0s sim=2.0s total=17.5s
== damp_x4.0: 0/24 success
[33;1m2026-09-18 14:31:37,882 - mani_skill  - WARNING - Mimic targets dictionary is missing for controller config for widowx250s_bridgedataset_flat_table. Assuming the first joint is the control joint and the second joint is the mimic joint[0m
[33;1m2026-09-18 14:31:37,885 - mani_skill  - WARNING - No initial pose set for actor builder of bridge_spoon_generated_modified, setting to default pose q=[1,0,0,0], p=[0,0,0]. Not setting reasonable initial poses may slow down simulation, see https://github.com/haosulab/ManiSkill/issues/421.[0m
[33;1m2026-09-18 14:31:37,886 - mani_skill  - WARNING - No initial pose set for actor builder of table_cloth_generated_shorter, setting to default pose q=[1,0,0,0], p=[0,0,0]. Not setting reasonable initial poses may slow down simulation, see https://github.com/haosulab/ManiSkill/issues/421.[0m
[octo-base|PutSpoonOnTableClothInScene-v1|delay_2] ep 0 success=False steps=60 inf=12.6s sim=1.8s total=16.5s
[octo-base|PutSpoonOnTableClothInScene-v1|delay_2] ep 1 success=False steps=60 inf=12.6s sim=1.7s total=16.4s
[octo-base|PutSpoonOnTableClothInScene-v1|delay_2] ep 2 success=False steps=60 inf=12.4s sim=2.2s total=16.7s
[octo-base|PutSpoonOnTableClothInScene-v1|delay_2] ep 3 success=False steps=60 inf=12.5s sim=2.4s total=16.8s
[octo-base|PutSpoonOnTableClothInScene-v1|delay_2] ep 4 success=False steps=60 inf=12.8s sim=1.9s total=16.7s
[octo-base|PutSpoonOnTableClothInScene-v1|delay_2] ep 5 success=False steps=60 inf=12.8s sim=2.4s total=17.2s
[octo-base|PutSpoonOnTableClothInScene-v1|delay_2] ep 6 success=True steps=60 inf=12.8s sim=2.0s total=16.7s
[octo-base|PutSpoonOnTableClothInScene-v1|delay_2] ep 7 success=False steps=60 inf=13.0s sim=1.9s total=16.8s
[octo-base|PutSpoonOnTableClothInScene-v1|delay_2] ep 8 success=False steps=60 inf=12.6s sim=2.1s total=16.6s
[octo-base|PutSpoonOnTableClothInScene-v1|delay_2] ep 9 success=False steps=60 inf=12.5s sim=2.2s total=16.5s
[octo-base|PutSpoonOnTableClothInScene-v1|delay_2] ep 10 success=False steps=60 inf=12.5s sim=1.9s total=16.7s
[octo-base|PutSpoonOnTableClothInScene-v1|delay_2] ep 11 success=False steps=60 inf=12.5s sim=2.0s total=16.4s
[octo-base|PutSpoonOnTableClothInScene-v1|delay_2] ep 12 success=True steps=60 inf=12.3s sim=2.0s total=16.7s
[octo-base|PutSpoonOnTableClothInScene-v1|delay_2] ep 13 success=False steps=60 inf=10.8s sim=1.7s total=14.7s
[octo-base|PutSpoonOnTableClothInScene-v1|delay_2] ep 14 success=True steps=60 inf=10.0s sim=1.6s total=13.3s
[octo-base|PutSpoonOnTableClothInScene-v1|delay_2] ep 15 success=False steps=60 inf=8.9s sim=1.9s total=12.7s
[octo-base|PutSpoonOnTableClothInScene-v1|delay_2] ep 16 success=False steps=60 inf=11.0s sim=1.8s total=14.6s
[octo-base|PutSpoonOnTableClothInScene-v1|delay_2] ep 17 success=False steps=60 inf=12.9s sim=1.8s total=17.0s
[octo-base|PutSpoonOnTableClothInScene-v1|delay_2] ep 18 success=True steps=60 inf=11.9s sim=2.1s total=15.8s
[octo-base|PutSpoonOnTableClothInScene-v1|delay_2] ep 19 success=False steps=60 inf=12.8s sim=1.8s total=16.8s
[octo-base|PutSpoonOnTableClothInScene-v1|delay_2] ep 20 success=False steps=60 inf=13.0s sim=1.9s total=16.9s
[octo-base|PutSpoonOnTableClothInScene-v1|delay_2] ep 21 success=False steps=60 inf=12.4s sim=2.1s total=16.7s
[octo-base|PutSpoonOnTableClothInScene-v1|delay_2] ep 22 success=False steps=60 inf=13.2s sim=1.8s total=17.4s
[octo-base|PutSpoonOnTableClothInScene-v1|delay_2] ep 23 success=False steps=60 inf=12.8s sim=1.9s total=16.9s
== delay_2: 4/24 success
