E:\research\the_world\.venv-windows-ms3\Lib\site-packages\sapien\wrapper\pinocchio_model.py:299: UserWarning: pinnochio package is not installed, robotics functionalities will not be available
  warnings.warn(
[33;1m2026-09-18 14:35:47,176 - mani_skill  - WARNING - Mimic targets dictionary is missing for controller config for widowx250s_bridgedataset_sink. Assuming the first joint is the control joint and the second joint is the mimic joint[0m
[33;1m2026-09-18 14:35:47,280 - mani_skill  - WARNING - No initial pose set for actor builder of eggplant, setting to default pose q=[1,0,0,0], p=[0,0,0]. Not setting reasonable initial poses may slow down simulation, see https://github.com/haosulab/ManiSkill/issues/421.[0m
[33;1m2026-09-18 14:35:47,291 - mani_skill  - WARNING - No initial pose set for actor builder of dummy_sink_target_plane, setting to default pose q=[1,0,0,0], p=[0,0,0]. Not setting reasonable initial poses may slow down simulation, see https://github.com/haosulab/ManiSkill/issues/421.[0m
[octo-base|PutEggplantInBasketScene-v1|stiff_x0.25] ep 0 success=False steps=120 inf=19.3s sim=5.1s total=28.0s
[octo-base|PutEggplantInBasketScene-v1|stiff_x0.25] ep 1 success=False steps=120 inf=22.5s sim=4.7s total=31.1s
[octo-base|PutEggplantInBasketScene-v1|stiff_x0.25] ep 2 success=False steps=120 inf=23.6s sim=4.0s total=31.7s
[octo-base|PutEggplantInBasketScene-v1|stiff_x0.25] ep 3 success=False steps=120 inf=22.1s sim=5.4s total=31.2s
[octo-base|PutEggplantInBasketScene-v1|stiff_x0.25] ep 4 success=False steps=120 inf=20.8s sim=4.5s total=28.8s
[octo-base|PutEggplantInBasketScene-v1|stiff_x0.25] ep 5 success=True steps=120 inf=19.5s sim=4.3s total=27.7s
[octo-base|PutEggplantInBasketScene-v1|stiff_x0.25] ep 6 success=False steps=120 inf=23.4s sim=4.9s total=32.2s
[octo-base|PutEggplantInBasketScene-v1|stiff_x0.25] ep 7 success=False steps=120 inf=22.5s sim=4.6s total=31.0s
[octo-base|PutEggplantInBasketScene-v1|stiff_x0.25] ep 8 success=False steps=120 inf=23.0s sim=3.9s total=31.0s
[octo-base|PutEggplantInBasketScene-v1|stiff_x0.25] ep 9 success=False steps=120 inf=22.4s sim=4.2s total=30.3s
[octo-base|PutEggplantInBasketScene-v1|stiff_x0.25] ep 10 success=False steps=120 inf=22.3s sim=4.5s total=30.7s
[octo-base|PutEggplantInBasketScene-v1|stiff_x0.25] ep 11 success=False steps=120 inf=23.7s sim=4.9s total=32.6s
[octo-base|PutEggplantInBasketScene-v1|stiff_x0.25] ep 12 success=False steps=120 inf=23.0s sim=4.9s total=32.0s
[octo-base|PutEggplantInBasketScene-v1|stiff_x0.25] ep 13 success=False steps=120 inf=23.3s sim=4.5s total=31.4s
[octo-base|PutEggplantInBasketScene-v1|stiff_x0.25] ep 14 success=False steps=120 inf=23.6s sim=4.1s total=31.6s
[octo-base|PutEggplantInBasketScene-v1|stiff_x0.25] ep 15 success=False steps=120 inf=23.5s sim=5.0s total=32.5s
[octo-base|PutEggplantInBasketScene-v1|stiff_x0.25] ep 16 success=False steps=120 inf=22.6s sim=5.0s total=31.7s
[octo-base|PutEggplantInBasketScene-v1|stiff_x0.25] ep 17 success=False steps=120 inf=22.8s sim=4.2s total=30.6s
[octo-base|PutEggplantInBasketScene-v1|stiff_x0.25] ep 18 success=False steps=120 inf=21.8s sim=4.6s total=30.2s
[octo-base|PutEggplantInBasketScene-v1|stiff_x0.25] ep 19 success=False steps=120 inf=23.2s sim=5.4s total=32.6s
[octo-base|PutEggplantInBasketScene-v1|stiff_x0.25] ep 20 success=False steps=120 inf=23.3s sim=4.4s total=31.4s
[octo-base|PutEggplantInBasketScene-v1|stiff_x0.25] ep 21 success=False steps=120 inf=23.0s sim=4.9s total=32.2s
[octo-base|PutEggplantInBasketScene-v1|stiff_x0.25] ep 22 success=True steps=120 inf=23.7s sim=5.4s total=33.3s
[octo-base|PutEggplantInBasketScene-v1|stiff_x0.25] ep 23 success=False steps=120 inf=23.5s sim=5.0s total=32.5s
== stiff_x0.25: 2/24 success
[33;1m2026-09-18 14:48:16,779 - mani_skill  - WARNING - Mimic targets dictionary is missing for controller config for widowx250s_bridgedataset_sink. Assuming the first joint is the control joint and the second joint is the mimic joint[0m
[33;1m2026-09-18 14:48:16,788 - mani_skill  - WARNING - No initial pose set for actor builder of eggplant, setting to default pose q=[1,0,0,0], p=[0,0,0]. Not setting reasonable initial poses may slow down simulation, see https://github.com/haosulab/ManiSkill/issues/421.[0m
[33;1m2026-09-18 14:48:16,790 - mani_skill  - WARNING - No initial pose set for actor builder of dummy_sink_target_plane, setting to default pose q=[1,0,0,0], p=[0,0,0]. Not setting reasonable initial poses may slow down simulation, see https://github.com/haosulab/ManiSkill/issues/421.[0m
[octo-base|PutEggplantInBasketScene-v1|stiff_x4.0] ep 0 success=False steps=120 inf=23.4s sim=4.9s total=32.2s
[octo-base|PutEggplantInBasketScene-v1|stiff_x4.0] ep 1 success=True steps=120 inf=22.5s sim=4.0s total=30.3s
[octo-base|PutEggplantInBasketScene-v1|stiff_x4.0] ep 2 success=False steps=120 inf=24.1s sim=4.7s total=32.6s
[octo-base|PutEggplantInBasketScene-v1|stiff_x4.0] ep 3 success=False steps=120 inf=23.3s sim=5.2s total=32.4s
[octo-base|PutEggplantInBasketScene-v1|stiff_x4.0] ep 4 success=False steps=120 inf=21.5s sim=5.5s total=31.0s
[octo-base|PutEggplantInBasketScene-v1|stiff_x4.0] ep 5 success=False steps=120 inf=22.8s sim=4.8s total=31.3s
[octo-base|PutEggplantInBasketScene-v1|stiff_x4.0] ep 6 success=False steps=120 inf=23.9s sim=6.1s total=34.2s
[octo-base|PutEggplantInBasketScene-v1|stiff_x4.0] ep 7 success=False steps=120 inf=24.3s sim=5.5s total=33.6s
[octo-base|PutEggplantInBasketScene-v1|stiff_x4.0] ep 8 success=False steps=120 inf=22.4s sim=3.7s total=30.0s
[octo-base|PutEggplantInBasketScene-v1|stiff_x4.0] ep 9 success=True steps=120 inf=22.4s sim=4.6s total=30.9s
[octo-base|PutEggplantInBasketScene-v1|stiff_x4.0] ep 10 success=False steps=120 inf=23.1s sim=4.8s total=32.3s
[octo-base|PutEggplantInBasketScene-v1|stiff_x4.0] ep 11 success=False steps=120 inf=23.4s sim=6.4s total=33.6s
[octo-base|PutEggplantInBasketScene-v1|stiff_x4.0] ep 12 success=False steps=120 inf=24.2s sim=4.6s total=32.6s
[octo-base|PutEggplantInBasketScene-v1|stiff_x4.0] ep 13 success=True steps=120 inf=22.8s sim=5.0s total=31.6s
[octo-base|PutEggplantInBasketScene-v1|stiff_x4.0] ep 14 success=False steps=120 inf=23.1s sim=5.0s total=32.1s
[octo-base|PutEggplantInBasketScene-v1|stiff_x4.0] ep 15 success=False steps=120 inf=22.7s sim=5.7s total=32.2s
[octo-base|PutEggplantInBasketScene-v1|stiff_x4.0] ep 16 success=True steps=120 inf=23.5s sim=3.8s total=31.2s
[octo-base|PutEggplantInBasketScene-v1|stiff_x4.0] ep 17 success=True steps=120 inf=23.1s sim=3.6s total=30.6s
[octo-base|PutEggplantInBasketScene-v1|stiff_x4.0] ep 18 success=True steps=120 inf=23.1s sim=4.3s total=31.3s
[octo-base|PutEggplantInBasketScene-v1|stiff_x4.0] ep 19 success=False steps=120 inf=23.0s sim=4.3s total=31.1s
[octo-base|PutEggplantInBasketScene-v1|stiff_x4.0] ep 20 success=True steps=120 inf=23.4s sim=6.2s total=33.4s
[octo-base|PutEggplantInBasketScene-v1|stiff_x4.0] ep 21 success=False steps=120 inf=21.6s sim=3.7s total=28.7s
[octo-base|PutEggplantInBasketScene-v1|stiff_x4.0] ep 22 success=True steps=120 inf=24.5s sim=3.5s total=31.9s
[octo-base|PutEggplantInBasketScene-v1|stiff_x4.0] ep 23 success=False steps=120 inf=23.1s sim=5.4s total=32.3s
== stiff_x4.0: 8/24 success
[33;1m2026-09-18 15:01:00,688 - mani_skill  - WARNING - Mimic targets dictionary is missing for controller config for widowx250s_bridgedataset_sink. Assuming the first joint is the control joint and the second joint is the mimic joint[0m
[33;1m2026-09-18 15:01:00,691 - mani_skill  - WARNING - No initial pose set for actor builder of eggplant, setting to default pose q=[1,0,0,0], p=[0,0,0]. Not setting reasonable initial poses may slow down simulation, see https://github.com/haosulab/ManiSkill/issues/421.[0m
[33;1m2026-09-18 15:01:00,692 - mani_skill  - WARNING - No initial pose set for actor builder of dummy_sink_target_plane, setting to default pose q=[1,0,0,0], p=[0,0,0]. Not setting reasonable initial poses may slow down simulation, see https://github.com/haosulab/ManiSkill/issues/421.[0m
[octo-base|PutEggplantInBasketScene-v1|damp_x0.25] ep 0 success=False steps=120 inf=22.5s sim=5.4s total=31.7s
[octo-base|PutEggplantInBasketScene-v1|damp_x0.25] ep 1 success=False steps=120 inf=22.5s sim=3.8s total=30.4s
[octo-base|PutEggplantInBasketScene-v1|damp_x0.25] ep 2 success=True steps=120 inf=23.5s sim=4.0s total=31.5s
[octo-base|PutEggplantInBasketScene-v1|damp_x0.25] ep 3 success=False steps=120 inf=23.3s sim=4.8s total=31.9s
[octo-base|PutEggplantInBasketScene-v1|damp_x0.25] ep 4 success=False steps=120 inf=24.4s sim=5.3s total=33.7s
[octo-base|PutEggplantInBasketScene-v1|damp_x0.25] ep 5 success=True steps=120 inf=23.8s sim=4.7s total=32.4s
[octo-base|PutEggplantInBasketScene-v1|damp_x0.25] ep 6 success=False steps=120 inf=23.3s sim=5.2s total=32.4s
[octo-base|PutEggplantInBasketScene-v1|damp_x0.25] ep 7 success=False steps=120 inf=23.9s sim=6.1s total=34.1s
[octo-base|PutEggplantInBasketScene-v1|damp_x0.25] ep 8 success=True steps=120 inf=22.2s sim=3.6s total=29.7s
[octo-base|PutEggplantInBasketScene-v1|damp_x0.25] ep 9 success=True steps=120 inf=19.0s sim=4.1s total=26.7s
[octo-base|PutEggplantInBasketScene-v1|damp_x0.25] ep 10 success=False steps=120 inf=19.0s sim=4.1s total=26.6s
[octo-base|PutEggplantInBasketScene-v1|damp_x0.25] ep 11 success=False steps=120 inf=19.8s sim=4.8s total=28.4s
[octo-base|PutEggplantInBasketScene-v1|damp_x0.25] ep 12 success=False steps=120 inf=18.2s sim=4.7s total=26.8s
[octo-base|PutEggplantInBasketScene-v1|damp_x0.25] ep 13 success=True steps=120 inf=18.1s sim=3.5s total=25.0s
[octo-base|PutEggplantInBasketScene-v1|damp_x0.25] ep 14 success=False steps=120 inf=19.1s sim=4.7s total=27.5s
[octo-base|PutEggplantInBasketScene-v1|damp_x0.25] ep 15 success=False steps=120 inf=19.2s sim=5.2s total=28.1s
[octo-base|PutEggplantInBasketScene-v1|damp_x0.25] ep 16 success=False steps=120 inf=18.3s sim=4.0s total=26.0s
[octo-base|PutEggplantInBasketScene-v1|damp_x0.25] ep 17 success=True steps=120 inf=17.7s sim=3.4s total=24.7s
[octo-base|PutEggplantInBasketScene-v1|damp_x0.25] ep 18 success=True steps=120 inf=17.8s sim=3.7s total=25.2s
[octo-base|PutEggplantInBasketScene-v1|damp_x0.25] ep 19 success=False steps=120 inf=19.1s sim=4.9s total=27.5s
[octo-base|PutEggplantInBasketScene-v1|damp_x0.25] ep 20 success=True steps=120 inf=18.2s sim=3.7s total=25.1s
[octo-base|PutEggplantInBasketScene-v1|damp_x0.25] ep 21 success=True steps=120 inf=12.3s sim=2.9s total=18.3s
[octo-base|PutEggplantInBasketScene-v1|damp_x0.25] ep 22 success=True steps=120 inf=12.7s sim=3.0s total=18.8s
[octo-base|PutEggplantInBasketScene-v1|damp_x0.25] ep 23 success=False steps=120 inf=11.8s sim=4.1s total=19.2s
== damp_x0.25: 10/24 success
[33;1m2026-09-18 15:12:02,687 - mani_skill  - WARNING - Mimic targets dictionary is missing for controller config for widowx250s_bridgedataset_sink. Assuming the first joint is the control joint and the second joint is the mimic joint[0m
[33;1m2026-09-18 15:12:02,689 - mani_skill  - WARNING - No initial pose set for actor builder of eggplant, setting to default pose q=[1,0,0,0], p=[0,0,0]. Not setting reasonable initial poses may slow down simulation, see https://github.com/haosulab/ManiSkill/issues/421.[0m
[33;1m2026-09-18 15:12:02,690 - mani_skill  - WARNING - No initial pose set for actor builder of dummy_sink_target_plane, setting to default pose q=[1,0,0,0], p=[0,0,0]. Not setting reasonable initial poses may slow down simulation, see https://github.com/haosulab/ManiSkill/issues/421.[0m
[octo-base|PutEggplantInBasketScene-v1|damp_x4.0] ep 0 success=False steps=120 inf=12.0s sim=3.6s total=18.6s
[octo-base|PutEggplantInBasketScene-v1|damp_x4.0] ep 1 success=False steps=120 inf=11.9s sim=3.6s total=18.7s
[octo-base|PutEggplantInBasketScene-v1|damp_x4.0] ep 2 success=True steps=120 inf=11.8s sim=3.4s total=18.7s
[octo-base|PutEggplantInBasketScene-v1|damp_x4.0] ep 3 success=False steps=120 inf=11.9s sim=3.7s total=18.6s
[octo-base|PutEggplantInBasketScene-v1|damp_x4.0] ep 4 success=False steps=120 inf=11.7s sim=3.8s total=19.0s
[octo-base|PutEggplantInBasketScene-v1|damp_x4.0] ep 5 success=False steps=120 inf=11.9s sim=3.3s total=18.1s
[octo-base|PutEggplantInBasketScene-v1|damp_x4.0] ep 6 success=False steps=120 inf=11.9s sim=3.8s total=19.0s
[octo-base|PutEggplantInBasketScene-v1|damp_x4.0] ep 7 success=False steps=120 inf=12.4s sim=3.3s total=18.8s
[octo-base|PutEggplantInBasketScene-v1|damp_x4.0] ep 8 success=True steps=120 inf=12.1s sim=3.6s total=19.0s
[octo-base|PutEggplantInBasketScene-v1|damp_x4.0] ep 9 success=False steps=120 inf=11.8s sim=3.3s total=18.4s
[octo-base|PutEggplantInBasketScene-v1|damp_x4.0] ep 10 success=False steps=120 inf=12.4s sim=3.4s total=19.1s
[octo-base|PutEggplantInBasketScene-v1|damp_x4.0] ep 11 success=False steps=120 inf=12.3s sim=3.2s total=18.5s
[octo-base|PutEggplantInBasketScene-v1|damp_x4.0] ep 12 success=True steps=120 inf=12.6s sim=3.4s total=19.0s
[octo-base|PutEggplantInBasketScene-v1|damp_x4.0] ep 13 success=False steps=120 inf=12.0s sim=3.5s total=18.8s
[octo-base|PutEggplantInBasketScene-v1|damp_x4.0] ep 14 success=False steps=120 inf=12.4s sim=3.9s total=19.5s
[octo-base|PutEggplantInBasketScene-v1|damp_x4.0] ep 15 success=False steps=120 inf=11.5s sim=3.7s total=18.5s
[octo-base|PutEggplantInBasketScene-v1|damp_x4.0] ep 16 success=False steps=120 inf=12.3s sim=3.4s total=18.7s
[octo-base|PutEggplantInBasketScene-v1|damp_x4.0] ep 17 success=False steps=120 inf=12.1s sim=3.0s total=18.3s
[octo-base|PutEggplantInBasketScene-v1|damp_x4.0] ep 18 success=False steps=120 inf=12.0s sim=3.3s total=18.4s
[octo-base|PutEggplantInBasketScene-v1|damp_x4.0] ep 19 success=False steps=120 inf=11.4s sim=3.6s total=18.3s
[octo-base|PutEggplantInBasketScene-v1|damp_x4.0] ep 20 success=False steps=120 inf=11.6s sim=3.3s total=18.2s
[octo-base|PutEggplantInBasketScene-v1|damp_x4.0] ep 21 success=False steps=120 inf=12.1s sim=3.2s total=18.3s
[octo-base|PutEggplantInBasketScene-v1|damp_x4.0] ep 22 success=False steps=120 inf=11.9s sim=3.9s total=19.0s
[octo-base|PutEggplantInBasketScene-v1|damp_x4.0] ep 23 success=False steps=120 inf=11.2s sim=3.3s total=17.4s
== damp_x4.0: 3/24 success
[33;1m2026-09-18 15:19:29,863 - mani_skill  - WARNING - Mimic targets dictionary is missing for controller config for widowx250s_bridgedataset_sink. Assuming the first joint is the control joint and the second joint is the mimic joint[0m
[33;1m2026-09-18 15:19:29,864 - mani_skill  - WARNING - No initial pose set for actor builder of eggplant, setting to default pose q=[1,0,0,0], p=[0,0,0]. Not setting reasonable initial poses may slow down simulation, see https://github.com/haosulab/ManiSkill/issues/421.[0m
[33;1m2026-09-18 15:19:29,865 - mani_skill  - WARNING - No initial pose set for actor builder of dummy_sink_target_plane, setting to default pose q=[1,0,0,0], p=[0,0,0]. Not setting reasonable initial poses may slow down simulation, see https://github.com/haosulab/ManiSkill/issues/421.[0m
[octo-base|PutEggplantInBasketScene-v1|delay_2] ep 0 success=False steps=120 inf=8.2s sim=3.1s total=14.2s
[octo-base|PutEggplantInBasketScene-v1|delay_2] ep 1 success=False steps=120 inf=7.8s sim=2.7s total=13.3s
[octo-base|PutEggplantInBasketScene-v1|delay_2] ep 2 success=False steps=120 inf=7.9s sim=3.2s total=14.0s
[octo-base|PutEggplantInBasketScene-v1|delay_2] ep 3 success=False steps=120 inf=7.9s sim=3.2s total=14.0s
[octo-base|PutEggplantInBasketScene-v1|delay_2] ep 4 success=False steps=120 inf=7.9s sim=3.3s total=14.2s
[octo-base|PutEggplantInBasketScene-v1|delay_2] ep 5 success=False steps=120 inf=7.9s sim=2.6s total=13.3s
[octo-base|PutEggplantInBasketScene-v1|delay_2] ep 6 success=False steps=120 inf=7.9s sim=3.0s total=13.8s
[octo-base|PutEggplantInBasketScene-v1|delay_2] ep 7 success=False steps=120 inf=7.9s sim=3.3s total=14.2s
[octo-base|PutEggplantInBasketScene-v1|delay_2] ep 8 success=False steps=120 inf=7.9s sim=2.7s total=13.4s
[octo-base|PutEggplantInBasketScene-v1|delay_2] ep 9 success=False steps=120 inf=7.9s sim=2.8s total=13.6s
[octo-base|PutEggplantInBasketScene-v1|delay_2] ep 10 success=False steps=120 inf=7.8s sim=3.2s total=13.9s
[octo-base|PutEggplantInBasketScene-v1|delay_2] ep 11 success=False steps=120 inf=7.8s sim=3.1s total=13.9s
[octo-base|PutEggplantInBasketScene-v1|delay_2] ep 12 success=False steps=120 inf=7.9s sim=2.7s total=13.5s
[octo-base|PutEggplantInBasketScene-v1|delay_2] ep 13 success=False steps=120 inf=7.8s sim=2.9s total=13.4s
[octo-base|PutEggplantInBasketScene-v1|delay_2] ep 14 success=False steps=120 inf=7.9s sim=2.8s total=13.7s
[octo-base|PutEggplantInBasketScene-v1|delay_2] ep 15 success=False steps=120 inf=7.8s sim=3.3s total=14.1s
[octo-base|PutEggplantInBasketScene-v1|delay_2] ep 16 success=False steps=120 inf=7.8s sim=2.7s total=13.5s
[octo-base|PutEggplantInBasketScene-v1|delay_2] ep 17 success=False steps=120 inf=7.9s sim=2.7s total=13.5s
[octo-base|PutEggplantInBasketScene-v1|delay_2] ep 18 success=False steps=120 inf=7.8s sim=3.0s total=13.5s
[octo-base|PutEggplantInBasketScene-v1|delay_2] ep 19 success=False steps=120 inf=7.9s sim=2.5s total=13.2s
[octo-base|PutEggplantInBasketScene-v1|delay_2] ep 20 success=False steps=120 inf=7.8s sim=2.9s total=13.5s
[octo-base|PutEggplantInBasketScene-v1|delay_2] ep 21 success=False steps=120 inf=7.8s sim=2.8s total=13.5s
[octo-base|PutEggplantInBasketScene-v1|delay_2] ep 22 success=False steps=120 inf=7.9s sim=2.6s total=13.3s
[octo-base|PutEggplantInBasketScene-v1|delay_2] ep 23 success=False steps=120 inf=7.8s sim=3.2s total=14.0s
== delay_2: 0/24 success
