E:\research\the_world\.venv-windows-ms3\Lib\site-packages\sapien\wrapper\pinocchio_model.py:299: UserWarning: pinnochio package is not installed, robotics functionalities will not be available
  warnings.warn(
[33;1m2026-09-18 14:30:50,677 - mani_skill  - WARNING - Mimic targets dictionary is missing for controller config for widowx250s_bridgedataset_sink. Assuming the first joint is the control joint and the second joint is the mimic joint[0m
[33;1m2026-09-18 14:30:50,766 - mani_skill  - WARNING - No initial pose set for actor builder of eggplant, setting to default pose q=[1,0,0,0], p=[0,0,0]. Not setting reasonable initial poses may slow down simulation, see https://github.com/haosulab/ManiSkill/issues/421.[0m
[33;1m2026-09-18 14:30:50,776 - mani_skill  - WARNING - No initial pose set for actor builder of dummy_sink_target_plane, setting to default pose q=[1,0,0,0], p=[0,0,0]. Not setting reasonable initial poses may slow down simulation, see https://github.com/haosulab/ManiSkill/issues/421.[0m
[octo-small|PutEggplantInBasketScene-v1|stiff_x0.25] ep 0 success=False steps=120 inf=18.6s sim=4.4s total=26.7s
[octo-small|PutEggplantInBasketScene-v1|stiff_x0.25] ep 1 success=True steps=120 inf=17.8s sim=4.3s total=25.8s
[octo-small|PutEggplantInBasketScene-v1|stiff_x0.25] ep 2 success=True steps=120 inf=19.6s sim=3.9s total=27.2s
[octo-small|PutEggplantInBasketScene-v1|stiff_x0.25] ep 3 success=False steps=120 inf=18.4s sim=4.4s total=26.6s
[octo-small|PutEggplantInBasketScene-v1|stiff_x0.25] ep 4 success=False steps=120 inf=19.0s sim=5.0s total=28.4s
[octo-small|PutEggplantInBasketScene-v1|stiff_x0.25] ep 5 success=True steps=120 inf=18.5s sim=4.4s total=26.4s
[octo-small|PutEggplantInBasketScene-v1|stiff_x0.25] ep 6 success=False steps=120 inf=18.7s sim=3.9s total=26.5s
[octo-small|PutEggplantInBasketScene-v1|stiff_x0.25] ep 7 success=False steps=120 inf=18.7s sim=5.0s total=27.2s
[octo-small|PutEggplantInBasketScene-v1|stiff_x0.25] ep 8 success=False steps=120 inf=18.6s sim=5.0s total=27.3s
[octo-small|PutEggplantInBasketScene-v1|stiff_x0.25] ep 9 success=False steps=120 inf=18.4s sim=5.0s total=27.3s
[octo-small|PutEggplantInBasketScene-v1|stiff_x0.25] ep 10 success=False steps=120 inf=15.3s sim=4.2s total=22.7s
[octo-small|PutEggplantInBasketScene-v1|stiff_x0.25] ep 11 success=False steps=120 inf=15.5s sim=3.7s total=22.6s
[octo-small|PutEggplantInBasketScene-v1|stiff_x0.25] ep 12 success=False steps=120 inf=18.8s sim=5.1s total=28.6s
[octo-small|PutEggplantInBasketScene-v1|stiff_x0.25] ep 13 success=True steps=120 inf=17.9s sim=3.9s total=25.5s
[octo-small|PutEggplantInBasketScene-v1|stiff_x0.25] ep 14 success=False steps=120 inf=18.9s sim=4.6s total=26.8s
[octo-small|PutEggplantInBasketScene-v1|stiff_x0.25] ep 15 success=False steps=120 inf=18.3s sim=4.6s total=26.9s
[octo-small|PutEggplantInBasketScene-v1|stiff_x0.25] ep 16 success=False steps=120 inf=16.8s sim=4.3s total=24.9s
[octo-small|PutEggplantInBasketScene-v1|stiff_x0.25] ep 17 success=False steps=120 inf=17.7s sim=4.9s total=26.2s
[octo-small|PutEggplantInBasketScene-v1|stiff_x0.25] ep 18 success=False steps=120 inf=19.0s sim=5.1s total=27.7s
[octo-small|PutEggplantInBasketScene-v1|stiff_x0.25] ep 19 success=False steps=120 inf=18.1s sim=5.0s total=26.7s
[octo-small|PutEggplantInBasketScene-v1|stiff_x0.25] ep 20 success=False steps=120 inf=19.0s sim=5.0s total=27.7s
[octo-small|PutEggplantInBasketScene-v1|stiff_x0.25] ep 21 success=False steps=120 inf=19.2s sim=4.9s total=28.0s
[octo-small|PutEggplantInBasketScene-v1|stiff_x0.25] ep 22 success=False steps=120 inf=19.7s sim=5.6s total=29.1s
[octo-small|PutEggplantInBasketScene-v1|stiff_x0.25] ep 23 success=False steps=120 inf=19.0s sim=5.0s total=27.6s
== stiff_x0.25: 4/24 success
[33;1m2026-09-18 14:41:32,526 - mani_skill  - WARNING - Mimic targets dictionary is missing for controller config for widowx250s_bridgedataset_sink. Assuming the first joint is the control joint and the second joint is the mimic joint[0m
[33;1m2026-09-18 14:41:32,528 - mani_skill  - WARNING - No initial pose set for actor builder of eggplant, setting to default pose q=[1,0,0,0], p=[0,0,0]. Not setting reasonable initial poses may slow down simulation, see https://github.com/haosulab/ManiSkill/issues/421.[0m
[33;1m2026-09-18 14:41:32,529 - mani_skill  - WARNING - No initial pose set for actor builder of dummy_sink_target_plane, setting to default pose q=[1,0,0,0], p=[0,0,0]. Not setting reasonable initial poses may slow down simulation, see https://github.com/haosulab/ManiSkill/issues/421.[0m
[octo-small|PutEggplantInBasketScene-v1|stiff_x4.0] ep 0 success=True steps=120 inf=18.7s sim=3.6s total=26.1s
[octo-small|PutEggplantInBasketScene-v1|stiff_x4.0] ep 1 success=True steps=120 inf=18.4s sim=3.7s total=25.6s
[octo-small|PutEggplantInBasketScene-v1|stiff_x4.0] ep 2 success=True steps=120 inf=19.0s sim=3.8s total=26.4s
[octo-small|PutEggplantInBasketScene-v1|stiff_x4.0] ep 3 success=False steps=120 inf=19.1s sim=5.0s total=27.6s
[octo-small|PutEggplantInBasketScene-v1|stiff_x4.0] ep 4 success=False steps=120 inf=19.8s sim=5.6s total=29.1s
[octo-small|PutEggplantInBasketScene-v1|stiff_x4.0] ep 5 success=True steps=120 inf=18.0s sim=4.0s total=25.7s
[octo-small|PutEggplantInBasketScene-v1|stiff_x4.0] ep 6 success=True steps=120 inf=18.2s sim=4.0s total=26.2s
[octo-small|PutEggplantInBasketScene-v1|stiff_x4.0] ep 7 success=True steps=120 inf=18.7s sim=4.4s total=26.7s
[octo-small|PutEggplantInBasketScene-v1|stiff_x4.0] ep 8 success=False steps=120 inf=18.3s sim=4.7s total=26.7s
[octo-small|PutEggplantInBasketScene-v1|stiff_x4.0] ep 9 success=True steps=120 inf=18.3s sim=4.2s total=26.3s
[octo-small|PutEggplantInBasketScene-v1|stiff_x4.0] ep 10 success=True steps=120 inf=18.2s sim=3.8s total=25.3s
[octo-small|PutEggplantInBasketScene-v1|stiff_x4.0] ep 11 success=False steps=120 inf=18.6s sim=5.4s total=27.8s
[octo-small|PutEggplantInBasketScene-v1|stiff_x4.0] ep 12 success=True steps=120 inf=19.4s sim=4.1s total=27.4s
[octo-small|PutEggplantInBasketScene-v1|stiff_x4.0] ep 13 success=True steps=120 inf=18.9s sim=3.7s total=25.9s
[octo-small|PutEggplantInBasketScene-v1|stiff_x4.0] ep 14 success=False steps=120 inf=19.5s sim=4.7s total=27.8s
[octo-small|PutEggplantInBasketScene-v1|stiff_x4.0] ep 15 success=False steps=120 inf=18.8s sim=4.9s total=27.0s
[octo-small|PutEggplantInBasketScene-v1|stiff_x4.0] ep 16 success=False steps=120 inf=18.8s sim=4.6s total=27.2s
[octo-small|PutEggplantInBasketScene-v1|stiff_x4.0] ep 17 success=True steps=120 inf=18.4s sim=3.7s total=25.7s
[octo-small|PutEggplantInBasketScene-v1|stiff_x4.0] ep 18 success=True steps=120 inf=18.5s sim=4.3s total=26.3s
[octo-small|PutEggplantInBasketScene-v1|stiff_x4.0] ep 19 success=False steps=120 inf=18.4s sim=6.0s total=28.0s
[octo-small|PutEggplantInBasketScene-v1|stiff_x4.0] ep 20 success=False steps=120 inf=17.3s sim=5.5s total=28.0s
[octo-small|PutEggplantInBasketScene-v1|stiff_x4.0] ep 21 success=True steps=120 inf=18.5s sim=3.7s total=26.0s
[octo-small|PutEggplantInBasketScene-v1|stiff_x4.0] ep 22 success=False steps=120 inf=18.9s sim=4.5s total=27.1s
[octo-small|PutEggplantInBasketScene-v1|stiff_x4.0] ep 23 success=False steps=120 inf=19.3s sim=5.0s total=27.9s
== stiff_x4.0: 13/24 success
[33;1m2026-09-18 14:52:17,060 - mani_skill  - WARNING - Mimic targets dictionary is missing for controller config for widowx250s_bridgedataset_sink. Assuming the first joint is the control joint and the second joint is the mimic joint[0m
[33;1m2026-09-18 14:52:17,063 - mani_skill  - WARNING - No initial pose set for actor builder of eggplant, setting to default pose q=[1,0,0,0], p=[0,0,0]. Not setting reasonable initial poses may slow down simulation, see https://github.com/haosulab/ManiSkill/issues/421.[0m
[33;1m2026-09-18 14:52:17,064 - mani_skill  - WARNING - No initial pose set for actor builder of dummy_sink_target_plane, setting to default pose q=[1,0,0,0], p=[0,0,0]. Not setting reasonable initial poses may slow down simulation, see https://github.com/haosulab/ManiSkill/issues/421.[0m
[octo-small|PutEggplantInBasketScene-v1|damp_x0.25] ep 0 success=True steps=120 inf=18.3s sim=3.9s total=25.9s
[octo-small|PutEggplantInBasketScene-v1|damp_x0.25] ep 1 success=True steps=120 inf=18.5s sim=4.0s total=26.1s
[octo-small|PutEggplantInBasketScene-v1|damp_x0.25] ep 2 success=True steps=120 inf=18.3s sim=4.1s total=26.1s
[octo-small|PutEggplantInBasketScene-v1|damp_x0.25] ep 3 success=True steps=120 inf=17.8s sim=3.8s total=25.0s
[octo-small|PutEggplantInBasketScene-v1|damp_x0.25] ep 4 success=True steps=120 inf=18.1s sim=4.2s total=25.8s
[octo-small|PutEggplantInBasketScene-v1|damp_x0.25] ep 5 success=True steps=120 inf=18.2s sim=4.3s total=25.8s
[octo-small|PutEggplantInBasketScene-v1|damp_x0.25] ep 6 success=True steps=120 inf=18.1s sim=4.0s total=25.8s
[octo-small|PutEggplantInBasketScene-v1|damp_x0.25] ep 7 success=True steps=120 inf=18.1s sim=4.1s total=25.8s
[octo-small|PutEggplantInBasketScene-v1|damp_x0.25] ep 8 success=False steps=120 inf=18.8s sim=5.1s total=27.4s
[octo-small|PutEggplantInBasketScene-v1|damp_x0.25] ep 9 success=True steps=120 inf=18.9s sim=4.5s total=26.9s
[octo-small|PutEggplantInBasketScene-v1|damp_x0.25] ep 10 success=False steps=120 inf=17.9s sim=4.8s total=26.6s
[octo-small|PutEggplantInBasketScene-v1|damp_x0.25] ep 11 success=False steps=120 inf=19.6s sim=5.3s total=28.6s
[octo-small|PutEggplantInBasketScene-v1|damp_x0.25] ep 12 success=True steps=120 inf=18.5s sim=3.8s total=26.0s
[octo-small|PutEggplantInBasketScene-v1|damp_x0.25] ep 13 success=True steps=120 inf=17.9s sim=3.9s total=25.5s
[octo-small|PutEggplantInBasketScene-v1|damp_x0.25] ep 14 success=False steps=120 inf=19.1s sim=5.8s total=28.4s
[octo-small|PutEggplantInBasketScene-v1|damp_x0.25] ep 15 success=False steps=120 inf=18.5s sim=5.2s total=27.4s
[octo-small|PutEggplantInBasketScene-v1|damp_x0.25] ep 16 success=False steps=120 inf=18.8s sim=4.2s total=27.0s
[octo-small|PutEggplantInBasketScene-v1|damp_x0.25] ep 17 success=True steps=120 inf=18.4s sim=4.4s total=26.6s
[octo-small|PutEggplantInBasketScene-v1|damp_x0.25] ep 18 success=False steps=120 inf=18.9s sim=3.7s total=26.4s
[octo-small|PutEggplantInBasketScene-v1|damp_x0.25] ep 19 success=False steps=120 inf=18.8s sim=5.3s total=27.7s
[octo-small|PutEggplantInBasketScene-v1|damp_x0.25] ep 20 success=False steps=120 inf=18.3s sim=5.6s total=27.4s
[octo-small|PutEggplantInBasketScene-v1|damp_x0.25] ep 21 success=True steps=120 inf=18.5s sim=4.5s total=26.7s
[octo-small|PutEggplantInBasketScene-v1|damp_x0.25] ep 22 success=False steps=120 inf=19.8s sim=5.6s total=28.9s
[octo-small|PutEggplantInBasketScene-v1|damp_x0.25] ep 23 success=False steps=120 inf=19.0s sim=5.3s total=28.0s
== damp_x0.25: 13/24 success
[33;1m2026-09-18 15:02:59,481 - mani_skill  - WARNING - Mimic targets dictionary is missing for controller config for widowx250s_bridgedataset_sink. Assuming the first joint is the control joint and the second joint is the mimic joint[0m
[33;1m2026-09-18 15:02:59,486 - mani_skill  - WARNING - No initial pose set for actor builder of eggplant, setting to default pose q=[1,0,0,0], p=[0,0,0]. Not setting reasonable initial poses may slow down simulation, see https://github.com/haosulab/ManiSkill/issues/421.[0m
[33;1m2026-09-18 15:02:59,488 - mani_skill  - WARNING - No initial pose set for actor builder of dummy_sink_target_plane, setting to default pose q=[1,0,0,0], p=[0,0,0]. Not setting reasonable initial poses may slow down simulation, see https://github.com/haosulab/ManiSkill/issues/421.[0m
[octo-small|PutEggplantInBasketScene-v1|damp_x4.0] ep 0 success=False steps=120 inf=18.7s sim=4.0s total=26.4s
[octo-small|PutEggplantInBasketScene-v1|damp_x4.0] ep 1 success=True steps=120 inf=18.4s sim=4.2s total=26.1s
[octo-small|PutEggplantInBasketScene-v1|damp_x4.0] ep 2 success=True steps=120 inf=18.9s sim=3.9s total=26.5s
[octo-small|PutEggplantInBasketScene-v1|damp_x4.0] ep 3 success=False steps=120 inf=18.2s sim=3.9s total=25.5s
[octo-small|PutEggplantInBasketScene-v1|damp_x4.0] ep 4 success=True steps=120 inf=18.1s sim=4.5s total=26.3s
[octo-small|PutEggplantInBasketScene-v1|damp_x4.0] ep 5 success=True steps=120 inf=18.7s sim=4.0s total=26.4s
[octo-small|PutEggplantInBasketScene-v1|damp_x4.0] ep 6 success=True steps=120 inf=15.9s sim=3.7s total=22.8s
[octo-small|PutEggplantInBasketScene-v1|damp_x4.0] ep 7 success=False steps=120 inf=15.8s sim=3.9s total=23.0s
[octo-small|PutEggplantInBasketScene-v1|damp_x4.0] ep 8 success=True steps=120 inf=15.2s sim=3.3s total=21.8s
[octo-small|PutEggplantInBasketScene-v1|damp_x4.0] ep 9 success=False steps=120 inf=15.4s sim=4.3s total=23.2s
[octo-small|PutEggplantInBasketScene-v1|damp_x4.0] ep 10 success=True steps=120 inf=15.2s sim=3.9s total=22.8s
[octo-small|PutEggplantInBasketScene-v1|damp_x4.0] ep 11 success=False steps=120 inf=15.5s sim=3.7s total=22.5s
[octo-small|PutEggplantInBasketScene-v1|damp_x4.0] ep 12 success=True steps=120 inf=15.0s sim=4.7s total=23.2s
[octo-small|PutEggplantInBasketScene-v1|damp_x4.0] ep 13 success=True steps=120 inf=14.7s sim=4.7s total=23.0s
[octo-small|PutEggplantInBasketScene-v1|damp_x4.0] ep 14 success=False steps=120 inf=14.4s sim=4.5s total=22.6s
[octo-small|PutEggplantInBasketScene-v1|damp_x4.0] ep 15 success=False steps=120 inf=15.0s sim=4.5s total=23.0s
[octo-small|PutEggplantInBasketScene-v1|damp_x4.0] ep 16 success=False steps=120 inf=15.0s sim=4.7s total=23.2s
[octo-small|PutEggplantInBasketScene-v1|damp_x4.0] ep 17 success=True steps=120 inf=14.7s sim=3.5s total=21.8s
[octo-small|PutEggplantInBasketScene-v1|damp_x4.0] ep 18 success=True steps=120 inf=15.3s sim=3.9s total=22.2s
[octo-small|PutEggplantInBasketScene-v1|damp_x4.0] ep 19 success=False steps=120 inf=15.0s sim=4.6s total=23.1s
[octo-small|PutEggplantInBasketScene-v1|damp_x4.0] ep 20 success=False steps=120 inf=13.1s sim=4.4s total=21.0s
[octo-small|PutEggplantInBasketScene-v1|damp_x4.0] ep 21 success=True steps=120 inf=12.3s sim=3.7s total=19.2s
[octo-small|PutEggplantInBasketScene-v1|damp_x4.0] ep 22 success=False steps=120 inf=11.7s sim=3.5s total=18.4s
[octo-small|PutEggplantInBasketScene-v1|damp_x4.0] ep 23 success=False steps=120 inf=11.3s sim=3.4s total=17.7s
== damp_x4.0: 12/24 success
[33;1m2026-09-18 15:12:11,408 - mani_skill  - WARNING - Mimic targets dictionary is missing for controller config for widowx250s_bridgedataset_sink. Assuming the first joint is the control joint and the second joint is the mimic joint[0m
[33;1m2026-09-18 15:12:11,410 - mani_skill  - WARNING - No initial pose set for actor builder of eggplant, setting to default pose q=[1,0,0,0], p=[0,0,0]. Not setting reasonable initial poses may slow down simulation, see https://github.com/haosulab/ManiSkill/issues/421.[0m
[33;1m2026-09-18 15:12:11,411 - mani_skill  - WARNING - No initial pose set for actor builder of dummy_sink_target_plane, setting to default pose q=[1,0,0,0], p=[0,0,0]. Not setting reasonable initial poses may slow down simulation, see https://github.com/haosulab/ManiSkill/issues/421.[0m
[octo-small|PutEggplantInBasketScene-v1|delay_2] ep 0 success=True steps=120 inf=10.8s sim=2.9s total=16.9s
[octo-small|PutEggplantInBasketScene-v1|delay_2] ep 1 success=True steps=120 inf=11.4s sim=3.2s total=17.3s
[octo-small|PutEggplantInBasketScene-v1|delay_2] ep 2 success=True steps=120 inf=11.4s sim=3.4s total=17.8s
[octo-small|PutEggplantInBasketScene-v1|delay_2] ep 3 success=True steps=120 inf=11.4s sim=3.5s total=17.8s
[octo-small|PutEggplantInBasketScene-v1|delay_2] ep 4 success=False steps=120 inf=10.9s sim=4.3s total=18.2s
[octo-small|PutEggplantInBasketScene-v1|delay_2] ep 5 success=False steps=120 inf=11.7s sim=3.7s total=18.4s
[octo-small|PutEggplantInBasketScene-v1|delay_2] ep 6 success=True steps=120 inf=10.8s sim=3.2s total=17.2s
[octo-small|PutEggplantInBasketScene-v1|delay_2] ep 7 success=False steps=120 inf=12.0s sim=3.8s total=18.7s
[octo-small|PutEggplantInBasketScene-v1|delay_2] ep 8 success=True steps=120 inf=11.4s sim=3.4s total=18.0s
[octo-small|PutEggplantInBasketScene-v1|delay_2] ep 9 success=False steps=120 inf=11.5s sim=3.8s total=18.2s
[octo-small|PutEggplantInBasketScene-v1|delay_2] ep 10 success=False steps=120 inf=11.9s sim=3.8s total=18.7s
[octo-small|PutEggplantInBasketScene-v1|delay_2] ep 11 success=False steps=120 inf=11.8s sim=3.6s total=18.5s
[octo-small|PutEggplantInBasketScene-v1|delay_2] ep 12 success=False steps=120 inf=12.1s sim=4.2s total=19.4s
[octo-small|PutEggplantInBasketScene-v1|delay_2] ep 13 success=False steps=120 inf=11.5s sim=3.5s total=17.8s
[octo-small|PutEggplantInBasketScene-v1|delay_2] ep 14 success=False steps=120 inf=11.6s sim=4.1s total=18.8s
[octo-small|PutEggplantInBasketScene-v1|delay_2] ep 15 success=False steps=120 inf=10.9s sim=3.8s total=17.9s
[octo-small|PutEggplantInBasketScene-v1|delay_2] ep 16 success=True steps=120 inf=11.9s sim=3.4s total=18.3s
[octo-small|PutEggplantInBasketScene-v1|delay_2] ep 17 success=True steps=120 inf=11.2s sim=3.3s total=17.7s
[octo-small|PutEggplantInBasketScene-v1|delay_2] ep 18 success=False steps=120 inf=11.5s sim=4.4s total=18.8s
[octo-small|PutEggplantInBasketScene-v1|delay_2] ep 19 success=False steps=120 inf=10.9s sim=3.8s total=17.9s
[octo-small|PutEggplantInBasketScene-v1|delay_2] ep 20 success=False steps=120 inf=10.8s sim=4.1s total=18.2s
[octo-small|PutEggplantInBasketScene-v1|delay_2] ep 21 success=True steps=120 inf=11.2s sim=3.3s total=17.4s
[octo-small|PutEggplantInBasketScene-v1|delay_2] ep 22 success=False steps=120 inf=11.6s sim=4.0s total=18.8s
[octo-small|PutEggplantInBasketScene-v1|delay_2] ep 23 success=False steps=120 inf=11.1s sim=3.7s total=17.7s
== delay_2: 9/24 success
