E:\research\the_world\.venv-windows-ms3\Lib\site-packages\sapien\wrapper\pinocchio_model.py:299: UserWarning: pinnochio package is not installed, robotics functionalities will not be available
  warnings.warn(
[33;1m2026-09-18 14:05:00,239 - mani_skill  - WARNING - Mimic targets dictionary is missing for controller config for widowx250s_bridgedataset_flat_table. Assuming the first joint is the control joint and the second joint is the mimic joint[0m
[33;1m2026-09-18 14:05:00,310 - mani_skill  - WARNING - No initial pose set for actor builder of bridge_carrot_generated_modified, setting to default pose q=[1,0,0,0], p=[0,0,0]. Not setting reasonable initial poses may slow down simulation, see https://github.com/haosulab/ManiSkill/issues/421.[0m
[33;1m2026-09-18 14:05:00,319 - mani_skill  - WARNING - No initial pose set for actor builder of bridge_plate_objaverse_larger, setting to default pose q=[1,0,0,0], p=[0,0,0]. Not setting reasonable initial poses may slow down simulation, see https://github.com/haosulab/ManiSkill/issues/421.[0m
[octo-small|PutCarrotOnPlateInScene-v1|stiff_x0.25] ep 0 success=False steps=60 inf=7.6s sim=1.6s total=10.8s
[octo-small|PutCarrotOnPlateInScene-v1|stiff_x0.25] ep 1 success=False steps=60 inf=8.6s sim=1.7s total=11.9s
[octo-small|PutCarrotOnPlateInScene-v1|stiff_x0.25] ep 2 success=False steps=60 inf=7.9s sim=1.6s total=11.3s
[octo-small|PutCarrotOnPlateInScene-v1|stiff_x0.25] ep 3 success=False steps=60 inf=8.2s sim=1.6s total=11.5s
[octo-small|PutCarrotOnPlateInScene-v1|stiff_x0.25] ep 4 success=False steps=60 inf=8.1s sim=1.7s total=11.5s
[octo-small|PutCarrotOnPlateInScene-v1|stiff_x0.25] ep 5 success=False steps=60 inf=8.2s sim=1.7s total=11.7s
[octo-small|PutCarrotOnPlateInScene-v1|stiff_x0.25] ep 6 success=False steps=60 inf=9.0s sim=1.8s total=12.6s
[octo-small|PutCarrotOnPlateInScene-v1|stiff_x0.25] ep 7 success=False steps=60 inf=8.9s sim=1.7s total=12.7s
[octo-small|PutCarrotOnPlateInScene-v1|stiff_x0.25] ep 8 success=False steps=60 inf=8.9s sim=1.8s total=12.7s
[octo-small|PutCarrotOnPlateInScene-v1|stiff_x0.25] ep 9 success=False steps=60 inf=9.1s sim=2.1s total=13.0s
[octo-small|PutCarrotOnPlateInScene-v1|stiff_x0.25] ep 10 success=False steps=60 inf=9.1s sim=1.8s total=12.9s
[octo-small|PutCarrotOnPlateInScene-v1|stiff_x0.25] ep 11 success=False steps=60 inf=9.4s sim=2.0s total=13.1s
[octo-small|PutCarrotOnPlateInScene-v1|stiff_x0.25] ep 12 success=False steps=60 inf=9.3s sim=1.8s total=12.9s
[octo-small|PutCarrotOnPlateInScene-v1|stiff_x0.25] ep 13 success=False steps=60 inf=9.4s sim=1.7s total=13.0s
[octo-small|PutCarrotOnPlateInScene-v1|stiff_x0.25] ep 14 success=False steps=60 inf=9.2s sim=1.8s total=12.8s
[octo-small|PutCarrotOnPlateInScene-v1|stiff_x0.25] ep 15 success=False steps=60 inf=9.2s sim=1.8s total=12.8s
[octo-small|PutCarrotOnPlateInScene-v1|stiff_x0.25] ep 16 success=False steps=60 inf=9.1s sim=2.0s total=12.8s
[octo-small|PutCarrotOnPlateInScene-v1|stiff_x0.25] ep 17 success=False steps=60 inf=9.1s sim=1.9s total=12.7s
[octo-small|PutCarrotOnPlateInScene-v1|stiff_x0.25] ep 18 success=True steps=60 inf=9.7s sim=2.0s total=13.6s
[octo-small|PutCarrotOnPlateInScene-v1|stiff_x0.25] ep 19 success=False steps=60 inf=9.1s sim=1.8s total=12.7s
[octo-small|PutCarrotOnPlateInScene-v1|stiff_x0.25] ep 20 success=False steps=60 inf=9.4s sim=1.8s total=13.0s
[octo-small|PutCarrotOnPlateInScene-v1|stiff_x0.25] ep 21 success=False steps=60 inf=9.5s sim=1.9s total=13.2s
[octo-small|PutCarrotOnPlateInScene-v1|stiff_x0.25] ep 22 success=True steps=60 inf=9.4s sim=1.9s total=13.0s
[octo-small|PutCarrotOnPlateInScene-v1|stiff_x0.25] ep 23 success=False steps=60 inf=9.9s sim=1.8s total=13.4s
== stiff_x0.25: 2/24 success
[33;1m2026-09-18 14:10:02,619 - mani_skill  - WARNING - Mimic targets dictionary is missing for controller config for widowx250s_bridgedataset_flat_table. Assuming the first joint is the control joint and the second joint is the mimic joint[0m
[33;1m2026-09-18 14:10:02,624 - mani_skill  - WARNING - No initial pose set for actor builder of bridge_carrot_generated_modified, setting to default pose q=[1,0,0,0], p=[0,0,0]. Not setting reasonable initial poses may slow down simulation, see https://github.com/haosulab/ManiSkill/issues/421.[0m
[33;1m2026-09-18 14:10:02,627 - mani_skill  - WARNING - No initial pose set for actor builder of bridge_plate_objaverse_larger, setting to default pose q=[1,0,0,0], p=[0,0,0]. Not setting reasonable initial poses may slow down simulation, see https://github.com/haosulab/ManiSkill/issues/421.[0m
[octo-small|PutCarrotOnPlateInScene-v1|stiff_x4.0] ep 0 success=False steps=60 inf=9.5s sim=1.9s total=13.3s
[octo-small|PutCarrotOnPlateInScene-v1|stiff_x4.0] ep 1 success=False steps=60 inf=9.2s sim=1.8s total=12.9s
[octo-small|PutCarrotOnPlateInScene-v1|stiff_x4.0] ep 2 success=False steps=60 inf=9.2s sim=1.7s total=12.5s
[octo-small|PutCarrotOnPlateInScene-v1|stiff_x4.0] ep 3 success=False steps=60 inf=9.6s sim=1.7s total=12.9s
[octo-small|PutCarrotOnPlateInScene-v1|stiff_x4.0] ep 4 success=False steps=60 inf=9.0s sim=2.0s total=13.0s
[octo-small|PutCarrotOnPlateInScene-v1|stiff_x4.0] ep 5 success=False steps=60 inf=9.1s sim=1.8s total=12.7s
[octo-small|PutCarrotOnPlateInScene-v1|stiff_x4.0] ep 6 success=False steps=60 inf=9.1s sim=1.8s total=12.6s
[octo-small|PutCarrotOnPlateInScene-v1|stiff_x4.0] ep 7 success=False steps=60 inf=8.8s sim=2.0s total=12.5s
[octo-small|PutCarrotOnPlateInScene-v1|stiff_x4.0] ep 8 success=False steps=60 inf=9.2s sim=1.8s total=12.8s
[octo-small|PutCarrotOnPlateInScene-v1|stiff_x4.0] ep 9 success=False steps=60 inf=9.1s sim=1.9s total=12.9s
[octo-small|PutCarrotOnPlateInScene-v1|stiff_x4.0] ep 10 success=False steps=60 inf=9.0s sim=1.8s total=12.7s
[octo-small|PutCarrotOnPlateInScene-v1|stiff_x4.0] ep 11 success=False steps=60 inf=9.4s sim=1.7s total=12.9s
[octo-small|PutCarrotOnPlateInScene-v1|stiff_x4.0] ep 12 success=False steps=60 inf=9.1s sim=1.8s total=12.7s
[octo-small|PutCarrotOnPlateInScene-v1|stiff_x4.0] ep 13 success=False steps=60 inf=9.3s sim=1.8s total=13.0s
[octo-small|PutCarrotOnPlateInScene-v1|stiff_x4.0] ep 14 success=False steps=60 inf=9.1s sim=2.1s total=13.0s
[octo-small|PutCarrotOnPlateInScene-v1|stiff_x4.0] ep 15 success=False steps=60 inf=8.8s sim=1.9s total=12.5s
[octo-small|PutCarrotOnPlateInScene-v1|stiff_x4.0] ep 16 success=True steps=60 inf=8.9s sim=1.9s total=12.9s
[octo-small|PutCarrotOnPlateInScene-v1|stiff_x4.0] ep 17 success=False steps=60 inf=9.1s sim=1.9s total=12.7s
[octo-small|PutCarrotOnPlateInScene-v1|stiff_x4.0] ep 18 success=False steps=60 inf=9.0s sim=1.8s total=12.6s
[octo-small|PutCarrotOnPlateInScene-v1|stiff_x4.0] ep 19 success=False steps=60 inf=9.3s sim=1.9s total=13.1s
[octo-small|PutCarrotOnPlateInScene-v1|stiff_x4.0] ep 20 success=False steps=60 inf=9.3s sim=1.8s total=12.8s
[octo-small|PutCarrotOnPlateInScene-v1|stiff_x4.0] ep 21 success=False steps=60 inf=9.1s sim=1.8s total=12.7s
[octo-small|PutCarrotOnPlateInScene-v1|stiff_x4.0] ep 22 success=True steps=60 inf=9.9s sim=1.8s total=13.5s
[octo-small|PutCarrotOnPlateInScene-v1|stiff_x4.0] ep 23 success=False steps=60 inf=9.2s sim=1.9s total=13.5s
== stiff_x4.0: 2/24 success
[33;1m2026-09-18 14:15:12,112 - mani_skill  - WARNING - Mimic targets dictionary is missing for controller config for widowx250s_bridgedataset_flat_table. Assuming the first joint is the control joint and the second joint is the mimic joint[0m
[33;1m2026-09-18 14:15:12,114 - mani_skill  - WARNING - No initial pose set for actor builder of bridge_carrot_generated_modified, setting to default pose q=[1,0,0,0], p=[0,0,0]. Not setting reasonable initial poses may slow down simulation, see https://github.com/haosulab/ManiSkill/issues/421.[0m
[33;1m2026-09-18 14:15:12,115 - mani_skill  - WARNING - No initial pose set for actor builder of bridge_plate_objaverse_larger, setting to default pose q=[1,0,0,0], p=[0,0,0]. Not setting reasonable initial poses may slow down simulation, see https://github.com/haosulab/ManiSkill/issues/421.[0m
[octo-small|PutCarrotOnPlateInScene-v1|damp_x0.25] ep 0 success=False steps=60 inf=9.2s sim=1.8s total=12.8s
[octo-small|PutCarrotOnPlateInScene-v1|damp_x0.25] ep 1 success=False steps=60 inf=9.8s sim=1.7s total=13.4s
[octo-small|PutCarrotOnPlateInScene-v1|damp_x0.25] ep 2 success=False steps=60 inf=9.2s sim=1.7s total=12.6s
[octo-small|PutCarrotOnPlateInScene-v1|damp_x0.25] ep 3 success=False steps=60 inf=9.3s sim=1.6s total=12.6s
[octo-small|PutCarrotOnPlateInScene-v1|damp_x0.25] ep 4 success=False steps=60 inf=9.0s sim=2.0s total=13.1s
[octo-small|PutCarrotOnPlateInScene-v1|damp_x0.25] ep 5 success=False steps=60 inf=9.1s sim=1.8s total=12.8s
[octo-small|PutCarrotOnPlateInScene-v1|damp_x0.25] ep 6 success=True steps=60 inf=9.2s sim=1.9s total=12.9s
[octo-small|PutCarrotOnPlateInScene-v1|damp_x0.25] ep 7 success=False steps=60 inf=9.4s sim=1.9s total=13.2s
[octo-small|PutCarrotOnPlateInScene-v1|damp_x0.25] ep 8 success=False steps=60 inf=9.1s sim=1.8s total=12.7s
[octo-small|PutCarrotOnPlateInScene-v1|damp_x0.25] ep 9 success=False steps=60 inf=9.4s sim=2.0s total=13.2s
[octo-small|PutCarrotOnPlateInScene-v1|damp_x0.25] ep 10 success=False steps=60 inf=9.6s sim=1.6s total=13.1s
[octo-small|PutCarrotOnPlateInScene-v1|damp_x0.25] ep 11 success=False steps=60 inf=9.3s sim=1.8s total=12.8s
[octo-small|PutCarrotOnPlateInScene-v1|damp_x0.25] ep 12 success=False steps=60 inf=9.1s sim=2.0s total=12.9s
[octo-small|PutCarrotOnPlateInScene-v1|damp_x0.25] ep 13 success=False steps=60 inf=8.8s sim=1.8s total=12.4s
[octo-small|PutCarrotOnPlateInScene-v1|damp_x0.25] ep 14 success=False steps=60 inf=9.1s sim=2.1s total=12.9s
[octo-small|PutCarrotOnPlateInScene-v1|damp_x0.25] ep 15 success=False steps=60 inf=9.2s sim=1.9s total=12.8s
[octo-small|PutCarrotOnPlateInScene-v1|damp_x0.25] ep 16 success=False steps=60 inf=9.1s sim=1.9s total=12.8s
[octo-small|PutCarrotOnPlateInScene-v1|damp_x0.25] ep 17 success=False steps=60 inf=9.1s sim=1.8s total=12.6s
[octo-small|PutCarrotOnPlateInScene-v1|damp_x0.25] ep 18 success=False steps=60 inf=9.4s sim=1.8s total=13.3s
[octo-small|PutCarrotOnPlateInScene-v1|damp_x0.25] ep 19 success=False steps=60 inf=9.3s sim=1.8s total=12.8s
[octo-small|PutCarrotOnPlateInScene-v1|damp_x0.25] ep 20 success=False steps=60 inf=9.6s sim=1.7s total=13.0s
[octo-small|PutCarrotOnPlateInScene-v1|damp_x0.25] ep 21 success=False steps=60 inf=9.3s sim=1.7s total=12.8s
[octo-small|PutCarrotOnPlateInScene-v1|damp_x0.25] ep 22 success=True steps=60 inf=9.3s sim=1.8s total=12.8s
[octo-small|PutCarrotOnPlateInScene-v1|damp_x0.25] ep 23 success=False steps=60 inf=9.4s sim=1.8s total=13.1s
== damp_x0.25: 2/24 success
[33;1m2026-09-18 14:20:22,025 - mani_skill  - WARNING - Mimic targets dictionary is missing for controller config for widowx250s_bridgedataset_flat_table. Assuming the first joint is the control joint and the second joint is the mimic joint[0m
[33;1m2026-09-18 14:20:22,027 - mani_skill  - WARNING - No initial pose set for actor builder of bridge_carrot_generated_modified, setting to default pose q=[1,0,0,0], p=[0,0,0]. Not setting reasonable initial poses may slow down simulation, see https://github.com/haosulab/ManiSkill/issues/421.[0m
[33;1m2026-09-18 14:20:22,028 - mani_skill  - WARNING - No initial pose set for actor builder of bridge_plate_objaverse_larger, setting to default pose q=[1,0,0,0], p=[0,0,0]. Not setting reasonable initial poses may slow down simulation, see https://github.com/haosulab/ManiSkill/issues/421.[0m
[octo-small|PutCarrotOnPlateInScene-v1|damp_x4.0] ep 0 success=False steps=60 inf=9.6s sim=1.9s total=13.3s
[octo-small|PutCarrotOnPlateInScene-v1|damp_x4.0] ep 1 success=False steps=60 inf=9.5s sim=1.8s total=13.1s
[octo-small|PutCarrotOnPlateInScene-v1|damp_x4.0] ep 2 success=False steps=60 inf=9.3s sim=1.7s total=12.9s
[octo-small|PutCarrotOnPlateInScene-v1|damp_x4.0] ep 3 success=False steps=60 inf=9.3s sim=1.8s total=13.0s
[octo-small|PutCarrotOnPlateInScene-v1|damp_x4.0] ep 4 success=False steps=60 inf=9.4s sim=1.9s total=12.9s
[octo-small|PutCarrotOnPlateInScene-v1|damp_x4.0] ep 5 success=False steps=60 inf=9.1s sim=1.8s total=12.8s
[octo-small|PutCarrotOnPlateInScene-v1|damp_x4.0] ep 6 success=False steps=60 inf=9.2s sim=1.9s total=12.8s
[octo-small|PutCarrotOnPlateInScene-v1|damp_x4.0] ep 7 success=False steps=60 inf=9.3s sim=1.9s total=13.1s
[octo-small|PutCarrotOnPlateInScene-v1|damp_x4.0] ep 8 success=False steps=60 inf=9.4s sim=1.8s total=13.0s
[octo-small|PutCarrotOnPlateInScene-v1|damp_x4.0] ep 9 success=False steps=60 inf=9.3s sim=2.0s total=13.0s
[octo-small|PutCarrotOnPlateInScene-v1|damp_x4.0] ep 10 success=False steps=60 inf=9.3s sim=1.8s total=13.0s
[octo-small|PutCarrotOnPlateInScene-v1|damp_x4.0] ep 11 success=False steps=60 inf=9.4s sim=1.8s total=12.9s
[octo-small|PutCarrotOnPlateInScene-v1|damp_x4.0] ep 12 success=False steps=60 inf=9.0s sim=1.8s total=12.7s
[octo-small|PutCarrotOnPlateInScene-v1|damp_x4.0] ep 13 success=False steps=60 inf=8.9s sim=1.8s total=12.6s
[octo-small|PutCarrotOnPlateInScene-v1|damp_x4.0] ep 14 success=False steps=60 inf=9.4s sim=1.8s total=13.0s
[octo-small|PutCarrotOnPlateInScene-v1|damp_x4.0] ep 15 success=False steps=60 inf=9.0s sim=1.9s total=12.8s
[octo-small|PutCarrotOnPlateInScene-v1|damp_x4.0] ep 16 success=False steps=60 inf=9.5s sim=1.8s total=13.1s
[octo-small|PutCarrotOnPlateInScene-v1|damp_x4.0] ep 17 success=False steps=60 inf=9.4s sim=1.6s total=12.8s
[octo-small|PutCarrotOnPlateInScene-v1|damp_x4.0] ep 18 success=True steps=60 inf=9.9s sim=1.9s total=13.6s
[octo-small|PutCarrotOnPlateInScene-v1|damp_x4.0] ep 19 success=False steps=60 inf=9.3s sim=1.6s total=12.9s
[octo-small|PutCarrotOnPlateInScene-v1|damp_x4.0] ep 20 success=False steps=60 inf=9.6s sim=1.7s total=13.0s
[octo-small|PutCarrotOnPlateInScene-v1|damp_x4.0] ep 21 success=False steps=60 inf=8.6s sim=1.9s total=12.2s
[octo-small|PutCarrotOnPlateInScene-v1|damp_x4.0] ep 22 success=True steps=60 inf=9.1s sim=1.9s total=13.0s
[octo-small|PutCarrotOnPlateInScene-v1|damp_x4.0] ep 23 success=False steps=60 inf=8.9s sim=1.9s total=12.5s
== damp_x4.0: 2/24 success
[33;1m2026-09-18 14:25:32,414 - mani_skill  - WARNING - Mimic targets dictionary is missing for controller config for widowx250s_bridgedataset_flat_table. Assuming the first joint is the control joint and the second joint is the mimic joint[0m
[33;1m2026-09-18 14:25:32,416 - mani_skill  - WARNING - No initial pose set for actor builder of bridge_carrot_generated_modified, setting to default pose q=[1,0,0,0], p=[0,0,0]. Not setting reasonable initial poses may slow down simulation, see https://github.com/haosulab/ManiSkill/issues/421.[0m
[33;1m2026-09-18 14:25:32,417 - mani_skill  - WARNING - No initial pose set for actor builder of bridge_plate_objaverse_larger, setting to default pose q=[1,0,0,0], p=[0,0,0]. Not setting reasonable initial poses may slow down simulation, see https://github.com/haosulab/ManiSkill/issues/421.[0m
[octo-small|PutCarrotOnPlateInScene-v1|delay_2] ep 0 success=False steps=60 inf=9.4s sim=1.8s total=13.1s
[octo-small|PutCarrotOnPlateInScene-v1|delay_2] ep 1 success=False steps=60 inf=9.2s sim=1.8s total=13.1s
[octo-small|PutCarrotOnPlateInScene-v1|delay_2] ep 2 success=False steps=60 inf=9.3s sim=1.7s total=12.8s
[octo-small|PutCarrotOnPlateInScene-v1|delay_2] ep 3 success=False steps=60 inf=9.1s sim=1.8s total=12.8s
[octo-small|PutCarrotOnPlateInScene-v1|delay_2] ep 4 success=False steps=60 inf=9.1s sim=1.9s total=12.8s
[octo-small|PutCarrotOnPlateInScene-v1|delay_2] ep 5 success=False steps=60 inf=8.9s sim=1.8s total=12.5s
[octo-small|PutCarrotOnPlateInScene-v1|delay_2] ep 6 success=False steps=60 inf=9.1s sim=2.0s total=13.0s
[octo-small|PutCarrotOnPlateInScene-v1|delay_2] ep 7 success=False steps=60 inf=9.3s sim=1.8s total=12.8s
[octo-small|PutCarrotOnPlateInScene-v1|delay_2] ep 8 success=False steps=60 inf=8.9s sim=1.9s total=12.6s
[octo-small|PutCarrotOnPlateInScene-v1|delay_2] ep 9 success=False steps=60 inf=9.1s sim=2.1s total=13.0s
[octo-small|PutCarrotOnPlateInScene-v1|delay_2] ep 10 success=False steps=60 inf=9.2s sim=1.7s total=12.6s
[octo-small|PutCarrotOnPlateInScene-v1|delay_2] ep 11 success=False steps=60 inf=9.1s sim=1.9s total=12.7s
[octo-small|PutCarrotOnPlateInScene-v1|delay_2] ep 12 success=False steps=60 inf=9.4s sim=1.8s total=13.2s
[octo-small|PutCarrotOnPlateInScene-v1|delay_2] ep 13 success=False steps=60 inf=8.7s sim=1.8s total=12.4s
[octo-small|PutCarrotOnPlateInScene-v1|delay_2] ep 14 success=False steps=60 inf=9.3s sim=1.9s total=13.1s
[octo-small|PutCarrotOnPlateInScene-v1|delay_2] ep 15 success=False steps=60 inf=9.3s sim=1.8s total=13.0s
[octo-small|PutCarrotOnPlateInScene-v1|delay_2] ep 16 success=False steps=60 inf=9.1s sim=1.9s total=12.7s
[octo-small|PutCarrotOnPlateInScene-v1|delay_2] ep 17 success=False steps=60 inf=9.2s sim=1.7s total=12.7s
[octo-small|PutCarrotOnPlateInScene-v1|delay_2] ep 18 success=False steps=60 inf=9.2s sim=2.2s total=13.2s
[octo-small|PutCarrotOnPlateInScene-v1|delay_2] ep 19 success=False steps=60 inf=8.5s sim=1.9s total=12.3s
[octo-small|PutCarrotOnPlateInScene-v1|delay_2] ep 20 success=False steps=60 inf=9.3s sim=1.7s total=12.9s
[octo-small|PutCarrotOnPlateInScene-v1|delay_2] ep 21 success=False steps=60 inf=9.6s sim=1.6s total=12.9s
[octo-small|PutCarrotOnPlateInScene-v1|delay_2] ep 22 success=False steps=60 inf=9.1s sim=2.0s total=13.0s
[octo-small|PutCarrotOnPlateInScene-v1|delay_2] ep 23 success=False steps=60 inf=9.3s sim=1.8s total=12.8s
== delay_2: 0/24 success
