E:\research\the_world\.venv-windows-ms3\Lib\site-packages\sapien\wrapper\pinocchio_model.py:299: UserWarning: pinnochio package is not installed, robotics functionalities will not be available
  warnings.warn(
[33;1m2026-09-18 13:01:31,293 - mani_skill  - WARNING - Mimic targets dictionary is missing for controller config for widowx250s_bridgedataset_sink. Assuming the first joint is the control joint and the second joint is the mimic joint[0m
[33;1m2026-09-18 13:01:31,418 - mani_skill  - WARNING - No initial pose set for actor builder of eggplant, setting to default pose q=[1,0,0,0], p=[0,0,0]. Not setting reasonable initial poses may slow down simulation, see https://github.com/haosulab/ManiSkill/issues/421.[0m
[33;1m2026-09-18 13:01:31,433 - mani_skill  - WARNING - No initial pose set for actor builder of dummy_sink_target_plane, setting to default pose q=[1,0,0,0], p=[0,0,0]. Not setting reasonable initial poses may slow down simulation, see https://github.com/haosulab/ManiSkill/issues/421.[0m
[octo-base|PutEggplantInBasketScene-v1|iso_x0.25] ep 24 success=True steps=120 inf=22.7s sim=5.3s total=31.8s
[octo-base|PutEggplantInBasketScene-v1|iso_x0.25] ep 25 success=True steps=120 inf=22.1s sim=4.7s total=30.6s
[octo-base|PutEggplantInBasketScene-v1|iso_x0.25] ep 26 success=False steps=120 inf=24.1s sim=5.0s total=32.9s
[octo-base|PutEggplantInBasketScene-v1|iso_x0.25] ep 27 success=False steps=120 inf=21.8s sim=4.6s total=30.1s
[octo-base|PutEggplantInBasketScene-v1|iso_x0.25] ep 28 success=True steps=120 inf=21.7s sim=4.2s total=29.6s
[octo-base|PutEggplantInBasketScene-v1|iso_x0.25] ep 29 success=True steps=120 inf=22.2s sim=5.6s total=31.5s
[octo-base|PutEggplantInBasketScene-v1|iso_x0.25] ep 30 success=False steps=120 inf=23.5s sim=3.6s total=31.1s
[octo-base|PutEggplantInBasketScene-v1|iso_x0.25] ep 31 success=False steps=120 inf=22.6s sim=5.2s total=31.7s
[octo-base|PutEggplantInBasketScene-v1|iso_x0.25] ep 32 success=False steps=120 inf=22.9s sim=5.3s total=32.1s
[octo-base|PutEggplantInBasketScene-v1|iso_x0.25] ep 33 success=False steps=120 inf=22.3s sim=5.2s total=31.4s
[octo-base|PutEggplantInBasketScene-v1|iso_x0.25] ep 34 success=False steps=120 inf=22.1s sim=4.4s total=30.3s
[octo-base|PutEggplantInBasketScene-v1|iso_x0.25] ep 35 success=False steps=120 inf=23.6s sim=4.7s total=32.1s
[octo-base|PutEggplantInBasketScene-v1|iso_x0.25] ep 36 success=False steps=120 inf=22.6s sim=4.9s total=31.5s
[octo-base|PutEggplantInBasketScene-v1|iso_x0.25] ep 37 success=True steps=120 inf=22.8s sim=3.9s total=30.6s
[octo-base|PutEggplantInBasketScene-v1|iso_x0.25] ep 38 success=False steps=120 inf=23.4s sim=4.5s total=31.5s
[octo-base|PutEggplantInBasketScene-v1|iso_x0.25] ep 39 success=False steps=120 inf=22.8s sim=4.4s total=30.9s
[octo-base|PutEggplantInBasketScene-v1|iso_x0.25] ep 40 success=False steps=120 inf=23.6s sim=4.7s total=32.1s
[octo-base|PutEggplantInBasketScene-v1|iso_x0.25] ep 41 success=True steps=120 inf=24.3s sim=5.4s total=33.5s
[octo-base|PutEggplantInBasketScene-v1|iso_x0.25] ep 42 success=False steps=120 inf=23.6s sim=3.6s total=31.1s
[octo-base|PutEggplantInBasketScene-v1|iso_x0.25] ep 43 success=False steps=120 inf=23.1s sim=5.2s total=32.2s
[octo-base|PutEggplantInBasketScene-v1|iso_x0.25] ep 44 success=True steps=120 inf=22.0s sim=4.3s total=29.9s
[octo-base|PutEggplantInBasketScene-v1|iso_x0.25] ep 45 success=True steps=120 inf=23.0s sim=5.1s total=31.8s
[octo-base|PutEggplantInBasketScene-v1|iso_x0.25] ep 46 success=False steps=120 inf=23.7s sim=5.1s total=32.5s
[octo-base|PutEggplantInBasketScene-v1|iso_x0.25] ep 47 success=False steps=120 inf=23.3s sim=4.6s total=31.7s
== iso_x0.25: 17/48 success
[33;1m2026-09-18 13:14:07,332 - mani_skill  - WARNING - Mimic targets dictionary is missing for controller config for widowx250s_bridgedataset_sink. Assuming the first joint is the control joint and the second joint is the mimic joint[0m
[33;1m2026-09-18 13:14:07,334 - mani_skill  - WARNING - No initial pose set for actor builder of eggplant, setting to default pose q=[1,0,0,0], p=[0,0,0]. Not setting reasonable initial poses may slow down simulation, see https://github.com/haosulab/ManiSkill/issues/421.[0m
[33;1m2026-09-18 13:14:07,335 - mani_skill  - WARNING - No initial pose set for actor builder of dummy_sink_target_plane, setting to default pose q=[1,0,0,0], p=[0,0,0]. Not setting reasonable initial poses may slow down simulation, see https://github.com/haosulab/ManiSkill/issues/421.[0m
[octo-base|PutEggplantInBasketScene-v1|iso_x0.5] ep 24 success=True steps=120 inf=22.2s sim=3.8s total=29.8s
[octo-base|PutEggplantInBasketScene-v1|iso_x0.5] ep 25 success=True steps=120 inf=24.2s sim=4.7s total=32.7s
[octo-base|PutEggplantInBasketScene-v1|iso_x0.5] ep 26 success=False steps=120 inf=24.0s sim=4.6s total=32.4s
[octo-base|PutEggplantInBasketScene-v1|iso_x0.5] ep 27 success=False steps=120 inf=22.8s sim=5.6s total=32.2s
[octo-base|PutEggplantInBasketScene-v1|iso_x0.5] ep 28 success=True steps=120 inf=23.1s sim=5.5s total=32.4s
[octo-base|PutEggplantInBasketScene-v1|iso_x0.5] ep 29 success=False steps=120 inf=22.8s sim=3.8s total=30.4s
[octo-base|PutEggplantInBasketScene-v1|iso_x0.5] ep 30 success=True steps=120 inf=23.9s sim=3.8s total=31.4s
[octo-base|PutEggplantInBasketScene-v1|iso_x0.5] ep 31 success=False steps=120 inf=23.2s sim=5.4s total=32.3s
[octo-base|PutEggplantInBasketScene-v1|iso_x0.5] ep 32 success=False steps=120 inf=23.6s sim=4.8s total=32.2s
[octo-base|PutEggplantInBasketScene-v1|iso_x0.5] ep 33 success=False steps=120 inf=23.7s sim=4.7s total=32.1s
[octo-base|PutEggplantInBasketScene-v1|iso_x0.5] ep 34 success=False steps=120 inf=23.3s sim=4.6s total=31.7s
[octo-base|PutEggplantInBasketScene-v1|iso_x0.5] ep 35 success=False steps=120 inf=23.8s sim=4.5s total=31.8s
[octo-base|PutEggplantInBasketScene-v1|iso_x0.5] ep 36 success=False steps=120 inf=22.8s sim=5.2s total=32.1s
[octo-base|PutEggplantInBasketScene-v1|iso_x0.5] ep 37 success=True steps=120 inf=24.3s sim=3.5s total=31.6s
[octo-base|PutEggplantInBasketScene-v1|iso_x0.5] ep 38 success=True steps=120 inf=22.8s sim=4.2s total=30.6s
[octo-base|PutEggplantInBasketScene-v1|iso_x0.5] ep 39 success=False steps=120 inf=22.9s sim=5.3s total=32.1s
[octo-base|PutEggplantInBasketScene-v1|iso_x0.5] ep 40 success=False steps=120 inf=23.2s sim=4.9s total=31.8s
[octo-base|PutEggplantInBasketScene-v1|iso_x0.5] ep 41 success=True steps=120 inf=23.4s sim=5.1s total=32.4s
[octo-base|PutEggplantInBasketScene-v1|iso_x0.5] ep 42 success=False steps=120 inf=21.7s sim=4.0s total=29.4s
[octo-base|PutEggplantInBasketScene-v1|iso_x0.5] ep 43 success=False steps=120 inf=23.4s sim=5.3s total=32.5s
[octo-base|PutEggplantInBasketScene-v1|iso_x0.5] ep 44 success=False steps=120 inf=22.8s sim=4.2s total=31.5s
[octo-base|PutEggplantInBasketScene-v1|iso_x0.5] ep 45 success=True steps=120 inf=21.7s sim=4.1s total=29.4s
[octo-base|PutEggplantInBasketScene-v1|iso_x0.5] ep 46 success=False steps=120 inf=20.6s sim=4.6s total=28.7s
[octo-base|PutEggplantInBasketScene-v1|iso_x0.5] ep 47 success=False steps=120 inf=21.3s sim=5.4s total=30.2s
== iso_x0.5: 16/48 success
[33;1m2026-09-18 13:26:41,824 - mani_skill  - WARNING - Mimic targets dictionary is missing for controller config for widowx250s_bridgedataset_sink. Assuming the first joint is the control joint and the second joint is the mimic joint[0m
[33;1m2026-09-18 13:26:41,831 - mani_skill  - WARNING - No initial pose set for actor builder of eggplant, setting to default pose q=[1,0,0,0], p=[0,0,0]. Not setting reasonable initial poses may slow down simulation, see https://github.com/haosulab/ManiSkill/issues/421.[0m
[33;1m2026-09-18 13:26:41,834 - mani_skill  - WARNING - No initial pose set for actor builder of dummy_sink_target_plane, setting to default pose q=[1,0,0,0], p=[0,0,0]. Not setting reasonable initial poses may slow down simulation, see https://github.com/haosulab/ManiSkill/issues/421.[0m
== nominal: 14/48 success
[33;1m2026-09-18 13:26:42,288 - mani_skill  - WARNING - Mimic targets dictionary is missing for controller config for widowx250s_bridgedataset_sink. Assuming the first joint is the control joint and the second joint is the mimic joint[0m
[33;1m2026-09-18 13:26:42,293 - mani_skill  - WARNING - No initial pose set for actor builder of eggplant, setting to default pose q=[1,0,0,0], p=[0,0,0]. Not setting reasonable initial poses may slow down simulation, see https://github.com/haosulab/ManiSkill/issues/421.[0m
[33;1m2026-09-18 13:26:42,295 - mani_skill  - WARNING - No initial pose set for actor builder of dummy_sink_target_plane, setting to default pose q=[1,0,0,0], p=[0,0,0]. Not setting reasonable initial poses may slow down simulation, see https://github.com/haosulab/ManiSkill/issues/421.[0m
[octo-base|PutEggplantInBasketScene-v1|iso_x2.0] ep 24 success=True steps=120 inf=23.2s sim=4.2s total=31.0s
[octo-base|PutEggplantInBasketScene-v1|iso_x2.0] ep 25 success=True steps=120 inf=22.7s sim=6.2s total=32.8s
[octo-base|PutEggplantInBasketScene-v1|iso_x2.0] ep 26 success=False steps=120 inf=22.7s sim=5.4s total=31.9s
[octo-base|PutEggplantInBasketScene-v1|iso_x2.0] ep 27 success=False steps=120 inf=23.3s sim=4.9s total=31.9s
[octo-base|PutEggplantInBasketScene-v1|iso_x2.0] ep 28 success=False steps=120 inf=22.9s sim=4.5s total=31.3s
[octo-base|PutEggplantInBasketScene-v1|iso_x2.0] ep 29 success=True steps=120 inf=22.2s sim=4.2s total=30.2s
[octo-base|PutEggplantInBasketScene-v1|iso_x2.0] ep 30 success=True steps=120 inf=23.4s sim=5.4s total=32.5s
[octo-base|PutEggplantInBasketScene-v1|iso_x2.0] ep 31 success=False steps=120 inf=24.1s sim=4.0s total=32.4s
[octo-base|PutEggplantInBasketScene-v1|iso_x2.0] ep 32 success=False steps=120 inf=22.7s sim=5.4s total=32.2s
[octo-base|PutEggplantInBasketScene-v1|iso_x2.0] ep 33 success=True steps=120 inf=22.9s sim=5.6s total=32.3s
[octo-base|PutEggplantInBasketScene-v1|iso_x2.0] ep 34 success=False steps=120 inf=22.9s sim=4.9s total=31.7s
[octo-base|PutEggplantInBasketScene-v1|iso_x2.0] ep 35 success=False steps=120 inf=22.5s sim=6.1s total=32.6s
[octo-base|PutEggplantInBasketScene-v1|iso_x2.0] ep 36 success=False steps=120 inf=23.7s sim=4.6s total=32.0s
[octo-base|PutEggplantInBasketScene-v1|iso_x2.0] ep 37 success=True steps=120 inf=23.2s sim=3.8s total=30.9s
[octo-base|PutEggplantInBasketScene-v1|iso_x2.0] ep 38 success=True steps=120 inf=22.6s sim=5.2s total=31.5s
[octo-base|PutEggplantInBasketScene-v1|iso_x2.0] ep 39 success=False steps=120 inf=23.2s sim=5.2s total=32.5s
[octo-base|PutEggplantInBasketScene-v1|iso_x2.0] ep 40 success=False steps=120 inf=22.9s sim=4.9s total=31.7s
[octo-base|PutEggplantInBasketScene-v1|iso_x2.0] ep 41 success=True steps=120 inf=22.8s sim=5.7s total=32.3s
[octo-base|PutEggplantInBasketScene-v1|iso_x2.0] ep 42 success=False steps=120 inf=21.7s sim=3.9s total=29.4s
[octo-base|PutEggplantInBasketScene-v1|iso_x2.0] ep 43 success=False steps=120 inf=22.7s sim=5.4s total=31.8s
[octo-base|PutEggplantInBasketScene-v1|iso_x2.0] ep 44 success=False steps=120 inf=22.7s sim=4.5s total=31.1s
[octo-base|PutEggplantInBasketScene-v1|iso_x2.0] ep 45 success=True steps=120 inf=22.9s sim=5.7s total=32.5s
[octo-base|PutEggplantInBasketScene-v1|iso_x2.0] ep 46 success=False steps=120 inf=22.3s sim=5.7s total=32.1s
[octo-base|PutEggplantInBasketScene-v1|iso_x2.0] ep 47 success=False steps=120 inf=23.0s sim=5.0s total=31.9s
== iso_x2.0: 18/48 success
[33;1m2026-09-18 13:39:25,246 - mani_skill  - WARNING - Mimic targets dictionary is missing for controller config for widowx250s_bridgedataset_sink. Assuming the first joint is the control joint and the second joint is the mimic joint[0m
[33;1m2026-09-18 13:39:25,248 - mani_skill  - WARNING - No initial pose set for actor builder of eggplant, setting to default pose q=[1,0,0,0], p=[0,0,0]. Not setting reasonable initial poses may slow down simulation, see https://github.com/haosulab/ManiSkill/issues/421.[0m
[33;1m2026-09-18 13:39:25,248 - mani_skill  - WARNING - No initial pose set for actor builder of dummy_sink_target_plane, setting to default pose q=[1,0,0,0], p=[0,0,0]. Not setting reasonable initial poses may slow down simulation, see https://github.com/haosulab/ManiSkill/issues/421.[0m
[octo-base|PutEggplantInBasketScene-v1|iso_x4.0] ep 24 success=True steps=120 inf=24.1s sim=4.0s total=31.9s
[octo-base|PutEggplantInBasketScene-v1|iso_x4.0] ep 25 success=False steps=120 inf=22.8s sim=4.6s total=31.2s
[octo-base|PutEggplantInBasketScene-v1|iso_x4.0] ep 26 success=False steps=120 inf=23.2s sim=5.0s total=31.7s
[octo-base|PutEggplantInBasketScene-v1|iso_x4.0] ep 27 success=False steps=120 inf=22.3s sim=5.3s total=31.5s
[octo-base|PutEggplantInBasketScene-v1|iso_x4.0] ep 28 success=False steps=120 inf=19.4s sim=3.7s total=26.5s
[octo-base|PutEggplantInBasketScene-v1|iso_x4.0] ep 29 success=True steps=120 inf=18.6s sim=4.0s total=25.9s
[octo-base|PutEggplantInBasketScene-v1|iso_x4.0] ep 30 success=True steps=120 inf=18.0s sim=4.1s total=25.4s
[octo-base|PutEggplantInBasketScene-v1|iso_x4.0] ep 31 success=False steps=120 inf=18.1s sim=4.0s total=25.4s
[octo-base|PutEggplantInBasketScene-v1|iso_x4.0] ep 32 success=False steps=120 inf=17.7s sim=3.8s total=24.5s
[octo-base|PutEggplantInBasketScene-v1|iso_x4.0] ep 33 success=False steps=120 inf=12.2s sim=4.3s total=19.8s
[octo-base|PutEggplantInBasketScene-v1|iso_x4.0] ep 34 success=False steps=120 inf=12.9s sim=3.3s total=19.4s
[octo-base|PutEggplantInBasketScene-v1|iso_x4.0] ep 35 success=False steps=120 inf=13.1s sim=3.7s total=20.0s
[octo-base|PutEggplantInBasketScene-v1|iso_x4.0] ep 36 success=False steps=120 inf=12.4s sim=3.6s total=19.5s
[octo-base|PutEggplantInBasketScene-v1|iso_x4.0] ep 37 success=True steps=120 inf=13.8s sim=2.7s total=19.8s
[octo-base|PutEggplantInBasketScene-v1|iso_x4.0] ep 38 success=True steps=120 inf=12.8s sim=4.0s total=19.8s
[octo-base|PutEggplantInBasketScene-v1|iso_x4.0] ep 39 success=False steps=120 inf=12.7s sim=3.5s total=19.3s
[octo-base|PutEggplantInBasketScene-v1|iso_x4.0] ep 40 success=True steps=120 inf=12.6s sim=3.9s total=19.5s
[octo-base|PutEggplantInBasketScene-v1|iso_x4.0] ep 41 success=False steps=120 inf=11.5s sim=4.2s total=19.2s
[octo-base|PutEggplantInBasketScene-v1|iso_x4.0] ep 42 success=True steps=120 inf=13.3s sim=2.6s total=18.9s
[octo-base|PutEggplantInBasketScene-v1|iso_x4.0] ep 43 success=False steps=120 inf=11.8s sim=4.5s total=19.4s
[octo-base|PutEggplantInBasketScene-v1|iso_x4.0] ep 44 success=False steps=120 inf=12.7s sim=3.0s total=18.7s
[octo-base|PutEggplantInBasketScene-v1|iso_x4.0] ep 45 success=True steps=120 inf=13.2s sim=2.9s total=19.3s
[octo-base|PutEggplantInBasketScene-v1|iso_x4.0] ep 46 success=False steps=120 inf=12.5s sim=3.7s total=19.4s
[octo-base|PutEggplantInBasketScene-v1|iso_x4.0] ep 47 success=False steps=120 inf=12.2s sim=3.9s total=19.1s
== iso_x4.0: 17/48 success
