E:\research\the_world\.venv-windows-ms3\Lib\site-packages\sapien\wrapper\pinocchio_model.py:299: UserWarning: pinnochio package is not installed, robotics functionalities will not be available
  warnings.warn(
[33;1m2026-09-18 12:36:07,626 - mani_skill  - WARNING - Mimic targets dictionary is missing for controller config for widowx250s_bridgedataset_flat_table. Assuming the first joint is the control joint and the second joint is the mimic joint[0m
[33;1m2026-09-18 12:36:07,717 - mani_skill  - WARNING - No initial pose set for actor builder of bridge_carrot_generated_modified, setting to default pose q=[1,0,0,0], p=[0,0,0]. Not setting reasonable initial poses may slow down simulation, see https://github.com/haosulab/ManiSkill/issues/421.[0m
[33;1m2026-09-18 12:36:07,726 - mani_skill  - WARNING - No initial pose set for actor builder of bridge_plate_objaverse_larger, setting to default pose q=[1,0,0,0], p=[0,0,0]. Not setting reasonable initial poses may slow down simulation, see https://github.com/haosulab/ManiSkill/issues/421.[0m
[octo-base|PutCarrotOnPlateInScene-v1|iso_x0.25] ep 24 success=False steps=60 inf=10.5s sim=1.8s total=14.1s
[octo-base|PutCarrotOnPlateInScene-v1|iso_x0.25] ep 25 success=False steps=60 inf=9.7s sim=2.0s total=13.4s
[octo-base|PutCarrotOnPlateInScene-v1|iso_x0.25] ep 26 success=False steps=60 inf=11.0s sim=1.8s total=14.7s
[octo-base|PutCarrotOnPlateInScene-v1|iso_x0.25] ep 27 success=False steps=60 inf=11.5s sim=2.0s total=15.4s
[octo-base|PutCarrotOnPlateInScene-v1|iso_x0.25] ep 28 success=False steps=60 inf=11.5s sim=1.7s total=15.0s
[octo-base|PutCarrotOnPlateInScene-v1|iso_x0.25] ep 29 success=False steps=60 inf=12.3s sim=2.0s total=16.2s
[octo-base|PutCarrotOnPlateInScene-v1|iso_x0.25] ep 30 success=False steps=60 inf=11.6s sim=1.9s total=15.5s
[octo-base|PutCarrotOnPlateInScene-v1|iso_x0.25] ep 31 success=False steps=60 inf=12.9s sim=1.9s total=16.7s
[octo-base|PutCarrotOnPlateInScene-v1|iso_x0.25] ep 32 success=False steps=60 inf=11.3s sim=1.8s total=15.2s
[octo-base|PutCarrotOnPlateInScene-v1|iso_x0.25] ep 33 success=False steps=60 inf=12.1s sim=2.0s total=16.0s
[octo-base|PutCarrotOnPlateInScene-v1|iso_x0.25] ep 34 success=False steps=60 inf=12.3s sim=1.6s total=16.0s
[octo-base|PutCarrotOnPlateInScene-v1|iso_x0.25] ep 35 success=True steps=60 inf=12.2s sim=1.9s total=16.1s
[octo-base|PutCarrotOnPlateInScene-v1|iso_x0.25] ep 36 success=True steps=60 inf=11.0s sim=2.0s total=15.0s
[octo-base|PutCarrotOnPlateInScene-v1|iso_x0.25] ep 37 success=False steps=60 inf=11.2s sim=2.0s total=15.3s
[octo-base|PutCarrotOnPlateInScene-v1|iso_x0.25] ep 38 success=True steps=60 inf=12.5s sim=1.8s total=16.3s
[octo-base|PutCarrotOnPlateInScene-v1|iso_x0.25] ep 39 success=False steps=60 inf=11.5s sim=1.9s total=15.5s
[octo-base|PutCarrotOnPlateInScene-v1|iso_x0.25] ep 40 success=True steps=60 inf=12.4s sim=1.7s total=16.1s
[octo-base|PutCarrotOnPlateInScene-v1|iso_x0.25] ep 41 success=False steps=60 inf=12.5s sim=1.8s total=16.0s
[octo-base|PutCarrotOnPlateInScene-v1|iso_x0.25] ep 42 success=False steps=60 inf=11.6s sim=1.9s total=15.6s
[octo-base|PutCarrotOnPlateInScene-v1|iso_x0.25] ep 43 success=False steps=60 inf=12.5s sim=1.9s total=16.2s
[octo-base|PutCarrotOnPlateInScene-v1|iso_x0.25] ep 44 success=False steps=60 inf=11.8s sim=2.0s total=15.9s
[octo-base|PutCarrotOnPlateInScene-v1|iso_x0.25] ep 45 success=False steps=60 inf=11.2s sim=2.1s total=15.3s
[octo-base|PutCarrotOnPlateInScene-v1|iso_x0.25] ep 46 success=False steps=60 inf=11.6s sim=2.0s total=16.0s
[octo-base|PutCarrotOnPlateInScene-v1|iso_x0.25] ep 47 success=False steps=60 inf=11.5s sim=1.9s total=15.3s
== iso_x0.25: 7/48 success
[33;1m2026-09-18 12:42:22,190 - mani_skill  - WARNING - Mimic targets dictionary is missing for controller config for widowx250s_bridgedataset_flat_table. Assuming the first joint is the control joint and the second joint is the mimic joint[0m
[33;1m2026-09-18 12:42:22,202 - mani_skill  - WARNING - No initial pose set for actor builder of bridge_carrot_generated_modified, setting to default pose q=[1,0,0,0], p=[0,0,0]. Not setting reasonable initial poses may slow down simulation, see https://github.com/haosulab/ManiSkill/issues/421.[0m
[33;1m2026-09-18 12:42:22,208 - mani_skill  - WARNING - No initial pose set for actor builder of bridge_plate_objaverse_larger, setting to default pose q=[1,0,0,0], p=[0,0,0]. Not setting reasonable initial poses may slow down simulation, see https://github.com/haosulab/ManiSkill/issues/421.[0m
[octo-base|PutCarrotOnPlateInScene-v1|iso_x0.5] ep 24 success=False steps=60 inf=12.2s sim=1.8s total=15.9s
[octo-base|PutCarrotOnPlateInScene-v1|iso_x0.5] ep 25 success=False steps=60 inf=12.1s sim=1.9s total=16.1s
[octo-base|PutCarrotOnPlateInScene-v1|iso_x0.5] ep 26 success=False steps=60 inf=11.7s sim=1.8s total=15.5s
[octo-base|PutCarrotOnPlateInScene-v1|iso_x0.5] ep 27 success=False steps=60 inf=11.8s sim=1.8s total=15.9s
[octo-base|PutCarrotOnPlateInScene-v1|iso_x0.5] ep 28 success=False steps=60 inf=11.6s sim=1.7s total=15.2s
[octo-base|PutCarrotOnPlateInScene-v1|iso_x0.5] ep 29 success=False steps=60 inf=12.4s sim=1.9s total=16.3s
[octo-base|PutCarrotOnPlateInScene-v1|iso_x0.5] ep 30 success=False steps=60 inf=10.9s sim=2.1s total=14.7s
[octo-base|PutCarrotOnPlateInScene-v1|iso_x0.5] ep 31 success=False steps=60 inf=11.7s sim=1.9s total=15.8s
[octo-base|PutCarrotOnPlateInScene-v1|iso_x0.5] ep 32 success=False steps=60 inf=11.4s sim=2.0s total=15.2s
[octo-base|PutCarrotOnPlateInScene-v1|iso_x0.5] ep 33 success=False steps=60 inf=11.2s sim=1.9s total=15.3s
[octo-base|PutCarrotOnPlateInScene-v1|iso_x0.5] ep 34 success=False steps=60 inf=10.7s sim=1.9s total=14.5s
[octo-base|PutCarrotOnPlateInScene-v1|iso_x0.5] ep 35 success=False steps=60 inf=11.9s sim=1.9s total=15.6s
[octo-base|PutCarrotOnPlateInScene-v1|iso_x0.5] ep 36 success=True steps=60 inf=11.7s sim=1.9s total=15.4s
[octo-base|PutCarrotOnPlateInScene-v1|iso_x0.5] ep 37 success=False steps=60 inf=12.3s sim=1.9s total=16.0s
[octo-base|PutCarrotOnPlateInScene-v1|iso_x0.5] ep 38 success=True steps=60 inf=11.8s sim=2.0s total=15.6s
[octo-base|PutCarrotOnPlateInScene-v1|iso_x0.5] ep 39 success=False steps=60 inf=12.5s sim=1.8s total=16.2s
[octo-base|PutCarrotOnPlateInScene-v1|iso_x0.5] ep 40 success=True steps=60 inf=12.2s sim=1.8s total=15.8s
[octo-base|PutCarrotOnPlateInScene-v1|iso_x0.5] ep 41 success=False steps=60 inf=11.6s sim=1.8s total=15.4s
[octo-base|PutCarrotOnPlateInScene-v1|iso_x0.5] ep 42 success=False steps=60 inf=12.2s sim=1.7s total=15.8s
[octo-base|PutCarrotOnPlateInScene-v1|iso_x0.5] ep 43 success=False steps=60 inf=11.7s sim=1.9s total=15.5s
[octo-base|PutCarrotOnPlateInScene-v1|iso_x0.5] ep 44 success=False steps=60 inf=12.5s sim=1.8s total=16.4s
[octo-base|PutCarrotOnPlateInScene-v1|iso_x0.5] ep 45 success=False steps=60 inf=11.4s sim=1.9s total=15.4s
[octo-base|PutCarrotOnPlateInScene-v1|iso_x0.5] ep 46 success=True steps=60 inf=12.4s sim=1.7s total=16.1s
[octo-base|PutCarrotOnPlateInScene-v1|iso_x0.5] ep 47 success=False steps=60 inf=11.6s sim=2.0s total=15.6s
== iso_x0.5: 9/48 success
[33;1m2026-09-18 12:48:37,800 - mani_skill  - WARNING - Mimic targets dictionary is missing for controller config for widowx250s_bridgedataset_flat_table. Assuming the first joint is the control joint and the second joint is the mimic joint[0m
[33;1m2026-09-18 12:48:37,811 - mani_skill  - WARNING - No initial pose set for actor builder of bridge_carrot_generated_modified, setting to default pose q=[1,0,0,0], p=[0,0,0]. Not setting reasonable initial poses may slow down simulation, see https://github.com/haosulab/ManiSkill/issues/421.[0m
[33;1m2026-09-18 12:48:37,812 - mani_skill  - WARNING - No initial pose set for actor builder of bridge_plate_objaverse_larger, setting to default pose q=[1,0,0,0], p=[0,0,0]. Not setting reasonable initial poses may slow down simulation, see https://github.com/haosulab/ManiSkill/issues/421.[0m
== nominal: 7/48 success
[33;1m2026-09-18 12:48:38,279 - mani_skill  - WARNING - Mimic targets dictionary is missing for controller config for widowx250s_bridgedataset_flat_table. Assuming the first joint is the control joint and the second joint is the mimic joint[0m
[33;1m2026-09-18 12:48:38,289 - mani_skill  - WARNING - No initial pose set for actor builder of bridge_carrot_generated_modified, setting to default pose q=[1,0,0,0], p=[0,0,0]. Not setting reasonable initial poses may slow down simulation, see https://github.com/haosulab/ManiSkill/issues/421.[0m
[33;1m2026-09-18 12:48:38,291 - mani_skill  - WARNING - No initial pose set for actor builder of bridge_plate_objaverse_larger, setting to default pose q=[1,0,0,0], p=[0,0,0]. Not setting reasonable initial poses may slow down simulation, see https://github.com/haosulab/ManiSkill/issues/421.[0m
[octo-base|PutCarrotOnPlateInScene-v1|iso_x2.0] ep 24 success=True steps=60 inf=12.2s sim=1.7s total=16.3s
[octo-base|PutCarrotOnPlateInScene-v1|iso_x2.0] ep 25 success=False steps=60 inf=12.2s sim=1.8s total=15.8s
[octo-base|PutCarrotOnPlateInScene-v1|iso_x2.0] ep 26 success=False steps=60 inf=12.3s sim=1.7s total=15.9s
[octo-base|PutCarrotOnPlateInScene-v1|iso_x2.0] ep 27 success=False steps=60 inf=12.1s sim=1.9s total=15.9s
[octo-base|PutCarrotOnPlateInScene-v1|iso_x2.0] ep 28 success=False steps=60 inf=10.7s sim=2.0s total=14.5s
[octo-base|PutCarrotOnPlateInScene-v1|iso_x2.0] ep 29 success=False steps=60 inf=11.9s sim=2.1s total=16.0s
[octo-base|PutCarrotOnPlateInScene-v1|iso_x2.0] ep 30 success=True steps=60 inf=11.6s sim=1.9s total=15.5s
[octo-base|PutCarrotOnPlateInScene-v1|iso_x2.0] ep 31 success=False steps=60 inf=12.3s sim=1.9s total=16.0s
[octo-base|PutCarrotOnPlateInScene-v1|iso_x2.0] ep 32 success=False steps=60 inf=11.3s sim=1.8s total=15.0s
[octo-base|PutCarrotOnPlateInScene-v1|iso_x2.0] ep 33 success=False steps=60 inf=11.7s sim=1.9s total=15.6s
[octo-base|PutCarrotOnPlateInScene-v1|iso_x2.0] ep 34 success=False steps=60 inf=11.4s sim=1.8s total=15.1s
[octo-base|PutCarrotOnPlateInScene-v1|iso_x2.0] ep 35 success=False steps=60 inf=13.2s sim=1.8s total=16.9s
[octo-base|PutCarrotOnPlateInScene-v1|iso_x2.0] ep 36 success=True steps=60 inf=12.3s sim=1.7s total=16.0s
[octo-base|PutCarrotOnPlateInScene-v1|iso_x2.0] ep 37 success=False steps=60 inf=11.5s sim=1.9s total=15.3s
[octo-base|PutCarrotOnPlateInScene-v1|iso_x2.0] ep 38 success=True steps=60 inf=11.5s sim=2.0s total=15.5s
[octo-base|PutCarrotOnPlateInScene-v1|iso_x2.0] ep 39 success=False steps=60 inf=11.3s sim=2.1s total=15.3s
[octo-base|PutCarrotOnPlateInScene-v1|iso_x2.0] ep 40 success=True steps=60 inf=12.0s sim=1.9s total=15.9s
[octo-base|PutCarrotOnPlateInScene-v1|iso_x2.0] ep 41 success=False steps=60 inf=11.9s sim=1.9s total=15.7s
[octo-base|PutCarrotOnPlateInScene-v1|iso_x2.0] ep 42 success=False steps=60 inf=12.1s sim=1.8s total=15.8s
[octo-base|PutCarrotOnPlateInScene-v1|iso_x2.0] ep 43 success=False steps=60 inf=11.3s sim=2.0s total=15.2s
[octo-base|PutCarrotOnPlateInScene-v1|iso_x2.0] ep 44 success=False steps=60 inf=11.0s sim=2.0s total=15.1s
[octo-base|PutCarrotOnPlateInScene-v1|iso_x2.0] ep 45 success=False steps=60 inf=12.1s sim=1.8s total=15.9s
[octo-base|PutCarrotOnPlateInScene-v1|iso_x2.0] ep 46 success=True steps=60 inf=11.4s sim=1.9s total=15.2s
[octo-base|PutCarrotOnPlateInScene-v1|iso_x2.0] ep 47 success=False steps=60 inf=12.0s sim=1.8s total=15.8s
== iso_x2.0: 10/48 success
[33;1m2026-09-18 12:54:54,152 - mani_skill  - WARNING - Mimic targets dictionary is missing for controller config for widowx250s_bridgedataset_flat_table. Assuming the first joint is the control joint and the second joint is the mimic joint[0m
[33;1m2026-09-18 12:54:54,155 - mani_skill  - WARNING - No initial pose set for actor builder of bridge_carrot_generated_modified, setting to default pose q=[1,0,0,0], p=[0,0,0]. Not setting reasonable initial poses may slow down simulation, see https://github.com/haosulab/ManiSkill/issues/421.[0m
[33;1m2026-09-18 12:54:54,155 - mani_skill  - WARNING - No initial pose set for actor builder of bridge_plate_objaverse_larger, setting to default pose q=[1,0,0,0], p=[0,0,0]. Not setting reasonable initial poses may slow down simulation, see https://github.com/haosulab/ManiSkill/issues/421.[0m
[octo-base|PutCarrotOnPlateInScene-v1|iso_x4.0] ep 24 success=False steps=60 inf=11.6s sim=1.9s total=15.3s
[octo-base|PutCarrotOnPlateInScene-v1|iso_x4.0] ep 25 success=False steps=60 inf=11.7s sim=2.0s total=15.6s
[octo-base|PutCarrotOnPlateInScene-v1|iso_x4.0] ep 26 success=False steps=60 inf=11.5s sim=1.9s total=15.2s
[octo-base|PutCarrotOnPlateInScene-v1|iso_x4.0] ep 27 success=False steps=60 inf=12.7s sim=1.8s total=16.4s
[octo-base|PutCarrotOnPlateInScene-v1|iso_x4.0] ep 28 success=False steps=60 inf=12.7s sim=1.6s total=16.3s
[octo-base|PutCarrotOnPlateInScene-v1|iso_x4.0] ep 29 success=True steps=60 inf=12.4s sim=2.0s total=16.4s
[octo-base|PutCarrotOnPlateInScene-v1|iso_x4.0] ep 30 success=False steps=60 inf=11.1s sim=2.0s total=15.2s
[octo-base|PutCarrotOnPlateInScene-v1|iso_x4.0] ep 31 success=False steps=60 inf=12.1s sim=1.9s total=16.0s
[octo-base|PutCarrotOnPlateInScene-v1|iso_x4.0] ep 32 success=False steps=60 inf=11.4s sim=1.8s total=14.9s
[octo-base|PutCarrotOnPlateInScene-v1|iso_x4.0] ep 33 success=False steps=60 inf=11.7s sim=2.1s total=15.9s
[octo-base|PutCarrotOnPlateInScene-v1|iso_x4.0] ep 34 success=False steps=60 inf=10.9s sim=1.7s total=14.5s
[octo-base|PutCarrotOnPlateInScene-v1|iso_x4.0] ep 35 success=False steps=60 inf=9.5s sim=1.8s total=13.0s
[octo-base|PutCarrotOnPlateInScene-v1|iso_x4.0] ep 36 success=True steps=60 inf=9.6s sim=1.7s total=13.1s
[octo-base|PutCarrotOnPlateInScene-v1|iso_x4.0] ep 37 success=False steps=60 inf=11.6s sim=2.0s total=15.5s
[octo-base|PutCarrotOnPlateInScene-v1|iso_x4.0] ep 38 success=False steps=60 inf=12.7s sim=1.6s total=16.4s
[octo-base|PutCarrotOnPlateInScene-v1|iso_x4.0] ep 39 success=False steps=60 inf=11.6s sim=1.9s total=15.3s
[octo-base|PutCarrotOnPlateInScene-v1|iso_x4.0] ep 40 success=True steps=60 inf=12.2s sim=1.9s total=16.1s
[octo-base|PutCarrotOnPlateInScene-v1|iso_x4.0] ep 41 success=False steps=60 inf=11.9s sim=1.8s total=15.6s
[octo-base|PutCarrotOnPlateInScene-v1|iso_x4.0] ep 42 success=False steps=60 inf=12.6s sim=1.8s total=16.4s
[octo-base|PutCarrotOnPlateInScene-v1|iso_x4.0] ep 43 success=False steps=60 inf=11.4s sim=1.9s total=15.3s
[octo-base|PutCarrotOnPlateInScene-v1|iso_x4.0] ep 44 success=False steps=60 inf=11.9s sim=1.9s total=15.7s
[octo-base|PutCarrotOnPlateInScene-v1|iso_x4.0] ep 45 success=False steps=60 inf=11.9s sim=1.9s total=15.8s
[octo-base|PutCarrotOnPlateInScene-v1|iso_x4.0] ep 46 success=True steps=60 inf=11.9s sim=1.8s total=15.7s
[octo-base|PutCarrotOnPlateInScene-v1|iso_x4.0] ep 47 success=False steps=60 inf=11.3s sim=1.9s total=15.0s
== iso_x4.0: 6/48 success
