E:\research\the_world\.venv-windows-ms3\Lib\site-packages\sapien\wrapper\pinocchio_model.py:299: UserWarning: pinnochio package is not installed, robotics functionalities will not be available
  warnings.warn(
[33;1m2026-09-18 21:49:03,395 - mani_skill  - WARNING - Mimic targets dictionary is missing for controller config for widowx250s_bridgedataset_sink. Assuming the first joint is the control joint and the second joint is the mimic joint[0m
[33;1m2026-09-18 21:49:03,536 - mani_skill  - WARNING - No initial pose set for actor builder of eggplant, setting to default pose q=[1,0,0,0], p=[0,0,0]. Not setting reasonable initial poses may slow down simulation, see https://github.com/haosulab/ManiSkill/issues/421.[0m
[33;1m2026-09-18 21:49:03,555 - mani_skill  - WARNING - No initial pose set for actor builder of dummy_sink_target_plane, setting to default pose q=[1,0,0,0], p=[0,0,0]. Not setting reasonable initial poses may slow down simulation, see https://github.com/haosulab/ManiSkill/issues/421.[0m
[octo-small|PutEggplantInBasketScene-v1|fric_x0.4] ep 0 success=True steps=120 inf=19.7s sim=3.9s total=28.6s
[octo-small|PutEggplantInBasketScene-v1|fric_x0.4] ep 1 success=True steps=120 inf=20.8s sim=4.7s total=30.3s
[octo-small|PutEggplantInBasketScene-v1|fric_x0.4] ep 2 success=True steps=120 inf=20.8s sim=5.7s total=31.4s
[octo-small|PutEggplantInBasketScene-v1|fric_x0.4] ep 3 success=False steps=120 inf=22.8s sim=4.9s total=31.7s
[octo-small|PutEggplantInBasketScene-v1|fric_x0.4] ep 4 success=True steps=120 inf=21.7s sim=4.4s total=31.8s
[octo-small|PutEggplantInBasketScene-v1|fric_x0.4] ep 5 success=False steps=120 inf=21.9s sim=6.5s total=33.2s
[octo-small|PutEggplantInBasketScene-v1|fric_x0.4] ep 6 success=False steps=120 inf=21.6s sim=6.1s total=32.8s
[octo-small|PutEggplantInBasketScene-v1|fric_x0.4] ep 7 success=False steps=120 inf=22.4s sim=5.7s total=32.8s
[octo-small|PutEggplantInBasketScene-v1|fric_x0.4] ep 8 success=True steps=120 inf=21.7s sim=4.5s total=31.0s
[octo-small|PutEggplantInBasketScene-v1|fric_x0.4] ep 9 success=True steps=120 inf=21.8s sim=4.7s total=31.2s
[octo-small|PutEggplantInBasketScene-v1|fric_x0.4] ep 10 success=False steps=120 inf=21.6s sim=6.0s total=32.4s
[octo-small|PutEggplantInBasketScene-v1|fric_x0.4] ep 11 success=False steps=120 inf=22.1s sim=5.1s total=32.1s
[octo-small|PutEggplantInBasketScene-v1|fric_x0.4] ep 12 success=True steps=120 inf=22.9s sim=6.3s total=34.1s
[octo-small|PutEggplantInBasketScene-v1|fric_x0.4] ep 13 success=True steps=120 inf=21.2s sim=4.4s total=30.1s
[octo-small|PutEggplantInBasketScene-v1|fric_x0.4] ep 14 success=False steps=120 inf=21.5s sim=6.4s total=32.6s
[octo-small|PutEggplantInBasketScene-v1|fric_x0.4] ep 15 success=False steps=120 inf=22.0s sim=6.8s total=33.5s
[octo-small|PutEggplantInBasketScene-v1|fric_x0.4] ep 16 success=True steps=120 inf=21.5s sim=4.8s total=31.0s
[octo-small|PutEggplantInBasketScene-v1|fric_x0.4] ep 17 success=True steps=120 inf=21.8s sim=4.1s total=30.9s
[octo-small|PutEggplantInBasketScene-v1|fric_x0.4] ep 18 success=True steps=120 inf=21.0s sim=4.7s total=30.4s
[octo-small|PutEggplantInBasketScene-v1|fric_x0.4] ep 19 success=False steps=120 inf=21.6s sim=5.8s total=32.0s
[octo-small|PutEggplantInBasketScene-v1|fric_x0.4] ep 20 success=False steps=120 inf=21.9s sim=5.7s total=32.3s
[octo-small|PutEggplantInBasketScene-v1|fric_x0.4] ep 21 success=True steps=120 inf=21.6s sim=4.2s total=30.7s
[octo-small|PutEggplantInBasketScene-v1|fric_x0.4] ep 22 success=False steps=120 inf=21.7s sim=6.9s total=33.6s
[octo-small|PutEggplantInBasketScene-v1|fric_x0.4] ep 23 success=False steps=120 inf=21.9s sim=7.1s total=33.8s
[octo-small|PutEggplantInBasketScene-v1|fric_x0.4] ep 24 success=False steps=120 inf=21.2s sim=6.1s total=32.6s
[octo-small|PutEggplantInBasketScene-v1|fric_x0.4] ep 25 success=True steps=120 inf=21.8s sim=4.3s total=31.1s
[octo-small|PutEggplantInBasketScene-v1|fric_x0.4] ep 26 success=True steps=120 inf=21.3s sim=6.4s total=32.5s
[octo-small|PutEggplantInBasketScene-v1|fric_x0.4] ep 27 success=False steps=120 inf=21.6s sim=6.3s total=33.0s
[octo-small|PutEggplantInBasketScene-v1|fric_x0.4] ep 28 success=True steps=120 inf=22.3s sim=5.4s total=33.1s
[octo-small|PutEggplantInBasketScene-v1|fric_x0.4] ep 29 success=True steps=120 inf=23.0s sim=4.7s total=32.9s
[octo-small|PutEggplantInBasketScene-v1|fric_x0.4] ep 30 success=False steps=120 inf=23.9s sim=8.0s total=37.3s
[octo-small|PutEggplantInBasketScene-v1|fric_x0.4] ep 31 success=True steps=120 inf=24.9s sim=6.3s total=37.0s
[octo-small|PutEggplantInBasketScene-v1|fric_x0.4] ep 32 success=False steps=120 inf=23.5s sim=6.2s total=34.9s
[octo-small|PutEggplantInBasketScene-v1|fric_x0.4] ep 33 success=True steps=120 inf=21.3s sim=5.9s total=32.4s
[octo-small|PutEggplantInBasketScene-v1|fric_x0.4] ep 34 success=False steps=120 inf=21.2s sim=5.9s total=32.0s
[octo-small|PutEggplantInBasketScene-v1|fric_x0.4] ep 35 success=False steps=120 inf=22.1s sim=5.5s total=33.1s
[octo-small|PutEggplantInBasketScene-v1|fric_x0.4] ep 36 success=True steps=120 inf=25.0s sim=5.4s total=36.2s
[octo-small|PutEggplantInBasketScene-v1|fric_x0.4] ep 37 success=True steps=120 inf=23.0s sim=5.2s total=33.1s
[octo-small|PutEggplantInBasketScene-v1|fric_x0.4] ep 38 success=False steps=120 inf=22.4s sim=6.6s total=34.1s
[octo-small|PutEggplantInBasketScene-v1|fric_x0.4] ep 39 success=False steps=120 inf=23.0s sim=6.2s total=34.3s
[octo-small|PutEggplantInBasketScene-v1|fric_x0.4] ep 40 success=True steps=120 inf=20.7s sim=4.5s total=30.2s
[octo-small|PutEggplantInBasketScene-v1|fric_x0.4] ep 41 success=True steps=120 inf=21.9s sim=5.2s total=32.1s
[octo-small|PutEggplantInBasketScene-v1|fric_x0.4] ep 42 success=False steps=120 inf=22.6s sim=6.5s total=34.3s
[octo-small|PutEggplantInBasketScene-v1|fric_x0.4] ep 43 success=False steps=120 inf=21.8s sim=5.8s total=32.5s
[octo-small|PutEggplantInBasketScene-v1|fric_x0.4] ep 44 success=True steps=120 inf=22.0s sim=4.8s total=31.7s
[octo-small|PutEggplantInBasketScene-v1|fric_x0.4] ep 45 success=True steps=120 inf=21.3s sim=4.7s total=30.8s
[octo-small|PutEggplantInBasketScene-v1|fric_x0.4] ep 46 success=False steps=120 inf=20.5s sim=6.8s total=32.1s
[octo-small|PutEggplantInBasketScene-v1|fric_x0.4] ep 47 success=False steps=120 inf=20.8s sim=5.2s total=30.8s
[octo-small|PutEggplantInBasketScene-v1|fric_x0.4] ep 48 success=True steps=120 inf=21.2s sim=4.1s total=30.5s
[octo-small|PutEggplantInBasketScene-v1|fric_x0.4] ep 49 success=True steps=120 inf=20.7s sim=5.7s total=31.4s
[octo-small|PutEggplantInBasketScene-v1|fric_x0.4] ep 50 success=False steps=120 inf=21.5s sim=5.5s total=32.0s
[octo-small|PutEggplantInBasketScene-v1|fric_x0.4] ep 51 success=True steps=120 inf=20.7s sim=4.5s total=29.8s
[octo-small|PutEggplantInBasketScene-v1|fric_x0.4] ep 52 success=False steps=120 inf=20.9s sim=6.2s total=32.2s
[octo-small|PutEggplantInBasketScene-v1|fric_x0.4] ep 53 success=True steps=120 inf=20.8s sim=4.1s total=30.0s
[octo-small|PutEggplantInBasketScene-v1|fric_x0.4] ep 54 success=True steps=120 inf=20.5s sim=6.3s total=31.5s
[octo-small|PutEggplantInBasketScene-v1|fric_x0.4] ep 55 success=False steps=120 inf=21.1s sim=4.2s total=30.4s
[octo-small|PutEggplantInBasketScene-v1|fric_x0.4] ep 56 success=False steps=120 inf=21.5s sim=5.2s total=31.5s
[octo-small|PutEggplantInBasketScene-v1|fric_x0.4] ep 57 success=True steps=120 inf=20.7s sim=4.8s total=30.5s
[octo-small|PutEggplantInBasketScene-v1|fric_x0.4] ep 58 success=True steps=120 inf=21.6s sim=4.7s total=31.1s
[octo-small|PutEggplantInBasketScene-v1|fric_x0.4] ep 59 success=False steps=120 inf=20.7s sim=5.5s total=31.1s
[octo-small|PutEggplantInBasketScene-v1|fric_x0.4] ep 60 success=True steps=120 inf=21.9s sim=6.7s total=33.6s
[octo-small|PutEggplantInBasketScene-v1|fric_x0.4] ep 61 success=True steps=120 inf=21.2s sim=4.6s total=30.9s
[octo-small|PutEggplantInBasketScene-v1|fric_x0.4] ep 62 success=True steps=120 inf=32.3s sim=7.0s total=46.4s
[octo-small|PutEggplantInBasketScene-v1|fric_x0.4] ep 63 success=False steps=120 inf=38.3s sim=7.8s total=53.3s
[octo-small|PutEggplantInBasketScene-v1|fric_x0.4] ep 64 success=False steps=120 inf=41.4s sim=8.7s total=58.3s
[octo-small|PutEggplantInBasketScene-v1|fric_x0.4] ep 65 success=True steps=120 inf=46.8s sim=7.1s total=56.2s
[octo-small|PutEggplantInBasketScene-v1|fric_x0.4] ep 66 success=False steps=120 inf=38.4s sim=9.3s total=51.6s
[octo-small|PutEggplantInBasketScene-v1|fric_x0.4] ep 67 success=False steps=120 inf=36.0s sim=7.8s total=49.9s
[octo-small|PutEggplantInBasketScene-v1|fric_x0.4] ep 68 success=False steps=120 inf=47.6s sim=10.0s total=64.4s
[octo-small|PutEggplantInBasketScene-v1|fric_x0.4] ep 69 success=False steps=120 inf=37.6s sim=6.6s total=51.3s
[octo-small|PutEggplantInBasketScene-v1|fric_x0.4] ep 70 success=False steps=120 inf=35.2s sim=8.8s total=51.1s
[octo-small|PutEggplantInBasketScene-v1|fric_x0.4] ep 71 success=False steps=120 inf=34.0s sim=9.7s total=50.3s
[octo-small|PutEggplantInBasketScene-v1|fric_x0.4] ep 72 success=True steps=120 inf=37.1s sim=6.4s total=50.0s
[octo-small|PutEggplantInBasketScene-v1|fric_x0.4] ep 73 success=True steps=120 inf=38.2s sim=8.2s total=53.3s
[octo-small|PutEggplantInBasketScene-v1|fric_x0.4] ep 74 success=False steps=120 inf=36.5s sim=7.3s total=50.4s
[octo-small|PutEggplantInBasketScene-v1|fric_x0.4] ep 75 success=False steps=120 inf=37.7s sim=9.1s total=53.6s
[octo-small|PutEggplantInBasketScene-v1|fric_x0.4] ep 76 success=True steps=120 inf=36.9s sim=8.2s total=51.8s
[octo-small|PutEggplantInBasketScene-v1|fric_x0.4] ep 77 success=True steps=120 inf=36.0s sim=6.7s total=49.7s
[octo-small|PutEggplantInBasketScene-v1|fric_x0.4] ep 78 success=False steps=120 inf=37.5s sim=8.5s total=52.8s
[octo-small|PutEggplantInBasketScene-v1|fric_x0.4] ep 79 success=True steps=120 inf=31.1s sim=7.5s total=45.1s
[octo-small|PutEggplantInBasketScene-v1|fric_x0.4] ep 80 success=True steps=120 inf=31.4s sim=7.0s total=45.1s
[octo-small|PutEggplantInBasketScene-v1|fric_x0.4] ep 81 success=True steps=120 inf=29.7s sim=7.0s total=42.8s
[octo-small|PutEggplantInBasketScene-v1|fric_x0.4] ep 82 success=False steps=120 inf=36.9s sim=8.6s total=52.5s
[octo-small|PutEggplantInBasketScene-v1|fric_x0.4] ep 83 success=True steps=120 inf=37.7s sim=7.4s total=52.5s
[octo-small|PutEggplantInBasketScene-v1|fric_x0.4] ep 84 success=False steps=120 inf=38.2s sim=8.6s total=53.5s
[octo-small|PutEggplantInBasketScene-v1|fric_x0.4] ep 85 success=False steps=120 inf=35.0s sim=6.9s total=48.8s
[octo-small|PutEggplantInBasketScene-v1|fric_x0.4] ep 86 success=False steps=120 inf=37.3s sim=9.5s total=53.6s
[octo-small|PutEggplantInBasketScene-v1|fric_x0.4] ep 87 success=False steps=120 inf=35.1s sim=9.5s total=51.6s
[octo-small|PutEggplantInBasketScene-v1|fric_x0.4] ep 88 success=False steps=120 inf=38.2s sim=7.4s total=52.6s
[octo-small|PutEggplantInBasketScene-v1|fric_x0.4] ep 89 success=True steps=120 inf=34.7s sim=6.6s total=47.8s
[octo-small|PutEggplantInBasketScene-v1|fric_x0.4] ep 90 success=True steps=120 inf=27.0s sim=8.3s total=41.2s
[octo-small|PutEggplantInBasketScene-v1|fric_x0.4] ep 91 success=False steps=120 inf=28.3s sim=7.9s total=42.3s
[octo-small|PutEggplantInBasketScene-v1|fric_x0.4] ep 92 success=True steps=120 inf=28.7s sim=6.7s total=41.6s
[octo-small|PutEggplantInBasketScene-v1|fric_x0.4] ep 93 success=True steps=120 inf=28.4s sim=5.5s total=40.2s
[octo-small|PutEggplantInBasketScene-v1|fric_x0.4] ep 94 success=True steps=120 inf=25.4s sim=5.2s total=36.3s
[octo-small|PutEggplantInBasketScene-v1|fric_x0.4] ep 95 success=True steps=120 inf=21.3s sim=6.8s total=33.5s
== fric_x0.4: 49/96 success
