E:\research\the_world\.venv-windows-ms3\Lib\site-packages\sapien\wrapper\pinocchio_model.py:299: UserWarning: pinnochio package is not installed, robotics functionalities will not be available
  warnings.warn(
[33;1m2026-09-18 21:49:03,396 - mani_skill  - WARNING - Mimic targets dictionary is missing for controller config for widowx250s_bridgedataset_sink. Assuming the first joint is the control joint and the second joint is the mimic joint[0m
[33;1m2026-09-18 21:49:03,536 - mani_skill  - WARNING - No initial pose set for actor builder of eggplant, setting to default pose q=[1,0,0,0], p=[0,0,0]. Not setting reasonable initial poses may slow down simulation, see https://github.com/haosulab/ManiSkill/issues/421.[0m
[33;1m2026-09-18 21:49:03,555 - mani_skill  - WARNING - No initial pose set for actor builder of dummy_sink_target_plane, setting to default pose q=[1,0,0,0], p=[0,0,0]. Not setting reasonable initial poses may slow down simulation, see https://github.com/haosulab/ManiSkill/issues/421.[0m
[octo-small|PutEggplantInBasketScene-v1|nominal] ep 0 success=True steps=120 inf=19.6s sim=4.0s total=28.5s
[octo-small|PutEggplantInBasketScene-v1|nominal] ep 1 success=True steps=120 inf=18.6s sim=4.3s total=27.4s
[octo-small|PutEggplantInBasketScene-v1|nominal] ep 2 success=True steps=120 inf=19.0s sim=6.3s total=30.1s
[octo-small|PutEggplantInBasketScene-v1|nominal] ep 3 success=True steps=120 inf=19.7s sim=5.1s total=28.4s
[octo-small|PutEggplantInBasketScene-v1|nominal] ep 4 success=False steps=120 inf=19.7s sim=6.4s total=30.9s
[octo-small|PutEggplantInBasketScene-v1|nominal] ep 5 success=True steps=120 inf=20.1s sim=6.3s total=31.1s
[octo-small|PutEggplantInBasketScene-v1|nominal] ep 6 success=False steps=120 inf=19.0s sim=6.8s total=30.8s
[octo-small|PutEggplantInBasketScene-v1|nominal] ep 7 success=False steps=120 inf=19.7s sim=6.5s total=31.0s
[octo-small|PutEggplantInBasketScene-v1|nominal] ep 8 success=True steps=120 inf=19.4s sim=4.8s total=28.8s
[octo-small|PutEggplantInBasketScene-v1|nominal] ep 9 success=True steps=120 inf=19.5s sim=5.1s total=29.2s
[octo-small|PutEggplantInBasketScene-v1|nominal] ep 10 success=False steps=120 inf=19.1s sim=6.4s total=30.3s
[octo-small|PutEggplantInBasketScene-v1|nominal] ep 11 success=False steps=120 inf=19.8s sim=5.8s total=30.2s
[octo-small|PutEggplantInBasketScene-v1|nominal] ep 12 success=False steps=120 inf=19.3s sim=7.3s total=31.2s
[octo-small|PutEggplantInBasketScene-v1|nominal] ep 13 success=False steps=120 inf=19.1s sim=4.3s total=28.0s
[octo-small|PutEggplantInBasketScene-v1|nominal] ep 14 success=False steps=120 inf=18.9s sim=6.5s total=30.0s
[octo-small|PutEggplantInBasketScene-v1|nominal] ep 15 success=False steps=120 inf=19.1s sim=6.0s total=29.7s
[octo-small|PutEggplantInBasketScene-v1|nominal] ep 16 success=True steps=120 inf=18.6s sim=4.3s total=27.3s
[octo-small|PutEggplantInBasketScene-v1|nominal] ep 17 success=True steps=120 inf=19.3s sim=4.1s total=28.1s
[octo-small|PutEggplantInBasketScene-v1|nominal] ep 18 success=True steps=120 inf=19.1s sim=4.9s total=28.7s
[octo-small|PutEggplantInBasketScene-v1|nominal] ep 19 success=False steps=120 inf=19.3s sim=5.8s total=29.8s
[octo-small|PutEggplantInBasketScene-v1|nominal] ep 20 success=True steps=120 inf=19.0s sim=6.8s total=30.3s
[octo-small|PutEggplantInBasketScene-v1|nominal] ep 21 success=False steps=120 inf=19.0s sim=4.4s total=27.9s
[octo-small|PutEggplantInBasketScene-v1|nominal] ep 22 success=True steps=120 inf=19.2s sim=5.3s total=29.0s
[octo-small|PutEggplantInBasketScene-v1|nominal] ep 23 success=False steps=120 inf=19.4s sim=6.3s total=30.4s
[octo-small|PutEggplantInBasketScene-v1|nominal] ep 24 success=False steps=120 inf=18.6s sim=6.2s total=29.4s
[octo-small|PutEggplantInBasketScene-v1|nominal] ep 25 success=True steps=120 inf=18.6s sim=5.1s total=28.6s
[octo-small|PutEggplantInBasketScene-v1|nominal] ep 26 success=True steps=120 inf=18.9s sim=8.0s total=31.7s
[octo-small|PutEggplantInBasketScene-v1|nominal] ep 27 success=False steps=120 inf=19.0s sim=5.7s total=29.2s
[octo-small|PutEggplantInBasketScene-v1|nominal] ep 28 success=True steps=120 inf=18.4s sim=4.6s total=27.8s
[octo-small|PutEggplantInBasketScene-v1|nominal] ep 29 success=True steps=120 inf=19.2s sim=5.2s total=29.4s
[octo-small|PutEggplantInBasketScene-v1|nominal] ep 30 success=False steps=120 inf=19.7s sim=7.9s total=32.6s
[octo-small|PutEggplantInBasketScene-v1|nominal] ep 31 success=True steps=120 inf=20.2s sim=4.8s total=30.0s
[octo-small|PutEggplantInBasketScene-v1|nominal] ep 32 success=False steps=120 inf=20.8s sim=5.9s total=31.7s
[octo-small|PutEggplantInBasketScene-v1|nominal] ep 33 success=True steps=120 inf=23.0s sim=8.7s total=37.7s
[octo-small|PutEggplantInBasketScene-v1|nominal] ep 34 success=True steps=120 inf=22.3s sim=5.8s total=33.1s
[octo-small|PutEggplantInBasketScene-v1|nominal] ep 35 success=False steps=120 inf=20.4s sim=6.6s total=32.3s
[octo-small|PutEggplantInBasketScene-v1|nominal] ep 36 success=False steps=120 inf=18.6s sim=7.1s total=30.5s
[octo-small|PutEggplantInBasketScene-v1|nominal] ep 37 success=False steps=120 inf=18.8s sim=4.8s total=28.3s
[octo-small|PutEggplantInBasketScene-v1|nominal] ep 38 success=False steps=120 inf=19.8s sim=6.0s total=31.0s
[octo-small|PutEggplantInBasketScene-v1|nominal] ep 39 success=False steps=120 inf=23.0s sim=10.2s total=38.5s
[octo-small|PutEggplantInBasketScene-v1|nominal] ep 40 success=True steps=120 inf=20.5s sim=4.6s total=30.2s
[octo-small|PutEggplantInBasketScene-v1|nominal] ep 41 success=True steps=120 inf=19.2s sim=5.0s total=29.0s
[octo-small|PutEggplantInBasketScene-v1|nominal] ep 42 success=True steps=120 inf=20.1s sim=5.8s total=30.8s
[octo-small|PutEggplantInBasketScene-v1|nominal] ep 43 success=False steps=120 inf=19.2s sim=6.2s total=30.2s
[octo-small|PutEggplantInBasketScene-v1|nominal] ep 44 success=True steps=120 inf=19.8s sim=5.7s total=30.2s
[octo-small|PutEggplantInBasketScene-v1|nominal] ep 45 success=True steps=120 inf=19.5s sim=4.5s total=28.7s
[octo-small|PutEggplantInBasketScene-v1|nominal] ep 46 success=False steps=120 inf=19.4s sim=6.4s total=30.6s
[octo-small|PutEggplantInBasketScene-v1|nominal] ep 47 success=False steps=120 inf=19.8s sim=5.9s total=30.7s
[octo-small|PutEggplantInBasketScene-v1|nominal] ep 48 success=True steps=120 inf=19.0s sim=4.4s total=28.4s
[octo-small|PutEggplantInBasketScene-v1|nominal] ep 49 success=True steps=120 inf=18.7s sim=4.2s total=27.9s
[octo-small|PutEggplantInBasketScene-v1|nominal] ep 50 success=True steps=120 inf=18.3s sim=5.2s total=28.2s
[octo-small|PutEggplantInBasketScene-v1|nominal] ep 51 success=False steps=120 inf=18.1s sim=5.5s total=28.3s
[octo-small|PutEggplantInBasketScene-v1|nominal] ep 52 success=False steps=120 inf=18.8s sim=6.4s total=30.3s
[octo-small|PutEggplantInBasketScene-v1|nominal] ep 53 success=True steps=120 inf=18.6s sim=4.2s total=28.0s
[octo-small|PutEggplantInBasketScene-v1|nominal] ep 54 success=False steps=120 inf=18.9s sim=5.9s total=29.5s
[octo-small|PutEggplantInBasketScene-v1|nominal] ep 55 success=False steps=120 inf=18.6s sim=4.8s total=28.3s
[octo-small|PutEggplantInBasketScene-v1|nominal] ep 56 success=False steps=120 inf=18.3s sim=5.6s total=28.6s
[octo-small|PutEggplantInBasketScene-v1|nominal] ep 57 success=True steps=120 inf=18.1s sim=5.4s total=28.5s
[octo-small|PutEggplantInBasketScene-v1|nominal] ep 58 success=True steps=120 inf=19.2s sim=4.7s total=28.6s
[octo-small|PutEggplantInBasketScene-v1|nominal] ep 59 success=False steps=120 inf=18.4s sim=5.4s total=28.4s
[octo-small|PutEggplantInBasketScene-v1|nominal] ep 60 success=False steps=120 inf=19.5s sim=6.0s total=30.5s
[octo-small|PutEggplantInBasketScene-v1|nominal] ep 61 success=False steps=120 inf=18.9s sim=4.8s total=28.5s
[octo-small|PutEggplantInBasketScene-v1|nominal] ep 62 success=False steps=120 inf=19.4s sim=5.9s total=30.2s
[octo-small|PutEggplantInBasketScene-v1|nominal] ep 63 success=True steps=120 inf=18.7s sim=4.4s total=27.8s
[octo-small|PutEggplantInBasketScene-v1|nominal] ep 64 success=True steps=120 inf=18.4s sim=4.2s total=27.2s
[octo-small|PutEggplantInBasketScene-v1|nominal] ep 65 success=True steps=120 inf=18.9s sim=4.2s total=27.8s
[octo-small|PutEggplantInBasketScene-v1|nominal] ep 66 success=False steps=120 inf=19.2s sim=5.8s total=29.6s
[octo-small|PutEggplantInBasketScene-v1|nominal] ep 67 success=False steps=120 inf=29.8s sim=8.7s total=45.1s
[octo-small|PutEggplantInBasketScene-v1|nominal] ep 68 success=False steps=120 inf=34.1s sim=9.7s total=50.9s
[octo-small|PutEggplantInBasketScene-v1|nominal] ep 69 success=True steps=120 inf=39.3s sim=7.7s total=54.7s
[octo-small|PutEggplantInBasketScene-v1|nominal] ep 70 success=False steps=120 inf=47.0s sim=9.5s total=59.2s
[octo-small|PutEggplantInBasketScene-v1|nominal] ep 71 success=False steps=120 inf=36.0s sim=8.6s total=48.6s
[octo-small|PutEggplantInBasketScene-v1|nominal] ep 72 success=True steps=120 inf=35.6s sim=6.9s total=48.5s
[octo-small|PutEggplantInBasketScene-v1|nominal] ep 73 success=False steps=120 inf=47.6s sim=9.2s total=63.5s
[octo-small|PutEggplantInBasketScene-v1|nominal] ep 74 success=True steps=120 inf=35.7s sim=8.4s total=51.3s
[octo-small|PutEggplantInBasketScene-v1|nominal] ep 75 success=False steps=120 inf=35.1s sim=9.5s total=51.3s
[octo-small|PutEggplantInBasketScene-v1|nominal] ep 76 success=False steps=120 inf=30.8s sim=9.1s total=46.4s
[octo-small|PutEggplantInBasketScene-v1|nominal] ep 77 success=True steps=120 inf=34.9s sim=6.6s total=48.2s
[octo-small|PutEggplantInBasketScene-v1|nominal] ep 78 success=False steps=120 inf=37.5s sim=9.5s total=53.8s
[octo-small|PutEggplantInBasketScene-v1|nominal] ep 79 success=False steps=120 inf=35.2s sim=7.7s total=50.3s
[octo-small|PutEggplantInBasketScene-v1|nominal] ep 80 success=True steps=120 inf=34.9s sim=6.4s total=47.8s
[octo-small|PutEggplantInBasketScene-v1|nominal] ep 81 success=True steps=120 inf=36.6s sim=6.0s total=49.3s
[octo-small|PutEggplantInBasketScene-v1|nominal] ep 82 success=False steps=120 inf=34.3s sim=8.2s total=49.1s
[octo-small|PutEggplantInBasketScene-v1|nominal] ep 83 success=False steps=120 inf=35.8s sim=9.1s total=52.2s
[octo-small|PutEggplantInBasketScene-v1|nominal] ep 84 success=False steps=120 inf=31.5s sim=8.8s total=46.6s
[octo-small|PutEggplantInBasketScene-v1|nominal] ep 85 success=True steps=120 inf=28.0s sim=6.1s total=40.6s
[octo-small|PutEggplantInBasketScene-v1|nominal] ep 86 success=True steps=120 inf=29.4s sim=8.3s total=43.9s
[octo-small|PutEggplantInBasketScene-v1|nominal] ep 87 success=False steps=120 inf=30.3s sim=8.7s total=45.5s
[octo-small|PutEggplantInBasketScene-v1|nominal] ep 88 success=False steps=120 inf=37.1s sim=8.3s total=52.4s
[octo-small|PutEggplantInBasketScene-v1|nominal] ep 89 success=False steps=120 inf=34.3s sim=9.6s total=50.8s
[octo-small|PutEggplantInBasketScene-v1|nominal] ep 90 success=False steps=120 inf=34.1s sim=9.2s total=49.7s
[octo-small|PutEggplantInBasketScene-v1|nominal] ep 91 success=False steps=120 inf=35.6s sim=8.1s total=50.6s
[octo-small|PutEggplantInBasketScene-v1|nominal] ep 92 success=True steps=120 inf=35.3s sim=6.3s total=48.1s
[octo-small|PutEggplantInBasketScene-v1|nominal] ep 93 success=True steps=120 inf=32.4s sim=6.0s total=44.9s
[octo-small|PutEggplantInBasketScene-v1|nominal] ep 94 success=True steps=120 inf=36.2s sim=6.4s total=49.3s
[octo-small|PutEggplantInBasketScene-v1|nominal] ep 95 success=True steps=120 inf=33.9s sim=7.8s total=48.2s
== nominal: 45/96 success
