E:\research\the_world\.venv-windows-ms3\Lib\site-packages\sapien\wrapper\pinocchio_model.py:299: UserWarning: pinnochio package is not installed, robotics functionalities will not be available
  warnings.warn(
[33;1m2026-09-18 21:49:03,395 - mani_skill  - WARNING - Mimic targets dictionary is missing for controller config for widowx250s_bridgedataset_sink. Assuming the first joint is the control joint and the second joint is the mimic joint[0m
[33;1m2026-09-18 21:49:03,536 - mani_skill  - WARNING - No initial pose set for actor builder of eggplant, setting to default pose q=[1,0,0,0], p=[0,0,0]. Not setting reasonable initial poses may slow down simulation, see https://github.com/haosulab/ManiSkill/issues/421.[0m
[33;1m2026-09-18 21:49:03,555 - mani_skill  - WARNING - No initial pose set for actor builder of dummy_sink_target_plane, setting to default pose q=[1,0,0,0], p=[0,0,0]. Not setting reasonable initial poses may slow down simulation, see https://github.com/haosulab/ManiSkill/issues/421.[0m
[octo-base|PutEggplantInBasketScene-v1|fric_x0.4] ep 0 success=False steps=120 inf=24.1s sim=5.1s total=34.7s
[octo-base|PutEggplantInBasketScene-v1|fric_x0.4] ep 1 success=True steps=120 inf=27.4s sim=4.4s total=37.1s
[octo-base|PutEggplantInBasketScene-v1|fric_x0.4] ep 2 success=True steps=120 inf=27.4s sim=4.3s total=36.0s
[octo-base|PutEggplantInBasketScene-v1|fric_x0.4] ep 3 success=True steps=120 inf=28.9s sim=6.4s total=40.7s
[octo-base|PutEggplantInBasketScene-v1|fric_x0.4] ep 4 success=False steps=120 inf=28.4s sim=5.8s total=39.8s
[octo-base|PutEggplantInBasketScene-v1|fric_x0.4] ep 5 success=False steps=120 inf=26.9s sim=4.0s total=36.5s
[octo-base|PutEggplantInBasketScene-v1|fric_x0.4] ep 6 success=True steps=120 inf=27.6s sim=5.1s total=38.0s
[octo-base|PutEggplantInBasketScene-v1|fric_x0.4] ep 7 success=False steps=120 inf=28.8s sim=5.1s total=39.1s
[octo-base|PutEggplantInBasketScene-v1|fric_x0.4] ep 8 success=False steps=120 inf=27.5s sim=5.9s total=39.1s
[octo-base|PutEggplantInBasketScene-v1|fric_x0.4] ep 9 success=False steps=120 inf=28.5s sim=4.9s total=38.7s
[octo-base|PutEggplantInBasketScene-v1|fric_x0.4] ep 10 success=True steps=120 inf=29.4s sim=4.4s total=39.0s
[octo-base|PutEggplantInBasketScene-v1|fric_x0.4] ep 11 success=False steps=120 inf=28.6s sim=6.7s total=40.5s
[octo-base|PutEggplantInBasketScene-v1|fric_x0.4] ep 12 success=False steps=120 inf=27.5s sim=5.9s total=38.9s
[octo-base|PutEggplantInBasketScene-v1|fric_x0.4] ep 13 success=False steps=120 inf=28.2s sim=4.4s total=38.1s
[octo-base|PutEggplantInBasketScene-v1|fric_x0.4] ep 14 success=True steps=120 inf=28.8s sim=5.2s total=39.4s
[octo-base|PutEggplantInBasketScene-v1|fric_x0.4] ep 15 success=False steps=120 inf=27.5s sim=6.4s total=38.8s
[octo-base|PutEggplantInBasketScene-v1|fric_x0.4] ep 16 success=False steps=120 inf=27.6s sim=4.5s total=37.5s
[octo-base|PutEggplantInBasketScene-v1|fric_x0.4] ep 17 success=True steps=120 inf=28.3s sim=4.3s total=38.0s
[octo-base|PutEggplantInBasketScene-v1|fric_x0.4] ep 18 success=False steps=120 inf=27.0s sim=5.5s total=37.8s
[octo-base|PutEggplantInBasketScene-v1|fric_x0.4] ep 19 success=False steps=120 inf=28.0s sim=5.5s total=38.9s
[octo-base|PutEggplantInBasketScene-v1|fric_x0.4] ep 20 success=True steps=120 inf=26.2s sim=5.5s total=37.3s
[octo-base|PutEggplantInBasketScene-v1|fric_x0.4] ep 21 success=True steps=120 inf=28.0s sim=6.6s total=40.0s
[octo-base|PutEggplantInBasketScene-v1|fric_x0.4] ep 22 success=False steps=120 inf=27.3s sim=4.5s total=37.7s
[octo-base|PutEggplantInBasketScene-v1|fric_x0.4] ep 23 success=False steps=120 inf=26.4s sim=8.9s total=41.3s
[octo-base|PutEggplantInBasketScene-v1|fric_x0.4] ep 24 success=False steps=120 inf=28.9s sim=5.5s total=39.9s
[octo-base|PutEggplantInBasketScene-v1|fric_x0.4] ep 25 success=True steps=120 inf=29.6s sim=9.7s total=45.3s
[octo-base|PutEggplantInBasketScene-v1|fric_x0.4] ep 26 success=False steps=120 inf=28.6s sim=5.4s total=39.8s
[octo-base|PutEggplantInBasketScene-v1|fric_x0.4] ep 27 success=False steps=120 inf=28.4s sim=6.6s total=40.8s
[octo-base|PutEggplantInBasketScene-v1|fric_x0.4] ep 28 success=False steps=120 inf=25.9s sim=4.6s total=35.9s
[octo-base|PutEggplantInBasketScene-v1|fric_x0.4] ep 29 success=True steps=120 inf=28.5s sim=4.7s total=39.0s
[octo-base|PutEggplantInBasketScene-v1|fric_x0.4] ep 30 success=True steps=120 inf=30.2s sim=5.4s total=41.6s
[octo-base|PutEggplantInBasketScene-v1|fric_x0.4] ep 31 success=True steps=120 inf=29.3s sim=4.5s total=39.2s
[octo-base|PutEggplantInBasketScene-v1|fric_x0.4] ep 32 success=True steps=120 inf=28.7s sim=5.0s total=39.4s
[octo-base|PutEggplantInBasketScene-v1|fric_x0.4] ep 33 success=True steps=120 inf=28.4s sim=7.0s total=40.9s
[octo-base|PutEggplantInBasketScene-v1|fric_x0.4] ep 34 success=False steps=120 inf=28.7s sim=5.8s total=40.3s
[octo-base|PutEggplantInBasketScene-v1|fric_x0.4] ep 35 success=False steps=120 inf=27.3s sim=6.7s total=39.8s
[octo-base|PutEggplantInBasketScene-v1|fric_x0.4] ep 36 success=False steps=120 inf=28.4s sim=5.9s total=40.0s
[octo-base|PutEggplantInBasketScene-v1|fric_x0.4] ep 37 success=True steps=120 inf=29.0s sim=7.0s total=41.9s
[octo-base|PutEggplantInBasketScene-v1|fric_x0.4] ep 38 success=True steps=120 inf=27.3s sim=5.4s total=38.2s
[octo-base|PutEggplantInBasketScene-v1|fric_x0.4] ep 39 success=False steps=120 inf=28.4s sim=6.0s total=39.9s
[octo-base|PutEggplantInBasketScene-v1|fric_x0.4] ep 40 success=False steps=120 inf=26.0s sim=5.0s total=36.5s
[octo-base|PutEggplantInBasketScene-v1|fric_x0.4] ep 41 success=False steps=120 inf=27.9s sim=5.0s total=38.5s
[octo-base|PutEggplantInBasketScene-v1|fric_x0.4] ep 42 success=True steps=120 inf=27.9s sim=5.3s total=38.7s
[octo-base|PutEggplantInBasketScene-v1|fric_x0.4] ep 43 success=False steps=120 inf=28.0s sim=6.0s total=39.6s
[octo-base|PutEggplantInBasketScene-v1|fric_x0.4] ep 44 success=True steps=120 inf=27.6s sim=5.6s total=39.0s
[octo-base|PutEggplantInBasketScene-v1|fric_x0.4] ep 45 success=False steps=120 inf=25.4s sim=4.2s total=35.0s
[octo-base|PutEggplantInBasketScene-v1|fric_x0.4] ep 46 success=True steps=120 inf=28.7s sim=4.1s total=38.4s
[octo-base|PutEggplantInBasketScene-v1|fric_x0.4] ep 47 success=False steps=120 inf=27.5s sim=6.0s total=38.9s
[octo-base|PutEggplantInBasketScene-v1|fric_x0.4] ep 48 success=False steps=120 inf=28.6s sim=5.4s total=39.7s
[octo-base|PutEggplantInBasketScene-v1|fric_x0.4] ep 49 success=True steps=120 inf=27.5s sim=5.5s total=38.8s
[octo-base|PutEggplantInBasketScene-v1|fric_x0.4] ep 50 success=True steps=120 inf=26.4s sim=4.4s total=36.2s
[octo-base|PutEggplantInBasketScene-v1|fric_x0.4] ep 51 success=False steps=120 inf=42.6s sim=8.6s total=58.4s
[octo-base|PutEggplantInBasketScene-v1|fric_x0.4] ep 52 success=False steps=120 inf=60.6s sim=6.6s total=76.4s
[octo-base|PutEggplantInBasketScene-v1|fric_x0.4] ep 53 success=True steps=120 inf=79.3s sim=7.4s total=90.8s
[octo-base|PutEggplantInBasketScene-v1|fric_x0.4] ep 54 success=False steps=120 inf=63.9s sim=9.6s total=78.2s
[octo-base|PutEggplantInBasketScene-v1|fric_x0.4] ep 55 success=False steps=120 inf=70.1s sim=9.7s total=88.3s
[octo-base|PutEggplantInBasketScene-v1|fric_x0.4] ep 56 success=True steps=120 inf=60.5s sim=7.0s total=76.5s
[octo-base|PutEggplantInBasketScene-v1|fric_x0.4] ep 57 success=True steps=120 inf=57.7s sim=8.5s total=75.0s
[octo-base|PutEggplantInBasketScene-v1|fric_x0.4] ep 58 success=False steps=120 inf=63.4s sim=7.6s total=79.7s
[octo-base|PutEggplantInBasketScene-v1|fric_x0.4] ep 59 success=False steps=120 inf=63.2s sim=9.3s total=81.7s
[octo-base|PutEggplantInBasketScene-v1|fric_x0.4] ep 60 success=False steps=120 inf=65.8s sim=7.3s total=82.2s
[octo-base|PutEggplantInBasketScene-v1|fric_x0.4] ep 61 success=False steps=120 inf=57.9s sim=8.9s total=75.4s
[octo-base|PutEggplantInBasketScene-v1|fric_x0.4] ep 62 success=True steps=120 inf=54.3s sim=7.3s total=69.9s
[octo-base|PutEggplantInBasketScene-v1|fric_x0.4] ep 63 success=False steps=120 inf=47.2s sim=7.5s total=62.8s
[octo-base|PutEggplantInBasketScene-v1|fric_x0.4] ep 64 success=False steps=120 inf=52.0s sim=9.0s total=69.4s
[octo-base|PutEggplantInBasketScene-v1|fric_x0.4] ep 65 success=False steps=120 inf=60.3s sim=7.4s total=76.8s
[octo-base|PutEggplantInBasketScene-v1|fric_x0.4] ep 66 success=True steps=120 inf=61.0s sim=7.5s total=77.5s
[octo-base|PutEggplantInBasketScene-v1|fric_x0.4] ep 67 success=False steps=120 inf=62.1s sim=9.2s total=80.2s
[octo-base|PutEggplantInBasketScene-v1|fric_x0.4] ep 68 success=False steps=120 inf=66.3s sim=7.9s total=83.5s
[octo-base|PutEggplantInBasketScene-v1|fric_x0.4] ep 69 success=False steps=120 inf=59.9s sim=8.9s total=77.6s
[octo-base|PutEggplantInBasketScene-v1|fric_x0.4] ep 70 success=True steps=120 inf=41.3s sim=7.7s total=56.2s
[octo-base|PutEggplantInBasketScene-v1|fric_x0.4] ep 71 success=False steps=120 inf=45.3s sim=8.5s total=61.4s
[octo-base|PutEggplantInBasketScene-v1|fric_x0.4] ep 72 success=True steps=120 inf=42.6s sim=6.9s total=56.7s
[octo-base|PutEggplantInBasketScene-v1|fric_x0.4] ep 73 success=True steps=120 inf=32.7s sim=5.5s total=44.8s
[octo-base|PutEggplantInBasketScene-v1|fric_x0.4] ep 74 success=True steps=120 inf=24.8s sim=5.1s total=35.2s
[octo-base|PutEggplantInBasketScene-v1|fric_x0.4] ep 75 success=False steps=120 inf=20.5s sim=8.2s total=341.3s
[octo-base|PutEggplantInBasketScene-v1|fric_x0.4] ep 76 success=True steps=120 inf=23.4s sim=10.5s total=38.6s
[octo-base|PutEggplantInBasketScene-v1|fric_x0.4] ep 77 success=False steps=120 inf=14.6s sim=3.5s total=22.2s
[octo-base|PutEggplantInBasketScene-v1|fric_x0.4] ep 78 success=True steps=120 inf=17.0s sim=3.1s total=23.9s
[octo-base|PutEggplantInBasketScene-v1|fric_x0.4] ep 79 success=False steps=120 inf=16.6s sim=3.5s total=22.9s
[octo-base|PutEggplantInBasketScene-v1|fric_x0.4] ep 80 success=True steps=120 inf=16.2s sim=4.3s total=24.5s
[octo-base|PutEggplantInBasketScene-v1|fric_x0.4] ep 81 success=False steps=120 inf=16.3s sim=3.8s total=23.5s
[octo-base|PutEggplantInBasketScene-v1|fric_x0.4] ep 82 success=True steps=120 inf=15.6s sim=3.0s total=22.5s
[octo-base|PutEggplantInBasketScene-v1|fric_x0.4] ep 83 success=False steps=120 inf=15.6s sim=4.4s total=24.2s
[octo-base|PutEggplantInBasketScene-v1|fric_x0.4] ep 84 success=False steps=120 inf=14.7s sim=3.0s total=21.8s
[octo-base|PutEggplantInBasketScene-v1|fric_x0.4] ep 85 success=True steps=120 inf=15.1s sim=3.1s total=22.1s
[octo-base|PutEggplantInBasketScene-v1|fric_x0.4] ep 86 success=True steps=120 inf=15.0s sim=4.2s total=23.2s
[octo-base|PutEggplantInBasketScene-v1|fric_x0.4] ep 87 success=False steps=120 inf=16.1s sim=3.9s total=24.1s
[octo-base|PutEggplantInBasketScene-v1|fric_x0.4] ep 88 success=True steps=120 inf=14.2s sim=3.0s total=21.2s
[octo-base|PutEggplantInBasketScene-v1|fric_x0.4] ep 89 success=True steps=120 inf=14.9s sim=3.4s total=22.3s
[octo-base|PutEggplantInBasketScene-v1|fric_x0.4] ep 90 success=True steps=120 inf=14.5s sim=3.2s total=21.6s
[octo-base|PutEggplantInBasketScene-v1|fric_x0.4] ep 91 success=False steps=120 inf=15.6s sim=3.9s total=23.3s
[octo-base|PutEggplantInBasketScene-v1|fric_x0.4] ep 92 success=True steps=120 inf=15.4s sim=3.0s total=22.4s
[octo-base|PutEggplantInBasketScene-v1|fric_x0.4] ep 93 success=True steps=120 inf=14.9s sim=3.0s total=21.8s
[octo-base|PutEggplantInBasketScene-v1|fric_x0.4] ep 94 success=False steps=120 inf=15.8s sim=3.5s total=23.4s
[octo-base|PutEggplantInBasketScene-v1|fric_x0.4] ep 95 success=False steps=120 inf=15.7s sim=4.0s total=23.9s
== fric_x0.4: 42/96 success
