E:\research\the_world\.venv-windows-ms3\Lib\site-packages\sapien\wrapper\pinocchio_model.py:299: UserWarning: pinnochio package is not installed, robotics functionalities will not be available
  warnings.warn(
[33;1m2026-09-18 21:49:03,394 - mani_skill  - WARNING - Mimic targets dictionary is missing for controller config for widowx250s_bridgedataset_sink. Assuming the first joint is the control joint and the second joint is the mimic joint[0m
[33;1m2026-09-18 21:49:03,536 - mani_skill  - WARNING - No initial pose set for actor builder of eggplant, setting to default pose q=[1,0,0,0], p=[0,0,0]. Not setting reasonable initial poses may slow down simulation, see https://github.com/haosulab/ManiSkill/issues/421.[0m
[33;1m2026-09-18 21:49:03,555 - mani_skill  - WARNING - No initial pose set for actor builder of dummy_sink_target_plane, setting to default pose q=[1,0,0,0], p=[0,0,0]. Not setting reasonable initial poses may slow down simulation, see https://github.com/haosulab/ManiSkill/issues/421.[0m
[octo-base|PutEggplantInBasketScene-v1|nominal] ep 0 success=True steps=120 inf=23.4s sim=7.3s total=36.3s
[octo-base|PutEggplantInBasketScene-v1|nominal] ep 1 success=True steps=120 inf=28.0s sim=4.8s total=38.5s
[octo-base|PutEggplantInBasketScene-v1|nominal] ep 2 success=False steps=120 inf=28.1s sim=5.6s total=38.2s
[octo-base|PutEggplantInBasketScene-v1|nominal] ep 3 success=False steps=120 inf=28.6s sim=7.4s total=41.8s
[octo-base|PutEggplantInBasketScene-v1|nominal] ep 4 success=False steps=120 inf=29.3s sim=5.9s total=40.6s
[octo-base|PutEggplantInBasketScene-v1|nominal] ep 5 success=False steps=120 inf=28.8s sim=4.9s total=39.1s
[octo-base|PutEggplantInBasketScene-v1|nominal] ep 6 success=True steps=120 inf=29.2s sim=5.4s total=39.8s
[octo-base|PutEggplantInBasketScene-v1|nominal] ep 7 success=True steps=120 inf=29.7s sim=4.3s total=39.3s
[octo-base|PutEggplantInBasketScene-v1|nominal] ep 8 success=True steps=120 inf=28.5s sim=5.3s total=38.9s
[octo-base|PutEggplantInBasketScene-v1|nominal] ep 9 success=True steps=120 inf=29.5s sim=4.9s total=39.7s
[octo-base|PutEggplantInBasketScene-v1|nominal] ep 10 success=False steps=120 inf=29.2s sim=4.8s total=39.4s
[octo-base|PutEggplantInBasketScene-v1|nominal] ep 11 success=False steps=120 inf=29.5s sim=5.5s total=40.4s
[octo-base|PutEggplantInBasketScene-v1|nominal] ep 12 success=False steps=120 inf=28.1s sim=6.5s total=39.7s
[octo-base|PutEggplantInBasketScene-v1|nominal] ep 13 success=True steps=120 inf=28.5s sim=5.1s total=39.0s
[octo-base|PutEggplantInBasketScene-v1|nominal] ep 14 success=True steps=120 inf=28.3s sim=6.5s total=40.4s
[octo-base|PutEggplantInBasketScene-v1|nominal] ep 15 success=False steps=120 inf=27.4s sim=6.7s total=39.5s
[octo-base|PutEggplantInBasketScene-v1|nominal] ep 16 success=True steps=120 inf=29.5s sim=4.6s total=39.6s
[octo-base|PutEggplantInBasketScene-v1|nominal] ep 17 success=True steps=120 inf=26.4s sim=6.7s total=38.6s
[octo-base|PutEggplantInBasketScene-v1|nominal] ep 18 success=True steps=120 inf=29.2s sim=5.2s total=39.9s
[octo-base|PutEggplantInBasketScene-v1|nominal] ep 19 success=True steps=120 inf=26.4s sim=8.6s total=40.6s
[octo-base|PutEggplantInBasketScene-v1|nominal] ep 20 success=True steps=120 inf=28.0s sim=6.2s total=40.1s
[octo-base|PutEggplantInBasketScene-v1|nominal] ep 21 success=True steps=120 inf=29.1s sim=5.3s total=40.3s
[octo-base|PutEggplantInBasketScene-v1|nominal] ep 22 success=True steps=120 inf=29.3s sim=5.3s total=40.5s
[octo-base|PutEggplantInBasketScene-v1|nominal] ep 23 success=False steps=120 inf=30.3s sim=6.3s total=42.3s
[octo-base|PutEggplantInBasketScene-v1|nominal] ep 24 success=True steps=120 inf=30.5s sim=8.0s total=44.6s
[octo-base|PutEggplantInBasketScene-v1|nominal] ep 25 success=False steps=120 inf=30.2s sim=9.2s total=45.8s
[octo-base|PutEggplantInBasketScene-v1|nominal] ep 26 success=True steps=120 inf=29.2s sim=5.4s total=40.5s
[octo-base|PutEggplantInBasketScene-v1|nominal] ep 27 success=False steps=120 inf=28.4s sim=5.6s total=39.6s
[octo-base|PutEggplantInBasketScene-v1|nominal] ep 28 success=True steps=120 inf=28.7s sim=4.6s total=38.7s
[octo-base|PutEggplantInBasketScene-v1|nominal] ep 29 success=True steps=120 inf=30.9s sim=6.0s total=43.3s
[octo-base|PutEggplantInBasketScene-v1|nominal] ep 30 success=True steps=120 inf=29.5s sim=5.2s total=40.2s
[octo-base|PutEggplantInBasketScene-v1|nominal] ep 31 success=True steps=120 inf=30.1s sim=4.6s total=40.3s
[octo-base|PutEggplantInBasketScene-v1|nominal] ep 32 success=False steps=120 inf=28.8s sim=6.0s total=40.3s
[octo-base|PutEggplantInBasketScene-v1|nominal] ep 33 success=False steps=120 inf=28.5s sim=6.0s total=40.1s
[octo-base|PutEggplantInBasketScene-v1|nominal] ep 34 success=False steps=120 inf=29.4s sim=4.7s total=39.5s
[octo-base|PutEggplantInBasketScene-v1|nominal] ep 35 success=False steps=120 inf=29.4s sim=5.9s total=41.0s
[octo-base|PutEggplantInBasketScene-v1|nominal] ep 36 success=False steps=120 inf=30.3s sim=6.3s total=42.4s
[octo-base|PutEggplantInBasketScene-v1|nominal] ep 37 success=True steps=120 inf=28.2s sim=6.4s total=40.4s
[octo-base|PutEggplantInBasketScene-v1|nominal] ep 38 success=True steps=120 inf=28.6s sim=6.1s total=40.4s
[octo-base|PutEggplantInBasketScene-v1|nominal] ep 39 success=False steps=120 inf=26.9s sim=6.1s total=38.7s
[octo-base|PutEggplantInBasketScene-v1|nominal] ep 40 success=False steps=120 inf=29.7s sim=4.3s total=39.9s
[octo-base|PutEggplantInBasketScene-v1|nominal] ep 41 success=False steps=120 inf=28.5s sim=5.5s total=39.9s
[octo-base|PutEggplantInBasketScene-v1|nominal] ep 42 success=False steps=120 inf=28.4s sim=6.0s total=40.1s
[octo-base|PutEggplantInBasketScene-v1|nominal] ep 43 success=False steps=120 inf=28.7s sim=6.3s total=40.6s
[octo-base|PutEggplantInBasketScene-v1|nominal] ep 44 success=False steps=120 inf=27.4s sim=5.4s total=38.4s
[octo-base|PutEggplantInBasketScene-v1|nominal] ep 45 success=True steps=120 inf=28.3s sim=5.5s total=39.3s
[octo-base|PutEggplantInBasketScene-v1|nominal] ep 46 success=False steps=120 inf=29.1s sim=4.2s total=39.0s
[octo-base|PutEggplantInBasketScene-v1|nominal] ep 47 success=False steps=120 inf=28.7s sim=6.2s total=40.5s
[octo-base|PutEggplantInBasketScene-v1|nominal] ep 48 success=True steps=120 inf=28.4s sim=5.0s total=39.0s
[octo-base|PutEggplantInBasketScene-v1|nominal] ep 49 success=True steps=120 inf=34.0s sim=6.6s total=47.0s
[octo-base|PutEggplantInBasketScene-v1|nominal] ep 50 success=False steps=120 inf=52.3s sim=6.8s total=67.8s
[octo-base|PutEggplantInBasketScene-v1|nominal] ep 51 success=False steps=120 inf=72.6s sim=9.5s total=90.5s
[octo-base|PutEggplantInBasketScene-v1|nominal] ep 52 success=True steps=120 inf=68.1s sim=6.9s total=77.3s
[octo-base|PutEggplantInBasketScene-v1|nominal] ep 53 success=True steps=120 inf=62.9s sim=7.7s total=78.1s
[octo-base|PutEggplantInBasketScene-v1|nominal] ep 54 success=True steps=120 inf=71.5s sim=9.7s total=89.8s
[octo-base|PutEggplantInBasketScene-v1|nominal] ep 55 success=False steps=120 inf=56.7s sim=8.0s total=73.2s
[octo-base|PutEggplantInBasketScene-v1|nominal] ep 56 success=False steps=120 inf=57.5s sim=6.6s total=72.6s
[octo-base|PutEggplantInBasketScene-v1|nominal] ep 57 success=True steps=120 inf=61.3s sim=7.3s total=77.1s
[octo-base|PutEggplantInBasketScene-v1|nominal] ep 58 success=True steps=120 inf=61.8s sim=7.4s total=77.9s
[octo-base|PutEggplantInBasketScene-v1|nominal] ep 59 success=False steps=120 inf=65.7s sim=9.5s total=84.4s
[octo-base|PutEggplantInBasketScene-v1|nominal] ep 60 success=True steps=120 inf=56.7s sim=8.3s total=73.8s
[octo-base|PutEggplantInBasketScene-v1|nominal] ep 61 success=False steps=120 inf=51.8s sim=8.0s total=67.8s
[octo-base|PutEggplantInBasketScene-v1|nominal] ep 62 success=True steps=120 inf=49.6s sim=8.9s total=66.4s
[octo-base|PutEggplantInBasketScene-v1|nominal] ep 63 success=False steps=120 inf=57.8s sim=9.7s total=76.4s
[octo-base|PutEggplantInBasketScene-v1|nominal] ep 64 success=False steps=120 inf=60.6s sim=7.8s total=77.1s
[octo-base|PutEggplantInBasketScene-v1|nominal] ep 65 success=False steps=120 inf=60.2s sim=9.6s total=78.4s
[octo-base|PutEggplantInBasketScene-v1|nominal] ep 66 success=False steps=120 inf=59.1s sim=7.8s total=75.4s
[octo-base|PutEggplantInBasketScene-v1|nominal] ep 67 success=False steps=120 inf=64.1s sim=9.0s total=82.2s
[octo-base|PutEggplantInBasketScene-v1|nominal] ep 68 success=False steps=120 inf=49.2s sim=8.5s total=65.5s
[octo-base|PutEggplantInBasketScene-v1|nominal] ep 69 success=False steps=120 inf=44.3s sim=7.6s total=59.8s
[octo-base|PutEggplantInBasketScene-v1|nominal] ep 70 success=False steps=120 inf=43.1s sim=7.0s total=57.4s
[octo-base|PutEggplantInBasketScene-v1|nominal] ep 71 success=False steps=120 inf=42.0s sim=8.4s total=57.5s
[octo-base|PutEggplantInBasketScene-v1|nominal] ep 72 success=False steps=120 inf=31.7s sim=4.8s total=42.7s
[octo-base|PutEggplantInBasketScene-v1|nominal] ep 73 success=False steps=120 inf=22.4s sim=5.4s total=341.2s
[octo-base|PutEggplantInBasketScene-v1|nominal] ep 74 success=True steps=120 inf=19.6s sim=6.4s total=54.2s
[octo-base|PutEggplantInBasketScene-v1|nominal] ep 75 success=False steps=120 inf=14.9s sim=5.3s total=24.8s
[octo-base|PutEggplantInBasketScene-v1|nominal] ep 76 success=False steps=120 inf=17.5s sim=2.6s total=24.2s
[octo-base|PutEggplantInBasketScene-v1|nominal] ep 77 success=True steps=120 inf=17.7s sim=2.9s total=23.2s
[octo-base|PutEggplantInBasketScene-v1|nominal] ep 78 success=True steps=120 inf=16.4s sim=4.2s total=24.6s
[octo-base|PutEggplantInBasketScene-v1|nominal] ep 79 success=False steps=120 inf=17.5s sim=3.6s total=24.5s
[octo-base|PutEggplantInBasketScene-v1|nominal] ep 80 success=True steps=120 inf=16.3s sim=4.1s total=24.3s
[octo-base|PutEggplantInBasketScene-v1|nominal] ep 81 success=True steps=120 inf=16.3s sim=3.7s total=23.9s
[octo-base|PutEggplantInBasketScene-v1|nominal] ep 82 success=True steps=120 inf=15.6s sim=3.8s total=23.5s
[octo-base|PutEggplantInBasketScene-v1|nominal] ep 83 success=False steps=120 inf=15.2s sim=4.3s total=23.8s
[octo-base|PutEggplantInBasketScene-v1|nominal] ep 84 success=True steps=120 inf=16.4s sim=2.8s total=23.2s
[octo-base|PutEggplantInBasketScene-v1|nominal] ep 85 success=True steps=120 inf=15.6s sim=3.5s total=22.9s
[octo-base|PutEggplantInBasketScene-v1|nominal] ep 86 success=False steps=120 inf=15.4s sim=3.5s total=23.1s
[octo-base|PutEggplantInBasketScene-v1|nominal] ep 87 success=False steps=120 inf=15.2s sim=3.8s total=22.9s
[octo-base|PutEggplantInBasketScene-v1|nominal] ep 88 success=True steps=120 inf=15.2s sim=4.6s total=24.0s
[octo-base|PutEggplantInBasketScene-v1|nominal] ep 89 success=False steps=120 inf=16.7s sim=2.9s total=23.7s
[octo-base|PutEggplantInBasketScene-v1|nominal] ep 90 success=True steps=120 inf=14.9s sim=4.0s total=23.1s
[octo-base|PutEggplantInBasketScene-v1|nominal] ep 91 success=False steps=120 inf=16.3s sim=3.5s total=23.8s
[octo-base|PutEggplantInBasketScene-v1|nominal] ep 92 success=True steps=120 inf=16.3s sim=2.9s total=23.4s
[octo-base|PutEggplantInBasketScene-v1|nominal] ep 93 success=True steps=120 inf=12.9s sim=2.6s total=19.3s
[octo-base|PutEggplantInBasketScene-v1|nominal] ep 94 success=True steps=120 inf=10.2s sim=2.7s total=16.4s
[octo-base|PutEggplantInBasketScene-v1|nominal] ep 95 success=False steps=120 inf=10.3s sim=3.7s total=17.6s
== nominal: 46/96 success
