E:\research\the_world\.venv-windows-ms3\Lib\site-packages\sapien\wrapper\pinocchio_model.py:299: UserWarning: pinnochio package is not installed, robotics functionalities will not be available
  warnings.warn(
[33;1m2026-09-19 03:08:06,475 - mani_skill  - WARNING - Mimic targets dictionary is missing for controller config for widowx250s_bridgedataset_sink. Assuming the first joint is the control joint and the second joint is the mimic joint[0m
[33;1m2026-09-19 03:08:06,618 - mani_skill  - WARNING - No initial pose set for actor builder of eggplant, setting to default pose q=[1,0,0,0], p=[0,0,0]. Not setting reasonable initial poses may slow down simulation, see https://github.com/haosulab/ManiSkill/issues/421.[0m
[33;1m2026-09-19 03:08:06,651 - mani_skill  - WARNING - No initial pose set for actor builder of dummy_sink_target_plane, setting to default pose q=[1,0,0,0], p=[0,0,0]. Not setting reasonable initial poses may slow down simulation, see https://github.com/haosulab/ManiSkill/issues/421.[0m
[octo-base|PutEggplantInBasketScene-v1|dens_x0.5] ep 0 success=True steps=120 inf=25.7s sim=5.5s total=36.9s
[octo-base|PutEggplantInBasketScene-v1|dens_x0.5] ep 1 success=True steps=120 inf=24.5s sim=9.0s total=39.3s
[octo-base|PutEggplantInBasketScene-v1|dens_x0.5] ep 2 success=True steps=120 inf=26.6s sim=6.4s total=39.4s
[octo-base|PutEggplantInBasketScene-v1|dens_x0.5] ep 3 success=False steps=120 inf=23.8s sim=9.3s total=39.2s
[octo-base|PutEggplantInBasketScene-v1|dens_x0.5] ep 4 success=False steps=120 inf=25.9s sim=5.6s total=37.4s
[octo-base|PutEggplantInBasketScene-v1|dens_x0.5] ep 5 success=True steps=120 inf=24.2s sim=5.7s total=35.5s
[octo-base|PutEggplantInBasketScene-v1|dens_x0.5] ep 6 success=True steps=120 inf=24.2s sim=8.2s total=38.0s
[octo-base|PutEggplantInBasketScene-v1|dens_x0.5] ep 7 success=False steps=120 inf=25.1s sim=6.9s total=37.8s
[octo-base|PutEggplantInBasketScene-v1|dens_x0.5] ep 8 success=True steps=120 inf=24.1s sim=9.2s total=39.0s
[octo-base|PutEggplantInBasketScene-v1|dens_x0.5] ep 9 success=True steps=120 inf=24.3s sim=9.0s total=39.4s
[octo-base|PutEggplantInBasketScene-v1|dens_x0.5] ep 10 success=False steps=120 inf=26.0s sim=5.7s total=37.6s
[octo-base|PutEggplantInBasketScene-v1|dens_x0.5] ep 11 success=False steps=120 inf=25.3s sim=9.6s total=40.9s
[octo-base|PutEggplantInBasketScene-v1|dens_x0.5] ep 12 success=True steps=120 inf=30.1s sim=8.7s total=45.9s
[octo-base|PutEggplantInBasketScene-v1|dens_x0.5] ep 13 success=True steps=120 inf=29.3s sim=7.8s total=43.7s
[octo-base|PutEggplantInBasketScene-v1|dens_x0.5] ep 14 success=False steps=120 inf=25.7s sim=10.2s total=43.1s
[octo-base|PutEggplantInBasketScene-v1|dens_x0.5] ep 15 success=False steps=120 inf=28.7s sim=12.6s total=62.5s
[octo-base|PutEggplantInBasketScene-v1|dens_x0.5] ep 16 success=False steps=120 inf=28.5s sim=12.1s total=61.5s
[octo-base|PutEggplantInBasketScene-v1|dens_x0.5] ep 17 success=False steps=120 inf=27.8s sim=12.6s total=59.8s
[octo-base|PutEggplantInBasketScene-v1|dens_x0.5] ep 18 success=False steps=120 inf=28.5s sim=11.5s total=60.9s
[octo-base|PutEggplantInBasketScene-v1|dens_x0.5] ep 19 success=False steps=120 inf=28.1s sim=10.6s total=60.9s
[octo-base|PutEggplantInBasketScene-v1|dens_x0.5] ep 20 success=False steps=120 inf=28.4s sim=11.3s total=60.9s
[octo-base|PutEggplantInBasketScene-v1|dens_x0.5] ep 21 success=False steps=120 inf=28.0s sim=10.8s total=60.1s
[octo-base|PutEggplantInBasketScene-v1|dens_x0.5] ep 22 success=False steps=120 inf=28.6s sim=11.2s total=61.6s
[octo-base|PutEggplantInBasketScene-v1|dens_x0.5] ep 23 success=False steps=120 inf=28.2s sim=7.9s total=60.5s
[octo-base|PutEggplantInBasketScene-v1|dens_x0.5] ep 24 success=False steps=120 inf=29.3s sim=9.2s total=62.6s
[octo-base|PutEggplantInBasketScene-v1|dens_x0.5] ep 25 success=False steps=120 inf=29.8s sim=6.0s total=64.1s
[octo-base|PutEggplantInBasketScene-v1|dens_x0.5] ep 26 success=False steps=120 inf=29.4s sim=6.5s total=62.5s
[octo-base|PutEggplantInBasketScene-v1|dens_x0.5] ep 27 success=False steps=120 inf=27.0s sim=8.1s total=58.8s
[octo-base|PutEggplantInBasketScene-v1|dens_x0.5] ep 28 success=False steps=120 inf=28.5s sim=8.9s total=60.9s
[octo-base|PutEggplantInBasketScene-v1|dens_x0.5] ep 29 success=False steps=120 inf=26.8s sim=7.0s total=58.2s
[octo-base|PutEggplantInBasketScene-v1|dens_x0.5] ep 30 success=False steps=120 inf=25.7s sim=9.5s total=54.8s
[octo-base|PutEggplantInBasketScene-v1|dens_x0.5] ep 31 success=False steps=120 inf=28.7s sim=6.9s total=61.3s
[octo-base|PutEggplantInBasketScene-v1|dens_x0.5] ep 32 success=False steps=120 inf=30.4s sim=6.3s total=63.5s
[octo-base|PutEggplantInBasketScene-v1|dens_x0.5] ep 33 success=False steps=120 inf=29.5s sim=9.1s total=63.4s
[octo-base|PutEggplantInBasketScene-v1|dens_x0.5] ep 34 success=False steps=120 inf=27.9s sim=7.9s total=60.0s
[octo-base|PutEggplantInBasketScene-v1|dens_x0.5] ep 35 success=False steps=120 inf=29.0s sim=8.2s total=60.9s
[octo-base|PutEggplantInBasketScene-v1|dens_x0.5] ep 36 success=False steps=120 inf=28.1s sim=8.4s total=60.7s
[octo-base|PutEggplantInBasketScene-v1|dens_x0.5] ep 37 success=False steps=120 inf=26.8s sim=9.4s total=57.2s
[octo-base|PutEggplantInBasketScene-v1|dens_x0.5] ep 38 success=False steps=120 inf=24.5s sim=9.2s total=53.3s
[octo-base|PutEggplantInBasketScene-v1|dens_x0.5] ep 39 success=False steps=120 inf=27.5s sim=11.6s total=59.6s
[octo-base|PutEggplantInBasketScene-v1|dens_x0.5] ep 40 success=False steps=120 inf=28.3s sim=10.7s total=60.7s
[octo-base|PutEggplantInBasketScene-v1|dens_x0.5] ep 41 success=False steps=120 inf=28.5s sim=10.8s total=61.6s
[octo-base|PutEggplantInBasketScene-v1|dens_x0.5] ep 42 success=False steps=120 inf=28.0s sim=7.4s total=61.3s
[octo-base|PutEggplantInBasketScene-v1|dens_x0.5] ep 43 success=False steps=120 inf=29.3s sim=8.5s total=62.1s
[octo-base|PutEggplantInBasketScene-v1|dens_x0.5] ep 44 success=False steps=120 inf=29.1s sim=6.8s total=61.8s
[octo-base|PutEggplantInBasketScene-v1|dens_x0.5] ep 45 success=False steps=120 inf=25.9s sim=8.6s total=56.2s
[octo-base|PutEggplantInBasketScene-v1|dens_x0.5] ep 46 success=False steps=120 inf=27.8s sim=8.8s total=60.0s
[octo-base|PutEggplantInBasketScene-v1|dens_x0.5] ep 47 success=False steps=120 inf=28.6s sim=11.5s total=61.8s
== dens_x0.5: 9/48 success
E:\research\the_world\.venv-windows-ms3\Lib\site-packages\sapien\wrapper\pinocchio_model.py:299: UserWarning: pinnochio package is not installed, robotics functionalities will not be available
  warnings.warn(
[33;1m2026-09-19 05:07:30,122 - mani_skill  - WARNING - Mimic targets dictionary is missing for controller config for widowx250s_bridgedataset_sink. Assuming the first joint is the control joint and the second joint is the mimic joint[0m
[33;1m2026-09-19 05:07:30,330 - mani_skill  - WARNING - No initial pose set for actor builder of eggplant, setting to default pose q=[1,0,0,0], p=[0,0,0]. Not setting reasonable initial poses may slow down simulation, see https://github.com/haosulab/ManiSkill/issues/421.[0m
[33;1m2026-09-19 05:07:30,343 - mani_skill  - WARNING - No initial pose set for actor builder of dummy_sink_target_plane, setting to default pose q=[1,0,0,0], p=[0,0,0]. Not setting reasonable initial poses may slow down simulation, see https://github.com/haosulab/ManiSkill/issues/421.[0m
[octo-base|PutEggplantInBasketScene-v1|dens_x0.5] ep 0 success=True steps=120 inf=30.7s sim=5.5s total=42.6s
[octo-base|PutEggplantInBasketScene-v1|dens_x0.5] ep 1 success=True steps=120 inf=28.1s sim=8.3s total=42.5s
[octo-base|PutEggplantInBasketScene-v1|dens_x0.5] ep 2 success=True steps=120 inf=28.2s sim=5.5s total=39.9s
[octo-base|PutEggplantInBasketScene-v1|dens_x0.5] ep 3 success=False steps=120 inf=26.2s sim=7.3s total=39.2s
[octo-base|PutEggplantInBasketScene-v1|dens_x0.5] ep 4 success=False steps=120 inf=29.2s sim=5.4s total=40.6s
[octo-base|PutEggplantInBasketScene-v1|dens_x0.5] ep 5 success=True steps=120 inf=28.2s sim=5.1s total=39.2s
[octo-base|PutEggplantInBasketScene-v1|dens_x0.5] ep 6 success=True steps=120 inf=26.5s sim=7.8s total=40.4s
[octo-base|PutEggplantInBasketScene-v1|dens_x0.5] ep 7 success=False steps=120 inf=31.3s sim=5.6s total=41.0s
[octo-base|PutEggplantInBasketScene-v1|dens_x0.5] ep 8 success=True steps=120 inf=28.2s sim=8.8s total=42.5s
[octo-base|PutEggplantInBasketScene-v1|dens_x0.5] ep 9 success=True steps=120 inf=23.9s sim=6.3s total=34.6s
[octo-base|PutEggplantInBasketScene-v1|dens_x0.5] ep 10 success=False steps=120 inf=24.1s sim=3.9s total=32.6s
[octo-base|PutEggplantInBasketScene-v1|dens_x0.5] ep 11 success=False steps=120 inf=20.8s sim=5.6s total=31.4s
[octo-base|PutEggplantInBasketScene-v1|dens_x0.5] ep 12 success=True steps=120 inf=22.5s sim=4.7s total=32.4s
[octo-base|PutEggplantInBasketScene-v1|dens_x0.5] ep 13 success=True steps=120 inf=21.7s sim=5.0s total=31.5s
[octo-base|PutEggplantInBasketScene-v1|dens_x0.5] ep 14 success=False steps=120 inf=22.4s sim=5.7s total=31.2s
[octo-base|PutEggplantInBasketScene-v1|dens_x0.5] ep 15 success=False steps=120 inf=21.5s sim=5.1s total=31.5s
[octo-base|PutEggplantInBasketScene-v1|dens_x0.5] ep 16 success=True steps=120 inf=14.1s sim=3.2s total=21.2s
[octo-base|PutEggplantInBasketScene-v1|dens_x0.5] ep 17 success=True steps=120 inf=18.0s sim=7.3s total=29.8s
[octo-base|PutEggplantInBasketScene-v1|dens_x0.5] ep 18 success=False steps=120 inf=23.8s sim=4.3s total=33.2s
[octo-base|PutEggplantInBasketScene-v1|dens_x0.5] ep 19 success=False steps=120 inf=22.1s sim=6.1s total=33.3s
[octo-base|PutEggplantInBasketScene-v1|dens_x0.5] ep 20 success=True steps=120 inf=24.1s sim=4.6s total=34.4s
[octo-base|PutEggplantInBasketScene-v1|dens_x0.5] ep 21 success=True steps=120 inf=23.2s sim=5.0s total=33.5s
[octo-base|PutEggplantInBasketScene-v1|dens_x0.5] ep 22 success=False steps=120 inf=52.8s sim=4.7s total=66.1s
[octo-base|PutEggplantInBasketScene-v1|dens_x0.5] ep 23 success=False steps=120 inf=51.4s sim=8.1s total=66.4s
[octo-base|PutEggplantInBasketScene-v1|dens_x0.5] ep 24 success=False steps=120 inf=44.6s sim=5.7s total=54.0s
[octo-base|PutEggplantInBasketScene-v1|dens_x0.5] ep 25 success=True steps=120 inf=28.6s sim=5.2s total=37.6s
[octo-base|PutEggplantInBasketScene-v1|dens_x0.5] ep 26 success=False steps=120 inf=26.6s sim=5.1s total=35.2s
[octo-base|PutEggplantInBasketScene-v1|dens_x0.5] ep 27 success=False steps=120 inf=18.8s sim=6.9s total=29.4s
[octo-base|PutEggplantInBasketScene-v1|dens_x0.5] ep 28 success=False steps=120 inf=20.0s sim=5.7s total=29.3s
[octo-base|PutEggplantInBasketScene-v1|dens_x0.5] ep 29 success=False steps=120 inf=19.5s sim=4.9s total=28.0s
[octo-base|PutEggplantInBasketScene-v1|dens_x0.5] ep 30 success=True steps=120 inf=20.5s sim=5.2s total=29.3s
[octo-base|PutEggplantInBasketScene-v1|dens_x0.5] ep 31 success=False steps=120 inf=18.8s sim=6.3s total=28.8s
[octo-base|PutEggplantInBasketScene-v1|dens_x0.5] ep 32 success=True steps=120 inf=20.4s sim=6.0s total=30.6s
[octo-base|PutEggplantInBasketScene-v1|dens_x0.5] ep 33 success=False steps=120 inf=20.3s sim=6.5s total=30.4s
[octo-base|PutEggplantInBasketScene-v1|dens_x0.5] ep 34 success=True steps=120 inf=18.7s sim=6.0s total=28.4s
[octo-base|PutEggplantInBasketScene-v1|dens_x0.5] ep 35 success=False steps=120 inf=19.7s sim=6.1s total=29.5s
[octo-base|PutEggplantInBasketScene-v1|dens_x0.5] ep 36 success=False steps=120 inf=19.0s sim=6.5s total=29.2s
[octo-base|PutEggplantInBasketScene-v1|dens_x0.5] ep 37 success=True steps=120 inf=19.1s sim=6.8s total=29.6s
[octo-base|PutEggplantInBasketScene-v1|dens_x0.5] ep 38 success=False steps=120 inf=19.4s sim=6.8s total=30.0s
[octo-base|PutEggplantInBasketScene-v1|dens_x0.5] ep 39 success=False steps=120 inf=19.2s sim=6.1s total=28.6s
[octo-base|PutEggplantInBasketScene-v1|dens_x0.5] ep 40 success=False steps=120 inf=20.0s sim=4.8s total=28.7s
[octo-base|PutEggplantInBasketScene-v1|dens_x0.5] ep 41 success=False steps=120 inf=19.9s sim=5.8s total=1084.6s
[octo-base|PutEggplantInBasketScene-v1|dens_x0.5] ep 42 success=False steps=120 inf=34.8s sim=5.9s total=44.2s
[octo-base|PutEggplantInBasketScene-v1|dens_x0.5] ep 43 success=False steps=120 inf=29.7s sim=6.6s total=40.1s
[octo-base|PutEggplantInBasketScene-v1|dens_x0.5] ep 44 success=False steps=120 inf=19.5s sim=5.4s total=28.7s
[octo-base|PutEggplantInBasketScene-v1|dens_x0.5] ep 45 success=True steps=120 inf=19.7s sim=5.7s total=29.1s
[octo-base|PutEggplantInBasketScene-v1|dens_x0.5] ep 46 success=True steps=120 inf=18.1s sim=5.2s total=27.1s
[octo-base|PutEggplantInBasketScene-v1|dens_x0.5] ep 47 success=False steps=120 inf=18.7s sim=6.9s total=29.3s
== dens_x0.5: 20/48 success
