E:\research\the_world\.venv-windows-ms3\Lib\site-packages\sapien\wrapper\pinocchio_model.py:299: UserWarning: pinnochio package is not installed, robotics functionalities will not be available
  warnings.warn(
[33;1m2026-09-19 02:36:21,099 - mani_skill  - WARNING - Mimic targets dictionary is missing for controller config for widowx250s_bridgedataset_sink. Assuming the first joint is the control joint and the second joint is the mimic joint[0m
[33;1m2026-09-19 02:36:21,261 - mani_skill  - WARNING - No initial pose set for actor builder of eggplant, setting to default pose q=[1,0,0,0], p=[0,0,0]. Not setting reasonable initial poses may slow down simulation, see https://github.com/haosulab/ManiSkill/issues/421.[0m
[33;1m2026-09-19 02:36:21,275 - mani_skill  - WARNING - No initial pose set for actor builder of dummy_sink_target_plane, setting to default pose q=[1,0,0,0], p=[0,0,0]. Not setting reasonable initial poses may slow down simulation, see https://github.com/haosulab/ManiSkill/issues/421.[0m
[octo-base|PutEggplantInBasketScene-v1|iso_x4.0] ep 0 success=True steps=120 inf=26.1s sim=5.0s total=36.4s
[octo-base|PutEggplantInBasketScene-v1|iso_x4.0] ep 1 success=True steps=120 inf=27.2s sim=4.4s total=37.0s
[octo-base|PutEggplantInBasketScene-v1|iso_x4.0] ep 2 success=False steps=120 inf=27.5s sim=5.9s total=39.2s
[octo-base|PutEggplantInBasketScene-v1|iso_x4.0] ep 3 success=False steps=120 inf=26.3s sim=4.8s total=36.6s
[octo-base|PutEggplantInBasketScene-v1|iso_x4.0] ep 4 success=True steps=120 inf=27.1s sim=5.3s total=38.1s
[octo-base|PutEggplantInBasketScene-v1|iso_x4.0] ep 5 success=True steps=120 inf=26.7s sim=4.2s total=36.3s
[octo-base|PutEggplantInBasketScene-v1|iso_x4.0] ep 6 success=False steps=120 inf=28.1s sim=6.0s total=39.8s
[octo-base|PutEggplantInBasketScene-v1|iso_x4.0] ep 7 success=True steps=120 inf=28.3s sim=5.2s total=39.5s
[octo-base|PutEggplantInBasketScene-v1|iso_x4.0] ep 8 success=True steps=120 inf=28.1s sim=5.8s total=39.4s
[octo-base|PutEggplantInBasketScene-v1|iso_x4.0] ep 9 success=False steps=120 inf=27.1s sim=6.2s total=39.2s
[octo-base|PutEggplantInBasketScene-v1|iso_x4.0] ep 10 success=True steps=120 inf=27.6s sim=4.6s total=38.0s
[octo-base|PutEggplantInBasketScene-v1|iso_x4.0] ep 11 success=False steps=120 inf=27.0s sim=5.4s total=38.1s
[octo-base|PutEggplantInBasketScene-v1|iso_x4.0] ep 12 success=True steps=120 inf=25.9s sim=6.1s total=37.5s
[octo-base|PutEggplantInBasketScene-v1|iso_x4.0] ep 13 success=True steps=120 inf=26.6s sim=4.7s total=37.3s
[octo-base|PutEggplantInBasketScene-v1|iso_x4.0] ep 14 success=True steps=120 inf=28.8s sim=5.6s total=40.3s
[octo-base|PutEggplantInBasketScene-v1|iso_x4.0] ep 15 success=True steps=120 inf=26.1s sim=7.0s total=39.4s
[octo-base|PutEggplantInBasketScene-v1|iso_x4.0] ep 16 success=False steps=120 inf=26.3s sim=4.4s total=36.3s
[octo-base|PutEggplantInBasketScene-v1|iso_x4.0] ep 17 success=True steps=120 inf=27.5s sim=5.6s total=38.9s
[octo-base|PutEggplantInBasketScene-v1|iso_x4.0] ep 18 success=False steps=120 inf=26.9s sim=5.8s total=39.1s
[octo-base|PutEggplantInBasketScene-v1|iso_x4.0] ep 19 success=False steps=120 inf=26.5s sim=6.2s total=38.2s
[octo-base|PutEggplantInBasketScene-v1|iso_x4.0] ep 20 success=False steps=120 inf=28.1s sim=4.8s total=38.6s
[octo-base|PutEggplantInBasketScene-v1|iso_x4.0] ep 21 success=True steps=120 inf=28.0s sim=4.7s total=38.4s
[octo-base|PutEggplantInBasketScene-v1|iso_x4.0] ep 22 success=True steps=120 inf=28.6s sim=4.7s total=36.5s
[octo-base|PutEggplantInBasketScene-v1|iso_x4.0] ep 23 success=False steps=120 inf=25.6s sim=6.1s total=37.5s
[octo-base|PutEggplantInBasketScene-v1|iso_x4.0] ep 24 success=False steps=120 inf=27.0s sim=5.6s total=38.1s
[octo-base|PutEggplantInBasketScene-v1|iso_x4.0] ep 25 success=True steps=120 inf=22.5s sim=5.0s total=32.7s
[octo-base|PutEggplantInBasketScene-v1|iso_x4.0] ep 26 success=False steps=120 inf=28.3s sim=4.5s total=37.5s
[octo-base|PutEggplantInBasketScene-v1|iso_x4.0] ep 27 success=False steps=120 inf=28.2s sim=5.3s total=38.2s
[octo-base|PutEggplantInBasketScene-v1|iso_x4.0] ep 28 success=True steps=120 inf=25.8s sim=4.5s total=35.6s
[octo-base|PutEggplantInBasketScene-v1|iso_x4.0] ep 29 success=True steps=120 inf=27.9s sim=4.5s total=38.0s
[octo-base|PutEggplantInBasketScene-v1|iso_x4.0] ep 30 success=True steps=120 inf=26.7s sim=4.3s total=36.9s
[octo-base|PutEggplantInBasketScene-v1|iso_x4.0] ep 31 success=True steps=120 inf=29.0s sim=4.2s total=39.2s
[octo-base|PutEggplantInBasketScene-v1|iso_x4.0] ep 32 success=True steps=120 inf=27.0s sim=7.6s total=40.6s
[octo-base|PutEggplantInBasketScene-v1|iso_x4.0] ep 33 success=False steps=120 inf=27.6s sim=4.9s total=38.3s
[octo-base|PutEggplantInBasketScene-v1|iso_x4.0] ep 34 success=False steps=120 inf=28.4s sim=5.2s total=39.7s
[octo-base|PutEggplantInBasketScene-v1|iso_x4.0] ep 35 success=False steps=120 inf=27.6s sim=5.9s total=39.5s
[octo-base|PutEggplantInBasketScene-v1|iso_x4.0] ep 36 success=False steps=120 inf=28.4s sim=6.8s total=41.4s
[octo-base|PutEggplantInBasketScene-v1|iso_x4.0] ep 37 success=True steps=120 inf=27.1s sim=4.6s total=37.6s
[octo-base|PutEggplantInBasketScene-v1|iso_x4.0] ep 38 success=True steps=120 inf=24.4s sim=6.7s total=36.6s
[octo-base|PutEggplantInBasketScene-v1|iso_x4.0] ep 39 success=False steps=120 inf=27.4s sim=9.1s total=42.6s
[octo-base|PutEggplantInBasketScene-v1|iso_x4.0] ep 40 success=False steps=120 inf=26.8s sim=7.2s total=39.8s
[octo-base|PutEggplantInBasketScene-v1|iso_x4.0] ep 41 success=False steps=120 inf=27.6s sim=6.5s total=40.1s
[octo-base|PutEggplantInBasketScene-v1|iso_x4.0] ep 42 success=False steps=120 inf=26.9s sim=6.8s total=39.7s
[octo-base|PutEggplantInBasketScene-v1|iso_x4.0] ep 43 success=False steps=120 inf=25.2s sim=9.2s total=39.9s
[octo-base|PutEggplantInBasketScene-v1|iso_x4.0] ep 44 success=False steps=120 inf=26.1s sim=6.6s total=38.3s
[octo-base|PutEggplantInBasketScene-v1|iso_x4.0] ep 45 success=True steps=120 inf=25.9s sim=5.8s total=37.7s
[octo-base|PutEggplantInBasketScene-v1|iso_x4.0] ep 46 success=True steps=120 inf=25.8s sim=6.1s total=37.6s
[octo-base|PutEggplantInBasketScene-v1|iso_x4.0] ep 47 success=False steps=120 inf=25.8s sim=8.1s total=39.6s
== iso_x4.0: 24/48 success
