E:\research\the_world\.venv-windows-ms3\Lib\site-packages\sapien\wrapper\pinocchio_model.py:299: UserWarning: pinnochio package is not installed, robotics functionalities will not be available
  warnings.warn(
[33;1m2026-09-19 08:29:50,775 - mani_skill  - WARNING - Mimic targets dictionary is missing for controller config for widowx250s_bridgedataset_sink. Assuming the first joint is the control joint and the second joint is the mimic joint[0m
[33;1m2026-09-19 08:29:50,857 - mani_skill  - WARNING - No initial pose set for actor builder of eggplant, setting to default pose q=[1,0,0,0], p=[0,0,0]. Not setting reasonable initial poses may slow down simulation, see https://github.com/haosulab/ManiSkill/issues/421.[0m
[33;1m2026-09-19 08:29:50,877 - mani_skill  - WARNING - No initial pose set for actor builder of dummy_sink_target_plane, setting to default pose q=[1,0,0,0], p=[0,0,0]. Not setting reasonable initial poses may slow down simulation, see https://github.com/haosulab/ManiSkill/issues/421.[0m
[octo-small@hist1|PutEggplantInBasketScene-v1|nominal] ep 0 success=True steps=120 inf=15.2s sim=3.7s total=31.8s
[octo-small@hist1|PutEggplantInBasketScene-v1|nominal] ep 1 success=True steps=120 inf=15.2s sim=3.6s total=31.5s
[octo-small@hist1|PutEggplantInBasketScene-v1|nominal] ep 2 success=True steps=120 inf=15.0s sim=4.0s total=31.2s
[octo-small@hist1|PutEggplantInBasketScene-v1|nominal] ep 3 success=True steps=120 inf=15.2s sim=4.8s total=31.7s
[octo-small@hist1|PutEggplantInBasketScene-v1|nominal] ep 4 success=False steps=120 inf=15.0s sim=5.4s total=32.0s
[octo-small@hist1|PutEggplantInBasketScene-v1|nominal] ep 5 success=True steps=120 inf=15.4s sim=3.7s total=31.8s
[octo-small@hist1|PutEggplantInBasketScene-v1|nominal] ep 6 success=True steps=120 inf=14.9s sim=3.6s total=31.4s
[octo-small@hist1|PutEggplantInBasketScene-v1|nominal] ep 7 success=False steps=120 inf=14.7s sim=4.6s total=31.5s
[octo-small@hist1|PutEggplantInBasketScene-v1|nominal] ep 8 success=True steps=120 inf=15.3s sim=3.7s total=32.0s
[octo-small@hist1|PutEggplantInBasketScene-v1|nominal] ep 9 success=True steps=120 inf=15.4s sim=3.7s total=31.5s
[octo-small@hist1|PutEggplantInBasketScene-v1|nominal] ep 10 success=False steps=120 inf=15.2s sim=4.9s total=31.8s
[octo-small@hist1|PutEggplantInBasketScene-v1|nominal] ep 11 success=False steps=120 inf=14.3s sim=5.1s total=31.2s
[octo-small@hist1|PutEggplantInBasketScene-v1|nominal] ep 12 success=False steps=120 inf=14.8s sim=5.2s total=31.7s
[octo-small@hist1|PutEggplantInBasketScene-v1|nominal] ep 13 success=True steps=120 inf=15.1s sim=3.7s total=31.3s
[octo-small@hist1|PutEggplantInBasketScene-v1|nominal] ep 14 success=False steps=120 inf=15.0s sim=5.6s total=31.6s
[octo-small@hist1|PutEggplantInBasketScene-v1|nominal] ep 15 success=False steps=120 inf=15.1s sim=5.7s total=31.7s
[octo-small@hist1|PutEggplantInBasketScene-v1|nominal] ep 16 success=True steps=120 inf=14.9s sim=3.4s total=31.7s
[octo-small@hist1|PutEggplantInBasketScene-v1|nominal] ep 17 success=True steps=120 inf=14.8s sim=3.6s total=31.4s
[octo-small@hist1|PutEggplantInBasketScene-v1|nominal] ep 18 success=True steps=120 inf=14.5s sim=3.6s total=31.8s
[octo-small@hist1|PutEggplantInBasketScene-v1|nominal] ep 19 success=False steps=120 inf=14.7s sim=5.3s total=31.7s
[octo-small@hist1|PutEggplantInBasketScene-v1|nominal] ep 20 success=True steps=120 inf=14.7s sim=3.5s total=31.4s
[octo-small@hist1|PutEggplantInBasketScene-v1|nominal] ep 21 success=True steps=120 inf=14.7s sim=3.5s total=31.7s
[octo-small@hist1|PutEggplantInBasketScene-v1|nominal] ep 22 success=False steps=120 inf=14.7s sim=5.3s total=31.7s
[octo-small@hist1|PutEggplantInBasketScene-v1|nominal] ep 23 success=False steps=120 inf=15.5s sim=4.3s total=32.3s
[octo-small@hist1|PutEggplantInBasketScene-v1|nominal] ep 24 success=True steps=120 inf=14.6s sim=4.1s total=31.4s
[octo-small@hist1|PutEggplantInBasketScene-v1|nominal] ep 25 success=True steps=120 inf=15.3s sim=3.6s total=31.7s
[octo-small@hist1|PutEggplantInBasketScene-v1|nominal] ep 26 success=True steps=120 inf=15.3s sim=3.8s total=31.8s
[octo-small@hist1|PutEggplantInBasketScene-v1|nominal] ep 27 success=False steps=120 inf=15.1s sim=5.0s total=31.7s
[octo-small@hist1|PutEggplantInBasketScene-v1|nominal] ep 28 success=True steps=120 inf=14.8s sim=3.6s total=31.3s
[octo-small@hist1|PutEggplantInBasketScene-v1|nominal] ep 29 success=False steps=120 inf=14.8s sim=5.5s total=31.8s
[octo-small@hist1|PutEggplantInBasketScene-v1|nominal] ep 30 success=False steps=120 inf=15.4s sim=5.1s total=31.5s
[octo-small@hist1|PutEggplantInBasketScene-v1|nominal] ep 31 success=False steps=120 inf=14.9s sim=4.8s total=31.4s
[octo-small@hist1|PutEggplantInBasketScene-v1|nominal] ep 32 success=False steps=120 inf=14.3s sim=4.8s total=29.5s
[octo-small@hist1|PutEggplantInBasketScene-v1|nominal] ep 33 success=False steps=120 inf=14.5s sim=3.7s total=20.6s
[octo-small@hist1|PutEggplantInBasketScene-v1|nominal] ep 34 success=False steps=120 inf=15.6s sim=6.5s total=31.6s
[octo-small@hist1|PutEggplantInBasketScene-v1|nominal] ep 35 success=False steps=120 inf=15.7s sim=5.8s total=31.8s
[octo-small@hist1|PutEggplantInBasketScene-v1|nominal] ep 36 success=True steps=120 inf=15.5s sim=4.0s total=31.7s
[octo-small@hist1|PutEggplantInBasketScene-v1|nominal] ep 37 success=True steps=120 inf=15.6s sim=3.5s total=31.6s
[octo-small@hist1|PutEggplantInBasketScene-v1|nominal] ep 38 success=False steps=120 inf=15.6s sim=4.8s total=31.5s
[octo-small@hist1|PutEggplantInBasketScene-v1|nominal] ep 39 success=False steps=120 inf=15.3s sim=5.3s total=31.4s
[octo-small@hist1|PutEggplantInBasketScene-v1|nominal] ep 40 success=True steps=120 inf=15.5s sim=3.9s total=31.3s
[octo-small@hist1|PutEggplantInBasketScene-v1|nominal] ep 41 success=True steps=120 inf=15.4s sim=3.5s total=31.6s
[octo-small@hist1|PutEggplantInBasketScene-v1|nominal] ep 42 success=True steps=120 inf=15.4s sim=5.7s total=31.3s
[octo-small@hist1|PutEggplantInBasketScene-v1|nominal] ep 43 success=False steps=120 inf=15.5s sim=4.5s total=31.2s
[octo-small@hist1|PutEggplantInBasketScene-v1|nominal] ep 44 success=False steps=120 inf=15.2s sim=5.9s total=31.0s
[octo-small@hist1|PutEggplantInBasketScene-v1|nominal] ep 45 success=True steps=120 inf=15.5s sim=3.8s total=31.3s
[octo-small@hist1|PutEggplantInBasketScene-v1|nominal] ep 46 success=True steps=120 inf=15.3s sim=4.7s total=31.4s
[octo-small@hist1|PutEggplantInBasketScene-v1|nominal] ep 47 success=False steps=120 inf=15.1s sim=5.1s total=31.3s
== nominal: 25/48 success
