E:\research\the_world\.venv-windows-ms3\Lib\site-packages\sapien\wrapper\pinocchio_model.py:299: UserWarning: pinnochio package is not installed, robotics functionalities will not be available
  warnings.warn(
[33;1m2026-09-19 04:36:58,204 - mani_skill  - WARNING - Mimic targets dictionary is missing for controller config for widowx250s_bridgedataset_sink. Assuming the first joint is the control joint and the second joint is the mimic joint[0m
[33;1m2026-09-19 04:36:58,299 - mani_skill  - WARNING - No initial pose set for actor builder of eggplant, setting to default pose q=[1,0,0,0], p=[0,0,0]. Not setting reasonable initial poses may slow down simulation, see https://github.com/haosulab/ManiSkill/issues/421.[0m
[33;1m2026-09-19 04:36:58,324 - mani_skill  - WARNING - No initial pose set for actor builder of dummy_sink_target_plane, setting to default pose q=[1,0,0,0], p=[0,0,0]. Not setting reasonable initial poses may slow down simulation, see https://github.com/haosulab/ManiSkill/issues/421.[0m
[octo-base@hist1|PutEggplantInBasketScene-v1|force_x0.5] ep 0 success=False steps=120 inf=15.5s sim=4.0s total=23.9s
[octo-base@hist1|PutEggplantInBasketScene-v1|force_x0.5] ep 1 success=False steps=120 inf=15.3s sim=4.8s total=24.3s
[octo-base@hist1|PutEggplantInBasketScene-v1|force_x0.5] ep 2 success=False steps=120 inf=16.0s sim=3.9s total=24.0s
[octo-base@hist1|PutEggplantInBasketScene-v1|force_x0.5] ep 3 success=False steps=120 inf=24.0s sim=5.6s total=35.1s
[octo-base@hist1|PutEggplantInBasketScene-v1|force_x0.5] ep 4 success=False steps=120 inf=26.1s sim=6.4s total=38.1s
[octo-base@hist1|PutEggplantInBasketScene-v1|force_x0.5] ep 5 success=True steps=120 inf=27.0s sim=6.3s total=39.0s
[octo-base@hist1|PutEggplantInBasketScene-v1|force_x0.5] ep 6 success=False steps=120 inf=25.5s sim=5.6s total=36.6s
[octo-base@hist1|PutEggplantInBasketScene-v1|force_x0.5] ep 7 success=False steps=120 inf=26.1s sim=7.4s total=39.3s
[octo-base@hist1|PutEggplantInBasketScene-v1|force_x0.5] ep 8 success=False steps=120 inf=26.6s sim=7.5s total=40.1s
[octo-base@hist1|PutEggplantInBasketScene-v1|force_x0.5] ep 9 success=False steps=120 inf=29.2s sim=5.4s total=40.6s
[octo-base@hist1|PutEggplantInBasketScene-v1|force_x0.5] ep 10 success=False steps=120 inf=28.4s sim=5.3s total=39.7s
[octo-base@hist1|PutEggplantInBasketScene-v1|force_x0.5] ep 11 success=False steps=120 inf=28.5s sim=5.6s total=40.1s
[octo-base@hist1|PutEggplantInBasketScene-v1|force_x0.5] ep 12 success=True steps=120 inf=26.4s sim=6.7s total=38.8s
[octo-base@hist1|PutEggplantInBasketScene-v1|force_x0.5] ep 13 success=False steps=120 inf=28.9s sim=3.9s total=38.7s
[octo-base@hist1|PutEggplantInBasketScene-v1|force_x0.5] ep 14 success=True steps=120 inf=29.0s sim=4.4s total=39.2s
[octo-base@hist1|PutEggplantInBasketScene-v1|force_x0.5] ep 15 success=False steps=120 inf=26.0s sim=8.1s total=40.0s
[octo-base@hist1|PutEggplantInBasketScene-v1|force_x0.5] ep 16 success=False steps=120 inf=25.6s sim=7.8s total=39.4s
[octo-base@hist1|PutEggplantInBasketScene-v1|force_x0.5] ep 17 success=False steps=120 inf=20.4s sim=6.9s total=32.8s
[octo-base@hist1|PutEggplantInBasketScene-v1|force_x0.5] ep 18 success=True steps=120 inf=26.2s sim=5.7s total=37.6s
[octo-base@hist1|PutEggplantInBasketScene-v1|force_x0.5] ep 19 success=False steps=120 inf=27.0s sim=7.0s total=39.8s
[octo-base@hist1|PutEggplantInBasketScene-v1|force_x0.5] ep 20 success=False steps=120 inf=23.5s sim=9.4s total=38.8s
[octo-base@hist1|PutEggplantInBasketScene-v1|force_x0.5] ep 21 success=True steps=120 inf=25.4s sim=6.7s total=37.9s
[octo-base@hist1|PutEggplantInBasketScene-v1|force_x0.5] ep 22 success=False steps=120 inf=24.3s sim=3.9s total=34.1s
[octo-base@hist1|PutEggplantInBasketScene-v1|force_x0.5] ep 23 success=False steps=120 inf=23.3s sim=5.3s total=34.1s
[octo-base@hist1|PutEggplantInBasketScene-v1|force_x0.5] ep 24 success=False steps=120 inf=27.0s sim=5.6s total=38.0s
[octo-base@hist1|PutEggplantInBasketScene-v1|force_x0.5] ep 25 success=True steps=120 inf=26.8s sim=5.1s total=37.9s
[octo-base@hist1|PutEggplantInBasketScene-v1|force_x0.5] ep 26 success=False steps=120 inf=26.6s sim=5.4s total=37.6s
[octo-base@hist1|PutEggplantInBasketScene-v1|force_x0.5] ep 27 success=True steps=120 inf=25.2s sim=6.4s total=37.3s
[octo-base@hist1|PutEggplantInBasketScene-v1|force_x0.5] ep 28 success=False steps=120 inf=27.0s sim=5.5s total=38.5s
[octo-base@hist1|PutEggplantInBasketScene-v1|force_x0.5] ep 29 success=True steps=120 inf=25.0s sim=6.1s total=36.4s
[octo-base@hist1|PutEggplantInBasketScene-v1|force_x0.5] ep 30 success=False steps=120 inf=24.4s sim=6.2s total=36.0s
[octo-base@hist1|PutEggplantInBasketScene-v1|force_x0.5] ep 31 success=False steps=120 inf=27.1s sim=7.7s total=41.0s
[octo-base@hist1|PutEggplantInBasketScene-v1|force_x0.5] ep 32 success=False steps=120 inf=28.7s sim=6.4s total=41.2s
[octo-base@hist1|PutEggplantInBasketScene-v1|force_x0.5] ep 33 success=True steps=120 inf=28.8s sim=4.1s total=39.0s
[octo-base@hist1|PutEggplantInBasketScene-v1|force_x0.5] ep 34 success=False steps=120 inf=26.0s sim=5.2s total=36.9s
[octo-base@hist1|PutEggplantInBasketScene-v1|force_x0.5] ep 35 success=False steps=120 inf=26.0s sim=6.3s total=38.2s
[octo-base@hist1|PutEggplantInBasketScene-v1|force_x0.5] ep 36 success=False steps=120 inf=24.9s sim=7.1s total=38.0s
[octo-base@hist1|PutEggplantInBasketScene-v1|force_x0.5] ep 37 success=True steps=120 inf=26.7s sim=4.7s total=37.0s
[octo-base@hist1|PutEggplantInBasketScene-v1|force_x0.5] ep 38 success=True steps=120 inf=28.0s sim=4.3s total=37.9s
[octo-base@hist1|PutEggplantInBasketScene-v1|force_x0.5] ep 39 success=False steps=120 inf=25.7s sim=8.5s total=39.7s
[octo-base@hist1|PutEggplantInBasketScene-v1|force_x0.5] ep 40 success=False steps=120 inf=28.0s sim=7.2s total=41.6s
[octo-base@hist1|PutEggplantInBasketScene-v1|force_x0.5] ep 41 success=False steps=120 inf=29.7s sim=5.9s total=41.8s
[octo-base@hist1|PutEggplantInBasketScene-v1|force_x0.5] ep 42 success=False steps=120 inf=29.0s sim=6.6s total=41.7s
[octo-base@hist1|PutEggplantInBasketScene-v1|force_x0.5] ep 43 success=False steps=120 inf=23.9s sim=7.9s total=37.6s
[octo-base@hist1|PutEggplantInBasketScene-v1|force_x0.5] ep 44 success=False steps=120 inf=27.7s sim=7.1s total=41.0s
[octo-base@hist1|PutEggplantInBasketScene-v1|force_x0.5] ep 45 success=True steps=120 inf=29.4s sim=5.5s total=41.3s
[octo-base@hist1|PutEggplantInBasketScene-v1|force_x0.5] ep 46 success=False steps=120 inf=29.7s sim=5.6s total=41.7s
[octo-base@hist1|PutEggplantInBasketScene-v1|force_x0.5] ep 47 success=False steps=120 inf=31.1s sim=4.8s total=42.0s
== force_x0.5: 12/48 success
