E:\research\the_world\.venv-windows-ms3\Lib\site-packages\sapien\wrapper\pinocchio_model.py:299: UserWarning: pinnochio package is not installed, robotics functionalities will not be available
  warnings.warn(
[33;1m2026-09-19 04:47:47,052 - mani_skill  - WARNING - Mimic targets dictionary is missing for controller config for widowx250s_bridgedataset_sink. Assuming the first joint is the control joint and the second joint is the mimic joint[0m
[33;1m2026-09-19 04:47:47,206 - mani_skill  - WARNING - No initial pose set for actor builder of eggplant, setting to default pose q=[1,0,0,0], p=[0,0,0]. Not setting reasonable initial poses may slow down simulation, see https://github.com/haosulab/ManiSkill/issues/421.[0m
[33;1m2026-09-19 04:47:47,230 - mani_skill  - WARNING - No initial pose set for actor builder of dummy_sink_target_plane, setting to default pose q=[1,0,0,0], p=[0,0,0]. Not setting reasonable initial poses may slow down simulation, see https://github.com/haosulab/ManiSkill/issues/421.[0m
[octo-base@hist1|PutEggplantInBasketScene-v1|fric_x0.4] ep 0 success=False steps=120 inf=25.3s sim=6.9s total=38.1s
[octo-base@hist1|PutEggplantInBasketScene-v1|fric_x0.4] ep 1 success=True steps=120 inf=26.0s sim=7.0s total=38.7s
[octo-base@hist1|PutEggplantInBasketScene-v1|fric_x0.4] ep 2 success=False steps=120 inf=23.6s sim=6.8s total=36.1s
[octo-base@hist1|PutEggplantInBasketScene-v1|fric_x0.4] ep 3 success=False steps=120 inf=24.2s sim=7.0s total=36.7s
[octo-base@hist1|PutEggplantInBasketScene-v1|fric_x0.4] ep 4 success=False steps=120 inf=23.7s sim=5.8s total=34.9s
[octo-base@hist1|PutEggplantInBasketScene-v1|fric_x0.4] ep 5 success=True steps=120 inf=21.8s sim=4.5s total=31.1s
[octo-base@hist1|PutEggplantInBasketScene-v1|fric_x0.4] ep 6 success=False steps=120 inf=25.1s sim=6.3s total=37.1s
[octo-base@hist1|PutEggplantInBasketScene-v1|fric_x0.4] ep 7 success=False steps=120 inf=26.3s sim=5.4s total=37.2s
[octo-base@hist1|PutEggplantInBasketScene-v1|fric_x0.4] ep 8 success=False steps=120 inf=25.1s sim=5.5s total=36.4s
[octo-base@hist1|PutEggplantInBasketScene-v1|fric_x0.4] ep 9 success=True steps=120 inf=24.9s sim=4.9s total=35.5s
[octo-base@hist1|PutEggplantInBasketScene-v1|fric_x0.4] ep 10 success=False steps=120 inf=24.4s sim=7.0s total=36.9s
[octo-base@hist1|PutEggplantInBasketScene-v1|fric_x0.4] ep 11 success=False steps=120 inf=25.6s sim=6.8s total=38.1s
[octo-base@hist1|PutEggplantInBasketScene-v1|fric_x0.4] ep 12 success=True steps=120 inf=22.0s sim=5.0s total=32.1s
[octo-base@hist1|PutEggplantInBasketScene-v1|fric_x0.4] ep 13 success=True steps=120 inf=26.6s sim=4.9s total=37.8s
[octo-base@hist1|PutEggplantInBasketScene-v1|fric_x0.4] ep 14 success=True steps=120 inf=27.5s sim=4.5s total=38.1s
[octo-base@hist1|PutEggplantInBasketScene-v1|fric_x0.4] ep 15 success=False steps=120 inf=27.6s sim=5.6s total=39.0s
[octo-base@hist1|PutEggplantInBasketScene-v1|fric_x0.4] ep 16 success=False steps=120 inf=26.6s sim=5.7s total=37.9s
[octo-base@hist1|PutEggplantInBasketScene-v1|fric_x0.4] ep 17 success=False steps=120 inf=26.6s sim=5.5s total=37.6s
[octo-base@hist1|PutEggplantInBasketScene-v1|fric_x0.4] ep 18 success=False steps=120 inf=23.9s sim=4.8s total=34.2s
[octo-base@hist1|PutEggplantInBasketScene-v1|fric_x0.4] ep 19 success=True steps=120 inf=23.5s sim=8.8s total=37.8s
[octo-base@hist1|PutEggplantInBasketScene-v1|fric_x0.4] ep 20 success=True steps=120 inf=25.9s sim=5.3s total=36.8s
[octo-base@hist1|PutEggplantInBasketScene-v1|fric_x0.4] ep 21 success=False steps=120 inf=26.2s sim=6.1s total=37.8s
[octo-base@hist1|PutEggplantInBasketScene-v1|fric_x0.4] ep 22 success=True steps=120 inf=26.3s sim=8.1s total=40.5s
[octo-base@hist1|PutEggplantInBasketScene-v1|fric_x0.4] ep 23 success=False steps=120 inf=28.1s sim=6.3s total=40.2s
[octo-base@hist1|PutEggplantInBasketScene-v1|fric_x0.4] ep 24 success=False steps=120 inf=29.0s sim=5.2s total=40.4s
[octo-base@hist1|PutEggplantInBasketScene-v1|fric_x0.4] ep 25 success=True steps=120 inf=27.6s sim=6.9s total=40.4s
[octo-base@hist1|PutEggplantInBasketScene-v1|fric_x0.4] ep 26 success=False steps=120 inf=24.5s sim=5.3s total=35.4s
[octo-base@hist1|PutEggplantInBasketScene-v1|fric_x0.4] ep 27 success=False steps=120 inf=26.8s sim=6.0s total=38.6s
[octo-base@hist1|PutEggplantInBasketScene-v1|fric_x0.4] ep 28 success=False steps=120 inf=29.1s sim=6.2s total=41.7s
[octo-base@hist1|PutEggplantInBasketScene-v1|fric_x0.4] ep 29 success=True steps=120 inf=28.9s sim=6.7s total=41.6s
[octo-base@hist1|PutEggplantInBasketScene-v1|fric_x0.4] ep 30 success=False steps=120 inf=28.7s sim=5.6s total=40.6s
[octo-base@hist1|PutEggplantInBasketScene-v1|fric_x0.4] ep 31 success=False steps=120 inf=25.7s sim=7.7s total=38.9s
[octo-base@hist1|PutEggplantInBasketScene-v1|fric_x0.4] ep 32 success=False steps=120 inf=29.7s sim=6.3s total=42.2s
[octo-base@hist1|PutEggplantInBasketScene-v1|fric_x0.4] ep 33 success=True steps=120 inf=27.0s sim=5.1s total=37.9s
[octo-base@hist1|PutEggplantInBasketScene-v1|fric_x0.4] ep 34 success=True steps=120 inf=27.0s sim=4.5s total=37.2s
[octo-base@hist1|PutEggplantInBasketScene-v1|fric_x0.4] ep 35 success=False steps=120 inf=25.7s sim=6.6s total=37.9s
[octo-base@hist1|PutEggplantInBasketScene-v1|fric_x0.4] ep 36 success=False steps=120 inf=27.7s sim=8.7s total=42.8s
[octo-base@hist1|PutEggplantInBasketScene-v1|fric_x0.4] ep 37 success=True steps=120 inf=26.3s sim=4.4s total=36.5s
[octo-base@hist1|PutEggplantInBasketScene-v1|fric_x0.4] ep 38 success=False steps=120 inf=28.3s sim=6.1s total=40.4s
[octo-base@hist1|PutEggplantInBasketScene-v1|fric_x0.4] ep 39 success=False steps=120 inf=30.9s sim=6.9s total=41.2s
[octo-base@hist1|PutEggplantInBasketScene-v1|fric_x0.4] ep 40 success=False steps=120 inf=25.6s sim=7.2s total=38.8s
[octo-base@hist1|PutEggplantInBasketScene-v1|fric_x0.4] ep 41 success=True steps=120 inf=22.2s sim=5.5s total=31.8s
[octo-base@hist1|PutEggplantInBasketScene-v1|fric_x0.4] ep 42 success=False steps=120 inf=23.0s sim=4.5s total=32.4s
[octo-base@hist1|PutEggplantInBasketScene-v1|fric_x0.4] ep 43 success=False steps=120 inf=19.8s sim=4.9s total=29.5s
[octo-base@hist1|PutEggplantInBasketScene-v1|fric_x0.4] ep 44 success=True steps=120 inf=21.4s sim=4.1s total=30.5s
[octo-base@hist1|PutEggplantInBasketScene-v1|fric_x0.4] ep 45 success=True steps=120 inf=20.4s sim=4.1s total=29.2s
[octo-base@hist1|PutEggplantInBasketScene-v1|fric_x0.4] ep 46 success=False steps=120 inf=21.4s sim=4.4s total=28.8s
[octo-base@hist1|PutEggplantInBasketScene-v1|fric_x0.4] ep 47 success=False steps=120 inf=21.6s sim=4.9s total=31.0s
== fric_x0.4: 17/48 success
