[octo-base|PutEggplantInBasketScene-v1|fric_x0.4] ep 93 success=True steps=120 inf=15.4s sim=7.1s total=26.5s
[octo-base|PutEggplantInBasketScene-v1|fric_x0.4] ep 94 success=True steps=120 inf=15.5s sim=5.2s total=25.0s
[octo-base|PutEggplantInBasketScene-v1|fric_x0.4] ep 95 success=False steps=120 inf=15.7s sim=7.1s total=27.2s
== fric_x0.4: 42/96 success
[octo-base|PutEggplantInBasketScene-v1|dens_x0.5] ep 24 success=True steps=120 inf=15.7s sim=6.5s total=26.4s
[octo-base|PutEggplantInBasketScene-v1|dens_x0.5] ep 25 success=True steps=120 inf=14.7s sim=7.3s total=26.3s
[octo-base|PutEggplantInBasketScene-v1|dens_x0.5] ep 26 success=False steps=120 inf=15.5s sim=5.7s total=25.4s
[octo-base|PutEggplantInBasketScene-v1|dens_x0.5] ep 27 success=False steps=120 inf=16.0s sim=7.5s total=27.7s
[octo-base|PutEggplantInBasketScene-v1|dens_x0.5] ep 28 success=True steps=120 inf=15.3s sim=5.0s total=24.5s
[octo-base|PutEggplantInBasketScene-v1|dens_x0.5] ep 29 success=True steps=120 inf=15.8s sim=5.6s total=25.5s
[octo-base|PutEggplantInBasketScene-v1|dens_x0.5] ep 30 success=True steps=120 inf=15.2s sim=6.1s total=25.2s
[octo-base|PutEggplantInBasketScene-v1|dens_x0.5] ep 31 success=False steps=120 inf=18.4s sim=5.5s total=28.2s
[octo-base|PutEggplantInBasketScene-v1|dens_x0.5] ep 32 success=False steps=120 inf=16.7s sim=6.1s total=26.7s
[octo-base|PutEggplantInBasketScene-v1|dens_x0.5] ep 33 success=False steps=120 inf=20.5s sim=6.0s total=30.7s
[octo-base|PutEggplantInBasketScene-v1|dens_x0.5] ep 34 success=False steps=120 inf=23.0s sim=5.5s total=32.5s
[octo-base|PutEggplantInBasketScene-v1|dens_x0.5] ep 35 success=False steps=120 inf=26.6s sim=6.2s total=37.1s
[octo-base|PutEggplantInBasketScene-v1|dens_x0.5] ep 36 success=True steps=120 inf=23.7s sim=5.4s total=33.4s
[octo-base|PutEggplantInBasketScene-v1|dens_x0.5] ep 37 success=False steps=120 inf=25.7s sim=4.8s total=34.8s
[octo-base|PutEggplantInBasketScene-v1|dens_x0.5] ep 38 success=False steps=120 inf=21.0s sim=6.1s total=31.5s
[octo-base|PutEggplantInBasketScene-v1|dens_x0.5] ep 39 success=False steps=120 inf=18.7s sim=6.3s total=29.3s
[octo-base|PutEggplantInBasketScene-v1|dens_x0.5] ep 40 success=False steps=120 inf=16.2s sim=6.7s total=27.1s
[octo-base|PutEggplantInBasketScene-v1|dens_x0.5] ep 41 success=True steps=120 inf=16.5s sim=5.8s total=26.6s
[octo-base|PutEggplantInBasketScene-v1|dens_x0.5] ep 42 success=True steps=120 inf=16.8s sim=5.0s total=25.9s
[octo-base|PutEggplantInBasketScene-v1|dens_x0.5] ep 43 success=False steps=120 inf=15.1s sim=6.8s total=27.3s
[octo-base|PutEggplantInBasketScene-v1|dens_x0.5] ep 44 success=False steps=120 inf=17.0s sim=5.4s total=26.8s
[octo-base|PutEggplantInBasketScene-v1|dens_x0.5] ep 45 success=True steps=120 inf=21.9s sim=5.5s total=32.0s
[octo-base|PutEggplantInBasketScene-v1|dens_x0.5] ep 46 success=False steps=120 inf=21.0s sim=6.8s total=32.5s
[octo-base|PutEggplantInBasketScene-v1|dens_x0.5] ep 47 success=False steps=120 inf=20.7s sim=5.4s total=30.9s
[octo-base|PutEggplantInBasketScene-v1|dens_x0.5] ep 48 success=False steps=120 inf=19.2s sim=6.1s total=29.4s
[octo-base|PutEggplantInBasketScene-v1|dens_x0.5] ep 49 success=False steps=120 inf=16.0s sim=4.9s total=25.1s
[octo-base|PutEggplantInBasketScene-v1|dens_x0.5] ep 50 success=True steps=120 inf=15.7s sim=5.7s total=25.8s
[octo-base|PutEggplantInBasketScene-v1|dens_x0.5] ep 51 success=False steps=120 inf=16.9s sim=6.5s total=27.6s
[octo-base|PutEggplantInBasketScene-v1|dens_x0.5] ep 52 success=True steps=120 inf=16.9s sim=6.0s total=27.3s
[octo-base|PutEggplantInBasketScene-v1|dens_x0.5] ep 53 success=True steps=120 inf=18.4s sim=6.7s total=29.6s
[octo-base|PutEggplantInBasketScene-v1|dens_x0.5] ep 54 success=False steps=120 inf=18.0s sim=5.3s total=27.8s
[octo-base|PutEggplantInBasketScene-v1|dens_x0.5] ep 55 success=False steps=120 inf=16.3s sim=6.9s total=27.4s
[octo-base|PutEggplantInBasketScene-v1|dens_x0.5] ep 56 success=False steps=120 inf=16.6s sim=7.0s total=28.2s
[octo-base|PutEggplantInBasketScene-v1|dens_x0.5] ep 57 success=False steps=120 inf=16.3s sim=5.5s total=26.3s
[octo-base|PutEggplantInBasketScene-v1|dens_x0.5] ep 58 success=False steps=120 inf=16.7s sim=6.5s total=27.6s
[octo-base|PutEggplantInBasketScene-v1|dens_x0.5] ep 59 success=False steps=120 inf=16.1s sim=6.1s total=26.8s
[octo-base|PutEggplantInBasketScene-v1|dens_x0.5] ep 60 success=True steps=120 inf=16.4s sim=5.1s total=25.6s
[octo-base|PutEggplantInBasketScene-v1|dens_x0.5] ep 61 success=False steps=120 inf=20.3s sim=5.2s total=29.9s
[octo-base|PutEggplantInBasketScene-v1|dens_x0.5] ep 62 success=False steps=120 inf=19.2s sim=5.9s total=29.6s
[octo-base|PutEggplantInBasketScene-v1|dens_x0.5] ep 63 success=False steps=120 inf=18.7s sim=6.5s total=29.3s
[octo-base|PutEggplantInBasketScene-v1|dens_x0.5] ep 64 success=False steps=120 inf=17.6s sim=6.0s total=28.1s
[octo-base|PutEggplantInBasketScene-v1|dens_x0.5] ep 65 success=True steps=120 inf=17.2s sim=6.5s total=28.2s
[octo-base|PutEggplantInBasketScene-v1|dens_x0.5] ep 66 success=False steps=120 inf=21.9s sim=5.7s total=32.3s
[octo-base|PutEggplantInBasketScene-v1|dens_x0.5] ep 67 success=False steps=120 inf=24.0s sim=7.2s total=35.6s
[octo-base|PutEggplantInBasketScene-v1|dens_x0.5] ep 68 success=True steps=120 inf=20.4s sim=5.2s total=30.2s
[octo-base|PutEggplantInBasketScene-v1|dens_x0.5] ep 69 success=True steps=120 inf=16.5s sim=5.1s total=25.6s
[octo-base|PutEggplantInBasketScene-v1|dens_x0.5] ep 70 success=True steps=120 inf=17.1s sim=5.4s total=26.6s
[octo-base|PutEggplantInBasketScene-v1|dens_x0.5] ep 71 success=False steps=120 inf=23.2s sim=6.9s total=34.9s
[octo-base|PutEggplantInBasketScene-v1|dens_x0.5] ep 72 success=True steps=120 inf=21.7s sim=5.8s total=32.0s
[octo-base|PutEggplantInBasketScene-v1|dens_x0.5] ep 73 success=True steps=120 inf=19.3s sim=6.8s total=30.7s
[octo-base|PutEggplantInBasketScene-v1|dens_x0.5] ep 74 success=False steps=120 inf=18.8s sim=4.8s total=28.0s
[octo-base|PutEggplantInBasketScene-v1|dens_x0.5] ep 75 success=False steps=120 inf=16.8s sim=7.4s total=28.6s
[octo-base|PutEggplantInBasketScene-v1|dens_x0.5] ep 76 success=False steps=120 inf=16.9s sim=5.3s total=26.3s
[octo-base|PutEggplantInBasketScene-v1|dens_x0.5] ep 77 success=True steps=120 inf=12.3s sim=3.9s total=20.0s
[octo-base|PutEggplantInBasketScene-v1|dens_x0.5] ep 78 success=True steps=120 inf=12.1s sim=4.2s total=20.3s
[octo-base|PutEggplantInBasketScene-v1|dens_x0.5] ep 79 success=False steps=120 inf=12.0s sim=5.3s total=20.9s
[octo-base|PutEggplantInBasketScene-v1|dens_x0.5] ep 80 success=True steps=120 inf=11.8s sim=4.2s total=19.9s
[octo-base|PutEggplantInBasketScene-v1|dens_x0.5] ep 81 success=True steps=120 inf=11.9s sim=5.8s total=21.7s
[octo-base|PutEggplantInBasketScene-v1|dens_x0.5] ep 82 success=False steps=120 inf=12.0s sim=5.9s total=21.7s
[octo-base|PutEggplantInBasketScene-v1|dens_x0.5] ep 83 success=False steps=120 inf=11.9s sim=5.2s total=21.3s
[octo-base|PutEggplantInBasketScene-v1|dens_x0.5] ep 84 success=True steps=120 inf=12.0s sim=4.9s total=21.1s
[octo-base|PutEggplantInBasketScene-v1|dens_x0.5] ep 85 success=False steps=120 inf=12.0s sim=3.8s total=19.8s
[octo-base|PutEggplantInBasketScene-v1|dens_x0.5] ep 86 success=False steps=120 inf=11.9s sim=5.5s total=21.1s
[octo-base|PutEggplantInBasketScene-v1|dens_x0.5] ep 87 success=False steps=120 inf=12.2s sim=5.3s total=21.3s
[octo-base|PutEggplantInBasketScene-v1|dens_x0.5] ep 88 success=False steps=120 inf=11.9s sim=5.4s total=21.4s
[octo-base|PutEggplantInBasketScene-v1|dens_x0.5] ep 89 success=True steps=120 inf=12.1s sim=4.4s total=20.3s
[octo-base|PutEggplantInBasketScene-v1|dens_x0.5] ep 90 success=True steps=120 inf=12.0s sim=4.1s total=19.9s
[octo-base|PutEggplantInBasketScene-v1|dens_x0.5] ep 91 success=False steps=120 inf=12.0s sim=5.5s total=21.2s
[octo-base|PutEggplantInBasketScene-v1|dens_x0.5] ep 92 success=True steps=120 inf=12.1s sim=4.0s total=20.0s
[octo-base|PutEggplantInBasketScene-v1|dens_x0.5] ep 93 success=True steps=120 inf=12.0s sim=5.7s total=21.7s
[octo-base|PutEggplantInBasketScene-v1|dens_x0.5] ep 94 success=False steps=120 inf=12.2s sim=3.9s total=20.2s
[octo-base|PutEggplantInBasketScene-v1|dens_x0.5] ep 95 success=False steps=120 inf=12.1s sim=5.5s total=21.5s
== dens_x0.5: 38/96 success
