E:\research\the_world\.venv-windows-ms3\Lib\site-packages\sapien\wrapper\pinocchio_model.py:299: UserWarning: pinnochio package is not installed, robotics functionalities will not be available
  warnings.warn(
[33;1m2026-09-19 04:04:22,963 - mani_skill  - WARNING - Mimic targets dictionary is missing for controller config for widowx250s_bridgedataset_flat_table. Assuming the first joint is the control joint and the second joint is the mimic joint[0m
[33;1m2026-09-19 04:04:23,111 - mani_skill  - WARNING - No initial pose set for actor builder of bridge_spoon_generated_modified, setting to default pose q=[1,0,0,0], p=[0,0,0]. Not setting reasonable initial poses may slow down simulation, see https://github.com/haosulab/ManiSkill/issues/421.[0m
[33;1m2026-09-19 04:04:23,142 - mani_skill  - WARNING - No initial pose set for actor builder of table_cloth_generated_shorter, setting to default pose q=[1,0,0,0], p=[0,0,0]. Not setting reasonable initial poses may slow down simulation, see https://github.com/haosulab/ManiSkill/issues/421.[0m
[octo-small|PutSpoonOnTableClothInScene-v1|fric_x0.4] ep 24 success=False steps=60 inf=12.0s sim=3.1s total=18.3s
[octo-small|PutSpoonOnTableClothInScene-v1|fric_x0.4] ep 25 success=False steps=60 inf=12.1s sim=3.4s total=18.7s
[octo-small|PutSpoonOnTableClothInScene-v1|fric_x0.4] ep 26 success=True steps=60 inf=12.5s sim=3.0s total=18.8s
[octo-small|PutSpoonOnTableClothInScene-v1|fric_x0.4] ep 27 success=False steps=60 inf=11.9s sim=4.2s total=19.6s
[octo-small|PutSpoonOnTableClothInScene-v1|fric_x0.4] ep 28 success=False steps=60 inf=11.6s sim=4.1s total=19.0s
[octo-small|PutSpoonOnTableClothInScene-v1|fric_x0.4] ep 29 success=False steps=60 inf=12.4s sim=3.9s total=19.6s
E:\research\the_world\.venv-windows-ms3\Lib\site-packages\sapien\wrapper\pinocchio_model.py:299: UserWarning: pinno[octo-small|PutSpoonOnTableClothInScene-v1|fric_x0.4] ep 31 success=False steps=60 inf=11.5s sim=3.9s total=18.8s
[octo-small|PutSpoonOnTableClothInScene-v1|fric_x0.4] ep 32 success=False steps=60 inf=12.0s sim=2.7s total=17.8s
[octo-small|PutSpoonOnTableClothInScene-v1|fric_x0.4] ep 33 success=False steps=60 inf=12.9s sim=3.0s total=18.8s
[octo-small|PutSpoonOnTableClothInScene-v1|fric_x0.4] ep 34 success=False steps=60 inf=12.1s sim=2.9s total=18.2s
[octo-small|PutSpoonOnTableClothInScene-v1|fric_x0.4] ep 35 success=False steps=60 inf=12.7s sim=2.6s total=18.6s
[octo-small|PutSpoonOnTableClothInScene-v1|fric_x0.4] ep 36 success=True steps=60 inf=12.0s sim=3.1s total=18.2s
[octo-small|PutSpoonOnTableClothInScene-v1|fric_x0.4] ep 37 success=False steps=60 inf=12.7s sim=3.0s total=18.2s
[octo-small|PutSpoonOnTableClothInScene-v1|fric_x0.4] ep 38 success=True steps=60 inf=12.1s sim=3.1s total=18.4s
[octo-small|PutSpoonOnTableClothInScene-v1|fric_x0.4] ep 39 success=False steps=60 inf=12.8s sim=2.9s total=18.9s
[octo-small|PutSpoonOnTableClothInScene-v1|fric_x0.4] ep 40 success=False steps=60 inf=12.1s sim=2.8s total=18.0s
[octo-small|PutSpoonOnTableClothInScene-v1|fric_x0.4] ep 41 success=False steps=60 inf=13.2s sim=3.5s total=19.7s
[octo-small|PutSpoonOnTableClothInScene-v1|fric_x0.4] ep 42 success=True steps=60 inf=12.2s sim=2.8s total=18.3s
[octo-small|PutSpoonOnTableClothInScene-v1|fric_x0.4] ep 43 success=True steps=60 inf=12.3s sim=2.7s total=18.0s
[octo-small|PutSpoonOnTableClothInScene-v1|fric_x0.4] ep 44 success=True steps=60 inf=12.0s sim=2.9s total=17.7s
[octo-small|PutSpoonOnTableClothInScene-v1|fric_x0.4] ep 45 success=False steps=60 inf=12.3s sim=3.2s total=18.4s
[octo-small|PutSpoonOnTableClothInScene-v1|fric_x0.4] ep 46 success=True steps=60 inf=12.2s sim=2.7s total=18.1s
[octo-small|PutSpoonOnTableClothInScene-v1|fric_x0.4] ep 47 success=False steps=60 inf=12.2s sim=2.8s total=18.2s
[octo-small|PutSpoonOnTableClothInScene-v1|fric_x0.4] ep 48 success=True steps=60 inf=12.6s sim=2.8s total=18.2s
[octo-small|PutSpoonOnTableClothInScene-v1|fric_x0.4] ep 49 success=False steps=60 inf=11.9s sim=3.0s total=17.8s
[octo-small|PutSpoonOnTableClothInScene-v1|fric_x0.4] ep 50 success=False steps=60 inf=12.7s sim=3.0s total=19.0s
[octo-small|PutSpoonOnTableClothInScene-v1|fric_x0.4] ep 51 success=True steps=60 inf=12.0s sim=3.0s total=18.2s
[octo-small|PutSpoonOnTableClothInScene-v1|fric_x0.4] ep 52 success=False steps=60 inf=12.0s sim=2.7s total=17.9s
[octo-small|PutSpoonOnTableClothInScene-v1|fric_x0.4] ep 53 success=False steps=60 inf=13.0s sim=3.1s total=18.6s
[octo-small|PutSpoonOnTableClothInScene-v1|fric_x0.4] ep 54 success=True steps=60 inf=12.4s sim=2.9s total=18.5s
[octo-small|PutSpoonOnTableClothInScene-v1|fric_x0.4] ep 55 success=False steps=60 inf=12.8s sim=3.1s total=19.1s
[octo-small|PutSpoonOnTableClothInScene-v1|fric_x0.4] ep 56 success=False steps=60 inf=13.2s sim=2.6s total=19.3s
[octo-small|PutSpoonOnTableClothInScene-v1|fric_x0.4] ep 57 success=False steps=60 inf=12.5s sim=3.2s total=19.0s
[octo-small|PutSpoonOnTableClothInScene-v1|fric_x0.4] ep 58 success=False steps=60 inf=13.3s sim=2.9s total=19.4s
[octo-small|PutSpoonOnTableClothInScene-v1|fric_x0.4] ep 59 success=False steps=60 inf=12.5s sim=3.0s total=18.8s
[octo-small|PutSpoonOnTableClothInScene-v1|fric_x0.4] ep 60 success=False steps=60 inf=12.9s sim=3.5s total=20.3s
[octo-small|PutSpoonOnTableClothInScene-v1|fric_x0.4] ep 61 success=False steps=60 inf=13.0s sim=3.2s total=20.1s
[octo-small|PutSpoonOnTableClothInScene-v1|fric_x0.4] ep 62 success=False steps=60 inf=13.0s sim=4.2s total=21.1s
[octo-small|PutSpoonOnTableClothInScene-v1|fric_x0.4] ep 63 success=False steps=60 inf=12.7s sim=3.2s total=19.7s
[octo-small|PutSpoonOnTableClothInScene-v1|fric_x0.4] ep 64 success=True steps=60 inf=10.5s sim=2.9s total=16.6s
[octo-small|PutSpoonOnTableClothInScene-v1|fric_x0.4] ep 65 success=False steps=60 inf=10.5s sim=2.8s total=16.6s
[octo-small|PutSpoonOnTableClothInScene-v1|fric_x0.4] ep 66 success=True steps=60 inf=11.9s sim=3.1s total=18.2s
[octo-small|PutSpoonOnTableClothInScene-v1|fric_x0.4] ep 67 success=False steps=60 inf=12.2s sim=2.8s total=18.5s
[octo-small|PutSpoonOnTableClo[octo-small|PutSpoonOnTableClothInScene-v1|dens_x0.5] ep 53 success=False steps=60 in[octo-small|PutSpoonOnTableClo[octo-small|PutSpoonOnTableClothInScene-v1|dens_x0.5] ep 54 success=False steps=60 i[octo-small|PutSpoonOnTableClot[octo-small|PutSpoonOnTableClothInScene-v1|dens_x0.5] ep 55 success=False steps=60 i[octo-small|PutSpoonOnTableClot[octo-small|PutSpoonOnTableClothInScene-v1|dens_x0.5] ep 56 success=False steps=60 i[octo-small|PutSpoonOnTableClo[octo-small|PutSpoonOnTableClothInScene-v1|dens_x0.5] ep 57 success=False steps=60 inf=10.8s sim=3.1s total=23.1s
[octo-small|PutSpoonOnTableClothInScene-v1|dens_x0.5] ep 58 success=False steps=60 inf=10.5s sim=3.4s total=24.4s
[octo-small|PutSpoonOnTableClothInScene-v1|dens_x0.5] ep 59 success=False steps=60 inf=11.7s sim=3.1s total=24.1s
[octo-small|PutSpoonOnTableClothInScene-v1|dens_x0.5] ep 60 success=False steps=60 inf=10.7s sim=3.2s total=24.6s
[octo-small|PutSpoonOnTableClothInScene-v1|dens_x0.5] ep 61 success=False steps=60 inf=10.7s sim=2.7s total=23.9s
[octo-small|PutSpoonOnTableClothInScene-v1|dens_x0.5] ep 62 success=False steps=60 inf=12.1s sim=3.4s total=26.7s
[octo-small|PutSpoonOnTableClothInScene-v1|dens_x0.5] ep 63 success=False steps=60 inf=11.7s sim=3.2s total=26.1s
[octo-small|PutSpoonOnTableClothInScene-v1|dens_x0.5] ep 64 success=False steps=60 inf=11.1s sim=3.3s total=26.7s
[octo-small|PutSpoonOnTableClothInScene-v1|dens_x0.5] ep 65 success=False steps=60 inf=9.7s sim=2.9s total=22.8s
[octo-small|PutSpoonOnTableClothInScene-v1|dens_x0.5] ep 66 success=False steps=60 inf=11.2s sim=2.5s total=23.0s
[octo-small|PutSpoonOnTableClothInScene-v1|dens_x0.5] ep 67 success=False steps=60 inf=9.9s sim=3.2s total=22.9s
[octo-small|PutSpoonOnTableClothInScene-v1|dens_x0.5] ep 68 success=False steps=60 inf=10.7s sim=2.9s total=23.6s
[octo-small|PutSpoonOnTableClothInScene-v1|dens_x0.5] ep 69 success=False steps=60 inf=10.1s sim=2.6s total=22.4s
[octo-small|PutSpoonOnTableClothInScene-v1|dens_x0.5] ep 70 success=False steps=60 inf=11.6s sim=2.3s total=22.9s
[octo-small|PutSpoonOnTableClothInScene-v1|dens_x0.5] ep 71 success=False steps=60 inf=10.6s sim=3.2s total=23.8s
[octo-small|PutSpoonOnTableClothInScene-v1|dens_x0.5] ep 72 success=False steps=60 inf=11.0s sim=3.3s total=24.3s
[octo-small|PutSpoonOnTableClothInScene-v1|dens_x0.5] ep 73 success=False steps=60 inf=9.4s sim=2.9s total=22.8s
[octo-small|PutSpoonOnTableClothInScene-v1|dens_x0.5] ep 74 success=False steps=60 inf=12.3s sim=3.0s total=22.8s
[octo-small|PutSpoonOnTableClothInScene-v1|dens_x0.5] ep 75 success=False steps=60 inf=12.8s sim=2.7s total=22.8s
[octo-small|PutSpoonOnTableClothInScene-v1|dens_x0.5] ep 76 success=False steps=60 inf=8.9s sim=4.2s total=21.4s
[octo-small|PutSpoonOnTableClothInScene-v1|dens_x0.5] ep 77 success=False steps=60 inf=9.1s sim=2.8s total=20.7s
[octo-small|PutSpoonOnTableClothInScene-v1|dens_x0.5] ep 78 success=False steps=60 inf=8.8s sim=2.8s total=20.2s
[octo-small|PutSpoonOnTableClothInScene-v1|dens_x0.5] ep 79 success=False steps=60 inf=10.0s sim=2.4s total=20.1s
[octo-small|PutSpoonOnTableClothInScene-v1|dens_x0.5] ep 80 success=False steps=60 inf=9.4s sim=2.8s total=21.0s
[octo-small|PutSpoonOnTableClothInScene-v1|dens_x0.5] ep 81 success=False steps=60 inf=9.8s sim=2.5s total=20.6s
[octo-small|PutSpoonOnTableClothInScene-v1|dens_x0.5] ep 82 success=False steps=60 inf=9.3s sim=2.8s total=21.6s
[octo-small|PutSpoonOnTableClothInScene-v1|dens_x0.5] ep 83 success=False steps=60 inf=9.4s sim=2.4s total=20.8s
[octo-small|PutSpoonOnTableClothInScene-v1|dens_x0.5] ep 84 success=False steps=60 inf=8.4s sim=3.0s total=20.4s
[octo-small|PutSpoonOnTableClothInScene-v1|dens_x0.5] ep 85 success=False steps=60 inf=8.9s sim=2.6s total=21.6s
[octo-small|PutSpoonOnTableClothInScene-v1|dens_x0.5] ep 86 success=False steps=60 inf=9.2s sim=2.4s total=20.7s
[octo-small|PutSpoonOnTableClothInScene-v1|dens_x0.5] ep 87 success=False steps=60 inf=8.3s sim=2.6s total=20.1s
[octo-small|PutSpoonOnTableClothInScene-v1|dens_x0.5] ep 88 success=False steps=60 inf=9.3s sim=2.5s total=19.9s
[octo-small|PutSpoonOnTableClothInScene-v1|dens_x0.5] ep 89 success=False steps=60 inf=9.1s sim=2.7s total=20.7s
[octo-small|PutSpoonOnTableClothInScene-v1|dens_x0.5] ep 90 success=False steps=60 inf=9.4s sim=2.7s total=21.3s
[octo-small|PutSpoonOnTableClothInScene-v1|dens_x0.5] ep 91 success=False steps=60 inf=8.5s sim=2.8s total=20.1s
[octo-small|PutSpoonOnTableClothInScene-v1|dens_x0.5] ep 92 success=False steps=60 inf=8.7s sim=2.2s total=19.8s
[octo-small|PutSpoonOnTableClothInScene-v1|dens_x0.5] ep 93 success=False steps=60 inf=10.8s sim=2.9s total=22.2s
[octo-small|PutSpoonOnTableClothInScene-v1|dens_x0.5] ep 94 success=False steps=60 inf=8.7s sim=2.6s total=20.6s
[octo-small|PutSpoonOnTableClothInScene-v1|dens_x0.5] ep 95 success=False steps=60 inf=9.4s sim=2.4s total=21.0s
== dens_x0.5: 6/96 success
E:\research\the_world\.venv-windows-ms3\Lib\site-packages\sapien\wrapper\pinocchio_model.py:299: UserWarning: pinnochio package is not installed, robotics functionalities will not be available
  warnings.warn(
[33;1m2026-09-19 04:55:28,420 - mani_skill  - WARNING - Mimic targets dictionary is missing for controller config for widowx250s_bridgedataset_flat_table. Assuming the first joint is the control joint and the second joint is the mimic joint[0m
[33;1m2026-09-19 04:55:28,585 - mani_skill  - WARNING - No initial pose set for actor builder of bridge_spoon_generated_modified, setting to default pose q=[1,0,0,0], p=[0,0,0]. Not setting reasonable initial poses may slow down simulation, see https://github.com/haosulab/ManiSkill/issues/421.[0m
[33;1m2026-09-19 04:55:28,601 - mani_skill  - WARNING - No initial pose set for actor builder of table_cloth_generated_shorter, setting to default pose q=[1,0,0,0], p=[0,0,0]. Not setting reasonable initial poses may slow down simulation, see https://github.com/haosulab/ManiSkill/issues/421.[0m
[octo-small|PutSpoonOnTableClothInScene-v1|fric_x0.4] ep 24 success=False steps=60 inf=9.4s sim=2.4s total=14.4s
[octo-small|PutSpoonOnTableClothInScene-v1|fric_x0.4] ep 25 success=False steps=60 inf=10.7s sim=2.7s total=16.0s
[octo-small|PutSpoonOnTableClothInScene-v1|fric_x0.4] ep 26 success=True steps=60 inf=11.1s sim=3.2s total=17.3s
[octo-small|PutSpoonOnTableClothInScene-v1|fric_x0.4] ep 27 success=False steps=60 inf=10.4s sim=2.7s total=15.7s
[octo-small|PutSpoonOnTableClothInScene-v1|fric_x0.4] ep 28 success=False steps=60 inf=10.2s sim=2.2s total=15.1s
[octo-small|PutSpoonOnTableClothInScene-v1|fric_x0.4] ep 29 success=False steps=60 inf=10.0s sim=2.5s total=15.2s
[octo-small|PutSpoonOnTableClothInScene-v1|fric_x0.4] ep 30 success=False steps=60 inf=10.0s sim=2.1s total=14.8s
[octo-small|PutSpoonOnTableClothInScene-v1|fric_x0.4] ep 31 success=False steps=60 inf=9.6s sim=2.5s total=14.6s
[octo-small|PutSpoonOnTableClothInScene-v1|fric_x0.4] ep 32 success=True steps=60 inf=9.7s sim=2.1s total=14.2s
[octo-small|PutSpoonOnTableClothInScene-v1|fric_x0.4] ep 33 success=False steps=60 inf=9.3s sim=2.3s total=14.5s
[octo-small|PutSpoonOnTableClothInScene-v1|fric_x0.4] ep 34 success=False steps=60 inf=9.5s sim=2.1s total=14.0s
[octo-small|PutSpoonOnTableClothInScene-v1|fric_x0.4] ep 35 success=False steps=60 inf=9.4s sim=2.3s total=14.3s
[octo-small|PutSpoonOnTableClothInScene-v1|fric_x0.4] ep 36 success=True steps=60 inf=9.2s sim=2.4s total=14.0s
[octo-small|PutSpoonOnTableClothInScene-v1|fric_x0.4] ep 37 success=False steps=60 inf=9.2s sim=2.5s total=14.2s
[octo-small|PutSpoonOnTableClothInScene-v1|fric_x0.4] ep 38 success=False steps=60 inf=9.5s sim=3.1s total=15.3s
[octo-small|PutSpoonOnTableClothInScene-v1|fric_x0.4] ep 39 success=False steps=60 inf=9.5s sim=2.3s total=14.2s
[octo-small|PutSpoonOnTableClothInScene-v1|fric_x0.4] ep 40 success=False steps=60 inf=9.2s sim=2.7s total=14.5s
[octo-small|PutSpoonOnTableClothInScene-v1|fric_x0.4] ep 41 success=False steps=60 inf=8.9s sim=2.8s total=14.2s
[octo-small|PutSpoonOnTableClothInScene-v1|fric_x0.4] ep 42 success=True steps=60 inf=9.5s sim=2.1s total=14.2s
[octo-small|PutSpoonOnTableClothInScene-v1|fric_x0.4] ep 43 success=False steps=60 inf=9.3s sim=2.7s total=14.6s
[octo-small|PutSpoonOnTableClothInScene-v1|fric_x0.4] ep 44 success=False steps=60 inf=9.4s sim=2.2s total=14.1s
[octo-small|PutSpoonOnTableClothInScene-v1|fric_x0.4] ep 45 success=False steps=60 inf=9.8s sim=2.2s total=14.5s
[octo-small|PutSpoonOnTableClothInScene-v1|fric_x0.4] ep 46 success=True steps=60 inf=9.3s sim=2.6s total=14.4s
[octo-small|PutSpoonOnTableClothInScene-v1|fric_x0.4] ep 47 success=True steps=60 inf=9.4s sim=3.0s total=15.0s
[octo-small|PutSpoonOnTableClothInScene-v1|fric_x0.4] ep 48 success=True steps=60 inf=9.6s sim=2.6s total=14.7s
[octo-small|PutSpoonOnTableClothInScene-v1|fric_x0.4] ep 49 success=False steps=60 inf=11.1s sim=2.7s total=16.5s
[octo-small|PutSpoonOnTableClothInScene-v1|fric_x0.4] ep 50 success=False steps=60 inf=10.1s sim=2.5s total=15.1s
[octo-small|PutSpoonOnTableClothInScene-v1|fric_x0.4] ep 51 success=False steps=60 inf=10.9s sim=2.7s total=16.3s
[octo-small|PutSpoonOnTableClothInScene-v1|fric_x0.4] ep 52 success=False steps=60 inf=10.2s sim=2.4s total=15.1s
[octo-small|PutSpoonOnTableClothInScene-v1|fric_x0.4] ep 53 success=False steps=60 inf=9.9s sim=2.5s total=15.0s
[octo-small|PutSpoonOnTableClothInScene-v1|fric_x0.4] ep 54 success=False steps=60 inf=9.6s sim=2.1s total=14.3s
[octo-small|PutSpoonOnTableClothInScene-v1|fric_x0.4] ep 55 success=False steps=60 inf=10.1s sim=2.3s total=15.0s
[octo-small|PutSpoonOnTableClothInScene-v1|fric_x0.4] ep 56 success=False steps=60 inf=9.7s sim=2.1s total=14.4s
[octo-small|PutSpoonOnTableClothInScene-v1|fric_x0.4] ep 57 success=False steps=60 inf=9.9s sim=2.3s total=14.8s
[octo-small|PutSpoonOnTableClothInScene-v1|fric_x0.4] ep 58 success=False steps=60 inf=9.7s sim=2.5s total=14.7s
[octo-small|PutSpoonOnTableClothInScene-v1|fric_x0.4] ep 59 success=False steps=60 inf=10.7s sim=3.3s total=16.8s
[octo-small|PutSpoonOnTableClothInScene-v1|fric_x0.4] ep 60 success=False steps=60 inf=10.9s sim=3.2s total=16.7s
[octo-small|PutSpoonOnTableClothInScene-v1|fric_x0.4] ep 61 success=False steps=60 inf=9.6s sim=2.3s total=14.4s
[octo-small|PutSpoonOnTableClothInScene-v1|fric_x0.4] ep 62 success=False steps=60 inf=10.6s sim=2.3s total=15.6s
[octo-small|PutSpoonOnTableClothInScene-v1|fric_x0.4] ep 63 success=False steps=60 inf=11.0s sim=2.5s total=16.3s
[octo-small|PutSpoonOnTableClothInScene-v1|fric_x0.4] ep 64 success=True steps=60 inf=10.1s sim=2.3s total=15.4s
[octo-small|PutSpoonOnTableClothInScene-v1|fric_x0.4] ep 65 success=False steps=60 inf=10.1s sim=2.3s total=15.0s
[octo-small|PutSpoonOnTableClothInScene-v1|fric_x0.4] ep 66 success=True steps=60 inf=10.0s sim=2.5s total=15.0s
[octo-small|PutSpoonOnTableClothInScene-v1|fric_x0.4] ep 67 success=False steps=60 inf=9.9s sim=2.2s total=14.5s
[octo-small|PutSpoonOnTableClothInScene-v1|fric_x0.4] ep 68 success=False steps=60 inf=10.1s sim=2.3s total=15.0s
[octo-small|PutSpoonOnTableClothInScene-v1|fric_x0.4] ep 69 success=False steps=60 inf=10.1s sim=2.4s total=15.1s
[octo-small|PutSpoonOnTableClothInScene-v1|fric_x0.4] ep 70 success=True steps=60 inf=10.6s sim=2.5s total=15.8s
[octo-small|PutSpoonOnTableClothInScene-v1|fric_x0.4] ep 71 success=False steps=60 inf=11.5s sim=2.4s total=16.7s
[octo-small|PutSpoonOnTableClothInScene-v1|fric_x0.4] ep 72 success=False steps=60 inf=11.0s sim=3.2s total=17.2s
[octo-small|PutSpoonOnTableClothInScene-v1|fric_x0.4] ep 73 success=False steps=60 inf=10.5s sim=2.4s total=15.5s
[octo-small|PutSpoonOnTableClothInScene-v1|fric_x0.4] ep 74 success=True steps=60 inf=9.9s sim=2.2s total=14.8s
[octo-small|PutSpoonOnTableClothInScene-v1|fric_x0.4] ep 75 success=False steps=60 inf=11.4s sim=2.6s total=16.8s
[octo-small|PutSpoonOnTableClothInScene-v1|fric_x0.4] ep 76 success=True steps=60 inf=11.0s sim=3.3s total=17.2s
[octo-small|PutSpoonOnTableClothInScene-v1|fric_x0.4] ep 77 success=False steps=60 inf=9.9s sim=2.3s total=14.8s
[octo-small|PutSpoonOnTableClothInScene-v1|fric_x0.4] ep 78 success=True steps=60 inf=9.8s sim=2.5s total=14.9s
[octo-small|PutSpoonOnTableClothInScene-v1|fric_x0.4] ep 79 success=False steps=60 inf=10.0s sim=2.3s total=15.2s
[octo-small|PutSpoonOnTableClothInScene-v1|fric_x0.4] ep 80 success=False steps=60 inf=9.8s sim=2.0s total=14.5s
[octo-small|PutSpoonOnTableClothInScene-v1|fric_x0.4] ep 81 success=True steps=60 inf=9.6s sim=2.4s total=14.3s
[octo-small|PutSpoonOnTableClothInScene-v1|fric_x0.4] ep 82 success=False steps=60 inf=9.4s sim=2.0s total=13.9s
[octo-small|PutSpoonOnTableClothInScene-v1|fric_x0.4] ep 83 success=True steps=60 inf=10.1s sim=2.6s total=15.4s
[octo-small|PutSpoonOnTableClothInScene-v1|fric_x0.4] ep 84 success=False steps=60 inf=11.7s sim=3.0s total=17.5s
[octo-small|PutSpoonOnTableClothInScene-v1|fric_x0.4] ep 85 success=False steps=60 inf=11.1s sim=3.0s total=17.0s
[octo-small|PutSpoonOnTableClothInScene-v1|fric_x0.4] ep 86 success=False steps=60 inf=9.7s sim=1.8s total=13.9s
[octo-small|PutSpoonOnTableClothInScene-v1|fric_x0.4] ep 87 success=False steps=60 inf=9.5s sim=2.3s total=14.3s
[octo-small|PutSpoonOnTableClothInScene-v1|fric_x0.4] ep 88 success=False steps=60 inf=10.7s sim=2.7s total=16.0s
[octo-small|PutSpoonOnTableClothInScene-v1|fric_x0.4] ep 89 success=False steps=60 inf=11.2s sim=2.7s total=16.7s
[octo-small|PutSpoonOnTableClothInScene-v1|fric_x0.4] ep 90 success=False steps=60 inf=11.3s sim=3.0s total=17.0s
[octo-small|PutSpoonOnTableClothInScene-v1|fric_x0.4] ep 91 success=False steps=60 inf=10.4s sim=2.0s total=14.3s
[octo-small|PutSpoonOnTableClothInScene-v1|fric_x0.4] ep 92 success=False steps=60 inf=11.8s sim=2.5s total=16.2s
[octo-small|PutSpoonOnTableClothInScene-v1|fric_x0.4] ep 93 success=False steps=60 inf=11.6s sim=2.9s total=16.5s
[octo-small|PutSpoonOnTableClothInScene-v1|fric_x0.4] ep 94 success=False steps=60 inf=11.0s sim=2.9s total=16.7s
[octo-small|PutSpoonOnTableClothInScene-v1|fric_x0.4] ep 95 success=False steps=60 inf=9.4s sim=2.1s total=14.2s
== fric_x0.4: 19/96 success
[octo-small|PutSpoonOnTableClothInScene-v1|dens_x0.5] ep 52 success=True steps=60 inf=12.9s sim=2.4s total=18.2s
[octo-small|PutSpoonOnTableClothInScene-v1|dens_x0.5] ep 53 success=False steps=60 inf=12.0s sim=2.4s total=16.3s
[octo-small|PutSpoonOnTableClothInScene-v1|dens_x0.5] ep 54 success=False steps=60 inf=13.3s sim=2.4s total=17.5s
[octo-small|PutSpoonOnTableClothInScene-v1|dens_x0.5] ep 55 success=False steps=60 inf=11.8s sim=3.1s total=17.6s
[octo-small|PutSpoonOnTableClothInScene-v1|dens_x0.5] ep 56 success=False steps=60 inf=11.4s sim=2.3s total=16.3s
[octo-small|PutSpoonOnTableClothInScene-v1|dens_x0.5] ep 57 success=False steps=60 inf=9.5s sim=2.2s total=14.1s
[octo-small|PutSpoonOnTableClothInScene-v1|dens_x0.5] ep 58 success=True steps=60 inf=9.4s sim=2.0s total=13.3s
[octo-small|PutSpoonOnTableClothInScene-v1|dens_x0.5] ep 59 success=False steps=60 inf=9.0s sim=2.0s total=12.5s
[octo-small|PutSpoonOnTableClothInScene-v1|dens_x0.5] ep 60 success=False steps=60 inf=8.9s sim=2.1s total=13.1s
[octo-small|PutSpoonOnTableClothInScene-v1|dens_x0.5] ep 61 success=False steps=60 inf=11.1s sim=2.3s total=16.2s
[octo-small|PutSpoonOnTableClothInScene-v1|dens_x0.5] ep 62 success=True steps=60 inf=8.8s sim=1.9s total=13.1s
[octo-small|PutSpoonOnTableClothInScene-v1|dens_x0.5] ep 63 success=False steps=60 inf=8.2s sim=1.8s total=12.2s
[octo-small|PutSpoonOnTableClothInScene-v1|dens_x0.5] ep 64 success=True steps=60 inf=8.7s sim=1.8s total=12.6s
[octo-small|PutSpoonOnTableClothInScene-v1|dens_x0.5] ep 65 success=False steps=60 inf=8.3s sim=1.9s total=12.4s
[octo-small|PutSpoonOnTableClothInScene-v1|dens_x0.5] ep 66 success=True steps=60 inf=10.9s sim=2.3s total=15.6s
[octo-small|PutSpoonOnTableClothInScene-v1|dens_x0.5] ep 67 success=True steps=60 inf=9.1s sim=2.3s total=13.7s
[octo-small|PutSpoonOnTableClothInScene-v1|dens_x0.5] ep 68 success=False steps=60 inf=8.3s sim=1.9s total=12.2s
[octo-small|PutSpoonOnTableClothInScene-v1|dens_x0.5] ep 69 success=True steps=60 inf=9.0s sim=2.0s total=12.5s
[octo-small|PutSpoonOnTableClothInScene-v1|dens_x0.5] ep 70 success=False steps=60 inf=8.9s sim=2.1s total=12.5s
[octo-small|PutSpoonOnTableClothInScene-v1|dens_x0.5] ep 71 success=False steps=60 inf=9.1s sim=2.0s total=12.9s
[octo-small|PutSpoonOnTableClothInScene-v1|dens_x0.5] ep 72 success=True steps=60 inf=8.4s sim=1.8s total=12.4s
[octo-small|PutSpoonOnTableClothInScene-v1|dens_x0.5] ep 73 success=False steps=60 inf=7.8s sim=2.2s total=12.2s
[octo-small|PutSpoonOnTableClothInScene-v1|dens_x0.5] ep 74 success=True steps=60 inf=6.2s sim=1.8s total=9.9s
[octo-small|PutSpoonOnTableClothInScene-v1|dens_x0.5] ep 75 success=False steps=60 inf=7.0s sim=1.9s total=10.7s
[octo-small|PutSpoonOnTableClothInScene-v1|dens_x0.5] ep 76 success=True steps=60 inf=7.2s sim=1.8s total=10.8s
[octo-small|PutSpoonOnTableClothInScene-v1|dens_x0.5] ep 77 success=False steps=60 inf=9.7s sim=2.6s total=14.8s
[octo-small|PutSpoonOnTableClothInScene-v1|dens_x0.5] ep 78 success=True steps=60 inf=10.1s sim=2.4s total=15.1s
[octo-small|PutSpoonOnTableClothInScene-v1|dens_x0.5] ep 79 success=False steps=60 inf=8.5s sim=2.2s total=12.9s
[octo-small|PutSpoonOnTableClothInScene-v1|dens_x0.5] ep 80 success=False steps=60 inf=8.5s sim=1.8s total=12.6s
[octo-small|PutSpoonOnTableClothInScene-v1|dens_x0.5] ep 81 success=False steps=60 inf=8.4s sim=1.9s total=12.6s
[octo-small|PutSpoonOnTableClothInScene-v1|dens_x0.5] ep 82 success=False steps=60 inf=8.6s sim=2.0s total=12.8s
[octo-small|PutSpoonOnTableClothInScene-v1|dens_x0.5] ep 83 success=False steps=60 inf=11.1s sim=2.2s total=16.4s
[octo-small|PutSpoonOnTableClothInScene-v1|dens_x0.5] ep 84 success=False steps=60 inf=10.9s sim=2.5s total=15.9s
[octo-small|PutSpoonOnTableClothInScene-v1|dens_x0.5] ep 85 success=False steps=60 inf=8.6s sim=2.1s total=13.1s
[octo-small|PutSpoonOnTableClothInScene-v1|dens_x0.5] ep 86 success=False steps=60 inf=8.7s sim=1.6s total=12.7s
[octo-small|PutSpoonOnTableClothInScene-v1|dens_x0.5] ep 87 success=False steps=60 inf=8.8s sim=2.1s total=13.3s
[octo-small|PutSpoonOnTableClothInScene-v1|dens_x0.5] ep 88 success=False steps=60 inf=9.0s sim=2.0s total=13.5s
[octo-small|PutSpoonOnTableClothInScene-v1|dens_x0.5] ep 89 success=False steps=60 inf=8.9s sim=1.7s total=12.9s
[octo-small|PutSpoonOnTableClothInScene-v1|dens_x0.5] ep 90 success=False steps=60 inf=33.6s sim=3.5s total=42.2s
[octo-small|PutSpoonOnTableClothInScene-v1|dens_x0.5] ep 91 success=False steps=60 inf=16.4s sim=2.8s total=22.5s
[octo-small|PutSpoonOnTableClothInScene-v1|dens_x0.5] ep 92 success=False steps=60 inf=16.2s sim=2.9s total=22.7s
[octo-small|PutSpoonOnTableClothInScene-v1|dens_x0.5] ep 93 success=False steps=60 inf=16.9s sim=2.6s total=21.3s
[octo-small|PutSpoonOnTableClothInScene-v1|dens_x0.5] ep 94 success=True steps=60 inf=15.5s sim=2.6s total=19.9s
[octo-small|PutSpoonOnTableClothInScene-v1|dens_x0.5] ep 95 success=True steps=60 inf=17.2s sim=2.6s total=21.5s
== dens_x0.5: 33/96 success
