E:\research\the_world\.venv-windows-ms3\Lib\site-packages\sapien\wrapper\pinocchio_model.py:299: UserWarning: pinnochio package is not installed, robotics functionalities will not be available
  warnings.warn(
[33;1m2026-09-19 02:35:05,755 - mani_skill  - WARNING - Mimic targets dictionary is missing for controller config for widowx250s_bridgedataset_flat_table. Assuming the first joint is the control joint and the second joint is the mimic joint[0m
[33;1m2026-09-19 02:35:05,824 - mani_skill  - WARNING - No initial pose set for actor builder of bridge_spoon_generated_modified, setting to default pose q=[1,0,0,0], p=[0,0,0]. Not setting reasonable initial poses may slow down simulation, see https://github.com/haosulab/ManiSkill/issues/421.[0m
[33;1m2026-09-19 02:35:05,833 - mani_skill  - WARNING - No initial pose set for actor builder of table_cloth_generated_shorter, setting to default pose q=[1,0,0,0], p=[0,0,0]. Not setting reasonable initial poses may slow down simulation, see https://github.com/haosulab/ManiSkill/issues/421.[0m
[octo-small@hist1|PutSpoonOnTableClothInScene-v1|iso_x0.25] ep 24 success=False steps=60 inf=5.3s sim=1.4s total=8.4s[o[octo-small@hist1|PutSpoonOnTableClothInScene-v1|iso_x0.25] ep 25 success=False steps=60 inf=4.9s sim=1.9s total=8.[oct[octo-small@hist1|PutSpoonOnTableClothInScene-v1|iso_x0.25] ep 26 success=True steps=60 inf=5.4s sim=1.6s total=8[octo[octo-small@hist1|PutSpoonOnTableClothInScene-v1|iso_x0.25] ep 27 success=True steps=60 inf=5.1s sim=1.5s total[octo-s[octo-small@hist1|PutSpoonOnTableClothInScene-v1|iso_x0.25] ep 28 success=False steps=60 inf=5.2s sim=1.4s to[octo-smal[octo-small@hist1|PutSpoonOnTableClothInScene-v1|iso_x0.25] ep 29 success=False steps=60 inf=5.2s sim=1.5s [octo-small@[octo-small@hist1|PutSpoonOnTableClothInScene-v1|iso_x0.25] ep 30 success=True steps=60 inf=5.3s sim=1.5s[octo-small@h[octo-small@hist1|PutSpoonOnTableClothInScene-v1|iso_x0.25] ep 31 success=False steps=60 inf=5.7s sim=1.[octo-small@his[octo-small@hist1|PutSpoonOnTableClothInScene-v1|iso_x0.25] ep 32 success=True steps=60 inf=7.1s sim=[octo-small@hist1|[octo-small@hist1|PutSpoonOnTableClothInScene-v1|iso_x0.25] ep 33 success=True steps=60 inf=9.9s si[octo-small@hist1|Pu[octo-small@hist1|PutSpoonOnTableClothInScene-v1|iso_x0.25] ep 34 success=False steps=60 inf=10.2[octo-small@hist1|PutSpo[octo-small@hist1|PutSpoonOnTableClothInScene-v1|iso_x0.25] ep 35 success=False steps=60 inf=[octo-small@hist1|PutSpoonOn[octo-small@hist1|PutSpoonOnTableClothInScene-v1|iso_x0.25] ep 36 success=False steps=60 [octo-small@hist1|PutSpoonOnTabl[octo-small@hist1|PutSpoonOnTableClothInScene-v1|iso_x0.25] ep 37 success=False steps=[octo-small@hist1|PutSpoonOnTableC[octo-small@hist1|PutSpoonOnTableClothInScene-v1|iso_x0.25] ep 38 success=True steps[octo-small@hist1|PutSpoonOnTableClo[octo-small@hist1|PutSpoonOnTableClothInScene-v1|iso_x0.25] ep 39 success=False st[octo-small@hist1|PutSpoonOnTableCloth[octo-small@hist1|PutSpoonOnTableClothInScene-v1|iso_x0.25] ep 40 success=True steps=60 inf=10.1s sim=2.1s total=14.7s
[octo-small@hist1|PutSpoonOnTableClothInScene-v1|iso_x0.25] ep 41 success=False steps=60 inf=10.1s sim=2.2s total=14.8s
[octo-small@hist1|PutSpoonOnTableClothInScene-v1|iso_x0.25] ep 42 success=False steps=60 inf=9.8s sim=2.2s total=14.5s
[octo-small@hist1|PutSpoonOnTableClothInScene-v1|iso_x0.25] ep 43 success=False steps=60 inf=9.8s sim=2.0s total=14.2s
[octo-small@hist1|PutSpoonOnTableClothInScene-v1|iso_x0.25] ep 44 success=False steps=60 inf=9.9s sim=2.2s total=14.6s
[octo-small@hist1|PutSpoonOnTableClothInScene-v1|iso_x0.25] ep 45 success=False steps=60 inf=10.2s sim=2.2s total=15.0s
[octo-small@hist1|PutSpoonOnTableClothInScene-v1|iso_x0.25] ep 46 success=False steps=60 inf=10.1s sim=2.2s total=14.8s
[octo-small@hist1|PutSpoonOnTableClothInScene-v1|iso_x0.25] ep 47 success=False steps=60 inf=10.5s sim=2.1s total=15.1s
[octo-small@hist1|PutSpoonOnTableClothInScene-v1|iso_x0.25] ep 48 success=True steps=60 inf=11.0s sim=1.9s total=15.5s
[octo-small@hist1|PutSpoonOnTableClothInScene-v1|iso_x0.25] ep 49 success=False steps=60 inf=10.0s sim=2.1s total=14.5s
[octo-small@hist1|PutSpoonOnTableClothInScene-v1|iso_x0.25] ep 50 success=False steps=60 inf=10.4s sim=2.4s total=15.4s
[octo-small@hist1|PutSpoonOnTableClothInScene-v1|iso_x0.25] ep 51 success=False steps=60 inf=11.1s sim=2.3s total=16.0s
[octo-small@hist1|PutSpoonOnTableClothInScene-v1|iso_x0.25] ep 52 success=True steps=60 inf=10.6s sim=2.1s total=15.3s
[octo-small@hist1|PutSpoonOnTableClothInScene-v1|iso_x0.25] ep 53 success=False steps=60 inf=10.2s sim=2.3s total=15.1s
[octo-small@hist1|PutSpoonOnTableClothInScene-v1|iso_x0.25] ep 54 success=True steps=60 inf=10.0s sim=2.2s total=14.8s
[octo-small@hist1|PutSpoonOnTableClothInScene-v1|iso_x0.25] ep 55 success=False steps=60 inf=10.3s sim=2.1s total=14.9s
[octo-small@hist1|PutSpoonOnTableClothInScene-v1|iso_x0.25] ep 56 success=False steps=60 inf=10.5s sim=2.0s total=15.1s
[octo-small@hist1|PutSpoonOnTableClothInScene-v1|iso_x0.25] ep 57 success=False steps=60 inf=9.8s sim=2.2s total=14.5s
[octo-small@hist1|PutSpoonOnTableClothInScene-v1|iso_x0.25] ep 58 success=False steps=60 inf=10.1s sim=2.2s total=15.1s
[octo-small@hist1|PutSpoonOnTableClothInScene-v1|iso_x0.25] ep 59 success=False steps=60 inf=10.1s sim=2.2s total=14.7s
[octo-small@hist1|PutSpoonOnTableClothInScene-v1|iso_x0.25] ep 60 success=False steps=60 inf=9.9s sim=2.7s total=15.0s
[octo-small@hist1|PutSpoonOnTableClothInScene-v1|iso_x0.25] ep 61 success=False steps=60 inf=10.2s sim=2.2s total=15.1s
[octo-small@hist1|PutSpoonOnTableClothInScene-v1|iso_x0.25] ep 62 success=False steps=60 inf=10.1s sim=2.2s total=14.9s
[octo-small@hist1|PutSpoonOnTableClothInScene-v1|iso_x0.25] ep 63 success=False steps=60 inf=9.9s sim=2.1s total=14.5s
[octo-small@hist1|PutSpoonOnTableClothInScene-v1|iso_x0.25] ep 64 success=False steps=60 inf=9.9s sim=2.1s total=14.4s
[octo-small@hist1|PutSpoonOnTableClothInScene-v1|iso_x0.25] ep 65 success=False steps=60 inf=10.2s sim=2.1s total=14.8s
[octo-small@hist1|PutSpoonOnTableClothInScene-v1|iso_x0.25] ep 66 success=False steps=60 inf=9.9s sim=2.1s total=14.7s
[octo-small@hist1|PutSpoonOnTableClothInScene-v1|iso_x0.25] ep 67 success=False steps=60 inf=10.9s sim=2.2s total=15.8s
[octo-small@hist1|PutSpoonOnTableClothInScene-v1|iso_x0.25] ep 68 success=False steps=60 inf=10.2s sim=2.1s total=14.9s
[octo-small@hist1|PutSpoonOnTableClothInScene-v1|iso_x0.25] ep 69 success=False steps=60 inf=10.5s sim=2.2s total=15.2s
[octo-small@hist1|PutSpoonOnTableClothInScene-v1|iso_x0.25] ep 70 success=True steps=60 inf=10.6s sim=2.2s total=15.2s
[octo-small@hist1|PutSpoonOnTableClothInScene-v1|iso_x0.25] ep 71 success=False steps=60 inf=10.3s sim=2.4s total=15.4s
[octo-small@hist1|PutSpoonOnTableClothInScene-v1|iso_x0.25] ep 72 success=False steps=60 inf=10.1s sim=2.2s total=15.6s
[octo-small@hist1|PutSpoonOnTableClothInScene-v1|iso_x0.25] ep 73 success=False steps=60 inf=9.8s sim=2.6s total=15.3s
[octo-small@hist1|PutSpoonOnTableClothInScene-v1|iso_x0.25] ep 74 success=True steps=60 inf=10.1s sim=2.3s total=14.8s
[octo-small@hist1|PutSpoonOnTableClothInScene-v1|iso_x0.25] ep 75 success=False steps=60 inf=10.5s sim=2.3s total=15.2s
[octo-small@hist1|PutSpoonOnTableClothInScene-v1|iso_x0.25] ep 76 success=False steps=60 inf=10.6s sim=2.1s total=15.7s
[octo-small@hist1|PutSpoonOnTableClothInScene-v1|iso_x0.25] ep 77 success=False steps=60 inf=10.2s sim=2.3s total=15.0s
[octo-small@hist1|PutSpoonOnTableClothInScene-v1|iso_x0.25] ep 78 success=False steps=60 inf=10.1s sim=2.3s total=15.0s
[octo-small@hist1|PutSpoonOnTableClothInScene-v1|iso_x0.25] ep 79 success=False steps=60 inf=10.6s sim=2.2s total=15.3s
[octo-small@hist1|PutSpoonOnTableClothInScene-v1|iso_x0.25] ep 80 success=False steps=60 inf=10.2s sim=2.1s total=15.5s
[octo-small@hist1|PutSpoonOnTableClothInScene-v1|iso_x0.25] ep 81 success=True steps=60 inf=10.5s sim=2.1s total=15.3s
[octo-small@hist1|PutSpoonOnTableClothInScene-v1|iso_x0.25] ep 82 success=False steps=60 inf=10.2s sim=2.1s total=14.7s
[octo-small@hist1|PutSpoonOnTableClothInScene-v1|iso_x0.25] ep 83 success=False steps=60 inf=10.4s sim=2.3s total=15.3s
[octo-small@hist1|PutSpoonOnTableClothInScene-v1|iso_x0.25] ep 84 success=False steps=60 inf=10.8s sim=2.3s total=15.7s
[octo-small@hist1|PutSpoonOnTableClothInScene-v1|iso_x0.25] ep 85 success=False steps=60 inf=10.4s sim=2.5s total=15.3s
[octo-small@hist1|PutSpoonOnTableClothInScene-v1|iso_x0.25] ep 86 success=False steps=60 inf=10.9s sim=2.2s total=15.7s
[octo-small@hist1|PutSpoonOnTableClothInScene-v1|iso_x0.25] ep 87 success=False steps=60 inf=10.7s sim=2.2s total=15.9s
[octo-small@hist1|PutSpoonOnTableClothInScene-v1|iso_x0.25] ep 88 success=False steps=60 inf=11.1s sim=2.5s total=16.1s
[octo-small@hist1|PutSpoonOnTableClothInScene-v1|iso_x0.25] ep 89 success=False steps=60 inf=11.3s sim=2.2s total=15.0s
[octo-small@hist1|PutSpoonOnTableClothInScene-v1|iso_x0.25] ep 90 success=False steps=60 inf=10.8s sim=2.1s total=14.5s
[octo-small@hist1|PutSpoonOnTableClothInScene-v1|iso_x0.25] ep 91 success=False steps=60 inf=9.4s sim=2.1s total=13.9s
[octo-small@hist1|PutSpoonOnTableClothInScene-v1|iso_x0.25] ep 92 success=False steps=60 inf=10.1s sim=2.4s total=15.4s
[octo-small@hist1|PutSpoonOnTableClothInScene-v1|iso_x0.25] ep 93 success=False steps=60 inf=10.0s sim=2.0s total=14.5s
[octo-small@hist1|PutSpoonOnTableClothInScene-v1|iso_x0.25] ep 94 success=True steps=60 inf=10.3s sim=2.2s total=15.0s
[octo-small@hist1|PutSpoonOnTableClothInScene-v1|iso_x0.25] ep 95 success=True steps=60 inf=11.5s sim=2.3s total=16.5s
== iso_x0.25: 23/96 success
arn(
[33;1m2026-09-19 02:51:10,966 - mani_skill  - WARNING - Mimic targets dictionary is missing for controller config for widowx250s_bridgedataset_flat_table. Assuming the first joint is the control joint and the second joint is the mimic joint[0m
[33;1m2026-09-19 02:51:11,075 - mani_skill  - WARNING - No initial pose set for actor builder of bridge_spoon_generated_modified, setting to default pose q=[1,0,0,0], p=[0,0,0]. Not setting reasonable initial poses may slow down simulation, see https://github.com/haosulab/ManiSkill/issues/421.[0m
[33;1m2026-09-19 02:51:11,089 - mani_skill  - WARNING - No initial pose set for actor builder of table_cloth_generated_shorter, setting to default pose q=[1,0,0,0], p=[0,0,0]. Not setting reasonable initial poses may slow down simulation, see https://github.com/haosulab/ManiSkill/issues/421.[0m
[octo-small@hist1|PutSpoonOnTableClothInScene-v1|iso_x4.0] ep 24 success=False steps=60 inf=9.1s sim=2.1s total=14.1s
[octo-small@hist1|PutSpoonOnTableClothInScene-v1|iso_x4.0] ep 25 success=False steps=60 inf=8.8s sim=2.5s total=13.8s
[octo-small@hist1|PutSpoonOnTableClothInScene-v1|iso_x4.0] ep 26 success=False steps=60 inf=9.4s sim=2.3s total=14.4s
[octo-small@hist1|PutSpoonOnTableClothInScene-v1|iso_x4.0] ep 27 success=False steps=60 inf=10.3s sim=2.3s total=14.9s
[octo-small@hist1|PutSpoonOnTableClothInScene-v1|iso_x4.0] ep 28 success=True steps=60 inf=8.2s sim=1.9s total=12.6s
[octo-small@hist1|PutSpoonOnTableClothInScene-v1|iso_x4.0] ep 29 success=False steps=60 inf=7.2s sim=2.0s total=11.3s
[octo-small@hist1|PutSpoonOnTableClothInScene-v1|iso_x4.0] ep 30 success=True steps=60 inf=8.3s sim=2.4s total=12.9s
[octo-small@hist1|PutSpoonOnTableClothInScene-v1|iso_x4.0] ep 31 success=False steps=60 inf=9.8s sim=2.4s total=14.7s
[octo-small@hist1|PutSpoonOnTableClothInScene-v1|iso_x4.0] ep 32 success=True steps=60 inf=9.6s sim=2.1s total=14.1s
[octo-small@hist1|PutSpoonOnTableClothInScene-v1|iso_x4.0] ep 33 success=True steps=60 inf=9.7s sim=2.3s total=13.6s
[octo-small@hist1|PutSpoonOnTableClothInScene-v1|iso_x4.0] ep 34 success=True steps=60 inf=9.7s sim=2.1s total=13.3s
[octo-small@hist1|PutSpoonOnTableClothInScene-v1|iso_x4.0] ep 35 success=True steps=60 inf=8.9s sim=2.0s total=13.2s
[octo-small@hist1|PutSpoonOnTableClothInScene-v1|iso_x4.0] ep 36 success=False steps=60 inf=9.1s sim=2.5s total=13.8s
[octo-small@hist1|PutSpoonOnTableClothInScene-v1|iso_x4.0] ep 37 success=False steps=60 inf=9.0s sim=2.4s total=13.9s
[octo-small@hist1|PutSpoonOnTableClothInScene-v1|iso_x4.0] ep 38 success=False steps=60 inf=9.1s sim=2.0s total=13.3s
[octo-small@hist1|PutSpoonOnTableClothInScene-v1|iso_x4.0] ep 39 success=False steps=60 inf=9.0s sim=2.1s total=13.5s
[octo-small@hist1|PutSpoonOnTableClothInScene-v1|iso_x4.0] ep 40 success=False steps=60 inf=9.1s sim=2.5s total=13.9s
[octo-small@hist1|PutSpoonOnTableClothInScene-v1|iso_x4.0] ep 41 success=False steps=60 inf=9.2s sim=2.2s total=13.9s
[octo-small@hist1|PutSpoonOnTableClothInScene-v1|iso_x4.0] ep 42 success=False steps=60 inf=8.8s sim=2.2s total=13.4s
[octo-small@hist1|PutSpoonOnTableClothInScene-v1|iso_x4.0] ep 43 success=True steps=60 inf=9.3s sim=2.3s total=14.0s
[octo-small@hist1|PutSpoonOnTableClothInScene-v1|iso_x4.0] ep 44 success=False steps=60 inf=9.5s sim=2.3s total=14.5s
[octo-small@hist1|PutSpoonOnTableClothInScene-v1|iso_x4.0] ep 45 success=False steps=60 inf=9.5s sim=2.2s total=14.2s
[octo-small@hist1|PutSpoonOnTableClothInScene-v1|iso_x4.0] ep 46 success=False steps=60 inf=9.3s sim=2.4s total=14.3s
[octo-small@hist1|PutSpoonOnTableClothInScene-v1|iso_x4.0] ep 47 success=True steps=60 inf=9.2s sim=2.2s total=14.0s
[octo-small@hist1|PutSpoonOnTableClothInScene-v1|iso_x4.0] ep 48 success=True steps=60 inf=9.0s sim=2.1s total=13.7s
[octo-small@hist1|PutSpoonOnTableClothInScene-v1|iso_x4.0] ep 49 success=True steps=60 inf=9.0s sim=2.3s total=13.7s
[octo-small@hist1|PutSpoonOnTableClothInScene-v1|iso_x4.0] ep 50 success=False steps=60 inf=8.9s sim=2.5s total=13.9s
[octo-small@hist1|PutSpoonOnTableClothInScene-v1|iso_x4.0] ep 51 success=True steps=60 inf=9.7s sim=2.3s total=14.6s
[octo-small@hist1|PutSpoonOnTableClothInScene-v1|iso_x4.0] ep 52 success=True steps=60 inf=9.7s sim=2.1s total=14.3s
[octo-small@hist1|PutSpoonOnTableClothInScene-v1|iso_x4.0] ep 53 success=False steps=60 inf=9.4s sim=2.3s total=14.6s
[octo-small@hist1|PutSpoonOnTableClothInScene-v1|iso_x4.0] ep 54 success=True steps=60 inf=9.3s sim=2.4s total=14.3s
[octo-small@hist1|PutSpoonOnTableClothInScene-v1|iso_x4.0] ep 55 success=False steps=60 inf=9.4s sim=2.4s total=14.3s
[octo-small@hist1|PutSpoonOnTableClothInScene-v1|iso_x4.0] ep 56 success=False steps=60 inf=9.1s sim=2.0s total=13.5s
[octo-small@hist1|PutSpoonOnTableClothInScene-v1|iso_x4.0] ep 57 success=False steps=60 inf=8.8s sim=2.4s total=13.5s
[octo-small@hist1|PutSpoonOnTableClothInScene-v1|iso_x4.0] ep 58 success=False steps=60 inf=9.2s sim=2.5s total=14.1s
[octo-small@hist1|PutSpoonOnTableClothInScene-v1|iso_x4.0] ep 59 success=False steps=60 inf=9.1s sim=3.0s total=14.9s
[octo-small@hist1|PutSpoonOnTableClothInScene-v1|iso_x4.0] ep 60 success=False steps=60 inf=9.1s sim=3.3s total=15.0s
[octo-small@hist1|PutSpoonOnTableClothInScene-v1|iso_x4.0] ep 61 success=False steps=60 inf=9.4s sim=2.4s total=14.4s
[octo-small@hist1|PutSpoonOnTableClothInScene-v1|iso_x4.0] ep 62 success=False steps=60 inf=9.3s sim=2.2s total=14.1s
[octo-small@hist1|PutSpoonOnTableClothInScene-v1|iso_x4.0] ep 63 success=False steps=60 inf=9.7s sim=2.4s total=14.8s
[octo-small@hist1|PutSpoonOnTableClothInScene-v1|iso_x4.0] ep 64 success=False steps=60 inf=9.5s sim=2.7s total=14.7s
[octo-small@hist1|PutSpoonOnTableClothInScene-v1|iso_x4.0] ep 65 success=True steps=60 inf=8.5s sim=2.8s total=13.7s
[octo-small@hist1|PutSpoonOnTableClothInScene-v1|iso_x4.0] ep 66 success=False steps=60 inf=9.0s sim=3.3s total=14.7s
[octo-small@hist1|PutSpoonOnTableClothInScene-v1|iso_x4.0] ep 67 success=True steps=60 inf=9.7s sim=3.2s total=15.5s
[octo-small@hist1|PutSpoonOnTableClothInScene-v1|iso_x4.0] ep 68 success=False steps=60 inf=9.2s sim=2.8s total=14.5s
[octo-small@hist1|PutSpoonOnTableClothInScene-v1|iso_x4.0] ep 69 success=False steps=60 inf=9.2s sim=2.7s total=14.2s
[octo-small@hist1|PutSpoonOnTableClothInScene-v1|iso_x4.0] ep 70 success=True steps=60 inf=8.9s sim=2.7s total=14.2s
[octo-small@hist1|PutSpoonOnTableClothInScene-v1|iso_x4.0] ep 71 success=True steps=60 inf=9.1s sim=2.6s total=14.6s
[octo-small@hist1|PutSpoonOnTableClothInScene-v1|iso_x4.0] ep 72 success=True steps=60 inf=9.0s sim=2.9s total=14.2s
[octo-small@hist1|PutSpoonOnTableClothInScene-v1|iso_x4.0] ep 73 success=False steps=60 inf=9.2s sim=3.2s total=14.9s
[octo-small@hist1|PutSpoonOnTableClothInScene-v1|iso_x4.0] ep 74 success=True steps=60 inf=9.1s sim=2.8s total=14.6s
[octo-small@hist1|PutSpoonOnTableClothInScene-v1|iso_x4.0] ep 75 success=False steps=60 inf=9.3s sim=3.1s total=14.8s
[octo-small@hist1|PutSpoonOnTableClothInScene-v1|iso_x4.0] ep 76 success=False steps=60 inf=9.0s sim=2.7s total=14.2s
[octo-small@hist1|PutSpoonOnTableClothInScene-v1|iso_x4.0] ep 77 success=False steps=60 inf=9.3s sim=2.8s total=14.7s
[octo-small@hist1|PutSpoonOnTableClothInScene-v1|iso_x4.0] ep 78 success=False steps=60 inf=9.2s sim=3.3s total=15.1s
[octo-small@hist1|PutSpoonOnTableClothInScene-v1|iso_x4.0] ep 79 success=False steps=60 inf=9.0s sim=2.8s total=14.4s
[octo-small@hist1|PutSpoonOnTableClothInScene-v1|iso_x4.0] ep 80 success=False steps=60 inf=8.8s sim=2.9s total=14.2s
[octo-small@hist1|PutSpoonOnTableClothInScene-v1|iso_x4.0] ep 81 success=True steps=60 inf=9.4s sim=2.8s total=14.6s
[octo-small@hist1|PutSpoonOnTableClothInScene-v1|iso_x4.0] ep 82 success=True steps=60 inf=9.0s sim=2.8s total=14.3s
[octo-small@hist1|PutSpoonOnTableClothInScene-v1|iso_x4.0] ep 83 success=False steps=60 inf=8.9s sim=3.4s total=14.8s
[octo-small@hist1|PutSpoonOnTableClothInScene-v1|iso_x4.0] ep 84 success=True steps=60 inf=9.0s sim=3.0s total=14.5s
[octo-small@hist1|PutSpoonOnTableClothInScene-v1|iso_x4.0] ep 85 success=False steps=60 inf=8.8s sim=2.9s total=14.2s
[octo-small@hist1|PutSpoonOnTableClothInScene-v1|iso_x4.0] ep 86 success=False steps=60 inf=8.6s sim=2.7s total=13.8s
[octo-small@hist1|PutSpoonOnTableClothInScene-v1|iso_x4.0] ep 87 success=False steps=60 inf=9.4s sim=3.1s total=15.4s
[octo-small@hist1|PutSpoonOnTableClothInScene-v1|iso_x4.0] ep 88 success=False steps=60 inf=8.7s sim=2.9s total=14.2s
[octo-small@hist1|PutSpoonOnTableClothInScene-v1|iso_x4.0] ep 89 success=False steps=60 inf=8.5s sim=2.9s total=13.9s
[octo-small@hist1|PutSpoonOnTableClothInScene-v1|iso_x4.0] ep 90 success=False steps=60 inf=8.4s sim=2.9s total=13.8s
[octo-small@hist1|PutSpoonOnTableClothInScene-v1|iso_x4.0] ep 91 success=False steps=60 inf=7.3s sim=2.8s total=12.4s
[octo-small@hist1|PutSpoonOnTableClothInScene-v1|iso_x4.0] ep 92 success=False steps=60 inf=7.4s sim=2.9s total=12.8s
[octo-small@hist1|PutSpoonOnTableClothInScene-v1|iso_x4.0] ep 93 success=False steps=60 inf=9.1s sim=2.8s total=14.5s
[octo-small@hist1|PutSpoonOnTableClothInScene-v1|iso_x4.0] ep 94 success=False steps=60 inf=7.0s sim=2.7s total=11.9s
[octo-small@hist1|PutSpoonOnTableClothInScene-v1|iso_x4.0] ep 95 success=False steps=60 inf=7.4s sim=2.9s total=12.7s
== iso_x4.0: 28/96 success
l=14.1s
[octo-small@hist1|PutSpoonOnTableClothInScene-v1|force_x0.5] ep 80 success=False steps=60 inf=7.9s sim=2.6s total=13.0s
[octo-small@hist1|PutSpoonOnTableClothInScene-v1|force_x0.5] ep 81 success=True steps=60 inf=9.9s sim=3.0s total=15.4s
[octo-small@hist1|PutSpoonOnTableClothInScene-v1|force_x0.5] ep 82 success=True steps=60 inf=7.7s sim=2.7s total=12.8s
[octo-small@hist1|PutSpoonOnTableClothInScene-v1|force_x0.5] ep 83 success=False steps=60 inf=8.4s sim=2.6s total=13.5s
E:\research\the_world\.venv-windows-ms3\Lib\site-packages\sapien\wrapper\pinocchio_model.py:299: UserWarning: pinnochio p[octo-small@hist1|PutSpoonOnTableClothInScene-v1|force_x0.5] ep 85 success=False steps=60 inf=8.8s sim=3.1s total=14.4s
[octo-small@hist1|PutSpoonOnTableClothInScene-v1|force_x0.5] ep 86 success=False steps=60 inf=10.4s sim=2.8s total=15.8s
[octo-small@hist1|PutSpoonOnTableClothInScene-v1|force_x0.5] ep 87 success=False steps=60 inf=9.9s sim=3.1s total=15.9s
[octo-small@hist1|PutSpoonOnTableClothInScene-v1|force_x0.5] ep 88 success=True steps=60 inf=9.5s sim=3.1s total=15.3s
[octo-small@hist1|PutSpoonOnTableClothInScene-v1|force_x0.5] ep 89 success=True steps=60 inf=10.3s sim=3.4s total=16.3s
[octo-small@hist1|PutSpoonOnTableClothInScene-v1|force_x0.5] ep 90 success=False steps=60 inf=10.9s sim=3.1s total=17.5s
[octo-small@hist1|PutSpoonOnTableClothInScene-v1|force_x0.5] ep 91 success=False steps=60 inf=10.2s sim=3.0s total=15.8s
[octo-small@hist1|PutSpoonOnTableClothInScene-v1|force_x0.5] ep 92 success=False steps=60 inf=9.7s sim=2.8s total=15.2s
[octo-small@hist1|PutSpoonOnTableClothInScene-v1|force_x0.5] ep 93 success=False steps=60 inf=9.6s sim=3.0s total=15.3s
[octo-small@hist1|PutSpoonOnTableClothInScene-v1|force_x0.5] ep 94 success=False steps=60 inf=9.8s sim=2.8s total=15.4s
[octo-small@hist1|PutSpoonOnTableClothInScene-v1|force_x0.5] ep 95 success=True steps=60 inf=10.0s sim=3.1s total=15.7s
== force_x0.5: 23/96 success
 success=False steps=60 inf=8.5s sim=3.3s total=14.4s
[octo-small@hist1|PutSpoonOnTableClothInScene-v1|fric_x0.4] ep 28 success=False steps=60 inf=9.1s sim=2.9s total=14.6s
[octo-small@hist1|PutSpoonOnTableClothInScene-v1|fric_x0.4] ep 29 success=False steps=60 inf=10.2s sim=3.2s total=16.7s
[octo-small@hist1|PutSpoonOnTableClothInScene-v1|fric_x0.4] ep 30 success=False steps=60 inf=8.6s sim=2.5s total=13.5s
[octo-small@hist1|PutSpoonOnTableClothInScene-v1|fric_x0.4] ep 31 success=False steps=60 inf=8.5s sim=2.9s total=13.9s
[octo-small@hist1|PutSpoonOnTableClothInScene-v1|fric_x0.4] ep 32 success=True steps=60 inf=8.4s sim=3.1s total=13.9s
[octo-small@hist1|PutSpoonOnTableClothInScene-v1|fric_x0.4] ep 33 success=False steps=60 inf=9.0s sim=3.0s total=14.6s
[octo-small@hist1|PutSpoonOnTableClothInScene-v1|fric_x0.4] ep 34 success=False steps=60 inf=9.0s sim=3.0s total=14.5s
E:\research\the_world\.venv-windows-ms3\Lib\site-packages\sapien\wrapper\pinocchio_model.py:299: UserWarning: pinnochio [octo-small@hist1|PutSpoonOnTableClothInScene-v1|fric_x0.4] ep 36 success=False steps=60 inf=7.4s sim=3.2s total=13.0s
[octo-small@hist1|PutSpoonOnTableClothInScene-v1|fric_x0.4] ep 37 success=False steps=60 inf=8.6s sim=3.5s total=14.6s
[octo-small@hist1|PutSpoonOnTableClothInScene-v1|fric_x0.4] ep 38 success=True steps=60 inf=8.5s sim=2.8s total=13.7s
[octo-small@hist1|PutSpoonOnTableClothInScene-v1|fric_x0.4] ep 39 success=False steps=60 inf=9.0s sim=2.9s total=14.4s
[octo-small@hist1|PutSpoonOnTableClothInScene-v1|fric_x0.4] ep 40 success=True steps=60 inf=8.8s sim=2.8s total=14.1s
[octo-small@hist1|PutSpoonOnTableClothInScene-v1|fric_x0.4] ep 41 success=False steps=60 inf=8.1s sim=3.2s total=13.7s
[octo-small@hist1|PutSpoonOnTableClothInScene-v1|fric_x0.4] ep 42 success=False steps=60 inf=8.8s sim=2.9s total=14.2s
[octo-small@hist1|PutSpoonOnTableClothInScene-v1|fric_x0.4] ep 43 success=False steps=60 inf=8.8s sim=2.7s total=14.1s
[octo-small@hist1|PutSpoonOnTableClothInScene-v1|fric_x0.4] ep 44 success=False steps=60 inf=8.9s sim=2.8s total=14.2s
[octo-small@hist1|PutSpoonOnTableClothInScene-v1|fric_x0.4] ep 45 success=False steps=60 inf=8.3s sim=3.1s total=13.9s
[octo-small@hist1|PutSpoonOnTableClothInScene-v1|fric_x0.4] ep 46 success=False steps=60 inf=8.6s sim=2.8s total=13.8s
[octo-small@hist1|PutSpoonOnTableClothInScene-v1|fric_x0.4] ep 47 success=False steps=60 inf=8.9s sim=2.8s total=14.3s
[octo-small@hist1|PutSpoonOnTableClothInScene-v1|fric_x0.4] ep 48 success=False steps=60 inf=8.6s sim=2.9s total=13.9s
[octo-small@hist1|PutSpoonOnTableClothInScene-v1|fric_x0.4] ep 49 success=False steps=60 inf=8.5s sim=3.2s total=14.3s
[octo-small@hist1|PutSpoonOnTableClothInScene-v1|fric_x0.4] ep 50 success=False steps=60 inf=8.8s sim=3.2s total=14.5s
[octo-small@hist1|PutSpoonOnTableClothInScene-v1|fric_x0.4] ep 51 success=False steps=60 inf=8.5s sim=2.9s total=13.8s
[octo-small@hist1|PutSpoonOnTableClothInScene-v1|fric_x0.4] ep 52 success=False steps=60 inf=8.9s sim=2.7s total=14.1s
[octo-small@hist1|PutSpoonOnTableClothInScene-v1|fric_x0.4] ep 53 success=False steps=60 inf=9.5s sim=3.2s total=15.2s
[octo-small@hist1|PutSpoonOnTableClothInScene-v1|fric_x0.4] ep 54 success=False steps=60 inf=8.5s sim=3.3s total=19.8s
[octo-small@hist1|PutSpoonOnTableClothInScene-v1|fric_x0.4] ep 55 success=False steps=60 inf=9.5s sim=2.9s total=20.2s
[octo-small@hist1|PutSpoonOnTableClothInScene-v1|fric_x0.4] ep 56 success=False steps=60 inf=9.9s sim=3.1s total=18.2s
[octo-small@hist1|PutSpoonOnTableClothInScene-v1|fric_x0.4] ep 57 success=False steps=60 inf=9.2s sim=4.1s total=20.0s
[octo-small@hist1|PutSpoonOnTableClothInScene-v1|fric_x0.4] ep 58 success=True steps=60 inf=9.0s sim=3.4s total=17.4s
[octo-small@hist1|PutSpoonOnTableClothInScene-v1|fric_x0.4] ep 59 success=False steps=60 inf=9.3s sim=3.1s total=15.2s
[octo-small@hist1|PutSpoonOnTableClothInScene-v1|fric_x0.4] ep 60 success=False steps=60 inf=9.3s sim=3.7s total=16.1s
[octo-small@hist1|PutSpoonOnTableClothInScene-v1|fric_x0.4] ep 61 success=False steps=60 inf=9.6s sim=3.5s total=16.2s
[octo-small@hist1|PutSpoonOnTableClothInScene-v1|fric_x0.4] ep 62 success=False steps=60 inf=11.9s sim=3.8s total=22.9s
[octo-small@hist1|PutSpoonOnTableClothInScene-v1|fric_x0.4] ep 63 success=False steps=60 inf=10.5s sim=4.8s total=23.6s
[octo-small@hist1|PutSpoonOnTableClothInScene-v1|fric_x0.4] ep 64 success=False steps=60 inf=11.8s sim=4.2s total=22.7s
[octo-small@hist1|PutSpoonOnTableClothInScene-v1|fric_x0.4] ep 65 success=False steps=60 inf=10.5s sim=3.7s total=22.6s
[octo-small@hist1|PutSpoonOnTableClothInScene-v1|fric_x0.4] ep 66 success=False steps=60 inf=10.0s sim=4.2s total=22.5s
[octo-small@hist1|PutSpoonOnTableClothInScene-v1|fric_x0.4] ep 67 success=False steps=60 inf=10.3s sim=3.6s total=22.2s
[octo-small@hist1|PutSpoonOnTableClothInScene-v1|fric_x0.4] ep 68 success=False steps=60 inf=10.3s sim=3.9s total=22.3s
[octo-small@hist1|PutSpoonOnTableClothInScene-v1|fric_x0.4] ep 69 success=False steps=60 inf=10.3s sim=4.3s total=22.8s
[octo-small@hist1|PutSpoonOnTableClothInScene-v1|fric_x0.4] ep 70 success=False steps=60 inf=9.7s sim=3.6s total=22.1s
[octo-small@hist1|PutSpoonOnTableClothInScene-v1|fric_x0.4] ep 71 success=False steps=60 inf=10.7s sim=3.8s total=22.1s
[octo-small@hist1|PutSpoonOnTableClothInScene-v1|fric_x0.4] ep 72 success=False steps=60 inf=10.3s sim=4.0s total=21.9s
[octo-small@hist1|PutSpoonOnTableClothInScene-v1|fric_x0.4] ep 73 success=False steps=60 inf=9.9s sim=4.1s total=22.4s
[octo-small@hist1|PutSpoonOnTableClothInScene-v1|fric_x0.4] ep 74 success=False steps=60 inf=11.6s sim=3.2s total=22.0s
[octo-small@hist1|PutSpoonOnTableClothInScene-v1|fric_x0.4] ep 75 success=False steps=60 inf=9.4s sim=3.5s total=22.3s
[octo-small@hist1|PutSpoonOnTableClothInScene-v1|fric_x0.4] ep 76 success=False steps=60 inf=9.8s sim=3.8s total=21.7s
[octo-small@hist1|PutSpoonOnTableClothInScene-v1|fric_x0.4] ep 77 success=False steps=60 inf=10.1s sim=3.5s total=21.7s
[octo-small@hist1|PutSpoonOnTableClothInScene-v1|fric_x0.4] ep 78 success=False steps=60 inf=11.6s sim=3.2s total=21.9s
[octo-small@hist1|PutSpoonOnTableClothInScene-v1|fric_x0.4] ep 79 success=False steps=60 inf=10.7s sim=3.4s total=21.5s
[octo-small@hist1|PutSpoonOnTableClothInScene-v1|fric_x0.4] ep 80 success=False steps=60 inf=10.5s sim=3.3s total=21.4s
[octo-small@hist1|PutSpoonOnTableClothInScene-v1|fric_x0.4] ep 81 success=False steps=60 inf=10.3s sim=3.4s total=22.3s
[octo-small@hist1|PutSpoonOnTableClothInScene-v1|fric_x0.4] ep 82 success=False steps=60 inf=11.8s sim=4.2s total=22.6s
[octo-small@hist1|PutSpoonOnTableClothInScene-v1|fric_x0.4] ep 83 success=False steps=60 inf=10.6s sim=3.7s total=22.2s
[octo-small@hist1|PutSpoonOnTableClothInScene-v1|fric_x0.4] ep 84 success=False steps=60 inf=10.0s sim=4.1s total=22.2s
[octo-small@hist1|PutSpoonOnTableClothInScene-v1|fric_x0.4] ep 85 success=False steps=60 inf=10.1s sim=3.4s total=22.3s
[octo-small@hist1|PutSpoonOnTableClothInScene-v1|fric_x0.4] ep 86 success=False steps=60 inf=10.7s sim=4.5s total=22.8s
[octo-small@hist1|PutSpoonOnTableClothInScene-v1|fric_x0.4] ep 87 success=False steps=60 inf=9.6s sim=3.9s total=23.1s
[octo-small@hist1|PutSpoonOnTableClothInScene-v1|fric_x0.4] ep 88 success=False steps=60 inf=10.5s sim=2.9s total=22.3s
[octo-small@hist1|PutSpoonOnTableClothInScene-v1|fric_x0.4] ep 89 success=False steps=60 inf=10.2s sim=2.9s total=22.4s
[octo-small@hist1|PutSpoonOnTableClothInScene-v1|fric_x0.4] ep 90 success=False steps=60 inf=10.0s sim=2.6s total=22.5s
[octo-small@hist1|PutSpoonOnTableClothInScene-v1|fric_x0.4] ep 91 success=False steps=60 inf=11.1s sim=3.0s total=22.6s
[octo-small@hist1|PutSpoonOnTableClothInScene-v1|fric_x0.4] ep 92 success=False steps=60 inf=10.1s sim=2.5s total=22.3s
[octo-small@hist1|PutSpoonOnTableClothInScene-v1|fric_x0.4] ep 93 success=False steps=60 inf=10.5s sim=2.7s total=21.9s
[octo-small@hist1|PutSpoonOnTableClothInScene-v1|fric_x0.4] ep 94 success=False steps=60 inf=10.5s sim=2.5s total=22.9s
[octo-small@hist1|PutSpoonOnTableClothInScene-v1|fric_x0.4] ep 95 success=False steps=60 inf=10.8s sim=2.3s total=21.7s
== fric_x0.4: 13/96 success
ns_x0.5] ep 76 success=False steps=60 inf=12.6s sim=3.3s total=19.3s
[octo-small@hist1|PutSpoonOnTableClothInScene-v1|dens_x0.5] ep 77 success=False steps=60 inf=12.4s sim=3.8s total=19.5s
[octo-small@hist1|PutSpoonOnTableClothInScene-v1|dens_x0.5] ep 78 success=False steps=60 inf=12.2s sim=3.0s total=18.2s
[octo-small@hist1|PutSpoonOnTableClothInScene-v1|dens_x0.5] ep 79 success=False steps=60 inf=12.1s sim=2.9s total=17.9s
[octo-small@hist1|PutSpoonOnTableClothInScene-v1|dens_x0.5] ep 80 success=False steps=60 inf=12.4s sim=2.6s total=18.0s
[octo-small@hist1|PutSpoonOnTableClothInScene-v1|dens_x0.5] ep 81 success=True steps=60 inf=12.7s sim=2.8s total=18.4s
[octo-small@hist1|PutSpoonOnTableClothInScene-v1|dens_x0.5] ep 82 success=True steps=60 inf=12.4s sim=2.6s total=18.0s
[octo-small@hist1|PutSpoonOnTableClothInScene-v1|dens_x0.5] ep 83 success=False steps=60 inf=12.2s sim=3.0s total=18.1s
[octo-small@hist1|PutSpoonOnTableClothInScene-v1|dens_x0.5] ep 84 success=False steps=60 inf=12.1s sim=3.1s total=18.3s
[octo-small@hist1|PutSpoonOnTableClothInScene-v1|dens_x0.5] ep 85 success=False steps=60 inf=12.3s sim=3.0s total=18.6s
[octo-small@hist1|PutSpoonOnTableClothInScene-v1|dens_x0.5] ep 86 success=False steps=60 inf=12.6s sim=2.6s total=18.1s
[octo-small@hist1|PutSpoonOnTableClothInScene-v1|dens_x0.5] ep 87 success=False steps=60 inf=12.1s sim=2.8s total=17.9s
[octo-small@hist1|PutSpoonOnTableClothInScene-v1|dens_x0.5] ep 88 success=False steps=60 inf=11.4s sim=2.4s total=16.7s
[octo-small@hist1|PutSpoonOnTableClothInScene-v1|dens_x0.5] ep 89 success=False steps=60 inf=11.8s sim=3.5s total=18.3s
[octo-small@hist1|PutSpoonOnTableClothInScene-v1|dens_x0.5] ep 90 success=False steps=60 inf=12.0s sim=3.0s total=18.2s
[octo-small@hist1|PutSpoonOnTableClothInScene-v1|dens_x0.5] ep 91 success=False steps=60 inf=12.5s sim=2.7s total=18.3s
[octo-small@hist1|PutSpoonOnTableClothInScene-v1|dens_x0.5] ep 92 success=False steps=60 inf=11.8s sim=3.9s total=18.9s
[octo-small@hist1|PutSpoonOnTableClothInScene-v1|dens_x0.5] ep 93 success=False steps=60 inf=11.8s sim=3.8s total=18.9s
[octo-small@hist1|PutSpoonOnTableClothInScene-v1|dens_x0.5] ep 94 success=False steps=60 inf=12.1s sim=3.7s total=19.0s
[octo-small@hist1|PutSpoonOnTableClothInScene-v1|dens_x0.5] ep 95 success=True steps=60 inf=12.0s sim=2.8s total=17.8s
== dens_x0.5: 21/96 success
E:\research\the_world\.venv-windows-ms3\Lib\site-packages\sapien\wrapper\pinocchio_model.py:299: UserWarning: pinnochio package is not installed, robotics functionalities will not be available
  warnings.warn(
[33;1m2026-09-19 04:38:13,501 - mani_skill  - WARNING - Mimic targets dictionary is missing for controller config for widowx250s_bridgedataset_flat_table. Assuming the first joint is the control joint and the second joint is the mimic joint[0m
[33;1m2026-09-19 04:38:13,636 - mani_skill  - WARNING - No initial pose set for actor builder of bridge_spoon_generated_modified, setting to default pose q=[1,0,0,0], p=[0,0,0]. Not setting reasonable initial poses may slow down simulation, see https://github.com/haosulab/ManiSkill/issues/421.[0m
[33;1m2026-09-19 04:38:13,650 - mani_skill  - WARNING - No initial pose set for actor builder of table_cloth_generated_shorter, setting to default pose q=[1,0,0,0], p=[0,0,0]. Not setting reasonable initial poses may slow down simulation, see https://github.com/haosulab/ManiSkill/issues/421.[0m
[octo-small@hist1|PutSpoonOnTableClothInScene-v1|fric_x0.4] ep 24 success=False steps=60 inf=8.2s sim=2.0s total=12.6s
[octo-small@hist1|PutSpoonOnTableClothInScene-v1|fric_x0.4] ep 25 success=False steps=60 inf=8.9s sim=2.5s total=14.0s
[octo-small@hist1|PutSpoonOnTableClothInScene-v1|fric_x0.4] ep 26 success=False steps=60 inf=9.5s sim=2.0s total=14.1s
[octo-small@hist1|PutSpoonOnTableClothInScene-v1|fric_x0.4] ep 27 success=False steps=60 inf=9.5s sim=2.2s total=14.2s
[octo-small@hist1|PutSpoonOnTableClothInScene-v1|fric_x0.4] ep 28 success=False steps=60 inf=8.9s sim=2.1s total=13.5s
[octo-small@hist1|PutSpoonOnTableClothInScene-v1|fric_x0.4] ep 29 success=False steps=60 inf=9.1s sim=2.4s total=13.9s
[octo-small@hist1|PutSpoonOnTableClothInScene-v1|fric_x0.4] ep 30 success=False steps=60 inf=8.8s sim=2.0s total=13.3s
[octo-small@hist1|PutSpoonOnTableClothInScene-v1|fric_x0.4] ep 31 success=False steps=60 inf=9.2s sim=2.3s total=13.9s
[octo-small@hist1|PutSpoonOnTableClothInScene-v1|fric_x0.4] ep 32 success=True steps=60 inf=9.2s sim=2.1s total=13.7s
[octo-small@hist1|PutSpoonOnTableClothInScene-v1|fric_x0.4] ep 33 success=False steps=60 inf=9.4s sim=2.2s total=14.2s
[octo-small@hist1|PutSpoonOnTableClothInScene-v1|fric_x0.4] ep 34 success=False steps=60 inf=9.6s sim=2.3s total=14.5s
[octo-small@hist1|PutSpoonOnTableClothInScene-v1|fric_x0.4] ep 35 success=False steps=60 inf=10.0s sim=2.3s total=14.9s
[octo-small@hist1|PutSpoonOnTableClothInScene-v1|fric_x0.4] ep 36 success=False steps=60 inf=9.4s sim=2.6s total=14.5s
[octo-small@hist1|PutSpoonOnTableClothInScene-v1|fric_x0.4] ep 37 success=False steps=60 inf=10.1s sim=2.5s total=15.2s
[octo-small@hist1|PutSpoonOnTableClothInScene-v1|fric_x0.4] ep 38 success=True steps=60 inf=9.6s sim=3.0s total=15.4s
[octo-small@hist1|PutSpoonOnTableClothInScene-v1|fric_x0.4] ep 39 success=False steps=60 inf=10.1s sim=2.3s total=15.1s
[octo-small@hist1|PutSpoonOnTableClothInScene-v1|fric_x0.4] ep 40 success=True steps=60 inf=10.0s sim=2.4s total=14.9s
[octo-small@hist1|PutSpoonOnTableClothInScene-v1|fric_x0.4] ep 41 success=False steps=60 inf=10.4s sim=2.8s total=15.8s
[octo-small@hist1|PutSpoonOnTableClothInScene-v1|fric_x0.4] ep 42 success=False steps=60 inf=10.1s sim=2.6s total=15.4s
[octo-small@hist1|PutSpoonOnTableClothInScene-v1|fric_x0.4] ep 43 success=False steps=60 inf=9.5s sim=2.3s total=14.3s
[octo-small@hist1|PutSpoonOnTableClothInScene-v1|fric_x0.4] ep 44 success=False steps=60 inf=9.5s sim=2.3s total=14.2s
[octo-small@hist1|PutSpoonOnTableClothInScene-v1|fric_x0.4] ep 45 success=False steps=60 inf=9.6s sim=2.2s total=14.3s
[octo-small@hist1|PutSpoonOnTableClothInScene-v1|fric_x0.4] ep 46 success=False steps=60 inf=9.2s sim=2.1s total=13.7s
[octo-small@hist1|PutSpoonOnTableClothInScene-v1|fric_x0.4] ep 47 success=False steps=60 inf=9.4s sim=2.3s total=14.1s
[octo-small@hist1|PutSpoonOnTableClothInScene-v1|fric_x0.4] ep 48 success=False steps=60 inf=9.2s sim=2.2s total=13.9s
[octo-small@hist1|PutSpoonOnTableClothInScene-v1|fric_x0.4] ep 49 success=False steps=60 inf=9.6s sim=2.4s total=14.4s
[octo-small@hist1|PutSpoonOnTableClothInScene-v1|fric_x0.4] ep 50 success=False steps=60 inf=9.7s sim=2.4s total=14.6s
[octo-small@hist1|PutSpoonOnTableClothInScene-v1|fric_x0.4] ep 51 success=False steps=60 inf=9.0s sim=2.5s total=13.9s
[octo-small@hist1|PutSpoonOnTableClothInScene-v1|fric_x0.4] ep 52 success=False steps=60 inf=9.4s sim=1.9s total=13.9s
[octo-small@hist1|PutSpoonOnTableClothInScene-v1|fric_x0.4] ep 53 success=False steps=60 inf=9.4s sim=2.4s total=14.2s
[octo-small@hist1|PutSpoonOnTableClothInScene-v1|fric_x0.4] ep 54 success=True steps=60 inf=9.8s sim=2.3s total=14.8s
[octo-small@hist1|PutSpoonOnTableClothInScene-v1|fric_x0.4] ep 55 success=False steps=60 inf=10.0s sim=2.3s total=14.7s
[octo-small@hist1|PutSpoonOnTableClothInScene-v1|fric_x0.4] ep 56 success=False steps=60 inf=9.7s sim=2.1s total=14.4s
[octo-small@hist1|PutSpoonOnTableClothInScene-v1|fric_x0.4] ep 57 success=False steps=60 inf=9.2s sim=2.8s total=14.5s
[octo-small@hist1|PutSpoonOnTableClothInScene-v1|fric_x0.4] ep 58 success=False steps=60 inf=9.1s sim=3.0s total=14.7s
[octo-small@hist1|PutSpoonOnTableClothInScene-v1|fric_x0.4] ep 59 success=False steps=60 inf=8.7s sim=2.9s total=14.1s
[octo-small@hist1|PutSpoonOnTableClothInScene-v1|fric_x0.4] ep 60 success=False steps=60 inf=9.2s sim=3.1s total=15.4s
[octo-small@hist1|PutSpoonOnTableClothInScene-v1|fric_x0.4] ep 61 success=False steps=60 inf=9.1s sim=2.8s total=14.6s
[octo-small@hist1|PutSpoonOnTableClothInScene-v1|fric_x0.4] ep 62 success=False steps=60 inf=8.2s sim=2.3s total=12.9s
[octo-small@hist1|PutSpoonOnTableClothInScene-v1|fric_x0.4] ep 63 success=False steps=60 inf=7.0s sim=2.9s total=12.2s
[octo-small@hist1|PutSpoonOnTableClothInScene-v1|fric_x0.4] ep 64 success=False steps=60 inf=8.6s sim=2.9s total=14.0s
[octo-small@hist1|PutSpoonOnTableClothInScene-v1|fric_x0.4] ep 65 success=False steps=60 inf=8.9s sim=2.8s total=14.2s
[octo-small@hist1|PutSpoonOnTableClothInScene-v1|fric_x0.4] ep 66 success=False steps=60 inf=8.9s sim=2.8s total=14.3s
[octo-small@hist1|PutSpoonOnTableClothInScene-v1|fric_x0.4] ep 67 success=True steps=60 inf=8.7s sim=2.9s total=14.2s
[octo-small@hist1|PutSpoonOnTableClothInScene-v1|fric_x0.4] ep 68 success=False steps=60 inf=8.9s sim=2.5s total=13.9s
[octo-small@hist1|PutSpoonOnTableClothInScene-v1|fric_x0.4] ep 69 success=False steps=60 inf=9.1s sim=2.7s total=14.2s
[octo-small@hist1|PutSpoonOnTableClothInScene-v1|fric_x0.4] ep 70 success=False steps=60 inf=8.5s sim=2.8s total=13.8s
[octo-small@hist1|PutSpoonOnTableClothInScene-v1|fric_x0.4] ep 71 success=False steps=60 inf=8.6s sim=2.8s total=13.9s
[octo-small@hist1|PutSpoonOnTableClothInScene-v1|fric_x0.4] ep 72 success=False steps=60 inf=8.7s sim=2.7s total=14.1s
[octo-small@hist1|PutSpoonOnTableClothInScene-v1|fric_x0.4] ep 73 success=True steps=60 inf=8.7s sim=3.3s total=14.7s
[octo-small@hist1|PutSpoonOnTableClothInScene-v1|fric_x0.4] ep 74 success=True steps=60 inf=9.2s sim=2.1s total=13.8s
[octo-small@hist1|PutSpoonOnTableClothInScene-v1|fric_x0.4] ep 75 success=False steps=60 inf=9.1s sim=2.6s total=14.1s
[octo-small@hist1|PutSpoonOnTableClothInScene-v1|fric_x0.4] ep 76 success=False steps=60 inf=8.8s sim=2.1s total=13.2s
[octo-small@hist1|PutSpoonOnTableClothInScene-v1|fric_x0.4] ep 77 success=False steps=60 inf=7.4s sim=2.0s total=11.6s
[octo-small@hist1|PutSpoonOnTableClothInScene-v1|fric_x0.4] ep 78 success=True steps=60 inf=7.8s sim=2.2s total=12.4s
[octo-small@hist1|PutSpoonOnTableClothInScene-v1|fric_x0.4] ep 79 success=False steps=60 inf=8.7s sim=2.2s total=13.3s
[octo-small@hist1|PutSpoonOnTableClothInScene-v1|fric_x0.4] ep 80 success=False steps=60 inf=9.1s sim=2.0s total=13.7s
[octo-small@hist1|PutSpoonOnTableClothInScene-v1|fric_x0.4] ep 81 success=False steps=60 inf=9.6s sim=2.2s total=14.4s
[octo-small@hist1|PutSpoonOnTableClothInScene-v1|fric_x0.4] ep 82 success=True steps=60 inf=9.0s sim=2.2s total=13.5s
[octo-small@hist1|PutSpoonOnTableClothInScene-v1|fric_x0.4] ep 83 success=False steps=60 inf=9.3s sim=2.2s total=14.0s
[octo-small@hist1|PutSpoonOnTableClothInScene-v1|fric_x0.4] ep 84 success=False steps=60 inf=9.0s sim=2.4s total=13.8s
[octo-small@hist1|PutSpoonOnTableClothInScene-v1|fric_x0.4] ep 85 success=False steps=60 inf=9.0s sim=2.4s total=13.9s
[octo-small@hist1|PutSpoonOnTableClothInScene-v1|fric_x0.4] ep 86 success=False steps=60 inf=9.1s sim=2.4s total=13.8s
[octo-small@hist1|PutSpoonOnTableClothInScene-v1|fric_x0.4] ep 87 success=False steps=60 inf=8.9s sim=2.3s total=13.7s
[octo-small@hist1|PutSpoonOnTableClothInScene-v1|fric_x0.4] ep 88 success=False steps=60 inf=8.8s sim=2.3s total=13.5s
[octo-small@hist1|PutSpoonOnTableClothInScene-v1|fric_x0.4] ep 89 success=False steps=60 inf=8.6s sim=2.4s total=13.5s
[octo-small@hist1|PutSpoonOnTableClothInScene-v1|fric_x0.4] ep 90 success=False steps=60 inf=9.2s sim=2.3s total=14.0s
[octo-small@hist1|PutSpoonOnTableClothInScene-v1|fric_x0.4] ep 91 success=False steps=60 inf=9.3s sim=2.3s total=14.1s
[octo-small@hist1|PutSpoonOnTableClothInScene-v1|fric_x0.4] ep 92 success=False steps=60 inf=8.7s sim=2.9s total=14.1s
[octo-small@hist1|PutSpoonOnTableClothInScene-v1|fric_x0.4] ep 93 success=False steps=60 inf=8.9s sim=1.9s total=13.3s
[octo-small@hist1|PutSpoonOnTableClothInScene-v1|fric_x0.4] ep 94 success=True steps=60 inf=9.0s sim=2.1s total=13.6s
[octo-small@hist1|PutSpoonOnTableClothInScene-v1|fric_x0.4] ep 95 success=False steps=60 inf=8.7s sim=2.2s total=13.3s
== fric_x0.4: 19/96 success
