E:\research\the_world\.venv-windows-ms3\Lib\site-packages\sapien\wrapper\pinocchio_model.py:299: UserWarning: pinnochio package is not installed, robotics functionalities will not be available
  warnings.warn(
[33;1m2026-09-19 03:30:56,652 - mani_skill  - WARNING - Mimic targets dictionary is missing for controller config for widowx250s_bridgedataset_flat_table. Assuming the first joint is the control joint and the second joint is the mimic joint[0m
[33;1m2026-09-19 03:30:56,854 - mani_skill  - WARNING - No initial pose set for actor builder of bridge_spoon_generated_modified, setting to default pose q=[1,0,0,0], p=[0,0,0]. Not setting reasonable initial poses may slow down simulation, see https://github.com/haosulab/ManiSkill/issues/421.[0m
[33;1m2026-09-19 03:30:56,873 - mani_skill  - WARNING - No initial pose set for actor builder of table_cloth_generated_shorter, setting to default pose q=[1,0,0,0], p=[0,0,0]. Not setting reasonable initial poses may slow down simulation, see https://github.com/haosulab/ManiSkill/issues/421.[0m
[octo-small|PutSpoonOnTableClothInScene-v1|nominal] ep 48 success=False steps=60 inf=10.7s sim=3.5s total=22.4s
[octo-small|PutSpoonOnTableClothInScene-v1|nominal] ep 49 success=False steps=60 inf=11.0s sim=3.0s total=22.8s
[octo-small|PutSpoonOnTableClothInScene-v1|nominal] ep 50 success=False steps=60 inf=10.5s sim=4.8s total=22.9s
[octo-small|PutSpoonOnTableClothInScene-v1|nominal] ep 51 success=False steps=60 inf=10.6s sim=4.6s total=23.4s
[octo-small|PutSpoonOnTableClothInScene-v1|nominal] ep 52 success=False steps=60 inf=10.1s sim=4.5s total=22.8s
[octo-small|PutSpoonOnTableClothInScene-v1|nominal] ep 53 success=False steps=60 inf=9.3s sim=3.1s total=21.4s
E:\research\the_world\.venv-windows-ms3\Lib\site-packages\sapien\wrapper\pinocchio_model.py:299: UserWarning: pi[octo-small|PutSpoonOnTableClothInScene-v1|nominal] ep 55 success=False steps=60 inf=9.7s sim=3.3s total=22.2s
[octo-small|PutSpoonOnTableClothInScene-v1|nominal] ep 56 success=False steps=60 inf=10.8s sim=4.0s total=23.4s
[octo-small|PutSpoonOnTableClothInScene-v1|nominal] ep 57 success=False steps=60 inf=9.6s sim=3.0s total=22.4s
[octo-small|PutSpoonOnTableClothInScene-v1|nominal] ep 58 success=False steps=60 inf=10.4s sim=2.8s total=22.1s
[octo-small|PutSpoonOnTableClothInScene-v1|nominal] ep 59 success=False steps=60 inf=10.5s sim=2.9s total=22.5s
[octo-small|PutSpoonOnTableClothInScene-v1|nominal] ep 60 success=False steps=60 inf=10.3s sim=2.8s total=22.4s
[octo-small|PutSpoonOnTableClothInScene-v1|nominal] ep 61 success=False steps=60 inf=10.9s sim=2.6s total=22.5s
[octo-small|PutSpoonOnTableClothInScene-v1|nominal] ep 62 success=False steps=60 inf=10.7s sim=2.9s total=23.4s
[octo-small|PutSpoonOnTableClothInScene-v1|nominal] ep 63 success=False steps=60 inf=10.3s sim=2.9s total=21.7s
[octo-small|PutSpoonOnTableClothInScene-v1|nominal] ep 64 success=False steps=60 inf=10.7s sim=2.8s total=22.8s
[octo-small|PutSpoonOnTableClothInScene-v1|nominal] ep 65 success=False steps=60 inf=11.2s sim=2.7s total=21.9s
[octo-small|PutSpoonOnTableClothInScene-v1|nominal] ep 66 success=False steps=60 inf=10.3s sim=3.7s total=22.1s
[octo-small|PutSpoonOnTableClothInScene-v1|nominal] ep 67 success=False steps=60 inf=10.2s sim=4.2s total=22.1s
[octo-small|PutSpoonOnTableClothInScene-v1|nominal] ep 68 success=False steps=60 inf=10.8s sim=3.4s total=22.3s
[octo-small|PutSpoonOnTableClothInScene-v1|nominal] ep 69 success=False steps=60 inf=10.5s sim=5.2s total=22.6s
[octo-small|PutSpoonOnTableClothInScene-v1|nominal] ep 70 success=False steps=60 inf=11.1s sim=3.5s total=22.5s
[octo-small|PutSpoonOnTableClothInScene-v1|nominal] ep 71 success=False steps=60 inf=12.0s sim=3.7s total=22.6s
[octo-small|PutSpoonOnTableClothInScene-v1|nominal] ep 72 success=False steps=60 inf=11.2s sim=4.5s total=23.4s
[octo-small|PutSpoonOnTableClothInScene-v1|nominal] ep 73 success=False steps=60 inf=10.2s sim=4.3s total=22.7s
[octo-small|PutSpoonOnTableClothInScene-v1|nominal] ep 74 success=False steps=60 inf=10.5s sim=5.0s total=23.0s
[octo-small|PutSpoonOnTableClothInScene-v1|nominal] ep 75 success=False steps=60 inf=8.6s sim=4.1s total=20.9s
[octo-small|PutSpoonOnTableClothInScene-v1|nominal] ep 76 success=False steps=60 inf=9.0s sim=4.0s total=21.4s
[octo-small|PutSpoonOnTableClothInScene-v1|nominal] ep 77 success=False steps=60 inf=11.5s sim=4.0s total=22.7s
[octo-small|PutSpoonOnTableClothInScene-v1|nominal] ep 78 success=False steps=60 inf=11.0s sim=4.5s total=22.7s
[octo-small|PutSpoonOnTableClothInScene-v1|nominal] ep 79 success=False steps=60 inf=10.8s sim=3.8s total=22.5s
[octo-small|PutSpoonOnTableClothInScene-v1|nominal] ep 80 success=False steps=60 inf=9.7s sim=4.4s total=22.6s
[octo-small|PutSpoonOnTableClothInScene-v1|nominal] ep 81 success=False steps=60 inf=10.9s sim=3.9s total=22.6s
[octo-small|PutSpoonOnTableClothInScene-v1|nominal] ep 82 success=False steps=60 inf=10.4s sim=4.2s total=21.8s
[octo-small|PutSpoonOnTableClothInScene-v1|nominal] ep 83 success=False steps=60 inf=9.7s sim=4.2s total=23.4s
[octo-small|PutSpoonOnTableClothInScene-v1|nominal] ep 84 success=False steps=60 inf=10.9s sim=3.6s total=22.3s
[octo-small|PutSpoonOnTableClothInScene-v1|nominal] ep 85 success=False steps=60 inf=11.9s sim=3.5s total=23.1s
[octo-small|PutSpoonOnTableClothInScene-v1|nominal] ep 86 success=False steps=60 inf=11.2s sim=2.8s total=22.3s
[octo-small|PutSpoonOnTableClothInScene-v1|nominal] ep 87 success=False steps=60 inf=10.8s sim=2.6s total=22.7s
[octo-small|PutSpoonOnTableClothInScene-v1|nominal] ep 88 success=False steps=60 inf=10.9s sim=2.7s total=21.5s
[octo-small|PutSpoonOnTableClothInScene-v1|nominal] ep 89 success=False steps=60 inf=10.2s sim=2.8s total=22.6s
[octo-small|PutSpoonOnTableClothInScene-v1|nominal] ep 90 success=False steps=60 inf=10.4s sim=2.8s total=22.2s
[octo-small|PutSpoonOnTableClothInScene-v1|nominal] ep 91 success=False steps=60 inf=10.1s sim=2.7s total=22.8s
[octo-small|PutSpoonOnTableClothInScene-v1|nominal] ep 92 success=False steps=60 inf=10.2s sim=2.4s total=21.9s
[octo-small|PutSpoonOnTableClothInScene-v1|nominal] ep 93 success=False steps=60 inf=9.3s sim=3.1s total=22.6s
[octo-small|PutSpoonOnTableClothInScene-v1|nominal] ep 94 success=False steps=60 inf=10.6s sim=2.9s total=22.9s
[octo-small|PutSpoonOnTableClothInScene-v1|nominal] ep 95 success=False steps=60 inf=10.1s sim=2.5s total=22.1s
== nominal: 18/96 success
ene-v1|iso_x0.25] ep 80 success=False steps=60 inf=12.3s sim=3.6s total=19.2s
[octo-small|PutSpoonOnTableClothInScene-v1|iso_x0.25] ep 81 success=False steps=60 inf=12.1s sim=4.1s total=19.3s
[octo-small|PutSpoonOnTableClothInScene-v1|iso_x0.25] ep 82 success=False steps=60 inf=12.6s sim=3.8s total=19.6s
[octo-small|PutSpoonOnTableClothInScene-v1|iso_x0.25] ep 83 success=True steps=60 inf=12.7s sim=4.2s total=20.1s
[octo-small|PutSpoonOnTableClothInScene-v1|iso_x0.25] ep 84 success=False steps=60 inf=12.3s sim=3.6s total=19.0s
[octo-small|PutSpoonOnTableClothInScene-v1|iso_x0.25] ep 85 success=False steps=60 inf=12.5s sim=3.0s total=18.8s
[octo-small|PutSpoonOnTableClothInScene-v1|iso_x0.25] ep 86 success=True steps=60 inf=12.0s sim=2.8s total=17.8s
[octo-small|PutSpoonOnTableClothInScene-v1|iso_x0.25] ep 87 success=False steps=60 inf=12.0s sim=3.0s total=18.0s
[octo-small|PutSpoonOnTableClothInScene-v1|iso_x0.25] ep 88 success=False steps=60 inf=12.5s sim=2.7s total=18.2s
[octo-small|PutSpoonOnTableClothInScene-v1|iso_x0.25] ep 89 success=False steps=60 inf=12.2s sim=2.7s total=18.0s
[octo-small|PutSpoonOnTableClothInScene-v1|iso_x0.25] ep 90 success=True steps=60 inf=12.7s sim=2.7s total=18.5s
[octo-small|PutSpoonOnTableClothInScene-v1|iso_x0.25] ep 91 success=False steps=60 inf=11.9s sim=2.8s total=17.5s
[octo-small|PutSpoonOnTableClothInScene-v1|iso_x0.25] ep 92 success=False steps=60 inf=12.5s sim=2.8s total=18.2s
[octo-small|PutSpoonOnTableClothInScene-v1|iso_x0.25] ep 93 success=False steps=60 inf=12.2s sim=2.7s total=18.0s
[octo-small|PutSpoonOnTableClothInScene-v1|iso_x0.25] ep 94 success=True steps=60 inf=12.4s sim=2.8s total=18.2s
[octo-small|PutSpoonOnTableClothInScene-v1|iso_x0.25] ep 95 success=True steps=60 inf=12.3s sim=2.8s total=17.9s
== iso_x0.25: 27/96 success
E:\research\the_world\.venv-windows-ms3\Lib\site-packages\sapien\wrapper\pinocchio_model.py:299: UserWarning: pinnochio package is not installed, robotics functionalities will not be available
  warnings.warn(
[33;1m2026-09-19 03:49:00,908 - mani_skill  - WARNING - Mimic targets dictionary is missing for controller config for widowx250s_bridgedataset_flat_table. Assuming the first joint is the control joint and the second joint is the mimic joint[0m
[33;1m2026-09-19 03:49:01,052 - mani_skill  - WARNING - No initial pose set for actor builder of bridge_spoon_generated_modified, setting to default pose q=[1,0,0,0], p=[0,0,0]. Not setting reasonable initial poses may slow down simulation, see https://github.com/haosulab/ManiSkill/issues/421.[0m
[33;1m2026-09-19 03:49:01,071 - mani_skill  - WARNING - No initial pose set for actor builder of table_cloth_generated_shorter, setting to default pose q=[1,0,0,0], p=[0,0,0]. Not setting reasonable initial poses may slow down simulation, see https://github.com/haosulab/ManiSkill/issues/421.[0m
[octo-small|PutSpoonOnTableClothInScene-v1|iso_x4.0] ep 48 success=True steps=60 inf=11.5s sim=2.7s total=17.1s
[octo-small|PutSpoonOnTableClothInScene-v1|iso_x4.0] ep 49 success=False steps=60 inf=12.4s sim=2.9s total=18.3s
[octo-small|PutSpoonOnTableClothInScene-v1|iso_x4.0] ep 50 success=True steps=60 inf=12.8s sim=2.8s total=18.6s
[octo-small|PutSpoonOnTableClothInScene-v1|iso_x4.0] ep 51 success=True steps=60 inf=12.6s sim=3.7s total=19.3s
[octo-small|PutSpoonOnTableClothInScene-v1|iso_x4.0] ep 52 success=True steps=60 inf=12.7s sim=4.0s total=20.1s
[octo-small|PutSpoonOnTableClothInScene-v1|iso_x4.0] ep 53 success=False steps=60 inf=13.3s sim=4.1s total=21.4s
[octo-small|PutSpoonOnTableClothInScene-v1|iso_x4.0] ep 54 success=False steps=60 inf=12.2s sim=3.7s total=19.5s
[octo-small|PutSpoonOnTableClothInScene-v1|iso_x4.0] ep 55 success=False steps=60 inf=12.0s sim=2.7s total=17.5s
[octo-small|PutSpoonOnTableClothInScene-v1|iso_x4.0] ep 56 success=False steps=60 inf=12.2s sim=2.3s total=17.5s
[octo-small|PutSpoonOnTableClothInScene-v1|iso_x4.0] ep 57 success=False steps=60 inf=11.9s sim=2.6s total=17.0s
[octo-small|PutSpoonOnTableClothInScene-v1|iso_x4.0] ep 58 success=False steps=60 inf=13.0s sim=3.2s total=19.1s
[octo-small|PutSpoonOnTableClothInScene-v1|iso_x4.0] ep 59 success=False steps=60 inf=13.1s sim=4.2s total=20.3s
[octo-small|PutSpoonOnTableClothInScene-v1|iso_x4.0] ep 60 success=True steps=60 inf=13.2s sim=4.1s total=20.5s
[octo-small|PutSpoonOnTableClothInScene-v1|iso_x4.0] ep 61 success=False steps=60 inf=12.9s sim=3.4s total=19.4s
[octo-small|PutSpoonOnTableClothInScene-v1|iso_x4.0] ep 62 success=False steps=60 inf=12.5s sim=3.2s total=18.7s
[octo-small|PutSpoonOnTableClothInScene-v1|iso_x4.0] ep 63 success=False steps=60 inf=11.0s sim=2.2s total=15.6s
[octo-small|PutSpoonOnTableClothInScene-v1|iso_x4.0] ep 64 success=True steps=60 inf=12.1s sim=2.7s total=17.7s
[octo-small|PutSpoonOnTableClothInScene-v1|iso_x4.0] ep 65 success=False steps=60 inf=12.5s sim=2.9s total=18.2s
[octo-small|PutSpoonOnTableClothInScene-v1|iso_x4.0] ep 66 success=False steps=60 inf=12.9s sim=3.0s total=19.0s
[octo-small|PutSpoonOnTableClothInScene-v1|iso_x4.0] ep 67 success=True steps=60 inf=13.2s sim=3.3s total=19.8s
[octo-small|PutSpoonOnTableClothInScene-v1|iso_x4.0] ep 68 success=False steps=60 inf=13.5s sim=3.0s total=19.8s
[octo-small|PutSpoonOnTableClothInScene-v1|iso_x4.0] ep 69 success=False steps=60 inf=13.3s sim=2.9s total=19.4s
[octo-small|PutSpoonOnTableClothInScene-v1|iso_x4.0] ep 70 success=False steps=60 inf=12.9s sim=3.9s total=19.9s
[octo-small|PutSpoonOnTableClothInScene-v1|iso_x4.0] ep 71 success=False steps=60 inf=12.4s sim=3.6s total=19.3s
[octo-small|PutSpoonOnTableClothInScene-v1|iso_x4.0] ep 72 success=True steps=60 inf=12.4s sim=3.8s total=19.5s
[octo-small|PutSpoonOnTableClothInScene-v1|iso_x4.0] ep 73 success=False steps=60 inf=11.3s sim=3.1s total=17.1s
[octo-small|PutSpoonOnTableClothInScene-v1|iso_x4.0] ep 74 success=True steps=60 inf=10.5s sim=2.8s total=16.0s
[octo-small|PutSpoonOnTableClothInScene-v1|iso_x4.0] ep 75 success=False steps=60 inf=10.7s sim=3.0s total=16.3s
[octo-small|PutSpoonOnTableClothInScene-v1|iso_x4.0] ep 76 success=True steps=60 inf=10.9s sim=3.6s total=17.1s
[octo-small|PutSpoonOnTableClothInScene-v1|iso_x4.0] ep 77 success=False steps=60 inf=12.6s sim=3.4s total=19.0s
[octo-small|PutSpoonOnTableClothInScene-v1|iso_x4.0] ep 78 success=True steps=60 inf=13.6s sim=3.6s total=20.6s
[octo-small|PutSpoonOnTableClothInScene-v1|iso_x4.0] ep 79 success=False steps=60 inf=13.3s sim=3.5s total=20.1s
[octo-small|PutSpoonOnTableClothInScene-v1|iso_x4.0] ep 80 success=False steps=60 inf=13.3s sim=3.5s total=20.3s
[octo-small|PutSpoonOnTableClothInScene-v1|iso_x4.0] ep 81 success=False steps=60 inf=13.0s sim=3.4s total=19.8s
[octo-small|PutSpoonOnTableClothInScene-v1|iso_x4.0] ep 82 success=False steps=60 inf=12.5s sim=3.0s total=18.7s
[octo-small|PutSpoonOnTableClothInScene-v1|iso_x4.0] ep 83 success=True steps=60 inf=12.6s sim=3.3s total=19.2s
[octo-small|PutSpoonOnTableClothInScene-v1|iso_x4.0] ep 84 success=False steps=60 inf=11.1s sim=3.1s total=17.1s
[octo-small|PutSpoonOnTableClothInScene-v1|iso_x4.0] ep 85 success=False steps=60 inf=10.8s sim=2.3s total=16.0s
[octo-small|PutSpoonOnTableClothInScene-v1|iso_x4.0] ep 86 success=False steps=60 inf=10.6s sim=2.8s total=16.3s
[octo-small|PutSpoonOnTableClothInScene-v1|iso_x4.0] ep 87 success=False steps=60 inf=11.3s sim=2.9s total=17.1s
[octo-small|PutSpoonOnTableClothInScene-v1|iso_x4.0] ep 88 success=True steps=60 inf=11.4s sim=2.9s total=17.5s
[octo-small|PutSpoonOnTableClothInScene-v1|iso_x4.0] ep 89 success=False steps=60 inf=11.1s sim=2.6s total=16.7s
[octo-small|PutSpoonOnTableClothInScene-v1|iso_x4.0] ep 90 success=False steps=60 inf=10.6s sim=3.3s total=16.9s
[octo-small|PutSpoonOnTableClothInScene-v1|iso_x4.0] ep 91 success=False steps=60 inf=11.4s sim=3.1s total=18.0s
[octo-small|PutSpoonOnTableClothInScene-v1|iso_x4.0] ep 92 success=True steps=60 inf=12.6s sim=3.9s total=20.0s
[octo-small|PutSpoonOnTableClothInScene-v1|iso_x4.0] ep 93 success=False steps=60 inf=12.8s sim=3.8s total=20.0s
[octo-small|PutSpoonOnTableClothInScene-v1|iso_x4.0] ep 94 success=True steps=60 inf=12.9s sim=4.0s total=20.5s
[octo-small|PutSpoonOnTableClothInScene-v1|iso_x4.0] ep 95 success=True steps=60 inf=13.3s sim=4.0s total=20.7s
== iso_x4.0: 34/96 success
Scene-v1|force_x0.5] ep 86 success=False steps=60 inf=10.9s sim=3.6s total=20.0s
[octo-small|PutSpoonOnTableClothInScene-v1|force_x0.5] ep 87 success=False steps=60 inf=11.7s sim=3.8s total=24.8s
[octo-small|PutSpoonOnTableClothInScene-v1|force_x0.5] ep 88 success=False steps=60 inf=12.4s sim=3.9s total=24.5s
[octo-small|PutSpoonOnTableClothInScene-v1|force_x0.5] ep 89 success=False steps=60 inf=11.7s sim=4.2s total=25.0s
[octo-small|PutSpoonOnTableClothInScene-v1|force_x0.5] ep 90 success=False steps=60 inf=9.8s sim=3.4s total=21.5s
[octo-small|PutSpoonOnTableClothInScene-v1|force_x0.5] ep 91 success=False steps=60 inf=9.3s sim=3.2s total=22.0s
[octo-small|PutSpoonOnTableClothInScene-v1|force_x0.5] ep 92 success=False steps=60 inf=11.8s sim=2.6s total=23.3s
[octo-small|PutSpoonOnTableClothInScene-v1|force_x0.5] ep 93 success=False steps=60 inf=10.8s sim=3.4s total=23.8s
[octo-small|PutSpoonOnTableClothInScene-v1|force_x0.5] ep 94 success=False steps=60 inf=11.0s sim=3.2s total=22.6s
[octo-small|PutSpoonOnTableClothInScene-v1|force_x0.5] ep 95 success=False steps=60 inf=10.3s sim=3.9s total=22.4s
== force_x0.5: 23/96 success
E:\research\the_world\.venv-windows-ms3\Lib\site-packages\sapien\wrapper\pinocchio_model.py:299: UserWarning: pinnochio package is not installed, robotics functionalities will not be available
  warnings.warn(
[33;1m2026-09-19 04:38:13,496 - mani_skill  - WARNING - Mimic targets dictionary is missing for controller config for widowx250s_bridgedataset_flat_table. Assuming the first joint is the control joint and the second joint is the mimic joint[0m
[33;1m2026-09-19 04:38:13,633 - mani_skill  - WARNING - No initial pose set for actor builder of bridge_spoon_generated_modified, setting to default pose q=[1,0,0,0], p=[0,0,0]. Not setting reasonable initial poses may slow down simulation, see https://github.com/haosulab/ManiSkill/issues/421.[0m
[33;1m2026-09-19 04:38:13,648 - mani_skill  - WARNING - No initial pose set for actor builder of table_cloth_generated_shorter, setting to default pose q=[1,0,0,0], p=[0,0,0]. Not setting reasonable initial poses may slow down simulation, see https://github.com/haosulab/ManiSkill/issues/421.[0m
[octo-small|PutSpoonOnTableClothInScene-v1|nominal] ep 48 success=True steps=60 inf=9.6s sim=2.0s total=14.1s
[octo-small|PutSpoonOnTableClothInScene-v1|nominal] ep 49 success=False steps=60 inf=10.5s sim=2.3s total=15.7s
[octo-small|PutSpoonOnTableClothInScene-v1|nominal] ep 50 success=True steps=60 inf=11.0s sim=2.2s total=15.9s
[octo-small|PutSpoonOnTableClothInScene-v1|nominal] ep 51 success=False steps=60 inf=10.9s sim=2.4s total=15.9s
[octo-small|PutSpoonOnTableClothInScene-v1|nominal] ep 52 success=True steps=60 inf=10.3s sim=2.2s total=15.1s
[octo-small|PutSpoonOnTableClothInScene-v1|nominal] ep 53 success=False steps=60 inf=10.1s sim=2.2s total=14.8s
[octo-small|PutSpoonOnTableClothInScene-v1|nominal] ep 54 success=False steps=60 inf=10.1s sim=2.0s total=14.7s
[octo-small|PutSpoonOnTableClothInScene-v1|nominal] ep 55 success=False steps=60 inf=10.6s sim=2.2s total=15.5s
[octo-small|PutSpoonOnTableClothInScene-v1|nominal] ep 56 success=False steps=60 inf=11.0s sim=2.0s total=15.6s
[octo-small|PutSpoonOnTableClothInScene-v1|nominal] ep 57 success=False steps=60 inf=11.2s sim=2.4s total=16.5s
[octo-small|PutSpoonOnTableClothInScene-v1|nominal] ep 58 success=False steps=60 inf=11.0s sim=2.2s total=15.9s
[octo-small|PutSpoonOnTableClothInScene-v1|nominal] ep 59 success=False steps=60 inf=10.9s sim=2.6s total=16.2s
[octo-small|PutSpoonOnTableClothInScene-v1|nominal] ep 60 success=False steps=60 inf=11.9s sim=2.9s total=17.6s
[octo-small|PutSpoonOnTableClothInScene-v1|nominal] ep 61 success=False steps=60 inf=11.2s sim=3.2s total=17.1s
[octo-small|PutSpoonOnTableClothInScene-v1|nominal] ep 62 success=False steps=60 inf=11.5s sim=2.3s total=16.6s
[octo-small|PutSpoonOnTableClothInScene-v1|nominal] ep 63 success=False steps=60 inf=10.8s sim=2.5s total=16.1s
[octo-small|PutSpoonOnTableClothInScene-v1|nominal] ep 64 success=True steps=60 inf=11.7s sim=2.6s total=17.2s
[octo-small|PutSpoonOnTableClothInScene-v1|nominal] ep 65 success=False steps=60 inf=10.9s sim=2.3s total=15.8s
[octo-small|PutSpoonOnTableClothInScene-v1|nominal] ep 66 success=False steps=60 inf=11.1s sim=2.2s total=15.9s
[octo-small|PutSpoonOnTableClothInScene-v1|nominal] ep 67 success=True steps=60 inf=11.5s sim=2.4s total=16.7s
[octo-small|PutSpoonOnTableClothInScene-v1|nominal] ep 68 success=False steps=60 inf=10.3s sim=2.5s total=15.7s
[octo-small|PutSpoonOnTableClothInScene-v1|nominal] ep 69 success=True steps=60 inf=10.5s sim=2.4s total=15.5s
[octo-small|PutSpoonOnTableClothInScene-v1|nominal] ep 70 success=False steps=60 inf=10.8s sim=2.3s total=15.7s
[octo-small|PutSpoonOnTableClothInScene-v1|nominal] ep 71 success=True steps=60 inf=10.5s sim=2.2s total=15.3s
[octo-small|PutSpoonOnTableClothInScene-v1|nominal] ep 72 success=True steps=60 inf=10.5s sim=2.0s total=15.1s
[octo-small|PutSpoonOnTableClothInScene-v1|nominal] ep 73 success=False steps=60 inf=11.1s sim=2.1s total=15.8s
[octo-small|PutSpoonOnTableClothInScene-v1|nominal] ep 74 success=True steps=60 inf=10.8s sim=2.1s total=15.5s
[octo-small|PutSpoonOnTableClothInScene-v1|nominal] ep 75 success=False steps=60 inf=10.9s sim=2.5s total=16.2s
[octo-small|PutSpoonOnTableClothInScene-v1|nominal] ep 76 success=True steps=60 inf=11.3s sim=2.3s total=16.4s
[octo-small|PutSpoonOnTableClothInScene-v1|nominal] ep 77 success=False steps=60 inf=11.4s sim=2.2s total=16.2s
[octo-small|PutSpoonOnTableClothInScene-v1|nominal] ep 78 success=False steps=60 inf=10.3s sim=2.7s total=15.8s
[octo-small|PutSpoonOnTableClothInScene-v1|nominal] ep 79 success=False steps=60 inf=10.1s sim=3.1s total=15.9s
[octo-small|PutSpoonOnTableClothInScene-v1|nominal] ep 80 success=False steps=60 inf=9.9s sim=2.9s total=15.6s
[octo-small|PutSpoonOnTableClothInScene-v1|nominal] ep 81 success=False steps=60 inf=10.0s sim=2.7s total=15.4s
[octo-small|PutSpoonOnTableClothInScene-v1|nominal] ep 82 success=False steps=60 inf=10.2s sim=2.4s total=15.2s
[octo-small|PutSpoonOnTableClothInScene-v1|nominal] ep 83 success=False steps=60 inf=8.2s sim=3.0s total=13.6s
[octo-small|PutSpoonOnTableClothInScene-v1|nominal] ep 84 success=False steps=60 inf=9.4s sim=2.9s total=14.8s
[octo-small|PutSpoonOnTableClothInScene-v1|nominal] ep 85 success=False steps=60 inf=10.2s sim=2.8s total=15.7s
[octo-small|PutSpoonOnTableClothInScene-v1|nominal] ep 86 success=False steps=60 inf=9.8s sim=2.5s total=15.0s
[octo-small|PutSpoonOnTableClothInScene-v1|nominal] ep 87 success=False steps=60 inf=9.9s sim=2.7s total=15.3s
[octo-small|PutSpoonOnTableClothInScene-v1|nominal] ep 88 success=False steps=60 inf=10.3s sim=2.4s total=15.2s
[octo-small|PutSpoonOnTableClothInScene-v1|nominal] ep 89 success=False steps=60 inf=10.6s sim=2.7s total=16.1s
[octo-small|PutSpoonOnTableClothInScene-v1|nominal] ep 90 success=False steps=60 inf=9.4s sim=2.8s total=14.8s
[octo-small|PutSpoonOnTableClothInScene-v1|nominal] ep 91 success=False steps=60 inf=9.5s sim=2.9s total=15.0s
[octo-small|PutSpoonOnTableClothInScene-v1|nominal] ep 92 success=False steps=60 inf=10.5s sim=2.3s total=15.5s
[octo-small|PutSpoonOnTableClothInScene-v1|nominal] ep 93 success=False steps=60 inf=9.7s sim=2.4s total=14.5s
[octo-small|PutSpoonOnTableClothInScene-v1|nominal] ep 94 success=True steps=60 inf=10.1s sim=2.3s total=14.9s
[octo-small|PutSpoonOnTableClothInScene-v1|nominal] ep 95 success=True steps=60 inf=10.6s sim=2.1s total=15.3s
== nominal: 30/96 success
E:\research\the_world\.venv-windows-ms3\Lib\site-packages\sapien\wrapper\pinocchio_model.py:299: UserWarning: pinnochio package is not installed, robotics functionalities will not be available
  warnings.warn(
[33;1m2026-09-19 04:51:16,421 - mani_skill  - WARNING - Mimic targets dictionary is missing for controller config for widowx250s_bridgedataset_flat_table. Assuming the first joint is the control joint and the second joint is the mimic joint[0m
[33;1m2026-09-19 04:51:16,561 - mani_skill  - WARNING - No initial pose set for actor builder of bridge_spoon_generated_modified, setting to default pose q=[1,0,0,0], p=[0,0,0]. Not setting reasonable initial poses may slow down simulation, see https://github.com/haosulab/ManiSkill/issues/421.[0m
[33;1m2026-09-19 04:51:16,587 - mani_skill  - WARNING - No initial pose set for actor builder of table_cloth_generated_shorter, setting to default pose q=[1,0,0,0], p=[0,0,0]. Not setting reasonable initial poses may slow down simulation, see https://github.com/haosulab/ManiSkill/issues/421.[0m
[octo-small|PutSpoonOnTableClothInScene-v1|force_x0.5] ep 48 success=True steps=60 inf=10.3s sim=2.3s total=15.2s
[octo-small|PutSpoonOnTableClothInScene-v1|force_x0.5] ep 49 success=False steps=60 inf=10.1s sim=2.3s total=14.8s
[octo-small|PutSpoonOnTableClothInScene-v1|force_x0.5] ep 50 success=True steps=60 inf=10.5s sim=2.1s total=15.0s
[octo-small|PutSpoonOnTableClothInScene-v1|force_x0.5] ep 51 success=False steps=60 inf=10.8s sim=2.3s total=15.7s
[octo-small|PutSpoonOnTableClothInScene-v1|force_x0.5] ep 52 success=True steps=60 inf=10.4s sim=2.3s total=15.1s
[octo-small|PutSpoonOnTableClothInScene-v1|force_x0.5] ep 53 success=False steps=60 inf=10.3s sim=2.3s total=15.1s
[octo-small|PutSpoonOnTableClothInScene-v1|force_x0.5] ep 54 success=False steps=60 inf=10.4s sim=1.9s total=14.9s
[octo-small|PutSpoonOnTableClothInScene-v1|force_x0.5] ep 55 success=False steps=60 inf=10.4s sim=2.1s total=15.1s
[octo-small|PutSpoonOnTableClothInScene-v1|force_x0.5] ep 56 success=False steps=60 inf=9.9s sim=2.0s total=14.6s
[octo-small|PutSpoonOnTableClothInScene-v1|force_x0.5] ep 57 success=False steps=60 inf=10.4s sim=2.3s total=15.2s
[octo-small|PutSpoonOnTableClothInScene-v1|force_x0.5] ep 58 success=False steps=60 inf=10.2s sim=2.0s total=15.0s
[octo-small|PutSpoonOnTableClothInScene-v1|force_x0.5] ep 59 success=False steps=60 inf=10.4s sim=2.7s total=15.7s
[octo-small|PutSpoonOnTableClothInScene-v1|force_x0.5] ep 60 success=False steps=60 inf=10.7s sim=2.9s total=16.2s
[octo-small|PutSpoonOnTableClothInScene-v1|force_x0.5] ep 61 success=False steps=60 inf=10.4s sim=2.1s total=15.1s
[octo-small|PutSpoonOnTableClothInScene-v1|force_x0.5] ep 62 success=False steps=60 inf=10.0s sim=2.0s total=14.5s
[octo-small|PutSpoonOnTableClothInScene-v1|force_x0.5] ep 63 success=False steps=60 inf=8.3s sim=1.8s total=12.2s
[octo-small|PutSpoonOnTableClothInScene-v1|force_x0.5] ep 64 success=True steps=60 inf=9.7s sim=2.1s total=14.2s
[octo-small|PutSpoonOnTableClothInScene-v1|force_x0.5] ep 65 success=False steps=60 inf=10.2s sim=2.3s total=15.1s
[octo-small|PutSpoonOnTableClothInScene-v1|force_x0.5] ep 66 success=False steps=60 inf=12.1s sim=2.4s total=17.3s
[octo-small|PutSpoonOnTableClothInScene-v1|force_x0.5] ep 67 success=True steps=60 inf=12.7s sim=3.2s total=19.0s
[octo-small|PutSpoonOnTableClothInScene-v1|force_x0.5] ep 68 success=False steps=60 inf=11.4s sim=2.2s total=16.4s
[octo-small|PutSpoonOnTableClothInScene-v1|force_x0.5] ep 69 success=True steps=60 inf=11.5s sim=2.6s total=16.5s
[octo-small|PutSpoonOnTableClothInScene-v1|force_x0.5] ep 70 success=False steps=60 inf=11.3s sim=2.3s total=16.9s
[octo-small|PutSpoonOnTableClothInScene-v1|force_x0.5] ep 71 success=False steps=60 inf=11.3s sim=2.6s total=16.7s
[octo-small|PutSpoonOnTableClothInScene-v1|force_x0.5] ep 72 success=True steps=60 inf=10.6s sim=2.0s total=15.4s
[octo-small|PutSpoonOnTableClothInScene-v1|force_x0.5] ep 73 success=False steps=60 inf=10.7s sim=2.1s total=15.7s
[octo-small|PutSpoonOnTableClothInScene-v1|force_x0.5] ep 74 success=True steps=60 inf=10.4s sim=2.2s total=15.1s
[octo-small|PutSpoonOnTableClothInScene-v1|force_x0.5] ep 75 success=False steps=60 inf=10.4s sim=2.3s total=15.3s
[octo-small|PutSpoonOnTableClothInScene-v1|force_x0.5] ep 76 success=True steps=60 inf=10.4s sim=2.1s total=15.1s
[octo-small|PutSpoonOnTableClothInScene-v1|force_x0.5] ep 77 success=False steps=60 inf=10.1s sim=2.6s total=15.1s
[octo-small|PutSpoonOnTableClothInScene-v1|force_x0.5] ep 78 success=False steps=60 inf=10.5s sim=2.4s total=15.6s
[octo-small|PutSpoonOnTableClothInScene-v1|force_x0.5] ep 79 success=False steps=60 inf=10.6s sim=2.6s total=15.9s
[octo-small|PutSpoonOnTableClothInScene-v1|force_x0.5] ep 80 success=False steps=60 inf=10.2s sim=2.6s total=15.4s
[octo-small|PutSpoonOnTableClothInScene-v1|force_x0.5] ep 81 success=False steps=60 inf=10.3s sim=2.4s total=15.2s
[octo-small|PutSpoonOnTableClothInScene-v1|force_x0.5] ep 82 success=False steps=60 inf=10.5s sim=2.4s total=15.5s
[octo-small|PutSpoonOnTableClothInScene-v1|force_x0.5] ep 83 success=True steps=60 inf=10.7s sim=2.6s total=15.9s
[octo-small|PutSpoonOnTableClothInScene-v1|force_x0.5] ep 84 success=False steps=60 inf=11.4s sim=2.4s total=16.5s
[octo-small|PutSpoonOnTableClothInScene-v1|force_x0.5] ep 85 success=False steps=60 inf=11.0s sim=3.1s total=16.7s
[octo-small|PutSpoonOnTableClothInScene-v1|force_x0.5] ep 86 success=False steps=60 inf=10.5s sim=2.9s total=16.0s
[octo-small|PutSpoonOnTableClothInScene-v1|force_x0.5] ep 87 success=False steps=60 inf=10.5s sim=2.6s total=15.7s
[octo-small|PutSpoonOnTableClothInScene-v1|force_x0.5] ep 88 success=False steps=60 inf=12.4s sim=2.7s total=17.9s
[octo-small|PutSpoonOnTableClothInScene-v1|force_x0.5] ep 89 success=False steps=60 inf=11.1s sim=2.3s total=16.0s
[octo-small|PutSpoonOnTableClothInScene-v1|force_x0.5] ep 90 success=False steps=60 inf=12.2s sim=2.9s total=17.9s
[octo-small|PutSpoonOnTableClothInScene-v1|force_x0.5] ep 91 success=False steps=60 inf=11.6s sim=2.3s total=16.4s
[octo-small|PutSpoonOnTableClothInScene-v1|force_x0.5] ep 92 success=True steps=60 inf=11.3s sim=2.3s total=16.4s
[octo-small|PutSpoonOnTableClothInScene-v1|force_x0.5] ep 93 success=False steps=60 inf=11.0s sim=2.3s total=16.0s
[octo-small|PutSpoonOnTableClothInScene-v1|force_x0.5] ep 94 success=True steps=60 inf=11.5s sim=2.4s total=16.7s
[octo-small|PutSpoonOnTableClothInScene-v1|force_x0.5] ep 95 success=True steps=60 inf=11.0s sim=2.4s total=16.0s
== force_x0.5: 29/96 success
