E:\research\the_world\.venv-windows-ms3\Lib\site-packages\sapien\wrapper\pinocchio_model.py:299: UserWarning: pinnochio package is not installed, robotics functionalities will not be available
  warnings.warn(
[33;1m2026-09-20 15:21:22,969 - mani_skill  - WARNING - Mimic targets dictionary is missing for controller config for widowx250s_bridgedataset_flat_table. Assuming the first joint is the control joint and the second joint is the mimic joint[0m
[33;1m2026-09-20 15:21:23,062 - mani_skill  - WARNING - No initial pose set for actor builder of bridge_carrot_generated_modified, setting to default pose q=[1,0,0,0], p=[0,0,0]. Not setting reasonable initial poses may slow down simulation, see https://github.com/haosulab/ManiSkill/issues/421.[0m
[33;1m2026-09-20 15:21:23,102 - mani_skill  - WARNING - No initial pose set for actor builder of bridge_plate_objaverse_larger, setting to default pose q=[1,0,0,0], p=[0,0,0]. Not setting reasonable initial poses may slow down simulation, see https://github.com/haosulab/ManiSkill/issues/421.[0m
[octo-base|PutCarrotOnPlateInScene-v1|iso_x0.25] ep 0 success=False steps=60 inf=6.8s sim=1.5s total=9.8s
[octo-base|PutCarrotOnPlateInScene-v1|iso_x0.25] ep 1 success=False steps=60 inf=6.6s sim=1.4s total=9.5s
[octo-base|PutCarrotOnPlateInScene-v1|iso_x0.25] ep 2 success=False steps=60 inf=6.6s sim=1.3s total=9.4s
[octo-base|PutCarrotOnPlateInScene-v1|iso_x0.25] ep 3 success=False steps=60 inf=7.6s sim=1.7s total=10.7s
[octo-base|PutCarrotOnPlateInScene-v1|iso_x0.25] ep 4 success=False steps=60 inf=9.1s sim=1.7s total=12.3s
[octo-base|PutCarrotOnPlateInScene-v1|iso_x0.25] ep 5 success=False steps=60 inf=9.0s sim=2.0s total=12.2s
[octo-base|PutCarrotOnPlateInScene-v1|iso_x0.25] ep 6 success=False steps=60 inf=9.2s sim=1.8s total=12.4s
[octo-base|PutCarrotOnPlateInScene-v1|iso_x0.25] ep 7 success=False steps=60 inf=9.0s sim=2.0s total=12.5s
[octo-base|PutCarrotOnPlateInScene-v1|iso_x0.25] ep 8 success=False steps=60 inf=7.8s sim=1.4s total=10.8s
[octo-base|PutCarrotOnPlateInScene-v1|iso_x0.25] ep 9 success=True steps=60 inf=6.9s sim=1.5s total=9.9s
[octo-base|PutCarrotOnPlateInScene-v1|iso_x0.25] ep 10 success=False steps=60 inf=7.6s sim=1.4s total=10.3s
[octo-base|PutCarrotOnPlateInScene-v1|iso_x0.25] ep 11 success=True steps=60 inf=6.7s sim=1.4s total=9.5s
[octo-base|PutCarrotOnPlateInScene-v1|iso_x0.25] ep 12 success=True steps=60 inf=6.7s sim=1.5s total=9.6s
[octo-base|PutCarrotOnPlateInScene-v1|iso_x0.25] ep 13 success=True steps=60 inf=7.9s sim=1.5s total=10.8s
[octo-base|PutCarrotOnPlateInScene-v1|iso_x0.25] ep 14 success=False steps=60 inf=8.8s sim=1.8s total=11.9s
[octo-base|PutCarrotOnPlateInScene-v1|iso_x0.25] ep 15 success=False steps=60 inf=9.0s sim=1.9s total=12.5s
[octo-base|PutCarrotOnPlateInScene-v1|iso_x0.25] ep 16 success=True steps=60 inf=9.2s sim=1.8s total=12.5s
[octo-base|PutCarrotOnPlateInScene-v1|iso_x0.25] ep 17 success=False steps=60 inf=9.2s sim=1.8s total=12.3s
[octo-base|PutCarrotOnPlateInScene-v1|iso_x0.25] ep 18 success=False steps=60 inf=8.1s sim=1.8s total=11.4s
[octo-base|PutCarrotOnPlateInScene-v1|iso_x0.25] ep 19 success=False steps=60 inf=7.0s sim=1.3s total=9.7s
[octo-base|PutCarrotOnPlateInScene-v1|iso_x0.25] ep 20 success=False steps=60 inf=7.1s sim=1.5s total=10.0s
[octo-base|PutCarrotOnPlateInScene-v1|iso_x0.25] ep 21 success=False steps=60 inf=5.0s sim=1.1s total=7.4s
[octo-base|PutCarrotOnPlateInScene-v1|iso_x0.25] ep 22 success=False steps=60 inf=5.0s sim=1.1s total=7.4s
[octo-base|PutCarrotOnPlateInScene-v1|iso_x0.25] ep 23 success=False steps=60 inf=5.4s sim=1.3s total=8.1s
== iso_x0.25: 5/24 success
