E:\research\the_world\.venv-windows-ms3\Lib\site-packages\sapien\wrapper\pinocchio_model.py:299: UserWarning: pinnochio package is not installed, robotics functionalities will not be available
  warnings.warn(
[33;1m2026-09-20 13:52:08,747 - mani_skill  - WARNING - Mimic targets dictionary is missing for controller config for widowx250s_bridgedataset_flat_table. Assuming the first joint is the control joint and the second joint is the mimic joint[0m
[33;1m2026-09-20 13:52:08,827 - mani_skill  - WARNING - No initial pose set for actor builder of bridge_spoon_generated_modified, setting to default pose q=[1,0,0,0], p=[0,0,0]. Not setting reasonable initial poses may slow down simulation, see https://github.com/haosulab/ManiSkill/issues/421.[0m
[33;1m2026-09-20 13:52:08,838 - mani_skill  - WARNING - No initial pose set for actor builder of table_cloth_generated_shorter, setting to default pose q=[1,0,0,0], p=[0,0,0]. Not setting reasonable initial poses may slow down simulation, see https://github.com/haosulab/ManiSkill/issues/421.[0m
[octo-small|PutSpoonOnTableClothInScene-v1|nominal] ep 0 success=True steps=60 inf=7.0s sim=1.5s total=9.8s
[octo-small|PutSpoonOnTableClothInScene-v1|nominal] ep 1 success=True steps=60 inf=6.9s sim=1.7s total=10.0s
[octo-small|PutSpoonOnTableClothInScene-v1|nominal] ep 2 success=False steps=60 inf=6.7s sim=1.7s total=9.6s
[octo-small|PutSpoonOnTableClothInScene-v1|nominal] ep 3 success=True steps=60 inf=7.5s sim=1.7s total=10.6s
[octo-small|PutSpoonOnTableClothInScene-v1|nominal] ep 4 success=True steps=60 inf=8.0s sim=1.6s total=11.0s
[octo-small|PutSpoonOnTableClothInScene-v1|nominal] ep 5 success=False steps=60 inf=8.4s sim=1.9s total=11.6s
[octo-small|PutSpoonOnTableClothInScene-v1|nominal] ep 6 success=True steps=60 inf=7.9s sim=1.9s total=11.3s
[octo-small|PutSpoonOnTableClothInScene-v1|nominal] ep 7 success=False steps=60 inf=8.2s sim=2.1s total=11.8s
[octo-small|PutSpoonOnTableClothInScene-v1|nominal] ep 8 success=False steps=60 inf=7.8s sim=1.7s total=10.9s
[octo-small|PutSpoonOnTableClothInScene-v1|nominal] ep 9 success=False steps=60 inf=7.2s sim=1.6s total=10.0s
[octo-small|PutSpoonOnTableClothInScene-v1|nominal] ep 10 success=False steps=60 inf=5.9s sim=1.3s total=8.6s
[octo-small|PutSpoonOnTableClothInScene-v1|nominal] ep 11 success=False steps=60 inf=6.3s sim=1.5s total=9.1s
[octo-small|PutSpoonOnTableClothInScene-v1|nominal] ep 12 success=True steps=60 inf=7.8s sim=1.7s total=10.8s
[octo-small|PutSpoonOnTableClothInScene-v1|nominal] ep 13 success=False steps=60 inf=8.1s sim=2.1s total=11.6s
[octo-small|PutSpoonOnTableClothInScene-v1|nominal] ep 14 success=True steps=60 inf=8.6s sim=1.7s total=11.7s
[octo-small|PutSpoonOnTableClothInScene-v1|nominal] ep 15 success=False steps=60 inf=8.9s sim=1.9s total=12.3s
[octo-small|PutSpoonOnTableClothInScene-v1|nominal] ep 16 success=False steps=60 inf=8.9s sim=1.7s total=12.0s
[octo-small|PutSpoonOnTableClothInScene-v1|nominal] ep 17 success=False steps=60 inf=8.5s sim=1.6s total=11.6s
[octo-small|PutSpoonOnTableClothInScene-v1|nominal] ep 18 success=True steps=60 inf=6.4s sim=1.6s total=9.3s
[octo-small|PutSpoonOnTableClothInScene-v1|nominal] ep 19 success=True steps=60 inf=7.1s sim=1.6s total=9.9s
[octo-small|PutSpoonOnTableClothInScene-v1|nominal] ep 20 success=False steps=60 inf=8.4s sim=1.6s total=11.4s
[octo-small|PutSpoonOnTableClothInScene-v1|nominal] ep 21 success=False steps=60 inf=8.1s sim=1.7s total=11.1s
[octo-small|PutSpoonOnTableClothInScene-v1|nominal] ep 22 success=True steps=60 inf=8.3s sim=1.7s total=11.2s
[octo-small|PutSpoonOnTableClothInScene-v1|nominal] ep 23 success=False steps=60 inf=8.1s sim=2.0s total=11.5s
== nominal: 10/24 success
