E:\research\the_world\.venv-windows-ms3\Lib\site-packages\sapien\wrapper\pinocchio_model.py:299: UserWarning: pinnochio package is not installed, robotics functionalities will not be available
  warnings.warn(
[33;1m2026-09-20 17:35:07,198 - mani_skill  - WARNING - Mimic targets dictionary is missing for controller config for widowx250s_bridgedataset_sink. Assuming the first joint is the control joint and the second joint is the mimic joint[0m
[33;1m2026-09-20 17:35:07,363 - mani_skill  - WARNING - No initial pose set for actor builder of eggplant, setting to default pose q=[1,0,0,0], p=[0,0,0]. Not setting reasonable initial poses may slow down simulation, see https://github.com/haosulab/ManiSkill/issues/421.[0m
[33;1m2026-09-20 17:35:07,392 - mani_skill  - WARNING - No initial pose set for actor builder of dummy_sink_target_plane, setting to default pose q=[1,0,0,0], p=[0,0,0]. Not setting reasonable initial poses may slow down simulation, see https://github.com/haosulab/ManiSkill/issues/421.[0m
[octo-small@noens|PutEggplantInBasketScene-v1|force_x0.5] ep 0 success=True steps=120 inf=20.8s sim=7.4s total=31.7s
[octo-small@noens|PutEggplantInBasketScene-v1|force_x0.5] ep 1 success=False steps=120 inf=41.3s sim=8.5s total=53.1s
[octo-small@noens|PutEggplantInBasketScene-v1|force_x0.5] ep 2 success=False steps=120 inf=22.8s sim=8.3s total=34.6s
[octo-small@noens|PutEggplantInBasketScene-v1|force_x0.5] ep 3 success=True steps=120 inf=37.6s sim=5.6s total=46.7s
[octo-small@noens|PutEggplantInBasketScene-v1|force_x0.5] ep 4 success=False steps=120 inf=25.9s sim=7.4s total=36.7s
[octo-small@noens|PutEggplantInBasketScene-v1|force_x0.5] ep 5 success=False steps=120 inf=32.7s sim=7.0s total=43.5s
[octo-small@noens|PutEggplantInBasketScene-v1|force_x0.5] ep 6 success=False steps=120 inf=32.1s sim=7.5s total=42.9s
[octo-small@noens|PutEggplantInBasketScene-v1|force_x0.5] ep 7 success=False steps=120 inf=29.5s sim=8.7s total=41.6s
[octo-small@noens|PutEggplantInBasketScene-v1|force_x0.5] ep 8 success=True steps=120 inf=27.5s sim=5.7s total=36.9s
[octo-small@noens|PutEggplantInBasketScene-v1|force_x0.5] ep 9 success=False steps=120 inf=33.9s sim=7.8s total=44.8s
[octo-small@noens|PutEggplantInBasketScene-v1|force_x0.5] ep 10 success=False steps=120 inf=19.9s sim=7.6s total=31.1s
[octo-small@noens|PutEggplantInBasketScene-v1|force_x0.5] ep 11 success=False steps=120 inf=38.3s sim=7.2s total=49.1s
[octo-small@noens|PutEggplantInBasketScene-v1|force_x0.5] ep 12 success=False steps=120 inf=16.8s sim=7.9s total=28.5s
[octo-small@noens|PutEggplantInBasketScene-v1|force_x0.5] ep 13 success=True steps=120 inf=40.4s sim=6.3s total=50.3s
[octo-small@noens|PutEggplantInBasketScene-v1|force_x0.5] ep 14 success=False steps=120 inf=22.7s sim=7.1s total=33.2s
[octo-small@noens|PutEggplantInBasketScene-v1|force_x0.5] ep 15 success=False steps=120 inf=31.1s sim=8.1s total=43.3s
[octo-small@noens|PutEggplantInBasketScene-v1|force_x0.5] ep 16 success=False steps=120 inf=33.2s sim=7.4s total=44.2s
[octo-small@noens|PutEggplantInBasketScene-v1|force_x0.5] ep 17 success=True steps=120 inf=25.2s sim=6.4s total=35.1s
[octo-small@noens|PutEggplantInBasketScene-v1|force_x0.5] ep 18 success=False steps=120 inf=43.2s sim=6.9s total=53.5s
[octo-small@noens|PutEggplantInBasketScene-v1|force_x0.5] ep 19 success=False steps=120 inf=20.4s sim=8.4s total=32.1s
[octo-small@noens|PutEggplantInBasketScene-v1|force_x0.5] ep 20 success=False steps=120 inf=44.6s sim=8.0s total=56.0s
[octo-small@noens|PutEggplantInBasketScene-v1|force_x0.5] ep 21 success=True steps=120 inf=21.2s sim=5.3s total=30.2s
[octo-small@noens|PutEggplantInBasketScene-v1|force_x0.5] ep 22 success=False steps=120 inf=47.6s sim=8.3s total=59.2s
[octo-small@noens|PutEggplantInBasketScene-v1|force_x0.5] ep 23 success=False steps=120 inf=26.5s sim=7.9s total=37.9s
[octo-small@noens|PutEggplantInBasketScene-v1|force_x0.5] ep 24 success=False steps=120 inf=44.1s sim=7.2s total=54.9s
[octo-small@noens|PutEggplantInBasketScene-v1|force_x0.5] ep 25 success=False steps=120 inf=26.4s sim=7.1s total=36.7s
[octo-small@noens|PutEggplantInBasketScene-v1|force_x0.5] ep 26 success=True steps=120 inf=46.0s sim=8.4s total=57.8s
[octo-small@noens|PutEggplantInBasketScene-v1|force_x0.5] ep 27 success=False steps=120 inf=28.8s sim=7.2s total=39.4s
[octo-small@noens|PutEggplantInBasketScene-v1|force_x0.5] ep 28 success=False steps=120 inf=39.3s sim=7.3s total=50.0s
[octo-small@noens|PutEggplantInBasketScene-v1|force_x0.5] ep 29 success=True steps=120 inf=35.0s sim=6.9s total=45.3s
[octo-small@noens|PutEggplantInBasketScene-v1|force_x0.5] ep 30 success=False steps=120 inf=43.9s sim=7.1s total=54.2s
[octo-small@noens|PutEggplantInBasketScene-v1|force_x0.5] ep 31 success=False steps=120 inf=36.8s sim=7.5s total=47.8s
[octo-small@noens|PutEggplantInBasketScene-v1|force_x0.5] ep 32 success=False steps=120 inf=28.5s sim=6.6s total=38.6s
[octo-small@noens|PutEggplantInBasketScene-v1|force_x0.5] ep 33 success=False steps=120 inf=37.2s sim=8.4s total=49.1s
[octo-small@noens|PutEggplantInBasketScene-v1|force_x0.5] ep 34 success=True steps=120 inf=24.9s sim=8.0s total=36.6s
[octo-small@noens|PutEggplantInBasketScene-v1|force_x0.5] ep 35 success=False steps=120 inf=31.8s sim=8.2s total=43.7s
[octo-small@noens|PutEggplantInBasketScene-v1|force_x0.5] ep 36 success=False steps=120 inf=34.3s sim=13.2s total=1872.9s
E:\research\the_world\.venv-windows-ms3\Lib\site-packages\sapien\wrapper\pinocchio_model.py:299: UserWarning: pinnochio package is not installed, robotics functionalities will not be available
  warnings.warn(
[33;1m2026-09-20 18:59:36,753 - mani_skill  - WARNING - Mimic targets dictionary is missing for controller config for widowx250s_bridgedataset_sink. Assuming the first joint is the control joint and the second joint is the mimic joint[0m
[33;1m2026-09-20 18:59:36,958 - mani_skill  - WARNING - No initial pose set for actor builder of eggplant, setting to default pose q=[1,0,0,0], p=[0,0,0]. Not setting reasonable initial poses may slow down simulation, see https://github.com/haosulab/ManiSkill/issues/421.[0m
[33;1m2026-09-20 18:59:36,972 - mani_skill  - WARNING - No initial pose set for actor builder of dummy_sink_target_plane, setting to default pose q=[1,0,0,0], p=[0,0,0]. Not setting reasonable initial poses may slow down simulation, see https://github.com/haosulab/ManiSkill/issues/421.[0m
[octo-small@noens|PutEggplantInBasketScene-v1|force_x0.5] ep 37 success=False steps=120 inf=10.7s sim=3.6s total=16.9s
[octo-small@noens|PutEggplantInBasketScene-v1|force_x0.5] ep 38 success=False steps=120 inf=11.4s sim=3.7s total=17.7s
[octo-small@noens|PutEggplantInBasketScene-v1|force_x0.5] ep 39 success=False steps=120 inf=11.3s sim=3.3s total=17.2s
[octo-small@noens|PutEggplantInBasketScene-v1|force_x0.5] ep 40 success=False steps=120 inf=11.3s sim=3.5s total=17.2s
[octo-small@noens|PutEggplantInBasketScene-v1|force_x0.5] ep 41 success=False steps=120 inf=11.1s sim=3.6s total=17.5s
[octo-small@noens|PutEggplantInBasketScene-v1|force_x0.5] ep 42 success=False steps=120 inf=12.6s sim=3.8s total=18.9s
[octo-small@noens|PutEggplantInBasketScene-v1|force_x0.5] ep 43 success=False steps=120 inf=12.9s sim=3.3s total=19.0s
[octo-small@noens|PutEggplantInBasketScene-v1|force_x0.5] ep 44 success=False steps=120 inf=12.7s sim=3.1s total=18.7s
[octo-small@noens|PutEggplantInBasketScene-v1|force_x0.5] ep 45 success=False steps=120 inf=12.9s sim=3.7s total=19.5s
[octo-small@noens|PutEggplantInBasketScene-v1|force_x0.5] ep 46 success=False steps=120 inf=12.8s sim=3.4s total=19.2s
[octo-small@noens|PutEggplantInBasketScene-v1|force_x0.5] ep 47 success=False steps=120 inf=13.6s sim=5.0s total=21.9s
[octo-small@noens|PutEggplantInBasketScene-v1|force_x0.5] ep 48 success=False steps=120 inf=14.3s sim=6.3s total=24.4s
[octo-small@noens|PutEggplantInBasketScene-v1|force_x0.5] ep 49 success=False steps=120 inf=13.4s sim=5.1s total=22.1s
[octo-small@noens|PutEggplantInBasketScene-v1|force_x0.5] ep 50 success=False steps=120 inf=13.5s sim=5.3s total=22.1s
[octo-small@noens|PutEggplantInBasketScene-v1|force_x0.5] ep 51 success=False steps=120 inf=13.0s sim=4.5s total=20.9s
[octo-small@noens|PutEggplantInBasketScene-v1|force_x0.5] ep 52 success=False steps=120 inf=13.5s sim=4.3s total=20.7s
[octo-small@noens|PutEggplantInBasketScene-v1|force_x0.5] ep 53 success=False steps=120 inf=13.3s sim=5.2s total=21.9s
[octo-small@noens|PutEggplantInBasketScene-v1|force_x0.5] ep 54 success=False steps=120 inf=14.0s sim=4.5s total=21.9s
[octo-small@noens|PutEggplantInBasketScene-v1|force_x0.5] ep 55 success=False steps=120 inf=14.1s sim=5.8s total=23.5s
[octo-small@noens|PutEggplantInBasketScene-v1|force_x0.5] ep 56 success=False steps=120 inf=15.0s sim=5.8s total=24.4s
[octo-small@noens|PutEggplantInBasketScene-v1|force_x0.5] ep 57 success=False steps=120 inf=12.7s sim=5.6s total=21.9s
[octo-small@noens|PutEggplantInBasketScene-v1|force_x0.5] ep 58 success=False steps=120 inf=12.5s sim=5.7s total=21.6s
[octo-small@noens|PutEggplantInBasketScene-v1|force_x0.5] ep 59 success=False steps=120 inf=13.0s sim=5.8s total=22.1s
[octo-small@noens|PutEggplantInBasketScene-v1|force_x0.5] ep 60 success=True steps=120 inf=12.7s sim=4.3s total=20.5s
[octo-small@noens|PutEggplantInBasketScene-v1|force_x0.5] ep 61 success=False steps=120 inf=13.0s sim=4.8s total=21.1s
[octo-small@noens|PutEggplantInBasketScene-v1|force_x0.5] ep 62 success=True steps=120 inf=11.7s sim=6.2s total=21.6s
[octo-small@noens|PutEggplantInBasketScene-v1|force_x0.5] ep 63 success=False steps=120 inf=12.8s sim=5.1s total=21.0s
== force_x0.5: 11/64 success
