E:\research\the_world\.venv-windows-ms3\Lib\site-packages\sapien\wrapper\pinocchio_model.py:299: UserWarning: pinnochio package is not installed, robotics functionalities will not be available
  warnings.warn(
[33;1m2026-09-20 15:46:08,996 - mani_skill  - WARNING - Mimic targets dictionary is missing for controller config for widowx250s_bridgedataset_sink. Assuming the first joint is the control joint and the second joint is the mimic joint[0m
[33;1m2026-09-20 15:46:09,082 - mani_skill  - WARNING - No initial pose set for actor builder of eggplant, setting to default pose q=[1,0,0,0], p=[0,0,0]. Not setting reasonable initial poses may slow down simulation, see https://github.com/haosulab/ManiSkill/issues/421.[0m
[33;1m2026-09-20 15:46:09,122 - mani_skill  - WARNING - No initial pose set for actor builder of dummy_sink_target_plane, setting to default pose q=[1,0,0,0], p=[0,0,0]. Not setting reasonable initial poses may slow down simulation, see https://github.com/haosulab/ManiSkill/issues/421.[0m
[octo-base@noens|PutEggplantInBasketScene-v1|nominal] ep 0 success=False steps=120 inf=15.9s sim=5.6s total=24.2s
[octo-base@noens|PutEggplantInBasketScene-v1|nominal] ep 1 success=False steps=120 inf=15.9s sim=3.6s total=22.2s
[octo-base@noens|PutEggplantInBasketScene-v1|nominal] ep 2 success=False steps=120 inf=15.2s sim=4.5s total=22.4s
[octo-base@noens|PutEggplantInBasketScene-v1|nominal] ep 3 success=False steps=120 inf=13.9s sim=3.8s total=20.4s
[octo-base@noens|PutEggplantInBasketScene-v1|nominal] ep 4 success=False steps=120 inf=15.8s sim=4.9s total=23.5s
[octo-base@noens|PutEggplantInBasketScene-v1|nominal] ep 5 success=False steps=120 inf=16.9s sim=4.8s total=24.5s
[octo-base@noens|PutEggplantInBasketScene-v1|nominal] ep 6 success=False steps=120 inf=14.4s sim=5.0s total=22.5s
[octo-base@noens|PutEggplantInBasketScene-v1|nominal] ep 7 success=False steps=120 inf=13.0s sim=4.6s total=20.4s
[octo-base@noens|PutEggplantInBasketScene-v1|nominal] ep 8 success=False steps=120 inf=13.9s sim=3.9s total=20.6s
[octo-base@noens|PutEggplantInBasketScene-v1|nominal] ep 9 success=True steps=120 inf=16.5s sim=5.0s total=24.3s
[octo-base@noens|PutEggplantInBasketScene-v1|nominal] ep 10 success=True steps=120 inf=15.9s sim=6.0s total=25.1s
[octo-base@noens|PutEggplantInBasketScene-v1|nominal] ep 11 success=False steps=120 inf=13.4s sim=3.7s total=19.7s
[octo-base@noens|PutEggplantInBasketScene-v1|nominal] ep 12 success=False steps=120 inf=13.6s sim=3.7s total=20.2s
[octo-base@noens|PutEggplantInBasketScene-v1|nominal] ep 13 success=True steps=120 inf=15.8s sim=4.6s total=23.1s
[octo-base@noens|PutEggplantInBasketScene-v1|nominal] ep 14 success=False steps=120 inf=16.8s sim=4.7s total=24.5s
[octo-base@noens|PutEggplantInBasketScene-v1|nominal] ep 15 success=False steps=120 inf=15.3s sim=5.0s total=23.1s
[octo-base@noens|PutEggplantInBasketScene-v1|nominal] ep 16 success=False steps=120 inf=15.0s sim=4.2s total=21.8s
[octo-base@noens|PutEggplantInBasketScene-v1|nominal] ep 17 success=True steps=120 inf=14.4s sim=5.4s total=23.0s
[octo-base@noens|PutEggplantInBasketScene-v1|nominal] ep 18 success=False steps=120 inf=16.8s sim=3.8s total=23.5s
[octo-base@noens|PutEggplantInBasketScene-v1|nominal] ep 19 success=False steps=120 inf=16.1s sim=6.0s total=24.8s
[octo-base@noens|PutEggplantInBasketScene-v1|nominal] ep 20 success=False steps=120 inf=14.5s sim=4.6s total=22.0s
[octo-base@noens|PutEggplantInBasketScene-v1|nominal] ep 21 success=False steps=120 inf=16.3s sim=3.2s total=22.5s
[octo-base@noens|PutEggplantInBasketScene-v1|nominal] ep 22 success=False steps=120 inf=15.4s sim=5.2s total=23.5s
[octo-base@noens|PutEggplantInBasketScene-v1|nominal] ep 23 success=False steps=120 inf=16.8s sim=5.0s total=24.8s
[octo-base@noens|PutEggplantInBasketScene-v1|nominal] ep 24 success=True steps=120 inf=16.3s sim=5.4s total=24.7s
[octo-base@noens|PutEggplantInBasketScene-v1|nominal] ep 25 success=True steps=120 inf=15.2s sim=3.9s total=22.0s
[octo-base@noens|PutEggplantInBasketScene-v1|nominal] ep 26 success=True steps=120 inf=14.2s sim=4.5s total=21.4s
[octo-base@noens|PutEggplantInBasketScene-v1|nominal] ep 27 success=False steps=120 inf=17.6s sim=4.8s total=25.2s
[octo-base@noens|PutEggplantInBasketScene-v1|nominal] ep 28 success=True steps=120 inf=17.6s sim=3.5s total=24.4s
[octo-base@noens|PutEggplantInBasketScene-v1|nominal] ep 29 success=True steps=120 inf=14.1s sim=4.5s total=21.5s
[octo-base@noens|PutEggplantInBasketScene-v1|nominal] ep 30 success=False steps=120 inf=15.5s sim=3.7s total=22.0s
[octo-base@noens|PutEggplantInBasketScene-v1|nominal] ep 31 success=False steps=120 inf=15.7s sim=5.1s total=24.0s
[octo-base@noens|PutEggplantInBasketScene-v1|nominal] ep 32 success=False steps=120 inf=17.0s sim=4.8s total=24.9s
[octo-base@noens|PutEggplantInBasketScene-v1|nominal] ep 33 success=False steps=120 inf=16.2s sim=5.4s total=24.5s
[octo-base@noens|PutEggplantInBasketScene-v1|nominal] ep 34 success=False steps=120 inf=14.2s sim=4.0s total=20.8s
[octo-base@noens|PutEggplantInBasketScene-v1|nominal] ep 35 success=False steps=120 inf=13.9s sim=4.3s total=21.0s
[octo-base@noens|PutEggplantInBasketScene-v1|nominal] ep 36 success=False steps=120 inf=17.6s sim=4.9s total=25.3s
[octo-base@noens|PutEggplantInBasketScene-v1|nominal] ep 37 success=False steps=120 inf=17.1s sim=5.5s total=25.7s
[octo-base@noens|PutEggplantInBasketScene-v1|nominal] ep 38 success=False steps=120 inf=15.0s sim=4.5s total=22.6s
[octo-base@noens|PutEggplantInBasketScene-v1|nominal] ep 39 success=True steps=120 inf=13.6s sim=4.1s total=20.5s
[octo-base@noens|PutEggplantInBasketScene-v1|nominal] ep 40 success=False steps=120 inf=15.4s sim=4.5s total=22.8s
[octo-base@noens|PutEggplantInBasketScene-v1|nominal] ep 41 success=True steps=120 inf=17.5s sim=4.8s total=25.2s
[octo-base@noens|PutEggplantInBasketScene-v1|nominal] ep 42 success=True steps=120 inf=17.4s sim=4.5s total=24.6s
[octo-base@noens|PutEggplantInBasketScene-v1|nominal] ep 43 success=False steps=120 inf=14.1s sim=3.8s total=20.5s
[octo-base@noens|PutEggplantInBasketScene-v1|nominal] ep 44 success=False steps=120 inf=15.7s sim=3.6s total=22.0s
[octo-base@noens|PutEggplantInBasketScene-v1|nominal] ep 45 success=False steps=120 inf=16.8s sim=4.5s total=24.4s
[octo-base@noens|PutEggplantInBasketScene-v1|nominal] ep 46 success=False steps=120 inf=17.3s sim=4.8s total=25.1s
[octo-base@noens|PutEggplantInBasketScene-v1|nominal] ep 47 success=False steps=120 inf=14.9s sim=5.3s total=23.1s
[octo-base@noens|PutEggplantInBasketScene-v1|nominal] ep 48 success=False steps=120 inf=14.1s sim=4.8s total=21.9s
[octo-base@noens|PutEggplantInBasketScene-v1|nominal] ep 49 success=True steps=120 inf=16.5s sim=4.2s total=23.6s
[octo-base@noens|PutEggplantInBasketScene-v1|nominal] ep 50 success=False steps=120 inf=17.4s sim=4.5s total=24.7s
[octo-base@noens|PutEggplantInBasketScene-v1|nominal] ep 51 success=False steps=120 inf=16.8s sim=4.2s total=24.0s
[octo-base@noens|PutEggplantInBasketScene-v1|nominal] ep 52 success=False steps=120 inf=14.9s sim=4.2s total=22.0s
[octo-base@noens|PutEggplantInBasketScene-v1|nominal] ep 53 success=False steps=120 inf=16.6s sim=4.6s total=24.0s
[octo-base@noens|PutEggplantInBasketScene-v1|nominal] ep 54 success=False steps=120 inf=16.9s sim=5.0s total=24.8s
[octo-base@noens|PutEggplantInBasketScene-v1|nominal] ep 55 success=False steps=120 inf=15.9s sim=4.9s total=23.8s
[octo-base@noens|PutEggplantInBasketScene-v1|nominal] ep 56 success=False steps=120 inf=15.2s sim=4.0s total=22.3s
[octo-base@noens|PutEggplantInBasketScene-v1|nominal] ep 57 success=False steps=120 inf=17.1s sim=4.7s total=24.7s
[octo-base@noens|PutEggplantInBasketScene-v1|nominal] ep 58 success=False steps=120 inf=16.7s sim=4.7s total=24.2s
[octo-base@noens|PutEggplantInBasketScene-v1|nominal] ep 59 success=False steps=120 inf=15.9s sim=4.5s total=23.5s
[octo-base@noens|PutEggplantInBasketScene-v1|nominal] ep 60 success=False steps=120 inf=17.4s sim=4.5s total=24.9s
[octo-base@noens|PutEggplantInBasketScene-v1|nominal] ep 61 success=False steps=120 inf=15.7s sim=4.0s total=22.7s
[octo-base@noens|PutEggplantInBasketScene-v1|nominal] ep 62 success=True steps=120 inf=12.1s sim=3.3s total=17.9s
[octo-base@noens|PutEggplantInBasketScene-v1|nominal] ep 63 success=False steps=120 inf=15.3s sim=5.2s total=23.2s
== nominal: 14/64 success
