E:\research\the_world\.venv-windows-ms3\Lib\site-packages\sapien\wrapper\pinocchio_model.py:299: UserWarning: pinnochio package is not installed, robotics functionalities will not be available
  warnings.warn(
[33;1m2026-09-20 16:57:22,878 - mani_skill  - WARNING - Mimic targets dictionary is missing for controller config for widowx250s_bridgedataset_sink. Assuming the first joint is the control joint and the second joint is the mimic joint[0m
[33;1m2026-09-20 16:57:22,951 - mani_skill  - WARNING - No initial pose set for actor builder of eggplant, setting to default pose q=[1,0,0,0], p=[0,0,0]. Not setting reasonable initial poses may slow down simulation, see https://github.com/haosulab/ManiSkill/issues/421.[0m
[33;1m2026-09-20 16:57:22,989 - mani_skill  - WARNING - No initial pose set for actor builder of dummy_sink_target_plane, setting to default pose q=[1,0,0,0], p=[0,0,0]. Not setting reasonable initial poses may slow down simulation, see https://github.com/haosulab/ManiSkill/issues/421.[0m
[octo-small@noens|PutEggplantInBasketScene-v1|nominal] ep 0 success=True steps=120 inf=10.7s sim=3.0s total=16.3s
[octo-small@noens|PutEggplantInBasketScene-v1|nominal] ep 1 success=False steps=120 inf=13.4s sim=5.3s total=21.7s
[octo-small@noens|PutEggplantInBasketScene-v1|nominal] ep 2 success=False steps=120 inf=14.5s sim=5.1s total=22.6s
[octo-small@noens|PutEggplantInBasketScene-v1|nominal] ep 3 success=False steps=120 inf=12.1s sim=3.8s total=18.6s
[octo-small@noens|PutEggplantInBasketScene-v1|nominal] ep 4 success=False steps=120 inf=9.1s sim=3.7s total=15.5s
[octo-small@noens|PutEggplantInBasketScene-v1|nominal] ep 5 success=False steps=120 inf=9.9s sim=3.8s total=16.3s
[octo-small@noens|PutEggplantInBasketScene-v1|nominal] ep 6 success=False steps=120 inf=14.1s sim=4.4s total=21.4s
[octo-small@noens|PutEggplantInBasketScene-v1|nominal] ep 7 success=False steps=120 inf=16.9s sim=4.9s total=24.8s
[octo-small@noens|PutEggplantInBasketScene-v1|nominal] ep 8 success=False steps=120 inf=15.9s sim=4.1s total=23.0s
[octo-small@noens|PutEggplantInBasketScene-v1|nominal] ep 9 success=False steps=120 inf=12.5s sim=3.7s total=18.9s
[octo-small@noens|PutEggplantInBasketScene-v1|nominal] ep 10 success=False steps=120 inf=12.6s sim=4.0s total=19.2s
[octo-small@noens|PutEggplantInBasketScene-v1|nominal] ep 11 success=False steps=120 inf=16.6s sim=5.1s total=24.7s
[octo-small@noens|PutEggplantInBasketScene-v1|nominal] ep 12 success=False steps=120 inf=32.6s sim=5.6s total=41.3s
[octo-small@noens|PutEggplantInBasketScene-v1|nominal] ep 13 success=True steps=120 inf=36.2s sim=4.7s total=44.3s
[octo-small@noens|PutEggplantInBasketScene-v1|nominal] ep 14 success=False steps=120 inf=44.6s sim=7.1s total=79.2s
[octo-small@noens|PutEggplantInBasketScene-v1|nominal] ep 15 success=False steps=120 inf=52.2s sim=6.6s total=62.0s
[octo-small@noens|PutEggplantInBasketScene-v1|nominal] ep 16 success=False steps=120 inf=51.3s sim=7.6s total=62.6s
[octo-small@noens|PutEggplantInBasketScene-v1|nominal] ep 17 success=False steps=120 inf=58.9s sim=7.7s total=70.1s
[octo-small@noens|PutEggplantInBasketScene-v1|nominal] ep 18 success=False steps=120 inf=21.1s sim=6.2s total=30.5s
[octo-small@noens|PutEggplantInBasketScene-v1|nominal] ep 19 success=False steps=120 inf=41.7s sim=6.5s total=51.5s
[octo-small@noens|PutEggplantInBasketScene-v1|nominal] ep 20 success=False steps=120 inf=30.7s sim=6.7s total=40.9s
[octo-small@noens|PutEggplantInBasketScene-v1|nominal] ep 21 success=False steps=120 inf=31.9s sim=5.0s total=40.2s
[octo-small@noens|PutEggplantInBasketScene-v1|nominal] ep 22 success=False steps=120 inf=36.0s sim=7.9s total=47.3s
[octo-small@noens|PutEggplantInBasketScene-v1|nominal] ep 23 success=False steps=120 inf=23.8s sim=6.7s total=34.0s
[octo-small@noens|PutEggplantInBasketScene-v1|nominal] ep 24 success=False steps=120 inf=28.9s sim=5.9s total=38.2s
[octo-small@noens|PutEggplantInBasketScene-v1|nominal] ep 25 success=False steps=120 inf=23.0s sim=6.9s total=33.5s
[octo-small@noens|PutEggplantInBasketScene-v1|nominal] ep 26 success=False steps=120 inf=18.0s sim=6.5s total=28.2s
[octo-small@noens|PutEggplantInBasketScene-v1|nominal] ep 27 success=False steps=120 inf=25.2s sim=6.8s total=35.4s
[octo-small@noens|PutEggplantInBasketScene-v1|nominal] ep 28 success=False steps=120 inf=30.2s sim=6.5s total=40.5s
[octo-small@noens|PutEggplantInBasketScene-v1|nominal] ep 29 success=True steps=120 inf=19.8s sim=6.6s total=30.2s
[octo-small@noens|PutEggplantInBasketScene-v1|nominal] ep 30 success=False steps=120 inf=17.6s sim=8.9s total=30.2s
[octo-small@noens|PutEggplantInBasketScene-v1|nominal] ep 31 success=False steps=120 inf=18.0s sim=8.9s total=30.6s
[octo-small@noens|PutEggplantInBasketScene-v1|nominal] ep 32 success=False steps=120 inf=20.0s sim=8.0s total=32.0s
[octo-small@noens|PutEggplantInBasketScene-v1|nominal] ep 33 success=False steps=120 inf=18.9s sim=9.2s total=31.8s
[octo-small@noens|PutEggplantInBasketScene-v1|nominal] ep 34 success=False steps=120 inf=19.1s sim=8.2s total=30.9s
[octo-small@noens|PutEggplantInBasketScene-v1|nominal] ep 35 success=False steps=120 inf=22.5s sim=8.3s total=34.7s
[octo-small@noens|PutEggplantInBasketScene-v1|nominal] ep 36 success=False steps=120 inf=20.5s sim=9.1s total=33.8s
[octo-small@noens|PutEggplantInBasketScene-v1|nominal] ep 37 success=False steps=120 inf=22.8s sim=7.4s total=34.3s
[octo-small@noens|PutEggplantInBasketScene-v1|nominal] ep 38 success=False steps=120 inf=18.3s sim=9.1s total=31.4s
[octo-small@noens|PutEggplantInBasketScene-v1|nominal] ep 39 success=False steps=120 inf=26.7s sim=8.4s total=38.8s
[octo-small@noens|PutEggplantInBasketScene-v1|nominal] ep 40 success=False steps=120 inf=20.0s sim=8.7s total=32.6s
[octo-small@noens|PutEggplantInBasketScene-v1|nominal] ep 41 success=False steps=120 inf=17.9s sim=9.2s total=30.9s
[octo-small@noens|PutEggplantInBasketScene-v1|nominal] ep 42 success=False steps=120 inf=18.2s sim=9.0s total=31.1s
[octo-small@noens|PutEggplantInBasketScene-v1|nominal] ep 43 success=False steps=120 inf=19.6s sim=9.1s total=32.6s
[octo-small@noens|PutEggplantInBasketScene-v1|nominal] ep 44 success=False steps=120 inf=17.9s sim=7.6s total=29.0s
[octo-small@noens|PutEggplantInBasketScene-v1|nominal] ep 45 success=False steps=120 inf=21.2s sim=8.2s total=33.4s
[octo-small@noens|PutEggplantInBasketScene-v1|nominal] ep 46 success=False steps=120 inf=19.4s sim=8.2s total=31.6s
[octo-small@noens|PutEggplantInBasketScene-v1|nominal] ep 47 success=False steps=120 inf=18.5s sim=7.9s total=30.2s
[octo-small@noens|PutEggplantInBasketScene-v1|nominal] ep 48 success=False steps=120 inf=19.0s sim=8.3s total=31.0s
[octo-small@noens|PutEggplantInBasketScene-v1|nominal] ep 49 success=False steps=120 inf=19.2s sim=8.5s total=31.6s
[octo-small@noens|PutEggplantInBasketScene-v1|nominal] ep 50 success=False steps=120 inf=17.5s sim=8.0s total=29.6s
[octo-small@noens|PutEggplantInBasketScene-v1|nominal] ep 51 success=False steps=120 inf=21.4s sim=8.2s total=33.1s
[octo-small@noens|PutEggplantInBasketScene-v1|nominal] ep 52 success=False steps=120 inf=38.4s sim=5.7s total=47.6s
[octo-small@noens|PutEggplantInBasketScene-v1|nominal] ep 53 success=True steps=120 inf=19.3s sim=8.1s total=30.9s
[octo-small@noens|PutEggplantInBasketScene-v1|nominal] ep 54 success=False steps=120 inf=39.4s sim=7.1s total=50.1s
[octo-small@noens|PutEggplantInBasketScene-v1|nominal] ep 55 success=False steps=120 inf=20.8s sim=6.5s total=30.9s
[octo-small@noens|PutEggplantInBasketScene-v1|nominal] ep 56 success=False steps=120 inf=29.5s sim=6.2s total=39.1s
[octo-small@noens|PutEggplantInBasketScene-v1|nominal] ep 57 success=False steps=120 inf=29.3s sim=7.1s total=40.0s
[octo-small@noens|PutEggplantInBasketScene-v1|nominal] ep 58 success=False steps=120 inf=16.8s sim=7.8s total=28.1s
[octo-small@noens|PutEggplantInBasketScene-v1|nominal] ep 59 success=False steps=120 inf=43.6s sim=8.6s total=55.6s
[octo-small@noens|PutEggplantInBasketScene-v1|nominal] ep 60 success=True steps=120 inf=17.8s sim=6.0s total=27.4s
[octo-small@noens|PutEggplantInBasketScene-v1|nominal] ep 61 success=False steps=120 inf=32.3s sim=7.8s total=43.4s
[octo-small@noens|PutEggplantInBasketScene-v1|nominal] ep 62 success=False steps=120 inf=32.1s sim=8.1s total=43.7s
[octo-small@noens|PutEggplantInBasketScene-v1|nominal] ep 63 success=False steps=120 inf=24.8s sim=7.2s total=35.8s
== nominal: 5/64 success
