E:\research\the_world\.venv-windows-ms3\Lib\site-packages\sapien\wrapper\pinocchio_model.py:299: UserWarning: pinnochio package is not installed, robotics functionalities will not be available
  warnings.warn(
[33;1m2026-09-20 19:19:33,595 - mani_skill  - WARNING - Mimic targets dictionary is missing for controller config for widowx250s_bridgedataset_sink. Assuming the first joint is the control joint and the second joint is the mimic joint[0m
[33;1m2026-09-20 19:19:33,655 - mani_skill  - WARNING - No initial pose set for actor builder of eggplant, setting to default pose q=[1,0,0,0], p=[0,0,0]. Not setting reasonable initial poses may slow down simulation, see https://github.com/haosulab/ManiSkill/issues/421.[0m
[33;1m2026-09-20 19:19:33,674 - mani_skill  - WARNING - No initial pose set for actor builder of dummy_sink_target_plane, setting to default pose q=[1,0,0,0], p=[0,0,0]. Not setting reasonable initial poses may slow down simulation, see https://github.com/haosulab/ManiSkill/issues/421.[0m
[octo-small@chunk4|PutEggplantInBasketScene-v1|force_x0.5] ep 0 success=True steps=120 inf=2.4s sim=2.6s total=7.3s
[octo-small@chunk4|PutEggplantInBasketScene-v1|force_x0.5] ep 1 success=False steps=120 inf=2.2s sim=3.4s total=7.9s
[octo-small@chunk4|PutEggplantInBasketScene-v1|force_x0.5] ep 2 success=False steps=120 inf=2.1s sim=3.7s total=8.1s
[octo-small@chunk4|PutEggplantInBasketScene-v1|force_x0.5] ep 3 success=False steps=120 inf=2.2s sim=3.1s total=7.8s
[octo-small@chunk4|PutEggplantInBasketScene-v1|force_x0.5] ep 4 success=True steps=120 inf=2.3s sim=3.2s total=7.9s
[octo-small@chunk4|PutEggplantInBasketScene-v1|force_x0.5] ep 5 success=False steps=120 inf=2.0s sim=2.9s total=7.4s
[octo-small@chunk4|PutEggplantInBasketScene-v1|force_x0.5] ep 6 success=False steps=120 inf=2.3s sim=3.6s total=8.2s
[octo-small@chunk4|PutEggplantInBasketScene-v1|force_x0.5] ep 7 success=False steps=120 inf=2.2s sim=3.2s total=8.0s
[octo-small@chunk4|PutEggplantInBasketScene-v1|force_x0.5] ep 8 success=True steps=120 inf=2.1s sim=3.0s total=7.5s
[octo-small@chunk4|PutEggplantInBasketScene-v1|force_x0.5] ep 9 success=True steps=120 inf=2.2s sim=2.6s total=7.3s
[octo-small@chunk4|PutEggplantInBasketScene-v1|force_x0.5] ep 10 success=False steps=120 inf=2.1s sim=3.9s total=8.5s
[octo-small@chunk4|PutEggplantInBasketScene-v1|force_x0.5] ep 11 success=True steps=120 inf=2.3s sim=3.0s total=7.7s
[octo-small@chunk4|PutEggplantInBasketScene-v1|force_x0.5] ep 12 success=False steps=120 inf=2.2s sim=3.5s total=8.4s
[octo-small@chunk4|PutEggplantInBasketScene-v1|force_x0.5] ep 13 success=False steps=120 inf=2.3s sim=3.6s total=8.5s
[octo-small@chunk4|PutEggplantInBasketScene-v1|force_x0.5] ep 14 success=False steps=120 inf=2.3s sim=3.0s total=7.6s
[octo-small@chunk4|PutEggplantInBasketScene-v1|force_x0.5] ep 15 success=False steps=120 inf=2.2s sim=3.5s total=8.4s
[octo-small@chunk4|PutEggplantInBasketScene-v1|force_x0.5] ep 16 success=True steps=120 inf=2.1s sim=3.5s total=8.3s
[octo-small@chunk4|PutEggplantInBasketScene-v1|force_x0.5] ep 17 success=False steps=120 inf=2.3s sim=3.1s total=7.7s
[octo-small@chunk4|PutEggplantInBasketScene-v1|force_x0.5] ep 18 success=False steps=120 inf=2.3s sim=3.5s total=8.2s
[octo-small@chunk4|PutEggplantInBasketScene-v1|force_x0.5] ep 19 success=False steps=120 inf=2.1s sim=3.3s total=8.0s
[octo-small@chunk4|PutEggplantInBasketScene-v1|force_x0.5] ep 20 success=False steps=120 inf=2.2s sim=3.9s total=8.6s
[octo-small@chunk4|PutEggplantInBasketScene-v1|force_x0.5] ep 21 success=False steps=120 inf=2.0s sim=2.3s total=6.9s
[octo-small@chunk4|PutEggplantInBasketScene-v1|force_x0.5] ep 22 success=False steps=120 inf=2.1s sim=3.6s total=8.1s
[octo-small@chunk4|PutEggplantInBasketScene-v1|force_x0.5] ep 23 success=False steps=120 inf=2.1s sim=3.4s total=8.1s
[octo-small@chunk4|PutEggplantInBasketScene-v1|force_x0.5] ep 24 success=True steps=120 inf=2.1s sim=3.0s total=7.4s
[octo-small@chunk4|PutEggplantInBasketScene-v1|force_x0.5] ep 25 success=False steps=120 inf=2.1s sim=3.4s total=7.8s
[octo-small@chunk4|PutEggplantInBasketScene-v1|force_x0.5] ep 26 success=False steps=120 inf=2.2s sim=3.2s total=8.1s
[octo-small@chunk4|PutEggplantInBasketScene-v1|force_x0.5] ep 27 success=False steps=120 inf=2.2s sim=3.0s total=7.6s
[octo-small@chunk4|PutEggplantInBasketScene-v1|force_x0.5] ep 28 success=True steps=120 inf=2.0s sim=2.7s total=7.2s
[octo-small@chunk4|PutEggplantInBasketScene-v1|force_x0.5] ep 29 success=False steps=120 inf=2.3s sim=3.4s total=8.1s
[octo-small@chunk4|PutEggplantInBasketScene-v1|force_x0.5] ep 30 success=False steps=120 inf=2.2s sim=3.2s total=8.1s
[octo-small@chunk4|PutEggplantInBasketScene-v1|force_x0.5] ep 31 success=False steps=120 inf=2.3s sim=3.4s total=8.2s
[octo-small@chunk4|PutEggplantInBasketScene-v1|force_x0.5] ep 32 success=False steps=120 inf=1.9s sim=2.4s total=6.9s
[octo-small@chunk4|PutEggplantInBasketScene-v1|force_x0.5] ep 33 success=False steps=120 inf=1.8s sim=2.4s total=6.7s
[octo-small@chunk4|PutEggplantInBasketScene-v1|force_x0.5] ep 34 success=False steps=120 inf=1.9s sim=3.1s total=7.2s
[octo-small@chunk4|PutEggplantInBasketScene-v1|force_x0.5] ep 35 success=False steps=120 inf=2.0s sim=2.9s total=7.2s
[octo-small@chunk4|PutEggplantInBasketScene-v1|force_x0.5] ep 36 success=False steps=120 inf=2.0s sim=3.3s total=7.6s
[octo-small@chunk4|PutEggplantInBasketScene-v1|force_x0.5] ep 37 success=False steps=120 inf=2.0s sim=2.6s total=6.9s
[octo-small@chunk4|PutEggplantInBasketScene-v1|force_x0.5] ep 38 success=False steps=120 inf=2.3s sim=2.9s total=7.4s
[octo-small@chunk4|PutEggplantInBasketScene-v1|force_x0.5] ep 39 success=False steps=120 inf=2.1s sim=3.4s total=7.9s
[octo-small@chunk4|PutEggplantInBasketScene-v1|force_x0.5] ep 40 success=False steps=120 inf=2.1s sim=2.9s total=7.5s
[octo-small@chunk4|PutEggplantInBasketScene-v1|force_x0.5] ep 41 success=False steps=120 inf=2.3s sim=3.4s total=8.3s
[octo-small@chunk4|PutEggplantInBasketScene-v1|force_x0.5] ep 42 success=False steps=120 inf=1.9s sim=3.3s total=7.8s
[octo-small@chunk4|PutEggplantInBasketScene-v1|force_x0.5] ep 43 success=False steps=120 inf=2.3s sim=2.9s total=7.6s
[octo-small@chunk4|PutEggplantInBasketScene-v1|force_x0.5] ep 44 success=False steps=120 inf=2.2s sim=3.4s total=8.1s
[octo-small@chunk4|PutEggplantInBasketScene-v1|force_x0.5] ep 45 success=True steps=120 inf=2.0s sim=3.1s total=7.4s
[octo-small@chunk4|PutEggplantInBasketScene-v1|force_x0.5] ep 46 success=False steps=120 inf=2.4s sim=2.8s total=7.7s
[octo-small@chunk4|PutEggplantInBasketScene-v1|force_x0.5] ep 47 success=False steps=120 inf=2.3s sim=3.4s total=8.0s
[octo-small@chunk4|PutEggplantInBasketScene-v1|force_x0.5] ep 48 success=False steps=120 inf=1.9s sim=3.0s total=7.4s
[octo-small@chunk4|PutEggplantInBasketScene-v1|force_x0.5] ep 49 success=False steps=120 inf=2.3s sim=3.2s total=8.0s
[octo-small@chunk4|PutEggplantInBasketScene-v1|force_x0.5] ep 50 success=False steps=120 inf=1.9s sim=3.4s total=7.8s
[octo-small@chunk4|PutEggplantInBasketScene-v1|force_x0.5] ep 51 success=False steps=120 inf=2.0s sim=3.1s total=7.4s
[octo-small@chunk4|PutEggplantInBasketScene-v1|force_x0.5] ep 52 success=False steps=120 inf=2.0s sim=2.8s total=7.4s
[octo-small@chunk4|PutEggplantInBasketScene-v1|force_x0.5] ep 53 success=False steps=120 inf=2.1s sim=3.1s total=7.8s
[octo-small@chunk4|PutEggplantInBasketScene-v1|force_x0.5] ep 54 success=False steps=120 inf=2.3s sim=3.0s total=7.8s
[octo-small@chunk4|PutEggplantInBasketScene-v1|force_x0.5] ep 55 success=False steps=120 inf=2.2s sim=3.0s total=7.7s
[octo-small@chunk4|PutEggplantInBasketScene-v1|force_x0.5] ep 56 success=False steps=120 inf=2.1s sim=2.7s total=7.4s
[octo-small@chunk4|PutEggplantInBasketScene-v1|force_x0.5] ep 57 success=True steps=120 inf=2.0s sim=2.7s total=7.2s
[octo-small@chunk4|PutEggplantInBasketScene-v1|force_x0.5] ep 58 success=False steps=120 inf=2.1s sim=3.3s total=7.7s
[octo-small@chunk4|PutEggplantInBasketScene-v1|force_x0.5] ep 59 success=False steps=120 inf=2.0s sim=3.0s total=7.4s
[octo-small@chunk4|PutEggplantInBasketScene-v1|force_x0.5] ep 60 success=False steps=120 inf=2.3s sim=3.2s total=8.1s
[octo-small@chunk4|PutEggplantInBasketScene-v1|force_x0.5] ep 61 success=False steps=120 inf=2.1s sim=2.7s total=7.1s
[octo-small@chunk4|PutEggplantInBasketScene-v1|force_x0.5] ep 62 success=False steps=120 inf=2.2s sim=2.9s total=7.8s
[octo-small@chunk4|PutEggplantInBasketScene-v1|force_x0.5] ep 63 success=False steps=120 inf=2.0s sim=2.9s total=7.5s
== force_x0.5: 10/64 success
