E:\research\the_world\.venv-windows-ms3\Lib\site-packages\sapien\wrapper\pinocchio_model.py:299: UserWarning: pinnochio package is not installed, robotics functionalities will not be available
  warnings.warn(
[33;1m2026-09-20 16:59:10,811 - mani_skill  - WARNING - Mimic targets dictionary is missing for controller config for widowx250s_bridgedataset_sink. Assuming the first joint is the control joint and the second joint is the mimic joint[0m
[33;1m2026-09-20 16:59:10,896 - mani_skill  - WARNING - No initial pose set for actor builder of eggplant, setting to default pose q=[1,0,0,0], p=[0,0,0]. Not setting reasonable initial poses may slow down simulation, see https://github.com/haosulab/ManiSkill/issues/421.[0m
[33;1m2026-09-20 16:59:10,905 - mani_skill  - WARNING - No initial pose set for actor builder of dummy_sink_target_plane, setting to default pose q=[1,0,0,0], p=[0,0,0]. Not setting reasonable initial poses may slow down simulation, see https://github.com/haosulab/ManiSkill/issues/421.[0m
[octo-base@noens|PutEggplantInBasketScene-v1|nominal] ep 0 success=False steps=120 inf=14.2s sim=4.2s total=21.1s
[octo-base@noens|PutEggplantInBasketScene-v1|nominal] ep 1 success=True steps=120 inf=16.0s sim=5.6s total=24.5s
[octo-base@noens|PutEggplantInBasketScene-v1|nominal] ep 2 success=False steps=120 inf=15.7s sim=5.0s total=23.7s
[octo-base@noens|PutEggplantInBasketScene-v1|nominal] ep 3 success=False steps=120 inf=13.5s sim=4.3s total=20.7s
[octo-base@noens|PutEggplantInBasketScene-v1|nominal] ep 4 success=False steps=120 inf=12.9s sim=3.8s total=19.5s
[octo-base@noens|PutEggplantInBasketScene-v1|nominal] ep 5 success=False steps=120 inf=16.7s sim=4.5s total=24.2s
[octo-base@noens|PutEggplantInBasketScene-v1|nominal] ep 6 success=False steps=120 inf=39.1s sim=5.6s total=47.8s
[octo-base@noens|PutEggplantInBasketScene-v1|nominal] ep 7 success=False steps=120 inf=56.5s sim=6.8s total=90.8s
[octo-base@noens|PutEggplantInBasketScene-v1|nominal] ep 8 success=False steps=120 inf=59.4s sim=6.0s total=68.9s
[octo-base@noens|PutEggplantInBasketScene-v1|nominal] ep 9 success=False steps=120 inf=74.3s sim=6.6s total=84.4s
[octo-base@noens|PutEggplantInBasketScene-v1|nominal] ep 10 success=True steps=120 inf=66.8s sim=6.3s total=76.6s
[octo-base@noens|PutEggplantInBasketScene-v1|nominal] ep 11 success=False steps=120 inf=32.3s sim=6.6s total=42.3s
[octo-base@noens|PutEggplantInBasketScene-v1|nominal] ep 12 success=False steps=120 inf=55.4s sim=6.8s total=65.5s
[octo-base@noens|PutEggplantInBasketScene-v1|nominal] ep 13 success=True steps=120 inf=46.8s sim=6.7s total=57.0s
[octo-base@noens|PutEggplantInBasketScene-v1|nominal] ep 14 success=False steps=120 inf=35.4s sim=6.1s total=45.1s
[octo-base@noens|PutEggplantInBasketScene-v1|nominal] ep 15 success=False steps=120 inf=29.7s sim=7.5s total=40.7s
[octo-base@noens|PutEggplantInBasketScene-v1|nominal] ep 16 success=False steps=120 inf=38.7s sim=6.4s total=48.9s
[octo-base@noens|PutEggplantInBasketScene-v1|nominal] ep 17 success=True steps=120 inf=19.5s sim=8.4s total=31.6s
[octo-base@noens|PutEggplantInBasketScene-v1|nominal] ep 18 success=False steps=120 inf=30.9s sim=6.0s total=40.5s
[octo-base@noens|PutEggplantInBasketScene-v1|nominal] ep 19 success=False steps=120 inf=36.7s sim=7.2s total=47.5s
[octo-base@noens|PutEggplantInBasketScene-v1|nominal] ep 20 success=True steps=120 inf=20.5s sim=7.9s total=32.2s
[octo-base@noens|PutEggplantInBasketScene-v1|nominal] ep 21 success=False steps=120 inf=18.7s sim=8.1s total=30.3s
[octo-base@noens|PutEggplantInBasketScene-v1|nominal] ep 22 success=False steps=120 inf=20.8s sim=9.3s total=34.1s
[octo-base@noens|PutEggplantInBasketScene-v1|nominal] ep 23 success=False steps=120 inf=21.3s sim=8.7s total=33.6s
[octo-base@noens|PutEggplantInBasketScene-v1|nominal] ep 24 success=False steps=120 inf=21.2s sim=8.8s total=33.8s
[octo-base@noens|PutEggplantInBasketScene-v1|nominal] ep 25 success=False steps=120 inf=26.9s sim=6.6s total=36.9s
[octo-base@noens|PutEggplantInBasketScene-v1|nominal] ep 26 success=True steps=120 inf=22.1s sim=10.6s total=36.7s
[octo-base@noens|PutEggplantInBasketScene-v1|nominal] ep 27 success=False steps=120 inf=26.0s sim=9.5s total=39.3s
[octo-base@noens|PutEggplantInBasketScene-v1|nominal] ep 28 success=False steps=120 inf=20.8s sim=9.4s total=34.0s
[octo-base@noens|PutEggplantInBasketScene-v1|nominal] ep 29 success=True steps=120 inf=32.3s sim=9.3s total=45.4s
[octo-base@noens|PutEggplantInBasketScene-v1|nominal] ep 30 success=True steps=120 inf=21.5s sim=10.4s total=35.8s
[octo-base@noens|PutEggplantInBasketScene-v1|nominal] ep 31 success=False steps=120 inf=18.8s sim=7.8s total=30.4s
[octo-base@noens|PutEggplantInBasketScene-v1|nominal] ep 32 success=False steps=120 inf=20.3s sim=9.5s total=33.6s
[octo-base@noens|PutEggplantInBasketScene-v1|nominal] ep 33 success=True steps=120 inf=20.8s sim=10.4s total=35.1s
[octo-base@noens|PutEggplantInBasketScene-v1|nominal] ep 34 success=False steps=120 inf=22.9s sim=8.0s total=34.8s
[octo-base@noens|PutEggplantInBasketScene-v1|nominal] ep 35 success=False steps=120 inf=22.0s sim=8.6s total=34.3s
[octo-base@noens|PutEggplantInBasketScene-v1|nominal] ep 36 success=False steps=120 inf=21.2s sim=8.8s total=33.9s
[octo-base@noens|PutEggplantInBasketScene-v1|nominal] ep 37 success=True steps=120 inf=20.1s sim=8.4s total=32.4s
[octo-base@noens|PutEggplantInBasketScene-v1|nominal] ep 38 success=False steps=120 inf=20.9s sim=8.4s total=33.1s
[octo-base@noens|PutEggplantInBasketScene-v1|nominal] ep 39 success=False steps=120 inf=19.4s sim=9.3s total=32.4s
[octo-base@noens|PutEggplantInBasketScene-v1|nominal] ep 40 success=True steps=120 inf=25.0s sim=7.9s total=36.5s
[octo-base@noens|PutEggplantInBasketScene-v1|nominal] ep 41 success=False steps=120 inf=45.0s sim=8.1s total=56.5s
[octo-base@noens|PutEggplantInBasketScene-v1|nominal] ep 42 success=False steps=120 inf=36.5s sim=7.2s total=47.4s
[octo-base@noens|PutEggplantInBasketScene-v1|nominal] ep 43 success=False steps=120 inf=33.8s sim=9.7s total=47.0s
[octo-base@noens|PutEggplantInBasketScene-v1|nominal] ep 44 success=False steps=120 inf=39.2s sim=7.2s total=50.3s
[octo-base@noens|PutEggplantInBasketScene-v1|nominal] ep 45 success=True steps=120 inf=33.3s sim=8.7s total=45.5s
[octo-base@noens|PutEggplantInBasketScene-v1|nominal] ep 46 success=False steps=120 inf=32.2s sim=7.3s total=42.9s
[octo-base@noens|PutEggplantInBasketScene-v1|nominal] ep 47 success=True steps=120 inf=38.1s sim=8.1s total=49.7s
[octo-base@noens|PutEggplantInBasketScene-v1|nominal] ep 48 success=False steps=120 inf=24.5s sim=6.8s total=34.8s
[octo-base@noens|PutEggplantInBasketScene-v1|nominal] ep 49 success=False steps=120 inf=50.1s sim=7.7s total=61.3s
[octo-base@noens|PutEggplantInBasketScene-v1|nominal] ep 50 success=False steps=120 inf=30.2s sim=6.1s total=39.9s
[octo-base@noens|PutEggplantInBasketScene-v1|nominal] ep 51 success=False steps=120 inf=16.3s sim=6.5s total=26.0s
[octo-base@noens|PutEggplantInBasketScene-v1|nominal] ep 52 success=False steps=120 inf=23.1s sim=8.1s total=34.6s
[octo-base@noens|PutEggplantInBasketScene-v1|nominal] ep 53 success=True steps=120 inf=49.6s sim=6.0s total=59.1s
[octo-base@noens|PutEggplantInBasketScene-v1|nominal] ep 54 success=False steps=120 inf=26.5s sim=7.5s total=37.4s
[octo-base@noens|PutEggplantInBasketScene-v1|nominal] ep 55 success=False steps=120 inf=49.7s sim=7.9s total=61.2s
[octo-base@noens|PutEggplantInBasketScene-v1|nominal] ep 56 success=False steps=120 inf=42.9s sim=6.9s total=53.2s
[octo-base@noens|PutEggplantInBasketScene-v1|nominal] ep 57 success=True steps=120 inf=37.8s sim=8.5s total=49.8s
[octo-base@noens|PutEggplantInBasketScene-v1|nominal] ep 58 success=False steps=120 inf=35.0s sim=5.6s total=44.0s
[octo-base@noens|PutEggplantInBasketScene-v1|nominal] ep 59 success=False steps=120 inf=39.2s sim=9.0s total=51.5s
[octo-base@noens|PutEggplantInBasketScene-v1|nominal] ep 60 success=False steps=120 inf=32.7s sim=6.7s total=42.9s
[octo-base@noens|PutEggplantInBasketScene-v1|nominal] ep 61 success=True steps=120 inf=45.4s sim=8.0s total=57.0s
[octo-base@noens|PutEggplantInBasketScene-v1|nominal] ep 62 success=False steps=120 inf=23.5s sim=7.3s total=34.6s
[octo-base@noens|PutEggplantInBasketScene-v1|nominal] ep 63 success=False steps=120 inf=57.5s sim=7.1s total=68.3s
== nominal: 16/64 success
