E:\research\the_world\.venv-windows-ms3\Lib\site-packages\sapien\wrapper\pinocchio_model.py:299: UserWarning: pinnochio package is not installed, robotics functionalities will not be available
  warnings.warn(
[33;1m2026-09-20 21:38:51,081 - mani_skill  - WARNING - Mimic targets dictionary is missing for controller config for widowx250s_bridgedataset_sink. Assuming the first joint is the control joint and the second joint is the mimic joint[0m
[33;1m2026-09-20 21:38:51,170 - mani_skill  - WARNING - No initial pose set for actor builder of eggplant, setting to default pose q=[1,0,0,0], p=[0,0,0]. Not setting reasonable initial poses may slow down simulation, see https://github.com/haosulab/ManiSkill/issues/421.[0m
[33;1m2026-09-20 21:38:51,199 - mani_skill  - WARNING - No initial pose set for actor builder of dummy_sink_target_plane, setting to default pose q=[1,0,0,0], p=[0,0,0]. Not setting reasonable initial poses may slow down simulation, see https://github.com/haosulab/ManiSkill/issues/421.[0m
[octo-small@hist1|PutEggplantInBasketScene-v1|fric_x0.4] ep 0 success=False steps=120 inf=10.1s sim=3.4s total=16.1s
[octo-small@hist1|PutEggplantInBasketScene-v1|fric_x0.4] ep 1 success=True steps=120 inf=10.2s sim=2.7s total=15.3s
[octo-small@hist1|PutEggplantInBasketScene-v1|fric_x0.4] ep 2 success=False steps=120 inf=10.4s sim=3.7s total=16.8s
[octo-small@hist1|PutEggplantInBasketScene-v1|fric_x0.4] ep 3 success=False steps=120 inf=10.2s sim=3.0s total=15.6s
[octo-small@hist1|PutEggplantInBasketScene-v1|fric_x0.4] ep 4 success=False steps=120 inf=10.5s sim=3.6s total=16.9s
[octo-small@hist1|PutEggplantInBasketScene-v1|fric_x0.4] ep 5 success=False steps=120 inf=10.1s sim=2.5s total=15.2s
[octo-small@hist1|PutEggplantInBasketScene-v1|fric_x0.4] ep 6 success=True steps=120 inf=10.7s sim=3.5s total=16.9s
[octo-small@hist1|PutEggplantInBasketScene-v1|fric_x0.4] ep 7 success=False steps=120 inf=10.5s sim=3.9s total=17.1s
[octo-small@hist1|PutEggplantInBasketScene-v1|fric_x0.4] ep 8 success=False steps=120 inf=10.4s sim=3.3s total=16.4s
[octo-small@hist1|PutEggplantInBasketScene-v1|fric_x0.4] ep 9 success=True steps=120 inf=10.1s sim=2.6s total=15.5s
[octo-small@hist1|PutEggplantInBasketScene-v1|fric_x0.4] ep 10 success=False steps=120 inf=10.5s sim=2.9s total=16.4s
[octo-small@hist1|PutEggplantInBasketScene-v1|fric_x0.4] ep 11 success=False steps=120 inf=10.2s sim=3.8s total=16.6s
[octo-small@hist1|PutEggplantInBasketScene-v1|fric_x0.4] ep 12 success=True steps=120 inf=9.8s sim=2.6s total=15.1s
[octo-small@hist1|PutEggplantInBasketScene-v1|fric_x0.4] ep 13 success=False steps=120 inf=9.5s sim=2.8s total=15.0s
[octo-small@hist1|PutEggplantInBasketScene-v1|fric_x0.4] ep 14 success=True steps=120 inf=9.6s sim=2.6s total=14.9s
[octo-small@hist1|PutEggplantInBasketScene-v1|fric_x0.4] ep 15 success=False steps=120 inf=9.9s sim=3.1s total=15.7s
[octo-small@hist1|PutEggplantInBasketScene-v1|fric_x0.4] ep 16 success=False steps=120 inf=10.5s sim=2.8s total=15.7s
[octo-small@hist1|PutEggplantInBasketScene-v1|fric_x0.4] ep 17 success=False steps=120 inf=9.7s sim=2.4s total=14.8s
[octo-small@hist1|PutEggplantInBasketScene-v1|fric_x0.4] ep 18 success=True steps=120 inf=9.0s sim=2.4s total=14.1s
[octo-small@hist1|PutEggplantInBasketScene-v1|fric_x0.4] ep 19 success=False steps=120 inf=10.3s sim=2.8s total=15.7s
[octo-small@hist1|PutEggplantInBasketScene-v1|fric_x0.4] ep 20 success=False steps=120 inf=9.7s sim=3.1s total=15.6s
[octo-small@hist1|PutEggplantInBasketScene-v1|fric_x0.4] ep 21 success=False steps=120 inf=6.7s sim=2.4s total=11.9s
[octo-small@hist1|PutEggplantInBasketScene-v1|fric_x0.4] ep 22 success=True steps=120 inf=6.7s sim=2.1s total=11.4s
[octo-small@hist1|PutEggplantInBasketScene-v1|fric_x0.4] ep 23 success=False steps=120 inf=10.2s sim=3.0s total=15.8s
[octo-small@hist1|PutEggplantInBasketScene-v1|fric_x0.4] ep 24 success=False steps=120 inf=10.8s sim=2.9s total=16.4s
[octo-small@hist1|PutEggplantInBasketScene-v1|fric_x0.4] ep 25 success=False steps=120 inf=10.5s sim=2.8s total=16.1s
[octo-small@hist1|PutEggplantInBasketScene-v1|fric_x0.4] ep 26 success=True steps=120 inf=10.3s sim=2.9s total=15.9s
[octo-small@hist1|PutEggplantInBasketScene-v1|fric_x0.4] ep 27 success=False steps=120 inf=9.9s sim=2.8s total=15.2s
[octo-small@hist1|PutEggplantInBasketScene-v1|fric_x0.4] ep 28 success=True steps=120 inf=10.4s sim=2.5s total=15.5s
[octo-small@hist1|PutEggplantInBasketScene-v1|fric_x0.4] ep 29 success=True steps=120 inf=10.6s sim=2.3s total=15.5s
[octo-small@hist1|PutEggplantInBasketScene-v1|fric_x0.4] ep 30 success=False steps=120 inf=10.5s sim=3.2s total=16.6s
[octo-small@hist1|PutEggplantInBasketScene-v1|fric_x0.4] ep 31 success=False steps=120 inf=10.2s sim=3.1s total=15.9s
[octo-small@hist1|PutEggplantInBasketScene-v1|fric_x0.4] ep 32 success=False steps=120 inf=10.4s sim=3.3s total=16.5s
[octo-small@hist1|PutEggplantInBasketScene-v1|fric_x0.4] ep 33 success=False steps=120 inf=10.1s sim=3.2s total=16.2s
[octo-small@hist1|PutEggplantInBasketScene-v1|fric_x0.4] ep 34 success=False steps=120 inf=10.3s sim=3.5s total=16.3s
[octo-small@hist1|PutEggplantInBasketScene-v1|fric_x0.4] ep 35 success=False steps=120 inf=10.3s sim=3.2s total=16.1s
[octo-small@hist1|PutEggplantInBasketScene-v1|fric_x0.4] ep 36 success=False steps=120 inf=10.6s sim=3.6s total=16.8s
[octo-small@hist1|PutEggplantInBasketScene-v1|fric_x0.4] ep 37 success=False steps=120 inf=10.9s sim=3.5s total=17.1s
[octo-small@hist1|PutEggplantInBasketScene-v1|fric_x0.4] ep 38 success=False steps=120 inf=11.0s sim=3.1s total=16.8s
[octo-small@hist1|PutEggplantInBasketScene-v1|fric_x0.4] ep 39 success=False steps=120 inf=10.6s sim=3.5s total=16.9s
[octo-small@hist1|PutEggplantInBasketScene-v1|fric_x0.4] ep 40 success=False steps=120 inf=10.9s sim=2.9s total=16.4s
[octo-small@hist1|PutEggplantInBasketScene-v1|fric_x0.4] ep 41 success=False steps=120 inf=10.2s sim=3.5s total=16.5s
[octo-small@hist1|PutEggplantInBasketScene-v1|fric_x0.4] ep 42 success=True steps=120 inf=10.4s sim=2.4s total=15.3s
[octo-small@hist1|PutEggplantInBasketScene-v1|fric_x0.4] ep 43 success=False steps=120 inf=10.6s sim=3.0s total=16.3s
[octo-small@hist1|PutEggplantInBasketScene-v1|fric_x0.4] ep 44 success=False steps=120 inf=10.8s sim=2.8s total=16.4s
[octo-small@hist1|PutEggplantInBasketScene-v1|fric_x0.4] ep 45 success=True steps=120 inf=10.7s sim=2.2s total=15.7s
[octo-small@hist1|PutEggplantInBasketScene-v1|fric_x0.4] ep 46 success=False steps=120 inf=10.3s sim=3.7s total=16.9s
[octo-small@hist1|PutEggplantInBasketScene-v1|fric_x0.4] ep 47 success=False steps=120 inf=10.4s sim=3.1s total=16.2s
[octo-small@hist1|PutEggplantInBasketScene-v1|fric_x0.4] ep 48 success=True steps=120 inf=10.2s sim=2.6s total=15.8s
[octo-small@hist1|PutEggplantInBasketScene-v1|fric_x0.4] ep 49 success=False steps=120 inf=9.9s sim=3.5s total=16.3s
[octo-small@hist1|PutEggplantInBasketScene-v1|fric_x0.4] ep 50 success=False steps=120 inf=9.9s sim=3.6s total=16.4s
[octo-small@hist1|PutEggplantInBasketScene-v1|fric_x0.4] ep 51 success=False steps=120 inf=10.5s sim=3.1s total=16.7s
[octo-small@hist1|PutEggplantInBasketScene-v1|fric_x0.4] ep 52 success=False steps=120 inf=10.9s sim=3.2s total=16.8s
[octo-small@hist1|PutEggplantInBasketScene-v1|fric_x0.4] ep 53 success=False steps=120 inf=10.7s sim=3.3s total=16.6s
[octo-small@hist1|PutEggplantInBasketScene-v1|fric_x0.4] ep 54 success=False steps=120 inf=10.8s sim=3.3s total=17.0s
[octo-small@hist1|PutEggplantInBasketScene-v1|fric_x0.4] ep 55 success=False steps=120 inf=10.3s sim=3.0s total=16.1s
[octo-small@hist1|PutEggplantInBasketScene-v1|fric_x0.4] ep 56 success=False steps=120 inf=10.1s sim=3.2s total=16.2s
[octo-small@hist1|PutEggplantInBasketScene-v1|fric_x0.4] ep 57 success=True steps=120 inf=10.1s sim=2.7s total=15.6s
[octo-small@hist1|PutEggplantInBasketScene-v1|fric_x0.4] ep 58 success=False steps=120 inf=9.3s sim=3.0s total=15.1s
[octo-small@hist1|PutEggplantInBasketScene-v1|fric_x0.4] ep 59 success=False steps=120 inf=10.2s sim=3.2s total=15.9s
[octo-small@hist1|PutEggplantInBasketScene-v1|fric_x0.4] ep 60 success=False steps=120 inf=10.4s sim=3.5s total=16.8s
[octo-small@hist1|PutEggplantInBasketScene-v1|fric_x0.4] ep 61 success=True steps=120 inf=10.6s sim=2.3s total=15.6s
[octo-small@hist1|PutEggplantInBasketScene-v1|fric_x0.4] ep 62 success=False steps=120 inf=10.0s sim=2.7s total=15.2s
[octo-small@hist1|PutEggplantInBasketScene-v1|fric_x0.4] ep 63 success=False steps=120 inf=10.2s sim=3.3s total=16.5s
== fric_x0.4: 15/64 success
