E:\research\the_world\.venv-windows-ms3\Lib\site-packages\sapien\wrapper\pinocchio_model.py:299: UserWarning: pinnochio package is not installed, robotics functionalities will not be available
  warnings.warn(
[33;1m2026-09-21 03:05:40,528 - mani_skill  - WARNING - Mimic targets dictionary is missing for controller config for widowx250s_bridgedataset_sink. Assuming the first joint is the control joint and the second joint is the mimic joint[0m
[33;1m2026-09-21 03:05:40,624 - mani_skill  - WARNING - No initial pose set for actor builder of eggplant, setting to default pose q=[1,0,0,0], p=[0,0,0]. Not setting reasonable initial poses may slow down simulation, see https://github.com/haosulab/ManiSkill/issues/421.[0m
[33;1m2026-09-21 03:05:40,648 - mani_skill  - WARNING - No initial pose set for actor builder of dummy_sink_target_plane, setting to default pose q=[1,0,0,0], p=[0,0,0]. Not setting reasonable initial poses may slow down simulation, see https://github.com/haosulab/ManiSkill/issues/421.[0m
[octo-base@hist1|PutEggplantInBasketScene-v1|iso_x0.25] ep 0 success=True steps=120 inf=9.9s sim=6.3s total=20.2s
[octo-base@hist1|PutEggplantInBasketScene-v1|iso_x0.25] ep 1 success=True steps=120 inf=10.2s sim=4.7s total=19.0s
[octo-base@hist1|PutEggplantInBasketScene-v1|iso_x0.25] ep 2 success=True steps=120 inf=10.7s sim=5.8s total=20.2s
[octo-base@hist1|PutEggplantInBasketScene-v1|iso_x0.25] ep 3 success=False steps=120 inf=9.9s sim=6.0s total=19.8s
[octo-base@hist1|PutEggplantInBasketScene-v1|iso_x0.25] ep 4 success=False steps=120 inf=10.5s sim=5.8s total=20.5s
[octo-base@hist1|PutEggplantInBasketScene-v1|iso_x0.25] ep 5 success=False steps=120 inf=10.0s sim=6.3s total=20.5s
[octo-base@hist1|PutEggplantInBasketScene-v1|iso_x0.25] ep 6 success=True steps=120 inf=10.4s sim=4.4s total=19.0s
[octo-base@hist1|PutEggplantInBasketScene-v1|iso_x0.25] ep 7 success=False steps=120 inf=10.0s sim=6.1s total=20.4s
[octo-base@hist1|PutEggplantInBasketScene-v1|iso_x0.25] ep 8 success=True steps=120 inf=10.0s sim=6.3s total=20.4s
[octo-base@hist1|PutEggplantInBasketScene-v1|iso_x0.25] ep 9 success=False steps=120 inf=11.0s sim=5.3s total=20.5s
[octo-base@hist1|PutEggplantInBasketScene-v1|iso_x0.25] ep 10 success=False steps=120 inf=9.8s sim=4.4s total=18.3s
[octo-base@hist1|PutEggplantInBasketScene-v1|iso_x0.25] ep 11 success=False steps=120 inf=9.8s sim=5.8s total=19.8s
[octo-base@hist1|PutEggplantInBasketScene-v1|iso_x0.25] ep 12 success=True steps=120 inf=10.2s sim=5.9s total=20.4s
[octo-base@hist1|PutEggplantInBasketScene-v1|iso_x0.25] ep 13 success=True steps=120 inf=10.3s sim=4.6s total=18.7s
[octo-base@hist1|PutEggplantInBasketScene-v1|iso_x0.25] ep 14 success=True steps=120 inf=9.6s sim=6.4s total=20.4s
[octo-base@hist1|PutEggplantInBasketScene-v1|iso_x0.25] ep 15 success=False steps=120 inf=10.1s sim=5.9s total=20.1s
[octo-base@hist1|PutEggplantInBasketScene-v1|iso_x0.25] ep 16 success=True steps=120 inf=9.7s sim=6.2s total=20.4s
[octo-base@hist1|PutEggplantInBasketScene-v1|iso_x0.25] ep 17 success=True steps=120 inf=10.8s sim=5.6s total=20.4s
[octo-base@hist1|PutEggplantInBasketScene-v1|iso_x0.25] ep 18 success=True steps=120 inf=9.6s sim=4.5s total=17.9s
[octo-base@hist1|PutEggplantInBasketScene-v1|iso_x0.25] ep 19 success=False steps=120 inf=10.1s sim=5.5s total=19.7s
[octo-base@hist1|PutEggplantInBasketScene-v1|iso_x0.25] ep 20 success=True steps=120 inf=11.1s sim=4.3s total=19.5s
[octo-base@hist1|PutEggplantInBasketScene-v1|iso_x0.25] ep 21 success=True steps=120 inf=10.4s sim=4.5s total=19.4s
[octo-base@hist1|PutEggplantInBasketScene-v1|iso_x0.25] ep 22 success=True steps=120 inf=10.2s sim=3.9s total=17.8s
[octo-base@hist1|PutEggplantInBasketScene-v1|iso_x0.25] ep 23 success=False steps=120 inf=10.2s sim=4.3s total=18.0s
[octo-base@hist1|PutEggplantInBasketScene-v1|iso_x0.25] ep 24 success=True steps=120 inf=11.3s sim=4.1s total=18.4s
[octo-base@hist1|PutEggplantInBasketScene-v1|iso_x0.25] ep 25 success=True steps=120 inf=10.6s sim=3.1s total=17.3s
[octo-base@hist1|PutEggplantInBasketScene-v1|iso_x0.25] ep 26 success=True steps=120 inf=11.3s sim=4.8s total=19.2s
[octo-base@hist1|PutEggplantInBasketScene-v1|iso_x0.25] ep 27 success=False steps=120 inf=11.7s sim=4.4s total=18.1s
[octo-base@hist1|PutEggplantInBasketScene-v1|iso_x0.25] ep 28 success=True steps=120 inf=11.7s sim=3.3s total=17.6s
[octo-base@hist1|PutEggplantInBasketScene-v1|iso_x0.25] ep 29 success=True steps=120 inf=11.1s sim=3.6s total=17.9s
[octo-base@hist1|PutEggplantInBasketScene-v1|iso_x0.25] ep 30 success=True steps=120 inf=11.9s sim=3.3s total=17.9s
[octo-base@hist1|PutEggplantInBasketScene-v1|iso_x0.25] ep 31 success=False steps=120 inf=11.2s sim=4.4s total=18.4s
[octo-base@hist1|PutEggplantInBasketScene-v1|iso_x0.25] ep 32 success=False steps=120 inf=11.0s sim=3.9s total=18.2s
[octo-base@hist1|PutEggplantInBasketScene-v1|iso_x0.25] ep 33 success=True steps=120 inf=11.1s sim=3.5s total=17.7s
[octo-base@hist1|PutEggplantInBasketScene-v1|iso_x0.25] ep 34 success=False steps=120 inf=11.1s sim=3.9s total=17.8s
[octo-base@hist1|PutEggplantInBasketScene-v1|iso_x0.25] ep 35 success=False steps=120 inf=11.0s sim=4.3s total=18.4s
[octo-base@hist1|PutEggplantInBasketScene-v1|iso_x0.25] ep 36 success=False steps=120 inf=11.9s sim=3.7s total=18.3s
[octo-base@hist1|PutEggplantInBasketScene-v1|iso_x0.25] ep 37 success=True steps=120 inf=11.5s sim=4.5s total=19.3s
[octo-base@hist1|PutEggplantInBasketScene-v1|iso_x0.25] ep 38 success=True steps=120 inf=11.7s sim=3.2s total=17.9s
[octo-base@hist1|PutEggplantInBasketScene-v1|iso_x0.25] ep 39 success=False steps=120 inf=12.0s sim=4.7s total=19.9s
[octo-base@hist1|PutEggplantInBasketScene-v1|iso_x0.25] ep 40 success=False steps=120 inf=11.8s sim=3.5s total=18.0s
[octo-base@hist1|PutEggplantInBasketScene-v1|iso_x0.25] ep 41 success=True steps=120 inf=11.5s sim=4.3s total=19.1s
[octo-base@hist1|PutEggplantInBasketScene-v1|iso_x0.25] ep 42 success=False steps=120 inf=13.2s sim=5.0s total=21.5s
[octo-base@hist1|PutEggplantInBasketScene-v1|iso_x0.25] ep 43 success=False steps=120 inf=17.2s sim=8.6s total=29.6s
[octo-base@hist1|PutEggplantInBasketScene-v1|iso_x0.25] ep 44 success=False steps=120 inf=16.7s sim=8.9s total=29.5s
[octo-base@hist1|PutEggplantInBasketScene-v1|iso_x0.25] ep 45 success=True steps=120 inf=17.2s sim=11.4s total=32.4s
[octo-base@hist1|PutEggplantInBasketScene-v1|iso_x0.25] ep 46 success=False steps=120 inf=16.8s sim=8.7s total=29.6s
[octo-base@hist1|PutEggplantInBasketScene-v1|iso_x0.25] ep 47 success=False steps=120 inf=16.0s sim=11.0s total=30.7s
[octo-base@hist1|PutEggplantInBasketScene-v1|iso_x0.25] ep 48 success=False steps=120 inf=13.0s sim=5.8s total=22.5s
[octo-base@hist1|PutEggplantInBasketScene-v1|iso_x0.25] ep 49 success=True steps=120 inf=12.0s sim=4.4s total=19.7s
[octo-base@hist1|PutEggplantInBasketScene-v1|iso_x0.25] ep 50 success=False steps=120 inf=15.0s sim=8.8s total=27.2s
[octo-base@hist1|PutEggplantInBasketScene-v1|iso_x0.25] ep 51 success=False steps=120 inf=16.4s sim=11.8s total=32.4s
[octo-base@hist1|PutEggplantInBasketScene-v1|iso_x0.25] ep 52 success=False steps=120 inf=16.6s sim=9.1s total=29.4s
[octo-base@hist1|PutEggplantInBasketScene-v1|iso_x0.25] ep 53 success=True steps=120 inf=16.3s sim=7.5s total=27.8s
[octo-base@hist1|PutEggplantInBasketScene-v1|iso_x0.25] ep 54 success=False steps=120 inf=17.3s sim=8.8s total=29.7s
[octo-base@hist1|PutEggplantInBasketScene-v1|iso_x0.25] ep 55 success=False steps=120 inf=16.6s sim=9.8s total=30.3s
[octo-base@hist1|PutEggplantInBasketScene-v1|iso_x0.25] ep 56 success=True steps=120 inf=15.8s sim=10.9s total=30.5s
[octo-base@hist1|PutEggplantInBasketScene-v1|iso_x0.25] ep 57 success=False steps=120 inf=16.1s sim=9.3s total=29.4s
[octo-base@hist1|PutEggplantInBasketScene-v1|iso_x0.25] ep 58 success=False steps=120 inf=17.3s sim=10.1s total=31.5s
[octo-base@hist1|PutEggplantInBasketScene-v1|iso_x0.25] ep 59 success=False steps=120 inf=15.4s sim=10.5s total=30.0s
[octo-base@hist1|PutEggplantInBasketScene-v1|iso_x0.25] ep 60 success=False steps=120 inf=14.5s sim=9.7s total=28.2s
[octo-base@hist1|PutEggplantInBasketScene-v1|iso_x0.25] ep 61 success=False steps=120 inf=16.1s sim=10.8s total=31.2s
[octo-base@hist1|PutEggplantInBasketScene-v1|iso_x0.25] ep 62 success=False steps=120 inf=16.0s sim=10.1s total=30.3s
[octo-base@hist1|PutEggplantInBasketScene-v1|iso_x0.25] ep 63 success=False steps=120 inf=15.7s sim=10.9s total=30.9s
== iso_x0.25: 28/64 success
