E:\research\the_world\.venv-windows-ms3\Lib\site-packages\sapien\wrapper\pinocchio_model.py:299: UserWarning: pinnochio package is not installed, robotics functionalities will not be available
  warnings.warn(
[33;1m2026-09-21 02:42:15,863 - mani_skill  - WARNING - Mimic targets dictionary is missing for controller config for widowx250s_bridgedataset_sink. Assuming the first joint is the control joint and the second joint is the mimic joint[0m
[33;1m2026-09-21 02:42:15,968 - mani_skill  - WARNING - No initial pose set for actor builder of eggplant, setting to default pose q=[1,0,0,0], p=[0,0,0]. Not setting reasonable initial poses may slow down simulation, see https://github.com/haosulab/ManiSkill/issues/421.[0m
[33;1m2026-09-21 02:42:15,989 - mani_skill  - WARNING - No initial pose set for actor builder of dummy_sink_target_plane, setting to default pose q=[1,0,0,0], p=[0,0,0]. Not setting reasonable initial poses may slow down simulation, see https://github.com/haosulab/ManiSkill/issues/421.[0m
[octo-small@hist1|PutEggplantInBasketScene-v1|iso_x0.25] ep 0 success=False steps=120 inf=9.8s sim=5.7s total=19.5s
[octo-small@hist1|PutEggplantInBasketScene-v1|iso_x0.25] ep 1 success=True steps=120 inf=10.5s sim=5.1s total=19.8s
[octo-small@hist1|PutEggplantInBasketScene-v1|iso_x0.25] ep 2 success=False steps=120 inf=10.5s sim=6.5s total=20.9s
[octo-small@hist1|PutEggplantInBasketScene-v1|iso_x0.25] ep 3 success=False steps=120 inf=8.3s sim=5.4s total=17.6s
[octo-small@hist1|PutEggplantInBasketScene-v1|iso_x0.25] ep 4 success=True steps=120 inf=9.1s sim=4.2s total=17.2s
[octo-small@hist1|PutEggplantInBasketScene-v1|iso_x0.25] ep 5 success=True steps=120 inf=9.8s sim=5.1s total=18.9s
[octo-small@hist1|PutEggplantInBasketScene-v1|iso_x0.25] ep 6 success=True steps=120 inf=12.0s sim=5.0s total=21.1s
[octo-small@hist1|PutEggplantInBasketScene-v1|iso_x0.25] ep 7 success=False steps=120 inf=10.2s sim=6.7s total=45.3s
[octo-small@hist1|PutEggplantInBasketScene-v1|iso_x0.25] ep 8 success=True steps=120 inf=10.4s sim=4.6s total=19.0s
[octo-small@hist1|PutEggplantInBasketScene-v1|iso_x0.25] ep 9 success=True steps=120 inf=10.1s sim=4.5s total=19.0s
[octo-small@hist1|PutEggplantInBasketScene-v1|iso_x0.25] ep 10 success=False steps=120 inf=10.9s sim=6.5s total=21.4s
[octo-small@hist1|PutEggplantInBasketScene-v1|iso_x0.25] ep 11 success=False steps=120 inf=10.6s sim=5.9s total=20.8s
[octo-small@hist1|PutEggplantInBasketScene-v1|iso_x0.25] ep 12 success=True steps=120 inf=10.6s sim=5.3s total=20.6s
[octo-small@hist1|PutEggplantInBasketScene-v1|iso_x0.25] ep 13 success=True steps=120 inf=10.6s sim=4.4s total=18.8s
[octo-small@hist1|PutEggplantInBasketScene-v1|iso_x0.25] ep 14 success=False steps=120 inf=9.9s sim=6.9s total=21.1s
[octo-small@hist1|PutEggplantInBasketScene-v1|iso_x0.25] ep 15 success=False steps=120 inf=10.4s sim=6.1s total=21.0s
[octo-small@hist1|PutEggplantInBasketScene-v1|iso_x0.25] ep 16 success=True steps=120 inf=10.5s sim=4.7s total=19.5s
[octo-small@hist1|PutEggplantInBasketScene-v1|iso_x0.25] ep 17 success=True steps=120 inf=10.5s sim=4.9s total=19.8s
[octo-small@hist1|PutEggplantInBasketScene-v1|iso_x0.25] ep 18 success=True steps=120 inf=10.0s sim=5.0s total=18.9s
[octo-small@hist1|PutEggplantInBasketScene-v1|iso_x0.25] ep 19 success=False steps=120 inf=9.9s sim=6.0s total=20.3s
[octo-small@hist1|PutEggplantInBasketScene-v1|iso_x0.25] ep 20 success=False steps=120 inf=11.0s sim=6.1s total=21.3s
[octo-small@hist1|PutEggplantInBasketScene-v1|iso_x0.25] ep 21 success=False steps=120 inf=10.4s sim=5.5s total=19.9s
[octo-small@hist1|PutEggplantInBasketScene-v1|iso_x0.25] ep 22 success=False steps=120 inf=10.1s sim=6.1s total=20.4s
[octo-small@hist1|PutEggplantInBasketScene-v1|iso_x0.25] ep 23 success=False steps=120 inf=10.4s sim=6.4s total=21.0s
[octo-small@hist1|PutEggplantInBasketScene-v1|iso_x0.25] ep 24 success=True steps=120 inf=11.8s sim=5.0s total=21.3s
[octo-small@hist1|PutEggplantInBasketScene-v1|iso_x0.25] ep 25 success=True steps=120 inf=10.8s sim=4.9s total=20.1s
[octo-small@hist1|PutEggplantInBasketScene-v1|iso_x0.25] ep 26 success=True steps=120 inf=11.7s sim=5.6s total=21.4s
[octo-small@hist1|PutEggplantInBasketScene-v1|iso_x0.25] ep 27 success=False steps=120 inf=12.0s sim=5.7s total=22.0s
[octo-small@hist1|PutEggplantInBasketScene-v1|iso_x0.25] ep 28 success=True steps=120 inf=10.9s sim=4.7s total=19.6s
[octo-small@hist1|PutEggplantInBasketScene-v1|iso_x0.25] ep 29 success=True steps=120 inf=10.1s sim=4.6s total=18.7s
[octo-small@hist1|PutEggplantInBasketScene-v1|iso_x0.25] ep 30 success=False steps=120 inf=10.3s sim=5.9s total=20.3s
[octo-small@hist1|PutEggplantInBasketScene-v1|iso_x0.25] ep 31 success=False steps=120 inf=11.8s sim=6.1s total=22.0s
[octo-small@hist1|PutEggplantInBasketScene-v1|iso_x0.25] ep 32 success=False steps=120 inf=10.1s sim=5.9s total=20.2s
[octo-small@hist1|PutEggplantInBasketScene-v1|iso_x0.25] ep 33 success=False steps=120 inf=10.2s sim=5.9s total=20.5s
[octo-small@hist1|PutEggplantInBasketScene-v1|iso_x0.25] ep 34 success=False steps=120 inf=11.5s sim=6.5s total=22.2s
[octo-small@hist1|PutEggplantInBasketScene-v1|iso_x0.25] ep 35 success=False steps=120 inf=10.5s sim=6.1s total=20.6s
[octo-small@hist1|PutEggplantInBasketScene-v1|iso_x0.25] ep 36 success=False steps=120 inf=10.0s sim=6.3s total=20.5s
[octo-small@hist1|PutEggplantInBasketScene-v1|iso_x0.25] ep 37 success=False steps=120 inf=10.8s sim=5.7s total=20.5s
[octo-small@hist1|PutEggplantInBasketScene-v1|iso_x0.25] ep 38 success=False steps=120 inf=10.7s sim=6.0s total=20.5s
[octo-small@hist1|PutEggplantInBasketScene-v1|iso_x0.25] ep 39 success=False steps=120 inf=10.7s sim=5.9s total=20.4s
[octo-small@hist1|PutEggplantInBasketScene-v1|iso_x0.25] ep 40 success=False steps=120 inf=11.0s sim=5.8s total=21.0s
[octo-small@hist1|PutEggplantInBasketScene-v1|iso_x0.25] ep 41 success=True steps=120 inf=10.2s sim=4.7s total=19.3s
[octo-small@hist1|PutEggplantInBasketScene-v1|iso_x0.25] ep 42 success=False steps=120 inf=10.5s sim=5.7s total=19.7s
[octo-small@hist1|PutEggplantInBasketScene-v1|iso_x0.25] ep 43 success=True steps=120 inf=10.1s sim=4.5s total=19.0s
[octo-small@hist1|PutEggplantInBasketScene-v1|iso_x0.25] ep 44 success=False steps=120 inf=10.0s sim=5.9s total=19.4s
[octo-small@hist1|PutEggplantInBasketScene-v1|iso_x0.25] ep 45 success=True steps=120 inf=10.5s sim=4.4s total=19.2s
[octo-small@hist1|PutEggplantInBasketScene-v1|iso_x0.25] ep 46 success=True steps=120 inf=10.3s sim=5.6s total=19.4s
[octo-small@hist1|PutEggplantInBasketScene-v1|iso_x0.25] ep 47 success=False steps=120 inf=9.8s sim=6.1s total=20.0s
[octo-small@hist1|PutEggplantInBasketScene-v1|iso_x0.25] ep 48 success=False steps=120 inf=9.5s sim=5.6s total=19.4s
[octo-small@hist1|PutEggplantInBasketScene-v1|iso_x0.25] ep 49 success=False steps=120 inf=9.9s sim=4.4s total=18.2s
[octo-small@hist1|PutEggplantInBasketScene-v1|iso_x0.25] ep 50 success=False steps=120 inf=10.0s sim=5.0s total=18.8s
[octo-small@hist1|PutEggplantInBasketScene-v1|iso_x0.25] ep 51 success=False steps=120 inf=10.1s sim=5.8s total=19.8s
[octo-small@hist1|PutEggplantInBasketScene-v1|iso_x0.25] ep 52 success=False steps=120 inf=10.4s sim=6.0s total=19.8s
[octo-small@hist1|PutEggplantInBasketScene-v1|iso_x0.25] ep 53 success=True steps=120 inf=9.7s sim=4.5s total=18.0s
[octo-small@hist1|PutEggplantInBasketScene-v1|iso_x0.25] ep 54 success=True steps=120 inf=10.6s sim=4.3s total=18.7s
[octo-small@hist1|PutEggplantInBasketScene-v1|iso_x0.25] ep 55 success=False steps=120 inf=11.3s sim=5.1s total=19.9s
[octo-small@hist1|PutEggplantInBasketScene-v1|iso_x0.25] ep 56 success=True steps=120 inf=9.6s sim=4.5s total=18.2s
[octo-small@hist1|PutEggplantInBasketScene-v1|iso_x0.25] ep 57 success=True steps=120 inf=9.9s sim=4.4s total=18.2s
[octo-small@hist1|PutEggplantInBasketScene-v1|iso_x0.25] ep 58 success=False steps=120 inf=10.6s sim=5.0s total=19.4s
[octo-small@hist1|PutEggplantInBasketScene-v1|iso_x0.25] ep 59 success=False steps=120 inf=10.0s sim=5.0s total=18.8s
[octo-small@hist1|PutEggplantInBasketScene-v1|iso_x0.25] ep 60 success=False steps=120 inf=10.0s sim=5.3s total=19.2s
[octo-small@hist1|PutEggplantInBasketScene-v1|iso_x0.25] ep 61 success=False steps=120 inf=11.1s sim=5.0s total=20.0s
[octo-small@hist1|PutEggplantInBasketScene-v1|iso_x0.25] ep 62 success=False steps=120 inf=9.7s sim=5.3s total=19.0s
[octo-small@hist1|PutEggplantInBasketScene-v1|iso_x0.25] ep 63 success=False steps=120 inf=10.6s sim=5.8s total=20.1s
== iso_x0.25: 24/64 success
