E:\research\the_world\.venv-windows-ms3\Lib\site-packages\sapien\wrapper\pinocchio_model.py:299: UserWarning: pinnochio package is not installed, robotics functionalities will not be available
  warnings.warn(
[33;1m2026-09-20 21:20:19,332 - mani_skill  - WARNING - Mimic targets dictionary is missing for controller config for widowx250s_bridgedataset_sink. Assuming the first joint is the control joint and the second joint is the mimic joint[0m
[33;1m2026-09-20 21:20:19,422 - mani_skill  - WARNING - No initial pose set for actor builder of eggplant, setting to default pose q=[1,0,0,0], p=[0,0,0]. Not setting reasonable initial poses may slow down simulation, see https://github.com/haosulab/ManiSkill/issues/421.[0m
[33;1m2026-09-20 21:20:19,440 - mani_skill  - WARNING - No initial pose set for actor builder of dummy_sink_target_plane, setting to default pose q=[1,0,0,0], p=[0,0,0]. Not setting reasonable initial poses may slow down simulation, see https://github.com/haosulab/ManiSkill/issues/421.[0m
[octo-small|PutEggplantInBasketScene-v1|fric_x0.4] ep 0 success=True steps=120 inf=10.9s sim=2.5s total=16.3s
[octo-small|PutEggplantInBasketScene-v1|fric_x0.4] ep 1 success=False steps=120 inf=10.7s sim=4.1s total=17.8s
[octo-small|PutEggplantInBasketScene-v1|fric_x0.4] ep 2 success=False steps=120 inf=11.1s sim=3.5s total=17.7s
[octo-small|PutEggplantInBasketScene-v1|fric_x0.4] ep 3 success=False steps=120 inf=10.9s sim=3.1s total=16.9s
[octo-small|PutEggplantInBasketScene-v1|fric_x0.4] ep 4 success=True steps=120 inf=10.6s sim=4.1s total=17.6s
[octo-small|PutEggplantInBasketScene-v1|fric_x0.4] ep 5 success=True steps=120 inf=10.8s sim=2.5s total=16.3s
[octo-small|PutEggplantInBasketScene-v1|fric_x0.4] ep 6 success=False steps=120 inf=10.7s sim=3.7s total=17.1s
[octo-small|PutEggplantInBasketScene-v1|fric_x0.4] ep 7 success=False steps=120 inf=11.1s sim=3.5s total=17.7s
[octo-small|PutEggplantInBasketScene-v1|fric_x0.4] ep 8 success=True steps=120 inf=10.9s sim=2.5s total=16.4s
[octo-small|PutEggplantInBasketScene-v1|fric_x0.4] ep 9 success=True steps=120 inf=11.3s sim=2.3s total=16.5s
[octo-small|PutEggplantInBasketScene-v1|fric_x0.4] ep 10 success=True steps=120 inf=11.2s sim=2.8s total=16.8s
[octo-small|PutEggplantInBasketScene-v1|fric_x0.4] ep 11 success=False steps=120 inf=11.1s sim=3.5s total=17.5s
[octo-small|PutEggplantInBasketScene-v1|fric_x0.4] ep 12 success=True steps=120 inf=10.5s sim=2.6s total=15.9s
[octo-small|PutEggplantInBasketScene-v1|fric_x0.4] ep 13 success=True steps=120 inf=10.6s sim=2.6s total=16.1s
[octo-small|PutEggplantInBasketScene-v1|fric_x0.4] ep 14 success=False steps=120 inf=11.4s sim=3.3s total=17.6s
[octo-small|PutEggplantInBasketScene-v1|fric_x0.4] ep 15 success=False steps=120 inf=11.3s sim=3.5s total=17.7s
[octo-small|PutEggplantInBasketScene-v1|fric_x0.4] ep 16 success=True steps=120 inf=10.9s sim=2.5s total=16.3s
[octo-small|PutEggplantInBasketScene-v1|fric_x0.4] ep 17 success=True steps=120 inf=9.1s sim=2.6s total=14.4s
[octo-small|PutEggplantInBasketScene-v1|fric_x0.4] ep 18 success=True steps=120 inf=7.1s sim=2.0s total=11.8s
[octo-small|PutEggplantInBasketScene-v1|fric_x0.4] ep 19 success=False steps=120 inf=11.1s sim=2.9s total=16.9s
[octo-small|PutEggplantInBasketScene-v1|fric_x0.4] ep 20 success=True steps=120 inf=10.7s sim=2.8s total=16.5s
[octo-small|PutEggplantInBasketScene-v1|fric_x0.4] ep 21 success=True steps=120 inf=10.6s sim=2.7s total=16.1s
[octo-small|PutEggplantInBasketScene-v1|fric_x0.4] ep 22 success=True steps=120 inf=11.0s sim=2.7s total=16.5s
[octo-small|PutEggplantInBasketScene-v1|fric_x0.4] ep 23 success=False steps=120 inf=10.9s sim=3.6s total=17.3s
[octo-small|PutEggplantInBasketScene-v1|fric_x0.4] ep 24 success=True steps=120 inf=10.4s sim=2.7s total=16.0s
[octo-small|PutEggplantInBasketScene-v1|fric_x0.4] ep 25 success=True steps=120 inf=10.4s sim=3.0s total=16.3s
[octo-small|PutEggplantInBasketScene-v1|fric_x0.4] ep 26 success=True steps=120 inf=10.3s sim=3.0s total=16.0s
[octo-small|PutEggplantInBasketScene-v1|fric_x0.4] ep 27 success=False steps=120 inf=10.5s sim=3.3s total=16.5s
[octo-small|PutEggplantInBasketScene-v1|fric_x0.4] ep 28 success=True steps=120 inf=10.8s sim=3.0s total=16.7s
[octo-small|PutEggplantInBasketScene-v1|fric_x0.4] ep 29 success=True steps=120 inf=10.7s sim=2.6s total=15.9s
[octo-small|PutEggplantInBasketScene-v1|fric_x0.4] ep 30 success=True steps=120 inf=10.0s sim=2.6s total=15.6s
[octo-small|PutEggplantInBasketScene-v1|fric_x0.4] ep 31 success=False steps=120 inf=10.6s sim=3.0s total=16.3s
[octo-small|PutEggplantInBasketScene-v1|fric_x0.4] ep 32 success=False steps=120 inf=10.7s sim=3.1s total=16.8s
[octo-small|PutEggplantInBasketScene-v1|fric_x0.4] ep 33 success=True steps=120 inf=10.9s sim=3.1s total=16.8s
[octo-small|PutEggplantInBasketScene-v1|fric_x0.4] ep 34 success=False steps=120 inf=10.6s sim=3.8s total=17.4s
[octo-small|PutEggplantInBasketScene-v1|fric_x0.4] ep 35 success=True steps=120 inf=10.3s sim=2.6s total=15.5s
[octo-small|PutEggplantInBasketScene-v1|fric_x0.4] ep 36 success=False steps=120 inf=11.3s sim=3.4s total=41.9s
[octo-small|PutEggplantInBasketScene-v1|fric_x0.4] ep 37 success=False steps=120 inf=11.3s sim=3.6s total=17.9s
[octo-small|PutEggplantInBasketScene-v1|fric_x0.4] ep 38 success=False steps=120 inf=10.1s sim=3.8s total=17.0s
[octo-small|PutEggplantInBasketScene-v1|fric_x0.4] ep 39 success=False steps=120 inf=10.7s sim=3.4s total=17.0s
[octo-small|PutEggplantInBasketScene-v1|fric_x0.4] ep 40 success=True steps=120 inf=10.8s sim=2.8s total=16.7s
[octo-small|PutEggplantInBasketScene-v1|fric_x0.4] ep 41 success=True steps=120 inf=10.7s sim=2.8s total=16.2s
[octo-small|PutEggplantInBasketScene-v1|fric_x0.4] ep 42 success=False steps=120 inf=11.2s sim=3.4s total=17.6s
[octo-small|PutEggplantInBasketScene-v1|fric_x0.4] ep 43 success=False steps=120 inf=11.2s sim=3.1s total=17.0s
[octo-small|PutEggplantInBasketScene-v1|fric_x0.4] ep 44 success=True steps=120 inf=11.4s sim=2.7s total=16.2s
[octo-small|PutEggplantInBasketScene-v1|fric_x0.4] ep 45 success=True steps=120 inf=11.3s sim=2.7s total=15.8s
[octo-small|PutEggplantInBasketScene-v1|fric_x0.4] ep 46 success=False steps=120 inf=12.0s sim=3.3s total=17.2s
[octo-small|PutEggplantInBasketScene-v1|fric_x0.4] ep 47 success=False steps=120 inf=10.9s sim=3.7s total=17.6s
[octo-small|PutEggplantInBasketScene-v1|fric_x0.4] ep 48 success=True steps=120 inf=11.9s sim=2.7s total=16.5s
[octo-small|PutEggplantInBasketScene-v1|fric_x0.4] ep 49 success=True steps=120 inf=11.3s sim=2.7s total=17.1s
[octo-small|PutEggplantInBasketScene-v1|fric_x0.4] ep 50 success=True steps=120 inf=10.4s sim=2.9s total=15.7s
[octo-small|PutEggplantInBasketScene-v1|fric_x0.4] ep 51 success=False steps=120 inf=11.0s sim=3.5s total=16.8s
[octo-small|PutEggplantInBasketScene-v1|fric_x0.4] ep 52 success=True steps=120 inf=11.2s sim=2.7s total=16.1s
[octo-small|PutEggplantInBasketScene-v1|fric_x0.4] ep 53 success=False steps=120 inf=10.8s sim=3.3s total=16.2s
[octo-small|PutEggplantInBasketScene-v1|fric_x0.4] ep 54 success=False steps=120 inf=11.1s sim=3.7s total=17.9s
[octo-small|PutEggplantInBasketScene-v1|fric_x0.4] ep 55 success=False steps=120 inf=10.7s sim=3.3s total=16.9s
[octo-small|PutEggplantInBasketScene-v1|fric_x0.4] ep 56 success=False steps=120 inf=11.3s sim=3.4s total=17.2s
[octo-small|PutEggplantInBasketScene-v1|fric_x0.4] ep 57 success=True steps=120 inf=10.3s sim=2.8s total=15.8s
[octo-small|PutEggplantInBasketScene-v1|fric_x0.4] ep 58 success=True steps=120 inf=11.0s sim=2.7s total=16.1s
[octo-small|PutEggplantInBasketScene-v1|fric_x0.4] ep 59 success=False steps=120 inf=11.2s sim=3.2s total=17.1s
[octo-small|PutEggplantInBasketScene-v1|fric_x0.4] ep 60 success=True steps=120 inf=10.8s sim=2.5s total=16.0s
[octo-small|PutEggplantInBasketScene-v1|fric_x0.4] ep 61 success=True steps=120 inf=10.7s sim=2.5s total=15.8s
[octo-small|PutEggplantInBasketScene-v1|fric_x0.4] ep 62 success=True steps=120 inf=10.7s sim=2.7s total=16.1s
[octo-small|PutEggplantInBasketScene-v1|fric_x0.4] ep 63 success=False steps=120 inf=11.4s sim=3.4s total=17.4s
== fric_x0.4: 35/64 success
