E:\research\the_world\.venv-windows-ms3\Lib\site-packages\sapien\wrapper\pinocchio_model.py:299: UserWarning: pinnochio package is not installed, robotics functionalities will not be available
  warnings.warn(
[33;1m2026-09-21 03:04:15,856 - mani_skill  - WARNING - Mimic targets dictionary is missing for controller config for widowx250s_bridgedataset_sink. Assuming the first joint is the control joint and the second joint is the mimic joint[0m
[33;1m2026-09-21 03:04:15,963 - mani_skill  - WARNING - No initial pose set for actor builder of eggplant, setting to default pose q=[1,0,0,0], p=[0,0,0]. Not setting reasonable initial poses may slow down simulation, see https://github.com/haosulab/ManiSkill/issues/421.[0m
[33;1m2026-09-21 03:04:15,984 - mani_skill  - WARNING - No initial pose set for actor builder of dummy_sink_target_plane, setting to default pose q=[1,0,0,0], p=[0,0,0]. Not setting reasonable initial poses may slow down simulation, see https://github.com/haosulab/ManiSkill/issues/421.[0m
[octo-small|PutEggplantInBasketScene-v1|iso_x4.0] ep 0 success=False steps=120 inf=10.3s sim=5.7s total=19.7s
[octo-small|PutEggplantInBasketScene-v1|iso_x4.0] ep 1 success=True steps=120 inf=10.3s sim=4.6s total=18.9s
[octo-small|PutEggplantInBasketScene-v1|iso_x4.0] ep 2 success=False steps=120 inf=10.7s sim=5.9s total=20.5s
[octo-small|PutEggplantInBasketScene-v1|iso_x4.0] ep 3 success=False steps=120 inf=9.7s sim=4.5s total=18.1s
[octo-small|PutEggplantInBasketScene-v1|iso_x4.0] ep 4 success=True steps=120 inf=9.0s sim=4.7s total=17.3s
[octo-small|PutEggplantInBasketScene-v1|iso_x4.0] ep 5 success=True steps=120 inf=10.1s sim=4.6s total=18.5s
[octo-small|PutEggplantInBasketScene-v1|iso_x4.0] ep 6 success=True steps=120 inf=10.7s sim=4.2s total=18.7s
[octo-small|PutEggplantInBasketScene-v1|iso_x4.0] ep 7 success=False steps=120 inf=10.6s sim=5.7s total=20.1s
[octo-small|PutEggplantInBasketScene-v1|iso_x4.0] ep 8 success=True steps=120 inf=10.5s sim=4.3s total=18.6s
[octo-small|PutEggplantInBasketScene-v1|iso_x4.0] ep 9 success=True steps=120 inf=10.7s sim=5.0s total=19.6s
[octo-small|PutEggplantInBasketScene-v1|iso_x4.0] ep 10 success=True steps=120 inf=10.0s sim=6.2s total=20.4s
[octo-small|PutEggplantInBasketScene-v1|iso_x4.0] ep 11 success=True steps=120 inf=10.8s sim=4.4s total=19.3s
[octo-small|PutEggplantInBasketScene-v1|iso_x4.0] ep 12 success=False steps=120 inf=10.4s sim=5.9s total=20.5s
[octo-small|PutEggplantInBasketScene-v1|iso_x4.0] ep 13 success=True steps=120 inf=10.4s sim=4.3s total=19.1s
[octo-small|PutEggplantInBasketScene-v1|iso_x4.0] ep 14 success=True steps=120 inf=11.0s sim=4.2s total=19.6s
[octo-small|PutEggplantInBasketScene-v1|iso_x4.0] ep 15 success=False steps=120 inf=10.1s sim=6.4s total=20.6s
[octo-small|PutEggplantInBasketScene-v1|iso_x4.0] ep 16 success=True steps=120 inf=10.7s sim=4.2s total=19.1s
[octo-small|PutEggplantInBasketScene-v1|iso_x4.0] ep 17 success=True steps=120 inf=9.6s sim=4.3s total=18.4s
[octo-small|PutEggplantInBasketScene-v1|iso_x4.0] ep 18 success=True steps=120 inf=10.7s sim=4.7s total=19.4s
[octo-small|PutEggplantInBasketScene-v1|iso_x4.0] ep 19 success=False steps=120 inf=9.8s sim=5.8s total=20.1s
[octo-small|PutEggplantInBasketScene-v1|iso_x4.0] ep 20 success=False steps=120 inf=10.4s sim=5.4s total=19.8s
[octo-small|PutEggplantInBasketScene-v1|iso_x4.0] ep 21 success=True steps=120 inf=9.8s sim=4.4s total=18.2s
[octo-small|PutEggplantInBasketScene-v1|iso_x4.0] ep 22 success=True steps=120 inf=11.0s sim=5.0s total=19.7s
[octo-small|PutEggplantInBasketScene-v1|iso_x4.0] ep 23 success=True steps=120 inf=9.8s sim=6.0s total=19.9s
[octo-small|PutEggplantInBasketScene-v1|iso_x4.0] ep 24 success=False steps=120 inf=10.6s sim=5.1s total=19.9s
[octo-small|PutEggplantInBasketScene-v1|iso_x4.0] ep 25 success=True steps=120 inf=11.4s sim=4.6s total=20.1s
[octo-small|PutEggplantInBasketScene-v1|iso_x4.0] ep 26 success=True steps=120 inf=10.4s sim=4.2s total=19.2s
[octo-small|PutEggplantInBasketScene-v1|iso_x4.0] ep 27 success=False steps=120 inf=10.4s sim=5.6s total=19.5s
[octo-small|PutEggplantInBasketScene-v1|iso_x4.0] ep 28 success=True steps=120 inf=11.3s sim=2.9s total=17.6s
[octo-small|PutEggplantInBasketScene-v1|iso_x4.0] ep 29 success=True steps=120 inf=11.8s sim=3.0s total=17.8s
[octo-small|PutEggplantInBasketScene-v1|iso_x4.0] ep 30 success=True steps=120 inf=11.2s sim=5.0s total=19.6s
[octo-small|PutEggplantInBasketScene-v1|iso_x4.0] ep 31 success=False steps=120 inf=12.2s sim=4.6s total=19.5s
[octo-small|PutEggplantInBasketScene-v1|iso_x4.0] ep 32 success=False steps=120 inf=11.8s sim=4.4s total=18.2s
[octo-small|PutEggplantInBasketScene-v1|iso_x4.0] ep 33 success=True steps=120 inf=11.9s sim=3.7s total=18.0s
[octo-small|PutEggplantInBasketScene-v1|iso_x4.0] ep 34 success=False steps=120 inf=11.2s sim=3.8s total=18.6s
[octo-small|PutEggplantInBasketScene-v1|iso_x4.0] ep 35 success=True steps=120 inf=12.6s sim=3.0s total=17.9s
[octo-small|PutEggplantInBasketScene-v1|iso_x4.0] ep 36 success=False steps=120 inf=10.8s sim=4.5s total=18.5s
[octo-small|PutEggplantInBasketScene-v1|iso_x4.0] ep 37 success=False steps=120 inf=11.8s sim=3.7s total=18.5s
[octo-small|PutEggplantInBasketScene-v1|iso_x4.0] ep 38 success=False steps=120 inf=11.0s sim=4.6s total=18.9s
[octo-small|PutEggplantInBasketScene-v1|iso_x4.0] ep 39 success=False steps=120 inf=12.3s sim=3.6s total=18.7s
[octo-small|PutEggplantInBasketScene-v1|iso_x4.0] ep 40 success=True steps=120 inf=11.0s sim=3.2s total=17.0s
[octo-small|PutEggplantInBasketScene-v1|iso_x4.0] ep 41 success=True steps=120 inf=12.8s sim=2.9s total=18.3s
[octo-small|PutEggplantInBasketScene-v1|iso_x4.0] ep 42 success=True steps=120 inf=12.6s sim=3.1s total=18.8s
[octo-small|PutEggplantInBasketScene-v1|iso_x4.0] ep 43 success=False steps=120 inf=12.1s sim=3.7s total=19.1s
[octo-small|PutEggplantInBasketScene-v1|iso_x4.0] ep 44 success=False steps=120 inf=12.2s sim=4.3s total=19.6s
[octo-small|PutEggplantInBasketScene-v1|iso_x4.0] ep 45 success=True steps=120 inf=12.4s sim=2.8s total=18.4s
[octo-small|PutEggplantInBasketScene-v1|iso_x4.0] ep 46 success=False steps=120 inf=12.1s sim=4.3s total=19.4s
[octo-small|PutEggplantInBasketScene-v1|iso_x4.0] ep 47 success=False steps=120 inf=16.7s sim=7.7s total=28.3s
[octo-small|PutEggplantInBasketScene-v1|iso_x4.0] ep 48 success=True steps=120 inf=17.4s sim=5.6s total=27.2s
[octo-small|PutEggplantInBasketScene-v1|iso_x4.0] ep 49 success=True steps=120 inf=17.2s sim=8.1s total=29.1s
[octo-small|PutEggplantInBasketScene-v1|iso_x4.0] ep 50 success=False steps=120 inf=17.7s sim=11.2s total=33.0s
[octo-small|PutEggplantInBasketScene-v1|iso_x4.0] ep 51 success=False steps=120 inf=16.5s sim=11.6s total=32.1s
[octo-small|PutEggplantInBasketScene-v1|iso_x4.0] ep 52 success=False steps=120 inf=16.2s sim=7.1s total=27.3s
[octo-small|PutEggplantInBasketScene-v1|iso_x4.0] ep 53 success=True steps=120 inf=12.4s sim=3.3s total=18.9s
[octo-small|PutEggplantInBasketScene-v1|iso_x4.0] ep 54 success=True steps=120 inf=13.5s sim=3.9s total=20.7s
[octo-small|PutEggplantInBasketScene-v1|iso_x4.0] ep 55 success=False steps=120 inf=17.4s sim=8.6s total=29.8s
[octo-small|PutEggplantInBasketScene-v1|iso_x4.0] ep 56 success=True steps=120 inf=17.0s sim=7.3s total=28.2s
[octo-small|PutEggplantInBasketScene-v1|iso_x4.0] ep 57 success=True steps=120 inf=17.1s sim=7.9s total=28.7s
[octo-small|PutEggplantInBasketScene-v1|iso_x4.0] ep 58 success=True steps=120 inf=17.1s sim=7.4s total=28.0s
[octo-small|PutEggplantInBasketScene-v1|iso_x4.0] ep 59 success=False steps=120 inf=17.7s sim=8.6s total=30.0s
[octo-small|PutEggplantInBasketScene-v1|iso_x4.0] ep 60 success=True steps=120 inf=16.9s sim=9.6s total=30.6s
[octo-small|PutEggplantInBasketScene-v1|iso_x4.0] ep 61 success=False steps=120 inf=16.0s sim=6.3s total=26.1s
[octo-small|PutEggplantInBasketScene-v1|iso_x4.0] ep 62 success=False steps=120 inf=16.6s sim=12.4s total=33.2s
[octo-small|PutEggplantInBasketScene-v1|iso_x4.0] ep 63 success=True steps=120 inf=17.7s sim=10.3s total=32.5s
== iso_x4.0: 36/64 success
