E:\research\the_world\.venv-windows-ms3\Lib\site-packages\sapien\wrapper\pinocchio_model.py:299: UserWarning: pinnochio package is not installed, robotics functionalities will not be available
  warnings.warn(
[33;1m2026-09-21 04:03:46,665 - mani_skill  - WARNING - Mimic targets dictionary is missing for controller config for widowx250s_bridgedataset_sink. Assuming the first joint is the control joint and the second joint is the mimic joint[0m
[33;1m2026-09-21 04:03:46,863 - mani_skill  - WARNING - No initial pose set for actor builder of eggplant, setting to default pose q=[1,0,0,0], p=[0,0,0]. Not setting reasonable initial poses may slow down simulation, see https://github.com/haosulab/ManiSkill/issues/421.[0m
[33;1m2026-09-21 04:03:46,885 - mani_skill  - WARNING - No initial pose set for actor builder of dummy_sink_target_plane, setting to default pose q=[1,0,0,0], p=[0,0,0]. Not setting reasonable initial poses may slow down simulation, see https://github.com/haosulab/ManiSkill/issues/421.[0m
[octo-base@hist1|PutEggplantInBasketScene-v1|iso_x4.0] ep 0 success=True steps=120 inf=15.8s sim=12.7s total=33.1s
[octo-base@hist1|PutEggplantInBasketScene-v1|iso_x4.0] ep 1 success=False steps=120 inf=14.3s sim=9.1s total=27.7s
[octo-base@hist1|PutEggplantInBasketScene-v1|iso_x4.0] ep 2 success=True steps=120 inf=15.1s sim=8.8s total=28.3s
[octo-base@hist1|PutEggplantInBasketScene-v1|iso_x4.0] ep 3 success=False steps=120 inf=13.9s sim=10.9s total=28.9s
[octo-base@hist1|PutEggplantInBasketScene-v1|iso_x4.0] ep 4 success=False steps=120 inf=14.6s sim=12.3s total=31.6s
[octo-base@hist1|PutEggplantInBasketScene-v1|iso_x4.0] ep 5 success=True steps=120 inf=15.1s sim=7.9s total=27.4s
[octo-base@hist1|PutEggplantInBasketScene-v1|iso_x4.0] ep 6 success=True steps=120 inf=14.8s sim=10.1s total=29.1s
[octo-base@hist1|PutEggplantInBasketScene-v1|iso_x4.0] ep 7 success=False steps=120 inf=13.3s sim=10.9s total=28.5s
[octo-base@hist1|PutEggplantInBasketScene-v1|iso_x4.0] ep 8 success=True steps=120 inf=14.8s sim=11.6s total=30.9s
[octo-base@hist1|PutEggplantInBasketScene-v1|iso_x4.0] ep 9 success=False steps=120 inf=14.5s sim=9.5s total=28.2s
[octo-base@hist1|PutEggplantInBasketScene-v1|iso_x4.0] ep 10 success=False steps=120 inf=14.5s sim=7.1s total=25.7s
[octo-base@hist1|PutEggplantInBasketScene-v1|iso_x4.0] ep 11 success=False steps=120 inf=14.2s sim=9.5s total=27.9s
[octo-base@hist1|PutEggplantInBasketScene-v1|iso_x4.0] ep 12 success=True steps=120 inf=14.3s sim=10.6s total=29.0s
[octo-base@hist1|PutEggplantInBasketScene-v1|iso_x4.0] ep 13 success=True steps=120 inf=14.5s sim=7.4s total=26.1s
[octo-base@hist1|PutEggplantInBasketScene-v1|iso_x4.0] ep 14 success=True steps=120 inf=14.5s sim=11.1s total=30.0s
[octo-base@hist1|PutEggplantInBasketScene-v1|iso_x4.0] ep 15 success=False steps=120 inf=14.4s sim=10.9s total=29.5s
[octo-base@hist1|PutEggplantInBasketScene-v1|iso_x4.0] ep 16 success=True steps=120 inf=14.1s sim=10.6s total=29.1s
[octo-base@hist1|PutEggplantInBasketScene-v1|iso_x4.0] ep 17 success=False steps=120 inf=14.3s sim=8.9s total=27.4s
[octo-base@hist1|PutEggplantInBasketScene-v1|iso_x4.0] ep 18 success=True steps=120 inf=14.5s sim=11.0s total=29.5s
[octo-base@hist1|PutEggplantInBasketScene-v1|iso_x4.0] ep 19 success=False steps=120 inf=14.6s sim=10.4s total=29.5s
[octo-base@hist1|PutEggplantInBasketScene-v1|iso_x4.0] ep 20 success=False steps=120 inf=14.5s sim=7.2s total=25.7s
[octo-base@hist1|PutEggplantInBasketScene-v1|iso_x4.0] ep 21 success=True steps=120 inf=14.1s sim=7.5s total=25.7s
[octo-base@hist1|PutEggplantInBasketScene-v1|iso_x4.0] ep 22 success=True steps=120 inf=13.8s sim=8.9s total=26.9s
[octo-base@hist1|PutEggplantInBasketScene-v1|iso_x4.0] ep 23 success=False steps=120 inf=14.5s sim=10.7s total=29.2s
[octo-base@hist1|PutEggplantInBasketScene-v1|iso_x4.0] ep 24 success=False steps=120 inf=14.0s sim=9.1s total=27.4s
[octo-base@hist1|PutEggplantInBasketScene-v1|iso_x4.0] ep 25 success=False steps=120 inf=14.3s sim=7.2s total=25.7s
[octo-base@hist1|PutEggplantInBasketScene-v1|iso_x4.0] ep 26 success=True steps=120 inf=14.5s sim=11.0s total=29.6s
[octo-base@hist1|PutEggplantInBasketScene-v1|iso_x4.0] ep 27 success=False steps=120 inf=15.1s sim=9.9s total=29.2s
[octo-base@hist1|PutEggplantInBasketScene-v1|iso_x4.0] ep 28 success=True steps=120 inf=14.0s sim=6.9s total=25.3s
[octo-base@hist1|PutEggplantInBasketScene-v1|iso_x4.0] ep 29 success=True steps=120 inf=13.7s sim=8.2s total=26.2s
[octo-base@hist1|PutEggplantInBasketScene-v1|iso_x4.0] ep 30 success=True steps=120 inf=15.6s sim=7.9s total=27.9s
[octo-base@hist1|PutEggplantInBasketScene-v1|iso_x4.0] ep 31 success=False steps=120 inf=14.1s sim=10.4s total=28.6s
[octo-base@hist1|PutEggplantInBasketScene-v1|iso_x4.0] ep 32 success=False steps=120 inf=14.7s sim=10.9s total=29.9s
[octo-base@hist1|PutEggplantInBasketScene-v1|iso_x4.0] ep 33 success=True steps=120 inf=14.0s sim=10.3s total=28.4s
[octo-base@hist1|PutEggplantInBasketScene-v1|iso_x4.0] ep 34 success=False steps=120 inf=14.5s sim=10.0s total=29.0s
[octo-base@hist1|PutEggplantInBasketScene-v1|iso_x4.0] ep 35 success=False steps=120 inf=13.3s sim=8.2s total=25.8s
[octo-base@hist1|PutEggplantInBasketScene-v1|iso_x4.0] ep 36 success=False steps=120 inf=14.6s sim=9.5s total=28.4s
[octo-base@hist1|PutEggplantInBasketScene-v1|iso_x4.0] ep 37 success=True steps=120 inf=15.1s sim=8.5s total=27.8s
[octo-base@hist1|PutEggplantInBasketScene-v1|iso_x4.0] ep 38 success=False steps=120 inf=15.1s sim=11.3s total=30.6s
[octo-base@hist1|PutEggplantInBasketScene-v1|iso_x4.0] ep 39 success=False steps=120 inf=16.3s sim=12.7s total=33.7s
[octo-base@hist1|PutEggplantInBasketScene-v1|iso_x4.0] ep 40 success=False steps=120 inf=15.7s sim=11.0s total=31.2s
[octo-base@hist1|PutEggplantInBasketScene-v1|iso_x4.0] ep 41 success=False steps=120 inf=15.8s sim=8.1s total=28.3s
[octo-base@hist1|PutEggplantInBasketScene-v1|iso_x4.0] ep 42 success=False steps=120 inf=16.3s sim=10.4s total=31.1s
[octo-base@hist1|PutEggplantInBasketScene-v1|iso_x4.0] ep 43 success=False steps=120 inf=15.6s sim=11.1s total=31.5s
[octo-base@hist1|PutEggplantInBasketScene-v1|iso_x4.0] ep 44 success=True steps=120 inf=13.0s sim=7.8s total=24.4s
[octo-base@hist1|PutEggplantInBasketScene-v1|iso_x4.0] ep 45 success=True steps=120 inf=14.0s sim=10.2s total=28.5s
[octo-base@hist1|PutEggplantInBasketScene-v1|iso_x4.0] ep 46 success=False steps=120 inf=17.3s sim=11.8s total=34.0s
[octo-base@hist1|PutEggplantInBasketScene-v1|iso_x4.0] ep 47 success=False steps=120 inf=16.9s sim=11.8s total=31.7s
[octo-base@hist1|PutEggplantInBasketScene-v1|iso_x4.0] ep 48 success=False steps=120 inf=21.6s sim=14.7s total=41.0s
[octo-base@hist1|PutEggplantInBasketScene-v1|iso_x4.0] ep 49 success=False steps=120 inf=22.2s sim=15.8s total=42.7s
[octo-base@hist1|PutEggplantInBasketScene-v1|iso_x4.0] ep 50 success=True steps=120 inf=22.6s sim=11.3s total=38.7s
[octo-base@hist1|PutEggplantInBasketScene-v1|iso_x4.0] ep 51 success=False steps=120 inf=18.9s sim=13.4s total=36.6s
[octo-base@hist1|PutEggplantInBasketScene-v1|iso_x4.0] ep 52 success=False steps=120 inf=17.3s sim=11.1s total=32.7s
[octo-base@hist1|PutEggplantInBasketScene-v1|iso_x4.0] ep 53 success=True steps=120 inf=18.0s sim=9.9s total=32.3s
[octo-base@hist1|PutEggplantInBasketScene-v1|iso_x4.0] ep 54 success=False steps=120 inf=18.6s sim=12.9s total=36.2s
[octo-base@hist1|PutEggplantInBasketScene-v1|iso_x4.0] ep 55 success=False steps=120 inf=18.3s sim=12.0s total=35.0s
[octo-base@hist1|PutEggplantInBasketScene-v1|iso_x4.0] ep 56 success=True steps=120 inf=18.5s sim=9.2s total=32.4s
[octo-base@hist1|PutEggplantInBasketScene-v1|iso_x4.0] ep 57 success=True steps=120 inf=19.8s sim=11.4s total=35.5s
[octo-base@hist1|PutEggplantInBasketScene-v1|iso_x4.0] ep 58 success=False steps=120 inf=19.6s sim=11.0s total=34.8s
[octo-base@hist1|PutEggplantInBasketScene-v1|iso_x4.0] ep 59 success=False steps=120 inf=18.6s sim=13.3s total=36.5s
[octo-base@hist1|PutEggplantInBasketScene-v1|iso_x4.0] ep 60 success=True steps=120 inf=19.4s sim=11.2s total=35.7s
[octo-base@hist1|PutEggplantInBasketScene-v1|iso_x4.0] ep 61 success=False steps=120 inf=19.1s sim=9.9s total=33.8s
[octo-base@hist1|PutEggplantInBasketScene-v1|iso_x4.0] ep 62 success=False steps=120 inf=16.1s sim=10.9s total=31.2s
[octo-base@hist1|PutEggplantInBasketScene-v1|iso_x4.0] ep 63 success=False steps=120 inf=17.3s sim=12.4s total=34.1s
== iso_x4.0: 25/64 success
