E:\research\the_world\.venv-windows-ms3\Lib\site-packages\sapien\wrapper\pinocchio_model.py:299: UserWarning: pinnochio package is not installed, robotics functionalities will not be available
  warnings.warn(
[33;1m2026-09-20 20:25:26,286 - mani_skill  - WARNING - Mimic targets dictionary is missing for controller config for widowx250s_bridgedataset_sink. Assuming the first joint is the control joint and the second joint is the mimic joint[0m
[33;1m2026-09-20 20:25:26,383 - mani_skill  - WARNING - No initial pose set for actor builder of eggplant, setting to default pose q=[1,0,0,0], p=[0,0,0]. Not setting reasonable initial poses may slow down simulation, see https://github.com/haosulab/ManiSkill/issues/421.[0m
[33;1m2026-09-20 20:25:26,402 - mani_skill  - WARNING - No initial pose set for actor builder of dummy_sink_target_plane, setting to default pose q=[1,0,0,0], p=[0,0,0]. Not setting reasonable initial poses may slow down simulation, see https://github.com/haosulab/ManiSkill/issues/421.[0m
[octo-small@hist1|PutEggplantInBasketScene-v1|dens_x0.5] ep 0 success=False steps=120 inf=10.2s sim=3.0s total=16.0s
[octo-small@hist1|PutEggplantInBasketScene-v1|dens_x0.5] ep 1 success=True steps=120 inf=9.3s sim=2.5s total=14.8s
[octo-small@hist1|PutEggplantInBasketScene-v1|dens_x0.5] ep 2 success=False steps=120 inf=9.8s sim=2.9s total=15.3s
[octo-small@hist1|PutEggplantInBasketScene-v1|dens_x0.5] ep 3 success=False steps=120 inf=9.5s sim=3.0s total=15.6s
[octo-small@hist1|PutEggplantInBasketScene-v1|dens_x0.5] ep 4 success=False steps=120 inf=9.9s sim=3.1s total=16.0s
[octo-small@hist1|PutEggplantInBasketScene-v1|dens_x0.5] ep 5 success=False steps=120 inf=8.9s sim=2.4s total=14.2s
[octo-small@hist1|PutEggplantInBasketScene-v1|dens_x0.5] ep 6 success=False steps=120 inf=9.1s sim=3.1s total=15.2s
[octo-small@hist1|PutEggplantInBasketScene-v1|dens_x0.5] ep 7 success=False steps=120 inf=10.1s sim=3.3s total=16.2s
[octo-small@hist1|PutEggplantInBasketScene-v1|dens_x0.5] ep 8 success=False steps=120 inf=8.8s sim=2.5s total=14.0s
[octo-small@hist1|PutEggplantInBasketScene-v1|dens_x0.5] ep 9 success=False steps=120 inf=7.7s sim=2.1s total=12.3s
[octo-small@hist1|PutEggplantInBasketScene-v1|dens_x0.5] ep 10 success=True steps=120 inf=9.7s sim=2.3s total=15.1s
[octo-small@hist1|PutEggplantInBasketScene-v1|dens_x0.5] ep 11 success=False steps=120 inf=10.6s sim=2.7s total=16.0s
[octo-small@hist1|PutEggplantInBasketScene-v1|dens_x0.5] ep 12 success=True steps=120 inf=10.3s sim=2.4s total=15.7s
[octo-small@hist1|PutEggplantInBasketScene-v1|dens_x0.5] ep 13 success=False steps=120 inf=10.1s sim=3.0s total=16.1s
[octo-small@hist1|PutEggplantInBasketScene-v1|dens_x0.5] ep 14 success=True steps=120 inf=9.9s sim=2.5s total=15.4s
[octo-small@hist1|PutEggplantInBasketScene-v1|dens_x0.5] ep 15 success=False steps=120 inf=10.1s sim=3.4s total=16.3s
[octo-small@hist1|PutEggplantInBasketScene-v1|dens_x0.5] ep 16 success=False steps=120 inf=10.2s sim=2.6s total=15.6s
[octo-small@hist1|PutEggplantInBasketScene-v1|dens_x0.5] ep 17 success=True steps=120 inf=9.7s sim=2.5s total=15.0s
[octo-small@hist1|PutEggplantInBasketScene-v1|dens_x0.5] ep 18 success=True steps=120 inf=10.2s sim=2.3s total=15.2s
[octo-small@hist1|PutEggplantInBasketScene-v1|dens_x0.5] ep 19 success=False steps=120 inf=10.1s sim=2.8s total=15.6s
[octo-small@hist1|PutEggplantInBasketScene-v1|dens_x0.5] ep 20 success=True steps=120 inf=10.0s sim=2.6s total=15.3s
[octo-small@hist1|PutEggplantInBasketScene-v1|dens_x0.5] ep 21 success=False steps=120 inf=10.1s sim=3.1s total=15.8s
[octo-small@hist1|PutEggplantInBasketScene-v1|dens_x0.5] ep 22 success=True steps=120 inf=9.7s sim=2.4s total=14.9s
[octo-small@hist1|PutEggplantInBasketScene-v1|dens_x0.5] ep 23 success=False steps=120 inf=10.2s sim=3.0s total=15.9s
[octo-small@hist1|PutEggplantInBasketScene-v1|dens_x0.5] ep 24 success=False steps=120 inf=10.1s sim=2.7s total=15.7s
[octo-small@hist1|PutEggplantInBasketScene-v1|dens_x0.5] ep 25 success=True steps=120 inf=10.1s sim=2.6s total=15.5s
[octo-small@hist1|PutEggplantInBasketScene-v1|dens_x0.5] ep 26 success=True steps=120 inf=9.6s sim=2.3s total=14.8s
[octo-small@hist1|PutEggplantInBasketScene-v1|dens_x0.5] ep 27 success=True steps=120 inf=10.1s sim=2.8s total=15.8s
[octo-small@hist1|PutEggplantInBasketScene-v1|dens_x0.5] ep 28 success=True steps=120 inf=10.1s sim=2.4s total=15.2s
[octo-small@hist1|PutEggplantInBasketScene-v1|dens_x0.5] ep 29 success=True steps=120 inf=10.3s sim=2.3s total=15.5s
[octo-small@hist1|PutEggplantInBasketScene-v1|dens_x0.5] ep 30 success=False steps=120 inf=10.4s sim=2.8s total=15.9s
[octo-small@hist1|PutEggplantInBasketScene-v1|dens_x0.5] ep 31 success=False steps=120 inf=10.5s sim=3.0s total=16.4s
[octo-small@hist1|PutEggplantInBasketScene-v1|dens_x0.5] ep 32 success=False steps=120 inf=10.3s sim=5.1s total=18.9s
[octo-small@hist1|PutEggplantInBasketScene-v1|dens_x0.5] ep 33 success=False steps=120 inf=10.5s sim=5.1s total=19.4s
[octo-small@hist1|PutEggplantInBasketScene-v1|dens_x0.5] ep 34 success=True steps=120 inf=10.0s sim=6.0s total=19.7s
[octo-small@hist1|PutEggplantInBasketScene-v1|dens_x0.5] ep 35 success=False steps=120 inf=10.2s sim=5.3s total=19.0s
[octo-small@hist1|PutEggplantInBasketScene-v1|dens_x0.5] ep 36 success=False steps=120 inf=10.3s sim=4.9s total=19.0s
[octo-small@hist1|PutEggplantInBasketScene-v1|dens_x0.5] ep 37 success=False steps=120 inf=9.8s sim=5.0s total=18.5s
[octo-small@hist1|PutEggplantInBasketScene-v1|dens_x0.5] ep 38 success=False steps=120 inf=10.1s sim=4.7s total=18.3s
[octo-small@hist1|PutEggplantInBasketScene-v1|dens_x0.5] ep 39 success=False steps=120 inf=10.6s sim=4.5s total=18.7s
[octo-small@hist1|PutEggplantInBasketScene-v1|dens_x0.5] ep 40 success=True steps=120 inf=10.3s sim=3.5s total=17.4s
[octo-small@hist1|PutEggplantInBasketScene-v1|dens_x0.5] ep 41 success=False steps=120 inf=9.9s sim=5.4s total=18.8s
[octo-small@hist1|PutEggplantInBasketScene-v1|dens_x0.5] ep 42 success=True steps=120 inf=9.3s sim=4.1s total=16.9s
[octo-small@hist1|PutEggplantInBasketScene-v1|dens_x0.5] ep 43 success=False steps=120 inf=9.8s sim=5.2s total=18.7s
[octo-small@hist1|PutEggplantInBasketScene-v1|dens_x0.5] ep 44 success=False steps=120 inf=9.8s sim=4.6s total=17.9s
[octo-small@hist1|PutEggplantInBasketScene-v1|dens_x0.5] ep 45 success=True steps=120 inf=9.6s sim=3.5s total=16.8s
[octo-small@hist1|PutEggplantInBasketScene-v1|dens_x0.5] ep 46 success=False steps=120 inf=10.5s sim=5.0s total=18.9s
[octo-small@hist1|PutEggplantInBasketScene-v1|dens_x0.5] ep 47 success=False steps=120 inf=9.2s sim=4.7s total=17.6s
[octo-small@hist1|PutEggplantInBasketScene-v1|dens_x0.5] ep 48 success=False steps=120 inf=10.1s sim=4.4s total=18.1s
[octo-small@hist1|PutEggplantInBasketScene-v1|dens_x0.5] ep 49 success=False steps=120 inf=10.0s sim=4.7s total=18.4s
[octo-small@hist1|PutEggplantInBasketScene-v1|dens_x0.5] ep 50 success=True steps=120 inf=9.7s sim=3.7s total=17.1s
[octo-small@hist1|PutEggplantInBasketScene-v1|dens_x0.5] ep 51 success=False steps=120 inf=10.6s sim=4.4s total=18.4s
[octo-small@hist1|PutEggplantInBasketScene-v1|dens_x0.5] ep 52 success=True steps=120 inf=9.8s sim=3.7s total=17.2s
[octo-small@hist1|PutEggplantInBasketScene-v1|dens_x0.5] ep 53 success=True steps=120 inf=9.3s sim=3.6s total=16.5s
[octo-small@hist1|PutEggplantInBasketScene-v1|dens_x0.5] ep 54 success=True steps=120 inf=9.5s sim=3.9s total=17.2s
[octo-small@hist1|PutEggplantInBasketScene-v1|dens_x0.5] ep 55 success=False steps=120 inf=9.7s sim=4.4s total=17.8s
[octo-small@hist1|PutEggplantInBasketScene-v1|dens_x0.5] ep 56 success=False steps=120 inf=9.8s sim=4.4s total=17.8s
[octo-small@hist1|PutEggplantInBasketScene-v1|dens_x0.5] ep 57 success=True steps=120 inf=10.2s sim=3.5s total=17.4s
[octo-small@hist1|PutEggplantInBasketScene-v1|dens_x0.5] ep 58 success=False steps=120 inf=10.2s sim=4.4s total=18.4s
[octo-small@hist1|PutEggplantInBasketScene-v1|dens_x0.5] ep 59 success=False steps=120 inf=10.8s sim=4.4s total=18.8s
[octo-small@hist1|PutEggplantInBasketScene-v1|dens_x0.5] ep 60 success=False steps=120 inf=9.7s sim=4.9s total=18.6s
[octo-small@hist1|PutEggplantInBasketScene-v1|dens_x0.5] ep 61 success=True steps=120 inf=9.6s sim=4.1s total=17.3s
[octo-small@hist1|PutEggplantInBasketScene-v1|dens_x0.5] ep 62 success=True steps=120 inf=9.9s sim=4.5s total=18.3s
[octo-small@hist1|PutEggplantInBasketScene-v1|dens_x0.5] ep 63 success=False steps=120 inf=9.9s sim=4.6s total=17.8s
== dens_x0.5: 24/64 success
