E:\research\the_world\.venv-windows-ms3\Lib\site-packages\sapien\wrapper\pinocchio_model.py:299: UserWarning: pinnochio package is not installed, robotics functionalities will not be available
  warnings.warn(
[33;1m2026-09-21 00:47:12,705 - mani_skill  - WARNING - Mimic targets dictionary is missing for controller config for widowx250s_bridgedataset_sink. Assuming the first joint is the control joint and the second joint is the mimic joint[0m
[33;1m2026-09-21 00:47:12,831 - mani_skill  - WARNING - No initial pose set for actor builder of eggplant, setting to default pose q=[1,0,0,0], p=[0,0,0]. Not setting reasonable initial poses may slow down simulation, see https://github.com/haosulab/ManiSkill/issues/421.[0m
[33;1m2026-09-21 00:47:12,854 - mani_skill  - WARNING - No initial pose set for actor builder of dummy_sink_target_plane, setting to default pose q=[1,0,0,0], p=[0,0,0]. Not setting reasonable initial poses may slow down simulation, see https://github.com/haosulab/ManiSkill/issues/421.[0m
[octo-base|PutEggplantInBasketScene-v1|nominal] ep 0 success=False steps=120 inf=16.0s sim=6.4s total=27.1s
[octo-base|PutEggplantInBasketScene-v1|nominal] ep 1 success=True steps=120 inf=14.2s sim=5.0s total=23.5s
[octo-base|PutEggplantInBasketScene-v1|nominal] ep 2 success=True steps=120 inf=14.7s sim=5.2s total=24.3s
[octo-base|PutEggplantInBasketScene-v1|nominal] ep 3 success=False steps=120 inf=13.5s sim=6.8s total=24.6s
[octo-base|PutEggplantInBasketScene-v1|nominal] ep 4 success=False steps=120 inf=14.1s sim=5.6s total=24.2s
[octo-base|PutEggplantInBasketScene-v1|nominal] ep 5 success=True steps=120 inf=14.6s sim=7.7s total=26.8s
[octo-base|PutEggplantInBasketScene-v1|nominal] ep 6 success=False steps=120 inf=14.5s sim=5.0s total=24.0s
[octo-base|PutEggplantInBasketScene-v1|nominal] ep 7 success=False steps=120 inf=14.4s sim=7.1s total=25.7s
[octo-base|PutEggplantInBasketScene-v1|nominal] ep 8 success=False steps=120 inf=14.0s sim=5.6s total=24.0s
[octo-base|PutEggplantInBasketScene-v1|nominal] ep 9 success=True steps=120 inf=14.5s sim=5.3s total=24.2s
[octo-base|PutEggplantInBasketScene-v1|nominal] ep 10 success=True steps=120 inf=14.9s sim=6.6s total=25.7s
[octo-base|PutEggplantInBasketScene-v1|nominal] ep 11 success=False steps=120 inf=15.9s sim=7.9s total=28.2s
[octo-base|PutEggplantInBasketScene-v1|nominal] ep 12 success=True steps=120 inf=29.6s sim=13.0s total=49.6s
[octo-base|PutEggplantInBasketScene-v1|nominal] ep 13 success=False steps=120 inf=33.4s sim=9.7s total=49.5s
[octo-base|PutEggplantInBasketScene-v1|nominal] ep 14 success=False steps=120 inf=16.8s sim=11.6s total=34.0s
[octo-base|PutEggplantInBasketScene-v1|nominal] ep 15 success=False steps=120 inf=32.9s sim=11.3s total=51.3s
[octo-base|PutEggplantInBasketScene-v1|nominal] ep 16 success=True steps=120 inf=28.1s sim=11.9s total=46.6s
[octo-base|PutEggplantInBasketScene-v1|nominal] ep 17 success=True steps=120 inf=31.0s sim=9.4s total=46.6s
[octo-base|PutEggplantInBasketScene-v1|nominal] ep 18 success=True steps=120 inf=28.9s sim=13.1s total=48.1s
[octo-base|PutEggplantInBasketScene-v1|nominal] ep 19 success=False steps=120 inf=29.9s sim=12.5s total=48.8s
[octo-base|PutEggplantInBasketScene-v1|nominal] ep 20 success=False steps=120 inf=33.2s sim=13.2s total=53.1s
[octo-base|PutEggplantInBasketScene-v1|nominal] ep 21 success=True steps=120 inf=40.6s sim=9.6s total=57.1s
[octo-base|PutEggplantInBasketScene-v1|nominal] ep 22 success=False steps=120 inf=36.5s sim=13.9s total=57.1s
[octo-base|PutEggplantInBasketScene-v1|nominal] ep 23 success=False steps=120 inf=35.0s sim=11.0s total=52.5s
[octo-base|PutEggplantInBasketScene-v1|nominal] ep 24 success=False steps=120 inf=33.6s sim=13.1s total=53.1s
[octo-base|PutEggplantInBasketScene-v1|nominal] ep 25 success=True steps=120 inf=23.6s sim=11.2s total=41.0s
[octo-base|PutEggplantInBasketScene-v1|nominal] ep 26 success=False steps=120 inf=24.0s sim=9.2s total=39.7s
[octo-base|PutEggplantInBasketScene-v1|nominal] ep 27 success=False steps=120 inf=21.4s sim=12.1s total=39.3s
[octo-base|PutEggplantInBasketScene-v1|nominal] ep 28 success=True steps=120 inf=26.5s sim=10.7s total=43.8s
[octo-base|PutEggplantInBasketScene-v1|nominal] ep 29 success=False steps=120 inf=20.7s sim=9.2s total=35.8s
[octo-base|PutEggplantInBasketScene-v1|nominal] ep 30 success=False steps=120 inf=23.0s sim=8.2s total=37.2s
[octo-base|PutEggplantInBasketScene-v1|nominal] ep 31 success=False steps=120 inf=21.3s sim=12.0s total=39.4s
[octo-base|PutEggplantInBasketScene-v1|nominal] ep 32 success=True steps=120 inf=23.6s sim=10.9s total=40.6s
[octo-base|PutEggplantInBasketScene-v1|nominal] ep 33 success=False steps=120 inf=27.2s sim=10.0s total=43.4s
[octo-base|PutEggplantInBasketScene-v1|nominal] ep 34 success=False steps=120 inf=23.7s sim=11.4s total=41.2s
[octo-base|PutEggplantInBasketScene-v1|nominal] ep 35 success=False steps=120 inf=23.4s sim=11.7s total=41.2s
[octo-base|PutEggplantInBasketScene-v1|nominal] ep 36 success=False steps=120 inf=24.5s sim=12.6s total=43.6s
[octo-base|PutEggplantInBasketScene-v1|nominal] ep 37 success=False steps=120 inf=26.7s sim=10.1s total=43.3s
[octo-base|PutEggplantInBasketScene-v1|nominal] ep 38 success=False steps=120 inf=22.6s sim=11.4s total=40.2s
[octo-base|PutEggplantInBasketScene-v1|nominal] ep 39 success=False steps=120 inf=21.8s sim=9.8s total=37.5s
[octo-base|PutEggplantInBasketScene-v1|nominal] ep 40 success=True steps=120 inf=23.4s sim=9.2s total=39.0s
[octo-base|PutEggplantInBasketScene-v1|nominal] ep 41 success=True steps=120 inf=26.5s sim=9.2s total=42.1s
[octo-base|PutEggplantInBasketScene-v1|nominal] ep 42 success=False steps=120 inf=24.9s sim=11.7s total=42.8s
[octo-base|PutEggplantInBasketScene-v1|nominal] ep 43 success=False steps=120 inf=25.2s sim=11.3s total=43.2s
[octo-base|PutEggplantInBasketScene-v1|nominal] ep 44 success=False steps=120 inf=24.9s sim=10.6s total=42.1s
[octo-base|PutEggplantInBasketScene-v1|nominal] ep 45 success=True steps=120 inf=30.7s sim=9.3s total=46.4s
[octo-base|PutEggplantInBasketScene-v1|nominal] ep 46 success=True steps=120 inf=28.7s sim=9.5s total=44.9s
[octo-base|PutEggplantInBasketScene-v1|nominal] ep 47 success=False steps=120 inf=24.5s sim=11.3s total=41.9s
[octo-base|PutEggplantInBasketScene-v1|nominal] ep 48 success=True steps=120 inf=20.3s sim=12.0s total=38.4s
[octo-base|PutEggplantInBasketScene-v1|nominal] ep 49 success=True steps=120 inf=22.0s sim=10.0s total=38.0s
[octo-base|PutEggplantInBasketScene-v1|nominal] ep 50 success=False steps=120 inf=23.6s sim=11.4s total=41.2s
[octo-base|PutEggplantInBasketScene-v1|nominal] ep 51 success=False steps=120 inf=20.6s sim=10.3s total=37.1s
[octo-base|PutEggplantInBasketScene-v1|nominal] ep 52 success=True steps=120 inf=20.7s sim=9.4s total=36.2s
[octo-base|PutEggplantInBasketScene-v1|nominal] ep 53 success=True steps=120 inf=22.5s sim=11.2s total=40.0s
[octo-base|PutEggplantInBasketScene-v1|nominal] ep 54 success=False steps=120 inf=22.3s sim=9.5s total=38.2s
[octo-base|PutEggplantInBasketScene-v1|nominal] ep 55 success=False steps=120 inf=20.5s sim=11.0s total=37.5s
[octo-base|PutEggplantInBasketScene-v1|nominal] ep 56 success=True steps=120 inf=22.0s sim=9.2s total=37.7s
[octo-base|PutEggplantInBasketScene-v1|nominal] ep 57 success=True steps=120 inf=19.0s sim=9.3s total=34.4s
[octo-base|PutEggplantInBasketScene-v1|nominal] ep 58 success=True steps=120 inf=18.1s sim=9.5s total=33.6s
[octo-base|PutEggplantInBasketScene-v1|nominal] ep 59 success=False steps=120 inf=18.2s sim=12.2s total=36.2s
[octo-base|PutEggplantInBasketScene-v1|nominal] ep 60 success=True steps=120 inf=18.2s sim=11.5s total=35.4s
[octo-base|PutEggplantInBasketScene-v1|nominal] ep 61 success=False steps=120 inf=19.4s sim=9.0s total=34.4s
[octo-base|PutEggplantInBasketScene-v1|nominal] ep 62 success=True steps=120 inf=17.7s sim=10.6s total=34.2s
[octo-base|PutEggplantInBasketScene-v1|nominal] ep 63 success=False steps=120 inf=17.7s sim=11.6s total=35.0s
== nominal: 26/64 success
