E:\research\the_world\.venv-windows-ms3\Lib\site-packages\sapien\wrapper\pinocchio_model.py:299: UserWarning: pinnochio package is not installed, robotics functionalities will not be available
  warnings.warn(
[33;1m2026-09-20 20:43:34,637 - mani_skill  - WARNING - Mimic targets dictionary is missing for controller config for widowx250s_bridgedataset_sink. Assuming the first joint is the control joint and the second joint is the mimic joint[0m
[33;1m2026-09-20 20:43:34,739 - mani_skill  - WARNING - No initial pose set for actor builder of eggplant, setting to default pose q=[1,0,0,0], p=[0,0,0]. Not setting reasonable initial poses may slow down simulation, see https://github.com/haosulab/ManiSkill/issues/421.[0m
[33;1m2026-09-20 20:43:34,760 - mani_skill  - WARNING - No initial pose set for actor builder of dummy_sink_target_plane, setting to default pose q=[1,0,0,0], p=[0,0,0]. Not setting reasonable initial poses may slow down simulation, see https://github.com/haosulab/ManiSkill/issues/421.[0m
[octo-small|PutEggplantInBasketScene-v1|nominal] ep 0 success=True steps=120 inf=10.4s sim=3.8s total=17.5s
[octo-small|PutEggplantInBasketScene-v1|nominal] ep 1 success=False steps=120 inf=10.9s sim=4.4s total=18.9s
[octo-small|PutEggplantInBasketScene-v1|nominal] ep 2 success=False steps=120 inf=10.2s sim=3.6s total=17.5s
[octo-small|PutEggplantInBasketScene-v1|nominal] ep 3 success=True steps=120 inf=10.0s sim=3.8s total=17.6s
[octo-small|PutEggplantInBasketScene-v1|nominal] ep 4 success=True steps=120 inf=10.0s sim=3.9s total=17.6s
[octo-small|PutEggplantInBasketScene-v1|nominal] ep 5 success=True steps=120 inf=10.8s sim=3.5s total=17.9s
[octo-small|PutEggplantInBasketScene-v1|nominal] ep 6 success=False steps=120 inf=11.1s sim=4.9s total=19.4s
[octo-small|PutEggplantInBasketScene-v1|nominal] ep 7 success=False steps=120 inf=10.1s sim=5.5s total=19.3s
[octo-small|PutEggplantInBasketScene-v1|nominal] ep 8 success=True steps=120 inf=11.2s sim=3.4s total=18.4s
[octo-small|PutEggplantInBasketScene-v1|nominal] ep 9 success=True steps=120 inf=10.4s sim=3.8s total=17.9s
[octo-small|PutEggplantInBasketScene-v1|nominal] ep 10 success=False steps=120 inf=10.5s sim=4.8s total=18.6s
[octo-small|PutEggplantInBasketScene-v1|nominal] ep 11 success=False steps=120 inf=7.6s sim=4.8s total=16.1s
[octo-small|PutEggplantInBasketScene-v1|nominal] ep 12 success=True steps=120 inf=7.4s sim=3.3s total=14.4s
[octo-small|PutEggplantInBasketScene-v1|nominal] ep 13 success=True steps=120 inf=9.9s sim=3.5s total=17.1s
[octo-small|PutEggplantInBasketScene-v1|nominal] ep 14 success=False steps=120 inf=11.5s sim=4.9s total=19.8s
[octo-small|PutEggplantInBasketScene-v1|nominal] ep 15 success=False steps=120 inf=10.6s sim=5.2s total=19.4s
[octo-small|PutEggplantInBasketScene-v1|nominal] ep 16 success=True steps=120 inf=11.1s sim=4.6s total=19.3s
[octo-small|PutEggplantInBasketScene-v1|nominal] ep 17 success=True steps=120 inf=9.7s sim=3.7s total=16.9s
[octo-small|PutEggplantInBasketScene-v1|nominal] ep 18 success=True steps=120 inf=9.9s sim=4.0s total=17.5s
[octo-small|PutEggplantInBasketScene-v1|nominal] ep 19 success=False steps=120 inf=10.6s sim=4.3s total=18.5s
[octo-small|PutEggplantInBasketScene-v1|nominal] ep 20 success=True steps=120 inf=9.6s sim=3.5s total=16.8s
[octo-small|PutEggplantInBasketScene-v1|nominal] ep 21 success=True steps=120 inf=9.9s sim=3.6s total=17.1s
[octo-small|PutEggplantInBasketScene-v1|nominal] ep 22 success=True steps=120 inf=10.6s sim=5.0s total=19.2s
[octo-small|PutEggplantInBasketScene-v1|nominal] ep 23 success=False steps=120 inf=10.4s sim=5.3s total=19.2s
[octo-small|PutEggplantInBasketScene-v1|nominal] ep 24 success=True steps=120 inf=9.8s sim=3.6s total=17.2s
[octo-small|PutEggplantInBasketScene-v1|nominal] ep 25 success=True steps=120 inf=9.9s sim=3.8s total=17.2s
[octo-small|PutEggplantInBasketScene-v1|nominal] ep 26 success=True steps=120 inf=10.6s sim=5.1s total=19.2s
[octo-small|PutEggplantInBasketScene-v1|nominal] ep 27 success=False steps=120 inf=11.1s sim=4.5s total=19.5s
[octo-small|PutEggplantInBasketScene-v1|nominal] ep 28 success=True steps=120 inf=10.2s sim=4.5s total=18.7s
[octo-small|PutEggplantInBasketScene-v1|nominal] ep 29 success=False steps=120 inf=10.6s sim=3.7s total=17.5s
[octo-small|PutEggplantInBasketScene-v1|nominal] ep 30 success=False steps=120 inf=10.7s sim=2.5s total=16.2s
[octo-small|PutEggplantInBasketScene-v1|nominal] ep 31 success=False steps=120 inf=11.1s sim=3.4s total=17.3s
[octo-small|PutEggplantInBasketScene-v1|nominal] ep 32 success=False steps=120 inf=11.2s sim=3.1s total=17.0s
[octo-small|PutEggplantInBasketScene-v1|nominal] ep 33 success=True steps=120 inf=10.4s sim=2.5s total=16.0s
[octo-small|PutEggplantInBasketScene-v1|nominal] ep 34 success=False steps=120 inf=11.2s sim=3.6s total=17.6s
[octo-small|PutEggplantInBasketScene-v1|nominal] ep 35 success=True steps=120 inf=10.5s sim=2.9s total=16.4s
[octo-small|PutEggplantInBasketScene-v1|nominal] ep 36 success=True steps=120 inf=10.4s sim=2.8s total=16.1s
[octo-small|PutEggplantInBasketScene-v1|nominal] ep 37 success=True steps=120 inf=10.3s sim=2.6s total=15.9s
[octo-small|PutEggplantInBasketScene-v1|nominal] ep 38 success=False steps=120 inf=10.6s sim=4.0s total=17.4s
[octo-small|PutEggplantInBasketScene-v1|nominal] ep 39 success=False steps=120 inf=11.9s sim=3.1s total=17.8s
[octo-small|PutEggplantInBasketScene-v1|nominal] ep 40 success=True steps=120 inf=10.0s sim=3.5s total=16.6s
[octo-small|PutEggplantInBasketScene-v1|nominal] ep 41 success=True steps=120 inf=10.1s sim=2.9s total=15.7s
[octo-small|PutEggplantInBasketScene-v1|nominal] ep 42 success=False steps=120 inf=10.9s sim=3.4s total=17.2s
[octo-small|PutEggplantInBasketScene-v1|nominal] ep 43 success=False steps=120 inf=10.5s sim=3.2s total=16.6s
[octo-small|PutEggplantInBasketScene-v1|nominal] ep 44 success=False steps=120 inf=11.6s sim=3.1s total=17.5s
[octo-small|PutEggplantInBasketScene-v1|nominal] ep 45 success=True steps=120 inf=9.9s sim=2.5s total=15.3s
[octo-small|PutEggplantInBasketScene-v1|nominal] ep 46 success=False steps=120 inf=10.6s sim=3.7s total=17.3s
[octo-small|PutEggplantInBasketScene-v1|nominal] ep 47 success=False steps=120 inf=10.4s sim=3.4s total=16.7s
[octo-small|PutEggplantInBasketScene-v1|nominal] ep 48 success=True steps=120 inf=10.9s sim=2.7s total=16.6s
[octo-small|PutEggplantInBasketScene-v1|nominal] ep 49 success=True steps=120 inf=10.8s sim=2.8s total=16.5s
[octo-small|PutEggplantInBasketScene-v1|nominal] ep 50 success=True steps=120 inf=10.0s sim=2.6s total=15.6s
[octo-small|PutEggplantInBasketScene-v1|nominal] ep 51 success=False steps=120 inf=10.9s sim=3.5s total=17.3s
[octo-small|PutEggplantInBasketScene-v1|nominal] ep 52 success=True steps=120 inf=11.1s sim=3.7s total=17.9s
[octo-small|PutEggplantInBasketScene-v1|nominal] ep 53 success=False steps=120 inf=11.3s sim=3.0s total=17.2s
[octo-small|PutEggplantInBasketScene-v1|nominal] ep 54 success=True steps=120 inf=10.5s sim=3.2s total=16.9s
[octo-small|PutEggplantInBasketScene-v1|nominal] ep 55 success=False steps=120 inf=11.4s sim=3.6s total=17.8s
[octo-small|PutEggplantInBasketScene-v1|nominal] ep 56 success=False steps=120 inf=11.1s sim=3.4s total=17.4s
[octo-small|PutEggplantInBasketScene-v1|nominal] ep 57 success=True steps=120 inf=11.0s sim=2.6s total=16.4s
[octo-small|PutEggplantInBasketScene-v1|nominal] ep 58 success=True steps=120 inf=10.7s sim=2.4s total=16.0s
[octo-small|PutEggplantInBasketScene-v1|nominal] ep 59 success=False steps=120 inf=10.5s sim=3.3s total=16.5s
[octo-small|PutEggplantInBasketScene-v1|nominal] ep 60 success=True steps=120 inf=10.9s sim=2.8s total=16.7s
[octo-small|PutEggplantInBasketScene-v1|nominal] ep 61 success=False steps=120 inf=11.1s sim=3.2s total=17.0s
[octo-small|PutEggplantInBasketScene-v1|nominal] ep 62 success=False steps=120 inf=11.2s sim=4.3s total=18.5s
[octo-small|PutEggplantInBasketScene-v1|nominal] ep 63 success=False steps=120 inf=11.3s sim=3.7s total=17.9s
== nominal: 33/64 success
