E:\research\the_world\.venv-windows-ms3\Lib\site-packages\sapien\wrapper\pinocchio_model.py:299: UserWarning: pinnochio package is not installed, robotics functionalities will not be available
  warnings.warn(
[33;1m2026-09-21 00:54:27,754 - mani_skill  - WARNING - Mimic targets dictionary is missing for controller config for widowx250s_bridgedataset_sink. Assuming the first joint is the control joint and the second joint is the mimic joint[0m
[33;1m2026-09-21 00:54:27,971 - mani_skill  - WARNING - No initial pose set for actor builder of eggplant, setting to default pose q=[1,0,0,0], p=[0,0,0]. Not setting reasonable initial poses may slow down simulation, see https://github.com/haosulab/ManiSkill/issues/421.[0m
[33;1m2026-09-21 00:54:28,004 - mani_skill  - WARNING - No initial pose set for actor builder of dummy_sink_target_plane, setting to default pose q=[1,0,0,0], p=[0,0,0]. Not setting reasonable initial poses may slow down simulation, see https://github.com/haosulab/ManiSkill/issues/421.[0m
[octo-small@hist1|PutEggplantInBasketScene-v1|nominal] ep 0 success=True steps=120 inf=21.0s sim=9.2s total=35.8s
[octo-small@hist1|PutEggplantInBasketScene-v1|nominal] ep 1 success=False steps=120 inf=18.1s sim=10.5s total=34.3s
[octo-small@hist1|PutEggplantInBasketScene-v1|nominal] ep 2 success=True steps=120 inf=19.2s sim=12.0s total=36.9s
[octo-small@hist1|PutEggplantInBasketScene-v1|nominal] ep 3 success=False steps=120 inf=19.5s sim=12.1s total=37.3s
[octo-small@hist1|PutEggplantInBasketScene-v1|nominal] ep 4 success=True steps=120 inf=18.4s sim=12.4s total=36.4s
[octo-small@hist1|PutEggplantInBasketScene-v1|nominal] ep 5 success=False steps=120 inf=20.0s sim=9.8s total=35.4s
[octo-small@hist1|PutEggplantInBasketScene-v1|nominal] ep 6 success=True steps=120 inf=19.8s sim=8.9s total=34.1s
[octo-small@hist1|PutEggplantInBasketScene-v1|nominal] ep 7 success=False steps=120 inf=19.3s sim=10.6s total=35.2s
[octo-small@hist1|PutEggplantInBasketScene-v1|nominal] ep 8 success=True steps=120 inf=23.3s sim=8.8s total=37.9s
[octo-small@hist1|PutEggplantInBasketScene-v1|nominal] ep 9 success=True steps=120 inf=22.8s sim=10.1s total=38.5s
[octo-small@hist1|PutEggplantInBasketScene-v1|nominal] ep 10 success=False steps=120 inf=20.3s sim=12.8s total=38.9s
[octo-small@hist1|PutEggplantInBasketScene-v1|nominal] ep 11 success=False steps=120 inf=20.8s sim=12.3s total=38.7s
[octo-small@hist1|PutEggplantInBasketScene-v1|nominal] ep 12 success=False steps=120 inf=22.7s sim=14.2s total=42.9s
[octo-small@hist1|PutEggplantInBasketScene-v1|nominal] ep 13 success=True steps=120 inf=19.3s sim=8.9s total=33.8s
[octo-small@hist1|PutEggplantInBasketScene-v1|nominal] ep 14 success=True steps=120 inf=16.1s sim=8.3s total=30.1s
[octo-small@hist1|PutEggplantInBasketScene-v1|nominal] ep 15 success=False steps=120 inf=16.7s sim=10.7s total=32.9s
[octo-small@hist1|PutEggplantInBasketScene-v1|nominal] ep 16 success=False steps=120 inf=16.0s sim=9.7s total=31.3s
[octo-small@hist1|PutEggplantInBasketScene-v1|nominal] ep 17 success=True steps=120 inf=16.4s sim=8.1s total=30.2s
[octo-small@hist1|PutEggplantInBasketScene-v1|nominal] ep 18 success=True steps=120 inf=17.8s sim=8.3s total=31.6s
[octo-small@hist1|PutEggplantInBasketScene-v1|nominal] ep 19 success=False steps=120 inf=15.9s sim=10.8s total=32.0s
[octo-small@hist1|PutEggplantInBasketScene-v1|nominal] ep 20 success=False steps=120 inf=14.8s sim=10.8s total=31.2s
[octo-small@hist1|PutEggplantInBasketScene-v1|nominal] ep 21 success=True steps=120 inf=16.8s sim=8.8s total=31.1s
[octo-small@hist1|PutEggplantInBasketScene-v1|nominal] ep 22 success=False steps=120 inf=16.1s sim=11.6s total=33.5s
[octo-small@hist1|PutEggplantInBasketScene-v1|nominal] ep 23 success=False steps=120 inf=16.4s sim=11.2s total=33.1s
[octo-small@hist1|PutEggplantInBasketScene-v1|nominal] ep 24 success=True steps=120 inf=18.2s sim=8.4s total=32.4s
[octo-small@hist1|PutEggplantInBasketScene-v1|nominal] ep 25 success=True steps=120 inf=16.3s sim=8.7s total=30.2s
[octo-small@hist1|PutEggplantInBasketScene-v1|nominal] ep 26 success=True steps=120 inf=16.6s sim=9.2s total=31.1s
[octo-small@hist1|PutEggplantInBasketScene-v1|nominal] ep 27 success=True steps=120 inf=15.9s sim=8.9s total=30.3s
[octo-small@hist1|PutEggplantInBasketScene-v1|nominal] ep 28 success=True steps=120 inf=16.4s sim=8.3s total=30.4s
[octo-small@hist1|PutEggplantInBasketScene-v1|nominal] ep 29 success=True steps=120 inf=17.0s sim=8.1s total=30.7s
[octo-small@hist1|PutEggplantInBasketScene-v1|nominal] ep 30 success=False steps=120 inf=16.6s sim=11.4s total=33.8s
[octo-small@hist1|PutEggplantInBasketScene-v1|nominal] ep 31 success=False steps=120 inf=15.7s sim=10.3s total=31.8s
[octo-small@hist1|PutEggplantInBasketScene-v1|nominal] ep 32 success=False steps=120 inf=16.1s sim=11.1s total=32.4s
[octo-small@hist1|PutEggplantInBasketScene-v1|nominal] ep 33 success=False steps=120 inf=16.2s sim=10.4s total=32.5s
[octo-small@hist1|PutEggplantInBasketScene-v1|nominal] ep 34 success=True steps=120 inf=18.0s sim=9.9s total=33.5s
[octo-small@hist1|PutEggplantInBasketScene-v1|nominal] ep 35 success=False steps=120 inf=17.6s sim=10.9s total=34.2s
[octo-small@hist1|PutEggplantInBasketScene-v1|nominal] ep 36 success=False steps=120 inf=16.6s sim=12.1s total=34.4s
[octo-small@hist1|PutEggplantInBasketScene-v1|nominal] ep 37 success=False steps=120 inf=17.0s sim=8.2s total=31.1s
[octo-small@hist1|PutEggplantInBasketScene-v1|nominal] ep 38 success=False steps=120 inf=16.0s sim=12.1s total=33.3s
[octo-small@hist1|PutEggplantInBasketScene-v1|nominal] ep 39 success=False steps=120 inf=17.9s sim=12.2s total=36.2s
[octo-small@hist1|PutEggplantInBasketScene-v1|nominal] ep 40 success=False steps=120 inf=19.1s sim=12.9s total=38.1s
[octo-small@hist1|PutEggplantInBasketScene-v1|nominal] ep 41 success=False steps=120 inf=17.5s sim=8.6s total=31.9s
[octo-small@hist1|PutEggplantInBasketScene-v1|nominal] ep 42 success=False steps=120 inf=16.7s sim=11.9s total=34.1s
[octo-small@hist1|PutEggplantInBasketScene-v1|nominal] ep 43 success=False steps=120 inf=16.4s sim=9.9s total=31.9s
[octo-small@hist1|PutEggplantInBasketScene-v1|nominal] ep 44 success=False steps=120 inf=14.6s sim=11.4s total=31.5s
[octo-small@hist1|PutEggplantInBasketScene-v1|nominal] ep 45 success=False steps=120 inf=15.6s sim=8.5s total=29.6s
[octo-small@hist1|PutEggplantInBasketScene-v1|nominal] ep 46 success=True steps=120 inf=15.6s sim=8.7s total=29.9s
[octo-small@hist1|PutEggplantInBasketScene-v1|nominal] ep 47 success=False steps=120 inf=15.7s sim=11.8s total=33.1s
[octo-small@hist1|PutEggplantInBasketScene-v1|nominal] ep 48 success=False steps=120 inf=15.3s sim=11.8s total=32.9s
[octo-small@hist1|PutEggplantInBasketScene-v1|nominal] ep 49 success=True steps=120 inf=15.7s sim=8.4s total=30.2s
[octo-small@hist1|PutEggplantInBasketScene-v1|nominal] ep 50 success=False steps=120 inf=15.6s sim=9.1s total=30.3s
[octo-small@hist1|PutEggplantInBasketScene-v1|nominal] ep 51 success=False steps=120 inf=15.8s sim=10.4s total=31.7s
[octo-small@hist1|PutEggplantInBasketScene-v1|nominal] ep 52 success=True steps=120 inf=15.0s sim=10.1s total=30.9s
[octo-small@hist1|PutEggplantInBasketScene-v1|nominal] ep 53 success=True steps=120 inf=15.3s sim=9.1s total=29.9s
[octo-small@hist1|PutEggplantInBasketScene-v1|nominal] ep 54 success=True steps=120 inf=15.0s sim=8.6s total=29.2s
[octo-small@hist1|PutEggplantInBasketScene-v1|nominal] ep 55 success=False steps=120 inf=14.4s sim=10.2s total=30.0s
[octo-small@hist1|PutEggplantInBasketScene-v1|nominal] ep 56 success=False steps=120 inf=13.7s sim=8.7s total=27.9s
[octo-small@hist1|PutEggplantInBasketScene-v1|nominal] ep 57 success=True steps=120 inf=13.5s sim=8.1s total=27.1s
[octo-small@hist1|PutEggplantInBasketScene-v1|nominal] ep 58 success=False steps=120 inf=14.5s sim=9.9s total=29.8s
[octo-small@hist1|PutEggplantInBasketScene-v1|nominal] ep 59 success=False steps=120 inf=14.4s sim=9.9s total=29.7s
[octo-small@hist1|PutEggplantInBasketScene-v1|nominal] ep 60 success=False steps=120 inf=14.0s sim=10.4s total=30.2s
[octo-small@hist1|PutEggplantInBasketScene-v1|nominal] ep 61 success=False steps=120 inf=13.8s sim=10.3s total=29.6s
[octo-small@hist1|PutEggplantInBasketScene-v1|nominal] ep 62 success=False steps=120 inf=13.4s sim=8.6s total=27.3s
[octo-small@hist1|PutEggplantInBasketScene-v1|nominal] ep 63 success=False steps=120 inf=11.1s sim=10.6s total=26.9s
== nominal: 24/64 success
