E:\research\the_world\.venv-windows-ms3\Lib\site-packages\sapien\wrapper\pinocchio_model.py:299: UserWarning: pinnochio package is not installed, robotics functionalities will not be available
  warnings.warn(
[33;1m2026-09-20 06:28:08,469 - mani_skill  - WARNING - Mimic targets dictionary is missing for controller config for widowx250s_bridgedataset_sink. Assuming the first joint is the control joint and the second joint is the mimic joint[0m
[33;1m2026-09-20 06:28:08,588 - mani_skill  - WARNING - No initial pose set for actor builder of eggplant, setting to default pose q=[1,0,0,0], p=[0,0,0]. Not setting reasonable initial poses may slow down simulation, see https://github.com/haosulab/ManiSkill/issues/421.[0m
[33;1m2026-09-20 06:28:08,613 - mani_skill  - WARNING - No initial pose set for actor builder of dummy_sink_target_plane, setting to default pose q=[1,0,0,0], p=[0,0,0]. Not setting reasonable initial poses may slow down simulation, see https://github.com/haosulab/ManiSkill/issues/421.[0m
[octo-small|PutEggplantInBasketScene-v1|fric_x0.4] ep 0 success=True steps=120 inf=12.6s sim=5.2s total=22.2s
[octo-small|PutEggplantInBasketScene-v1|fric_x0.4] ep 1 success=True steps=120 inf=12.2s sim=4.7s total=21.0s
[octo-small|PutEggplantInBasketScene-v1|fric_x0.4] ep 2 success=True steps=120 inf=13.0s sim=4.9s total=22.0s
[octo-small|PutEggplantInBasketScene-v1|fric_x0.4] ep 3 success=True steps=120 inf=13.1s sim=4.7s total=21.9s
[octo-small|PutEggplantInBasketScene-v1|fric_x0.4] ep 4 success=False steps=120 inf=13.8s sim=5.8s total=23.9s
[octo-small|PutEggplantInBasketScene-v1|fric_x0.4] ep 5 success=True steps=120 inf=12.9s sim=5.5s total=22.7s
[octo-small|PutEggplantInBasketScene-v1|fric_x0.4] ep 6 success=True steps=120 inf=12.7s sim=5.0s total=21.8s
[octo-small|PutEggplantInBasketScene-v1|fric_x0.4] ep 7 success=False steps=120 inf=11.0s sim=5.5s total=20.1s
[octo-small|PutEggplantInBasketScene-v1|fric_x0.4] ep 8 success=False steps=120 inf=8.6s sim=5.2s total=17.7s
[octo-small|PutEggplantInBasketScene-v1|fric_x0.4] ep 9 success=True steps=120 inf=12.6s sim=4.9s total=21.5s
[octo-small|PutEggplantInBasketScene-v1|fric_x0.4] ep 10 success=True steps=120 inf=13.2s sim=5.1s total=22.3s
[octo-small|PutEggplantInBasketScene-v1|fric_x0.4] ep 11 success=False steps=120 inf=12.5s sim=6.2s total=23.0s
[octo-small|PutEggplantInBasketScene-v1|fric_x0.4] ep 12 success=False steps=120 inf=13.3s sim=7.0s total=23.6s
[octo-small|PutEggplantInBasketScene-v1|fric_x0.4] ep 13 success=False steps=120 inf=13.1s sim=4.8s total=21.4s
[octo-small|PutEggplantInBasketScene-v1|fric_x0.4] ep 14 success=False steps=120 inf=12.9s sim=6.3s total=22.9s
[octo-small|PutEggplantInBasketScene-v1|fric_x0.4] ep 15 success=False steps=120 inf=13.6s sim=6.6s total=24.0s
[octo-small|PutEggplantInBasketScene-v1|fric_x0.4] ep 16 success=False steps=120 inf=12.7s sim=5.9s total=22.6s
[octo-small|PutEggplantInBasketScene-v1|fric_x0.4] ep 17 success=True steps=120 inf=12.2s sim=4.8s total=21.5s
[octo-small|PutEggplantInBasketScene-v1|fric_x0.4] ep 18 success=True steps=120 inf=12.6s sim=4.9s total=21.7s
[octo-small|PutEggplantInBasketScene-v1|fric_x0.4] ep 19 success=False steps=120 inf=13.8s sim=6.3s total=23.4s
[octo-small|PutEggplantInBasketScene-v1|fric_x0.4] ep 20 success=False steps=120 inf=13.2s sim=7.0s total=24.3s
[octo-small|PutEggplantInBasketScene-v1|fric_x0.4] ep 21 success=False steps=120 inf=12.3s sim=4.8s total=21.2s
[octo-small|PutEggplantInBasketScene-v1|fric_x0.4] ep 22 success=False steps=120 inf=12.6s sim=7.0s total=23.2s
[octo-small|PutEggplantInBasketScene-v1|fric_x0.4] ep 23 success=True steps=120 inf=12.8s sim=5.9s total=23.0s
[octo-small|PutEggplantInBasketScene-v1|fric_x0.4] ep 24 success=True steps=120 inf=12.5s sim=4.9s total=21.6s
[octo-small|PutEggplantInBasketScene-v1|fric_x0.4] ep 25 success=True steps=120 inf=13.0s sim=5.6s total=22.3s
[octo-small|PutEggplantInBasketScene-v1|fric_x0.4] ep 26 success=True steps=120 inf=13.1s sim=5.3s total=22.3s
[octo-small|PutEggplantInBasketScene-v1|fric_x0.4] ep 27 success=False steps=120 inf=13.4s sim=5.5s total=23.0s
[octo-small|PutEggplantInBasketScene-v1|fric_x0.4] ep 28 success=True steps=120 inf=12.3s sim=7.1s total=23.4s
[octo-small|PutEggplantInBasketScene-v1|fric_x0.4] ep 29 success=False steps=120 inf=13.7s sim=5.2s total=23.0s
[octo-small|PutEggplantInBasketScene-v1|fric_x0.4] ep 30 success=True steps=120 inf=13.1s sim=4.7s total=21.8s
[octo-small|PutEggplantInBasketScene-v1|fric_x0.4] ep 31 success=False steps=120 inf=13.4s sim=6.8s total=24.2s
[octo-small|PutEggplantInBasketScene-v1|fric_x0.4] ep 32 success=False steps=120 inf=12.8s sim=6.6s total=23.7s
[octo-small|PutEggplantInBasketScene-v1|fric_x0.4] ep 33 success=False steps=120 inf=13.7s sim=6.3s total=24.2s
[octo-small|PutEggplantInBasketScene-v1|fric_x0.4] ep 34 success=False steps=120 inf=12.3s sim=7.2s total=23.4s
[octo-small|PutEggplantInBasketScene-v1|fric_x0.4] ep 35 success=False steps=120 inf=14.1s sim=6.2s total=24.3s
[octo-small|PutEggplantInBasketScene-v1|fric_x0.4] ep 36 success=False steps=120 inf=12.9s sim=7.8s total=24.8s
[octo-small|PutEggplantInBasketScene-v1|fric_x0.4] ep 37 success=False steps=120 inf=13.8s sim=5.4s total=23.2s
[octo-small|PutEggplantInBasketScene-v1|fric_x0.4] ep 38 success=False steps=120 inf=13.3s sim=7.6s total=25.1s
[octo-small|PutEggplantInBasketScene-v1|fric_x0.4] ep 39 success=False steps=120 inf=13.1s sim=6.2s total=23.8s
[octo-small|PutEggplantInBasketScene-v1|fric_x0.4] ep 40 success=True steps=120 inf=13.2s sim=4.4s total=21.9s
[octo-small|PutEggplantInBasketScene-v1|fric_x0.4] ep 41 success=True steps=120 inf=13.5s sim=5.0s total=22.6s
[octo-small|PutEggplantInBasketScene-v1|fric_x0.4] ep 42 success=False steps=120 inf=12.4s sim=7.3s total=23.9s
[octo-small|PutEggplantInBasketScene-v1|fric_x0.4] ep 43 success=False steps=120 inf=12.2s sim=5.1s total=21.3s
[octo-small|PutEggplantInBasketScene-v1|fric_x0.4] ep 44 success=False steps=120 inf=12.9s sim=7.6s total=24.7s
[octo-small|PutEggplantInBasketScene-v1|fric_x0.4] ep 45 success=True steps=120 inf=13.3s sim=4.7s total=22.2s
[octo-small|PutEggplantInBasketScene-v1|fric_x0.4] ep 46 success=True steps=120 inf=11.6s sim=4.8s total=20.1s
[octo-small|PutEggplantInBasketScene-v1|fric_x0.4] ep 47 success=False steps=120 inf=13.6s sim=6.3s total=24.1s
[octo-small|PutEggplantInBasketScene-v1|fric_x0.4] ep 48 success=False steps=120 inf=13.1s sim=5.9s total=23.1s
[octo-small|PutEggplantInBasketScene-v1|fric_x0.4] ep 49 success=False steps=120 inf=12.9s sim=6.4s total=23.7s
[octo-small|PutEggplantInBasketScene-v1|fric_x0.4] ep 50 success=True steps=120 inf=13.4s sim=5.4s total=23.0s
[octo-small|PutEggplantInBasketScene-v1|fric_x0.4] ep 51 success=False steps=120 inf=13.2s sim=5.7s total=23.0s
[octo-small|PutEggplantInBasketScene-v1|fric_x0.4] ep 52 success=False steps=120 inf=13.5s sim=5.8s total=23.1s
[octo-small|PutEggplantInBasketScene-v1|fric_x0.4] ep 53 success=True steps=120 inf=13.3s sim=6.6s total=24.2s
[octo-small|PutEggplantInBasketScene-v1|fric_x0.4] ep 54 success=True steps=120 inf=13.1s sim=5.4s total=22.3s
[octo-small|PutEggplantInBasketScene-v1|fric_x0.4] ep 55 success=False steps=120 inf=13.2s sim=6.8s total=24.0s
[octo-small|PutEggplantInBasketScene-v1|fric_x0.4] ep 56 success=False steps=120 inf=13.6s sim=5.8s total=23.4s
[octo-small|PutEggplantInBasketScene-v1|fric_x0.4] ep 57 success=False steps=120 inf=13.0s sim=6.5s total=23.7s
[octo-small|PutEggplantInBasketScene-v1|fric_x0.4] ep 58 success=False steps=120 inf=11.7s sim=6.2s total=22.0s
[octo-small|PutEggplantInBasketScene-v1|fric_x0.4] ep 59 success=False steps=120 inf=13.4s sim=5.4s total=22.8s
[octo-small|PutEggplantInBasketScene-v1|fric_x0.4] ep 60 success=False steps=120 inf=13.2s sim=6.3s total=23.6s
[octo-small|PutEggplantInBasketScene-v1|fric_x0.4] ep 61 success=True steps=120 inf=12.7s sim=4.7s total=21.6s
[octo-small|PutEggplantInBasketScene-v1|fric_x0.4] ep 62 success=True steps=120 inf=13.1s sim=5.3s total=22.5s
[octo-small|PutEggplantInBasketScene-v1|fric_x0.4] ep 63 success=False steps=120 inf=12.4s sim=5.5s total=21.9s
== fric_x0.4: 25/64 success
