E:\research\the_world\.venv-windows-ms3\Lib\site-packages\sapien\wrapper\pinocchio_model.py:299: UserWarning: pinnochio package is not installed, robotics functionalities will not be available
  warnings.warn(
[33;1m2026-09-20 08:17:36,991 - mani_skill  - WARNING - Mimic targets dictionary is missing for controller config for widowx250s_bridgedataset_sink. Assuming the first joint is the control joint and the second joint is the mimic joint[0m
[33;1m2026-09-20 08:17:37,108 - mani_skill  - WARNING - No initial pose set for actor builder of eggplant, setting to default pose q=[1,0,0,0], p=[0,0,0]. Not setting reasonable initial poses may slow down simulation, see https://github.com/haosulab/ManiSkill/issues/421.[0m
[33;1m2026-09-20 08:17:37,132 - mani_skill  - WARNING - No initial pose set for actor builder of dummy_sink_target_plane, setting to default pose q=[1,0,0,0], p=[0,0,0]. Not setting reasonable initial poses may slow down simulation, see https://github.com/haosulab/ManiSkill/issues/421.[0m
[octo-base|PutEggplantInBasketScene-v1|fric_x0.4] ep 0 success=True steps=120 inf=16.9s sim=4.7s total=25.3s
[octo-base|PutEggplantInBasketScene-v1|fric_x0.4] ep 1 success=True steps=120 inf=16.4s sim=4.3s total=24.5s
[octo-base|PutEggplantInBasketScene-v1|fric_x0.4] ep 2 success=True steps=120 inf=16.1s sim=5.2s total=25.1s
[octo-base|PutEggplantInBasketScene-v1|fric_x0.4] ep 3 success=False steps=120 inf=15.9s sim=5.2s total=25.0s
[octo-base|PutEggplantInBasketScene-v1|fric_x0.4] ep 4 success=True steps=120 inf=16.3s sim=3.8s total=23.9s
[octo-base|PutEggplantInBasketScene-v1|fric_x0.4] ep 5 success=False steps=120 inf=17.0s sim=4.5s total=25.5s
[octo-base|PutEggplantInBasketScene-v1|fric_x0.4] ep 6 success=True steps=120 inf=16.3s sim=3.9s total=23.9s
[octo-base|PutEggplantInBasketScene-v1|fric_x0.4] ep 7 success=False steps=120 inf=16.0s sim=5.5s total=25.1s
[octo-base|PutEggplantInBasketScene-v1|fric_x0.4] ep 8 success=False steps=120 inf=17.1s sim=4.1s total=25.3s
[octo-base|PutEggplantInBasketScene-v1|fric_x0.4] ep 9 success=False steps=120 inf=16.2s sim=4.6s total=24.9s
[octo-base|PutEggplantInBasketScene-v1|fric_x0.4] ep 10 success=True steps=120 inf=17.1s sim=3.9s total=24.7s
[octo-base|PutEggplantInBasketScene-v1|fric_x0.4] ep 11 success=False steps=120 inf=16.6s sim=5.2s total=25.9s
[octo-base|PutEggplantInBasketScene-v1|fric_x0.4] ep 12 success=True steps=120 inf=16.0s sim=4.3s total=24.4s
[octo-base|PutEggplantInBasketScene-v1|fric_x0.4] ep 13 success=True steps=120 inf=16.7s sim=4.0s total=24.5s
[octo-base|PutEggplantInBasketScene-v1|fric_x0.4] ep 14 success=True steps=120 inf=16.8s sim=4.8s total=25.6s
[octo-base|PutEggplantInBasketScene-v1|fric_x0.4] ep 15 success=False steps=120 inf=16.0s sim=5.1s total=25.4s
[octo-base|PutEggplantInBasketScene-v1|fric_x0.4] ep 16 success=False steps=120 inf=16.9s sim=4.6s total=25.6s
[octo-base|PutEggplantInBasketScene-v1|fric_x0.4] ep 17 success=True steps=120 inf=17.4s sim=4.3s total=25.7s
[octo-base|PutEggplantInBasketScene-v1|fric_x0.4] ep 18 success=False steps=120 inf=16.4s sim=4.5s total=24.9s
[octo-base|PutEggplantInBasketScene-v1|fric_x0.4] ep 19 success=True steps=120 inf=15.6s sim=5.5s total=25.3s
[octo-base|PutEggplantInBasketScene-v1|fric_x0.4] ep 20 success=False steps=120 inf=16.8s sim=3.8s total=24.6s
[octo-base|PutEggplantInBasketScene-v1|fric_x0.4] ep 21 success=True steps=120 inf=16.6s sim=4.1s total=24.5s
[octo-base|PutEggplantInBasketScene-v1|fric_x0.4] ep 22 success=False steps=120 inf=15.3s sim=4.4s total=23.8s
[octo-base|PutEggplantInBasketScene-v1|fric_x0.4] ep 23 success=False steps=120 inf=16.7s sim=5.2s total=26.1s
[octo-base|PutEggplantInBasketScene-v1|fric_x0.4] ep 24 success=False steps=120 inf=17.0s sim=4.3s total=25.4s
[octo-base|PutEggplantInBasketScene-v1|fric_x0.4] ep 25 success=True steps=120 inf=16.0s sim=4.4s total=24.4s
[octo-base|PutEggplantInBasketScene-v1|fric_x0.4] ep 26 success=True steps=120 inf=16.4s sim=3.8s total=24.3s
[octo-base|PutEggplantInBasketScene-v1|fric_x0.4] ep 27 success=False steps=120 inf=16.5s sim=5.2s total=25.5s
[octo-base|PutEggplantInBasketScene-v1|fric_x0.4] ep 28 success=True steps=120 inf=16.3s sim=3.7s total=23.8s
[octo-base|PutEggplantInBasketScene-v1|fric_x0.4] ep 29 success=True steps=120 inf=16.4s sim=5.6s total=25.9s
[octo-base|PutEggplantInBasketScene-v1|fric_x0.4] ep 30 success=False steps=120 inf=16.3s sim=4.9s total=25.3s
[octo-base|PutEggplantInBasketScene-v1|fric_x0.4] ep 31 success=False steps=120 inf=16.5s sim=4.3s total=25.0s
[octo-base|PutEggplantInBasketScene-v1|fric_x0.4] ep 32 success=False steps=120 inf=17.2s sim=5.2s total=26.3s
[octo-base|PutEggplantInBasketScene-v1|fric_x0.4] ep 33 success=False steps=120 inf=16.0s sim=5.3s total=25.3s
[octo-base|PutEggplantInBasketScene-v1|fric_x0.4] ep 34 success=True steps=120 inf=16.5s sim=3.9s total=24.9s
[octo-base|PutEggplantInBasketScene-v1|fric_x0.4] ep 35 success=False steps=120 inf=16.5s sim=6.1s total=26.5s
[octo-base|PutEggplantInBasketScene-v1|fric_x0.4] ep 36 success=False steps=120 inf=17.1s sim=4.2s total=25.3s
[octo-base|PutEggplantInBasketScene-v1|fric_x0.4] ep 37 success=True steps=120 inf=16.6s sim=4.0s total=24.9s
[octo-base|PutEggplantInBasketScene-v1|fric_x0.4] ep 38 success=False steps=120 inf=17.2s sim=4.9s total=25.6s
[octo-base|PutEggplantInBasketScene-v1|fric_x0.4] ep 39 success=False steps=120 inf=15.4s sim=5.1s total=24.8s
[octo-base|PutEggplantInBasketScene-v1|fric_x0.4] ep 40 success=False steps=120 inf=15.8s sim=5.7s total=25.6s
[octo-base|PutEggplantInBasketScene-v1|fric_x0.4] ep 41 success=True steps=120 inf=16.8s sim=4.6s total=25.3s
[octo-base|PutEggplantInBasketScene-v1|fric_x0.4] ep 42 success=True steps=120 inf=15.9s sim=4.6s total=24.5s
[octo-base|PutEggplantInBasketScene-v1|fric_x0.4] ep 43 success=False steps=120 inf=17.0s sim=5.1s total=26.0s
[octo-base|PutEggplantInBasketScene-v1|fric_x0.4] ep 44 success=True steps=120 inf=16.8s sim=3.9s total=24.9s
[octo-base|PutEggplantInBasketScene-v1|fric_x0.4] ep 45 success=True steps=120 inf=16.8s sim=4.0s total=24.8s
[octo-base|PutEggplantInBasketScene-v1|fric_x0.4] ep 46 success=True steps=120 inf=16.6s sim=4.7s total=25.4s
[octo-base|PutEggplantInBasketScene-v1|fric_x0.4] ep 47 success=False steps=120 inf=15.6s sim=4.7s total=24.5s
[octo-base|PutEggplantInBasketScene-v1|fric_x0.4] ep 48 success=False steps=120 inf=14.4s sim=4.7s total=22.8s
[octo-base|PutEggplantInBasketScene-v1|fric_x0.4] ep 49 success=True steps=120 inf=14.3s sim=6.0s total=24.2s
[octo-base|PutEggplantInBasketScene-v1|fric_x0.4] ep 50 success=False steps=120 inf=16.1s sim=4.4s total=24.8s
[octo-base|PutEggplantInBasketScene-v1|fric_x0.4] ep 51 success=False steps=120 inf=15.6s sim=4.8s total=24.2s
[octo-base|PutEggplantInBasketScene-v1|fric_x0.4] ep 52 success=True steps=120 inf=15.6s sim=3.9s total=23.5s
[octo-base|PutEggplantInBasketScene-v1|fric_x0.4] ep 53 success=True steps=120 inf=16.3s sim=3.8s total=24.1s
[octo-base|PutEggplantInBasketScene-v1|fric_x0.4] ep 54 success=False steps=120 inf=16.9s sim=4.2s total=25.2s
[octo-base|PutEggplantInBasketScene-v1|fric_x0.4] ep 55 success=True steps=120 inf=16.3s sim=4.6s total=25.0s
[octo-base|PutEggplantInBasketScene-v1|fric_x0.4] ep 56 success=True steps=120 inf=16.8s sim=4.0s total=24.9s
[octo-base|PutEggplantInBasketScene-v1|fric_x0.4] ep 57 success=True steps=120 inf=16.3s sim=4.1s total=24.7s
[octo-base|PutEggplantInBasketScene-v1|fric_x0.4] ep 58 success=False steps=120 inf=16.0s sim=4.8s total=24.9s
[octo-base|PutEggplantInBasketScene-v1|fric_x0.4] ep 59 success=False steps=120 inf=15.6s sim=5.4s total=24.7s
[octo-base|PutEggplantInBasketScene-v1|fric_x0.4] ep 60 success=False steps=120 inf=16.0s sim=5.4s total=25.6s
[octo-base|PutEggplantInBasketScene-v1|fric_x0.4] ep 61 success=True steps=120 inf=16.1s sim=5.7s total=26.0s
[octo-base|PutEggplantInBasketScene-v1|fric_x0.4] ep 62 success=False steps=120 inf=16.0s sim=3.7s total=23.5s
[octo-base|PutEggplantInBasketScene-v1|fric_x0.4] ep 63 success=False steps=120 inf=16.4s sim=5.4s total=25.8s
== fric_x0.4: 30/64 success
