E:\research\the_world\.venv-windows-ms3\Lib\site-packages\sapien\wrapper\pinocchio_model.py:299: UserWarning: pinnochio package is not installed, robotics functionalities will not be available
  warnings.warn(
[33;1m2026-09-18 18:51:46,640 - mani_skill  - WARNING - Mimic targets dictionary is missing for controller config for widowx250s_bridgedataset_sink. Assuming the first joint is the control joint and the second joint is the mimic joint[0m
[33;1m2026-09-18 18:51:46,898 - mani_skill  - WARNING - No initial pose set for actor builder of eggplant, setting to default pose q=[1,0,0,0], p=[0,0,0]. Not setting reasonable initial poses may slow down simulation, see https://github.com/haosulab/ManiSkill/issues/421.[0m
[33;1m2026-09-18 18:51:46,921 - mani_skill  - WARNING - No initial pose set for actor builder of dummy_sink_target_plane, setting to default pose q=[1,0,0,0], p=[0,0,0]. Not setting reasonable initial poses may slow down simulation, see https://github.com/haosulab/ManiSkill/issues/421.[0m
[octo-small@hist1|PutEggplantInBasketScene-v1|nominal] ep 0 success=False steps=120 inf=18.1s sim=6.6s total=29.8s
[octo-small@hist1|PutEggplantInBasketScene-v1|nominal] ep 1 success=True steps=120 inf=20.1s sim=6.0s total=31.1s
[octo-small@hist1|PutEggplantInBasketScene-v1|nominal] ep 2 success=False steps=120 inf=29.0s sim=7.8s total=42.8s
[octo-small@hist1|PutEggplantInBasketScene-v1|nominal] ep 3 success=False steps=120 inf=27.5s sim=7.7s total=41.4s
[octo-small@hist1|PutEggplantInBasketScene-v1|nominal] ep 4 success=False steps=120 inf=26.9s sim=9.1s total=41.8s
[octo-small@hist1|PutEggplantInBasketScene-v1|nominal] ep 5 success=False steps=120 inf=17.6s sim=7.9s total=30.2s
[octo-small@hist1|PutEggplantInBasketScene-v1|nominal] ep 6 success=False steps=120 inf=18.5s sim=6.1s total=29.6s
[octo-small@hist1|PutEggplantInBasketScene-v1|nominal] ep 7 success=False steps=120 inf=18.2s sim=5.5s total=28.1s
[octo-small@hist1|PutEggplantInBasketScene-v1|nominal] ep 8 success=True steps=120 inf=20.8s sim=4.0s total=29.8s
[octo-small@hist1|PutEggplantInBasketScene-v1|nominal] ep 9 success=True steps=120 inf=23.2s sim=4.1s total=30.0s
[octo-small@hist1|PutEggplantInBasketScene-v1|nominal] ep 10 success=True steps=120 inf=22.8s sim=4.2s total=29.9s
[octo-small@hist1|PutEggplantInBasketScene-v1|nominal] ep 11 success=False steps=120 inf=22.7s sim=5.3s total=31.0s
[octo-small@hist1|PutEggplantInBasketScene-v1|nominal] ep 12 success=True steps=120 inf=20.8s sim=4.4s total=29.8s
[octo-small@hist1|PutEggplantInBasketScene-v1|nominal] ep 13 success=True steps=120 inf=23.3s sim=3.8s total=30.3s
[octo-small@hist1|PutEggplantInBasketScene-v1|nominal] ep 14 success=False steps=120 inf=21.7s sim=5.6s total=32.3s
[octo-small@hist1|PutEggplantInBasketScene-v1|nominal] ep 15 success=False steps=120 inf=21.7s sim=4.9s total=30.9s
[octo-small@hist1|PutEggplantInBasketScene-v1|nominal] ep 16 success=True steps=120 inf=21.8s sim=5.4s total=31.9s
[octo-small@hist1|PutEggplantInBasketScene-v1|nominal] ep 17 success=True steps=120 inf=20.8s sim=5.8s total=31.7s
[octo-small@hist1|PutEggplantInBasketScene-v1|nominal] ep 18 success=True steps=120 inf=21.8s sim=5.9s total=32.0s
[octo-small@hist1|PutEggplantInBasketScene-v1|nominal] ep 19 success=False steps=120 inf=21.5s sim=7.8s total=34.1s
[octo-small@hist1|PutEggplantInBasketScene-v1|nominal] ep 20 success=False steps=120 inf=20.2s sim=8.1s total=33.1s
[octo-small@hist1|PutEggplantInBasketScene-v1|nominal] ep 21 success=True steps=120 inf=21.0s sim=5.6s total=31.5s
[octo-small@hist1|PutEggplantInBasketScene-v1|nominal] ep 22 success=True steps=120 inf=21.2s sim=7.8s total=33.9s
[octo-small@hist1|PutEggplantInBasketScene-v1|nominal] ep 23 success=False steps=120 inf=23.1s sim=8.7s total=37.1s
== nominal: 11/24 success
[33;1m2026-09-18 19:04:53,057 - mani_skill  - WARNING - Mimic targets dictionary is missing for controller config for widowx250s_bridgedataset_sink. Assuming the first joint is the control joint and the second joint is the mimic joint[0m
[33;1m2026-09-18 19:04:53,063 - mani_skill  - WARNING - No initial pose set for actor builder of eggplant, setting to default pose q=[1,0,0,0], p=[0,0,0]. Not setting reasonable initial poses may slow down simulation, see https://github.com/haosulab/ManiSkill/issues/421.[0m
[33;1m2026-09-18 19:04:53,065 - mani_skill  - WARNING - No initial pose set for actor builder of dummy_sink_target_plane, setting to default pose q=[1,0,0,0], p=[0,0,0]. Not setting reasonable initial poses may slow down simulation, see https://github.com/haosulab/ManiSkill/issues/421.[0m
[octo-small@hist1|PutEggplantInBasketScene-v1|iso_x0.25] ep 0 success=False steps=120 inf=20.7s sim=7.3s total=33.3s
[octo-small@hist1|PutEggplantInBasketScene-v1|iso_x0.25] ep 1 success=False steps=120 inf=20.4s sim=9.1s total=34.7s
[octo-small@hist1|PutEggplantInBasketScene-v1|iso_x0.25] ep 2 success=False steps=120 inf=22.1s sim=7.4s total=34.8s
[octo-small@hist1|PutEggplantInBasketScene-v1|iso_x0.25] ep 3 success=False steps=120 inf=21.4s sim=7.8s total=34.6s
[octo-small@hist1|PutEggplantInBasketScene-v1|iso_x0.25] ep 4 success=False steps=120 inf=21.4s sim=8.5s total=35.2s
[octo-small@hist1|PutEggplantInBasketScene-v1|iso_x0.25] ep 5 success=False steps=120 inf=19.8s sim=8.4s total=33.2s
[octo-small@hist1|PutEggplantInBasketScene-v1|iso_x0.25] ep 6 success=True steps=120 inf=19.8s sim=6.6s total=31.5s
[octo-small@hist1|PutEggplantInBasketScene-v1|iso_x0.25] ep 7 success=False steps=120 inf=20.5s sim=7.9s total=33.4s
[octo-small@hist1|PutEggplantInBasketScene-v1|iso_x0.25] ep 8 success=True steps=120 inf=22.3s sim=4.0s total=31.4s
[octo-small@hist1|PutEggplantInBasketScene-v1|iso_x0.25] ep 9 success=True steps=120 inf=21.8s sim=4.2s total=30.7s
[octo-small@hist1|PutEggplantInBasketScene-v1|iso_x0.25] ep 10 success=True steps=120 inf=22.4s sim=5.4s total=32.4s
[octo-small@hist1|PutEggplantInBasketScene-v1|iso_x0.25] ep 11 success=False steps=120 inf=21.7s sim=8.2s total=35.2s
[octo-small@hist1|PutEggplantInBasketScene-v1|iso_x0.25] ep 12 success=False steps=120 inf=22.6s sim=7.9s total=35.9s
[octo-small@hist1|PutEggplantInBasketScene-v1|iso_x0.25] ep 13 success=True steps=120 inf=22.8s sim=5.9s total=33.9s
[octo-small@hist1|PutEggplantInBasketScene-v1|iso_x0.25] ep 14 success=False steps=120 inf=22.8s sim=8.6s total=36.5s
[octo-small@hist1|PutEggplantInBasketScene-v1|iso_x0.25] ep 15 success=False steps=120 inf=22.6s sim=8.2s total=36.3s
[octo-small@hist1|PutEggplantInBasketScene-v1|iso_x0.25] ep 16 success=False steps=120 inf=22.1s sim=7.9s total=35.2s
[octo-small@hist1|PutEggplantInBasketScene-v1|iso_x0.25] ep 17 success=True steps=120 inf=23.9s sim=5.8s total=34.8s
[octo-small@hist1|PutEggplantInBasketScene-v1|iso_x0.25] ep 18 success=True steps=120 inf=22.7s sim=7.1s total=35.1s
[octo-small@hist1|PutEggplantInBasketScene-v1|iso_x0.25] ep 19 success=False steps=120 inf=23.7s sim=8.2s total=36.8s
[octo-small@hist1|PutEggplantInBasketScene-v1|iso_x0.25] ep 20 success=False steps=120 inf=22.0s sim=10.3s total=37.8s
[octo-small@hist1|PutEggplantInBasketScene-v1|iso_x0.25] ep 21 success=True steps=120 inf=22.8s sim=5.9s total=33.5s
[octo-small@hist1|PutEggplantInBasketScene-v1|iso_x0.25] ep 22 success=True steps=120 inf=21.9s sim=8.1s total=34.8s
[octo-small@hist1|PutEggplantInBasketScene-v1|iso_x0.25] ep 23 success=False steps=120 inf=23.0s sim=8.6s total=36.6s
== iso_x0.25: 9/24 success
[33;1m2026-09-18 19:18:41,721 - mani_skill  - WARNING - Mimic targets dictionary is missing for controller config for widowx250s_bridgedataset_sink. Assuming the first joint is the control joint and the second joint is the mimic joint[0m
[33;1m2026-09-18 19:18:41,730 - mani_skill  - WARNING - No initial pose set for actor builder of eggplant, setting to default pose q=[1,0,0,0], p=[0,0,0]. Not setting reasonable initial poses may slow down simulation, see https://github.com/haosulab/ManiSkill/issues/421.[0m
[33;1m2026-09-18 19:18:41,734 - mani_skill  - WARNING - No initial pose set for actor builder of dummy_sink_target_plane, setting to default pose q=[1,0,0,0], p=[0,0,0]. Not setting reasonable initial poses may slow down simulation, see https://github.com/haosulab/ManiSkill/issues/421.[0m
[octo-small@hist1|PutEggplantInBasketScene-v1|iso_x4.0] ep 0 success=True steps=120 inf=21.8s sim=6.5s total=33.1s
[octo-small@hist1|PutEggplantInBasketScene-v1|iso_x4.0] ep 1 success=True steps=120 inf=21.8s sim=6.5s total=33.2s
[octo-small@hist1|PutEggplantInBasketScene-v1|iso_x4.0] ep 2 success=False steps=120 inf=23.2s sim=8.1s total=36.2s
[octo-small@hist1|PutEggplantInBasketScene-v1|iso_x4.0] ep 3 success=False steps=120 inf=22.9s sim=7.6s total=35.8s
[octo-small@hist1|PutEggplantInBasketScene-v1|iso_x4.0] ep 4 success=True steps=120 inf=25.0s sim=6.8s total=37.3s
[octo-small@hist1|PutEggplantInBasketScene-v1|iso_x4.0] ep 5 success=False steps=120 inf=24.8s sim=9.5s total=39.6s
[octo-small@hist1|PutEggplantInBasketScene-v1|iso_x4.0] ep 6 success=True steps=120 inf=22.5s sim=7.2s total=35.4s
[octo-small@hist1|PutEggplantInBasketScene-v1|iso_x4.0] ep 7 success=True steps=120 inf=23.7s sim=9.8s total=39.4s
[octo-small@hist1|PutEggplantInBasketScene-v1|iso_x4.0] ep 8 success=True steps=120 inf=22.8s sim=6.3s total=34.8s
[octo-small@hist1|PutEggplantInBasketScene-v1|iso_x4.0] ep 9 success=True steps=120 inf=21.2s sim=7.0s total=33.5s
[octo-small@hist1|PutEggplantInBasketScene-v1|iso_x4.0] ep 10 success=True steps=120 inf=22.1s sim=8.1s total=35.7s
[octo-small@hist1|PutEggplantInBasketScene-v1|iso_x4.0] ep 11 success=False steps=120 inf=21.3s sim=8.3s total=35.8s
[octo-small@hist1|PutEggplantInBasketScene-v1|iso_x4.0] ep 12 success=True steps=120 inf=19.7s sim=7.5s total=32.7s
[octo-small@hist1|PutEggplantInBasketScene-v1|iso_x4.0] ep 13 success=True steps=120 inf=21.3s sim=5.5s total=32.5s
[octo-small@hist1|PutEggplantInBasketScene-v1|iso_x4.0] ep 14 success=False steps=120 inf=21.7s sim=9.0s total=36.4s
[octo-small@hist1|PutEggplantInBasketScene-v1|iso_x4.0] ep 15 success=False steps=120 inf=21.5s sim=7.7s total=35.4s
[octo-small@hist1|PutEggplantInBasketScene-v1|iso_x4.0] ep 16 success=True steps=120 inf=21.0s sim=6.2s total=33.5s
[octo-small@hist1|PutEggplantInBasketScene-v1|iso_x4.0] ep 17 success=True steps=120 inf=22.8s sim=7.2s total=36.0s
[octo-small@hist1|PutEggplantInBasketScene-v1|iso_x4.0] ep 18 success=True steps=120 inf=20.5s sim=7.0s total=33.6s
[octo-small@hist1|PutEggplantInBasketScene-v1|iso_x4.0] ep 19 success=False steps=120 inf=21.7s sim=9.2s total=36.8s
[octo-small@hist1|PutEggplantInBasketScene-v1|iso_x4.0] ep 20 success=False steps=120 inf=22.7s sim=8.5s total=36.7s
[octo-small@hist1|PutEggplantInBasketScene-v1|iso_x4.0] ep 21 success=False steps=120 inf=22.2s sim=7.7s total=35.7s
[octo-small@hist1|PutEggplantInBasketScene-v1|iso_x4.0] ep 22 success=True steps=120 inf=22.6s sim=6.7s total=35.1s
[octo-small@hist1|PutEggplantInBasketScene-v1|iso_x4.0] ep 23 success=False steps=120 inf=23.3s sim=8.4s total=37.2s
== iso_x4.0: 14/24 success
[33;1m2026-09-18 19:32:54,196 - mani_skill  - WARNING - Mimic targets dictionary is missing for controller config for widowx250s_bridgedataset_sink. Assuming the first joint is the control joint and the second joint is the mimic joint[0m
[33;1m2026-09-18 19:32:54,200 - mani_skill  - WARNING - No initial pose set for actor builder of eggplant, setting to default pose q=[1,0,0,0], p=[0,0,0]. Not setting reasonable initial poses may slow down simulation, see https://github.com/haosulab/ManiSkill/issues/421.[0m
[33;1m2026-09-18 19:32:54,201 - mani_skill  - WARNING - No initial pose set for actor builder of dummy_sink_target_plane, setting to default pose q=[1,0,0,0], p=[0,0,0]. Not setting reasonable initial poses may slow down simulation, see https://github.com/haosulab/ManiSkill/issues/421.[0m
[octo-small@hist1|PutEggplantInBasketScene-v1|force_x0.5] ep 0 success=False steps=120 inf=24.5s sim=7.4s total=37.8s
[octo-small@hist1|PutEggplantInBasketScene-v1|force_x0.5] ep 1 success=True steps=120 inf=22.4s sim=6.7s total=34.8s
[octo-small@hist1|PutEggplantInBasketScene-v1|force_x0.5] ep 2 success=False steps=120 inf=21.9s sim=8.0s total=35.6s
[octo-small@hist1|PutEggplantInBasketScene-v1|force_x0.5] ep 3 success=True steps=120 inf=21.1s sim=5.8s total=32.6s
[octo-small@hist1|PutEggplantInBasketScene-v1|force_x0.5] ep 4 success=False steps=120 inf=24.0s sim=9.0s total=38.8s
[octo-small@hist1|PutEggplantInBasketScene-v1|force_x0.5] ep 5 success=False steps=120 inf=21.7s sim=8.0s total=35.3s
[octo-small@hist1|PutEggplantInBasketScene-v1|force_x0.5] ep 6 success=False steps=120 inf=21.8s sim=6.9s total=34.3s
[octo-small@hist1|PutEggplantInBasketScene-v1|force_x0.5] ep 7 success=False steps=120 inf=22.5s sim=8.4s total=36.0s
[octo-small@hist1|PutEggplantInBasketScene-v1|force_x0.5] ep 8 success=True steps=120 inf=22.0s sim=5.8s total=33.4s
[octo-small@hist1|PutEggplantInBasketScene-v1|force_x0.5] ep 9 success=True steps=120 inf=22.4s sim=6.1s total=33.9s
[octo-small@hist1|PutEggplantInBasketScene-v1|force_x0.5] ep 10 success=True steps=120 inf=21.8s sim=5.9s total=33.2s
[octo-small@hist1|PutEggplantInBasketScene-v1|force_x0.5] ep 11 success=False steps=120 inf=22.2s sim=8.0s total=35.3s
[octo-small@hist1|PutEggplantInBasketScene-v1|force_x0.5] ep 12 success=False steps=120 inf=21.5s sim=7.4s total=34.4s
[octo-small@hist1|PutEggplantInBasketScene-v1|force_x0.5] ep 13 success=True steps=120 inf=22.5s sim=6.0s total=33.9s
[octo-small@hist1|PutEggplantInBasketScene-v1|force_x0.5] ep 14 success=False steps=120 inf=22.3s sim=8.3s total=36.2s
[octo-small@hist1|PutEggplantInBasketScene-v1|force_x0.5] ep 15 success=False steps=120 inf=20.1s sim=7.8s total=33.8s
[octo-small@hist1|PutEggplantInBasketScene-v1|force_x0.5] ep 16 success=True steps=120 inf=21.3s sim=6.7s total=34.0s
[octo-small@hist1|PutEggplantInBasketScene-v1|force_x0.5] ep 17 success=True steps=120 inf=21.8s sim=6.1s total=33.9s
[octo-small@hist1|PutEggplantInBasketScene-v1|force_x0.5] ep 18 success=True steps=120 inf=22.7s sim=6.1s total=34.7s
[octo-small@hist1|PutEggplantInBasketScene-v1|force_x0.5] ep 19 success=False steps=120 inf=23.8s sim=8.7s total=38.7s
[octo-small@hist1|PutEggplantInBasketScene-v1|force_x0.5] ep 20 success=False steps=120 inf=20.0s sim=7.7s total=33.6s
[octo-small@hist1|PutEggplantInBasketScene-v1|force_x0.5] ep 21 success=True steps=120 inf=21.2s sim=6.0s total=33.3s
[octo-small@hist1|PutEggplantInBasketScene-v1|force_x0.5] ep 22 success=True steps=120 inf=22.0s sim=7.3s total=35.2s
[octo-small@hist1|PutEggplantInBasketScene-v1|force_x0.5] ep 23 success=False steps=120 inf=21.6s sim=7.8s total=35.4s
== force_x0.5: 11/24 success
[33;1m2026-09-18 19:46:53,180 - mani_skill  - WARNING - Mimic targets dictionary is missing for controller config for widowx250s_bridgedataset_sink. Assuming the first joint is the control joint and the second joint is the mimic joint[0m
[33;1m2026-09-18 19:46:53,186 - mani_skill  - WARNING - No initial pose set for actor builder of eggplant, setting to default pose q=[1,0,0,0], p=[0,0,0]. Not setting reasonable initial poses may slow down simulation, see https://github.com/haosulab/ManiSkill/issues/421.[0m
[33;1m2026-09-18 19:46:53,187 - mani_skill  - WARNING - No initial pose set for actor builder of dummy_sink_target_plane, setting to default pose q=[1,0,0,0], p=[0,0,0]. Not setting reasonable initial poses may slow down simulation, see https://github.com/haosulab/ManiSkill/issues/421.[0m
[octo-small@hist1|PutEggplantInBasketScene-v1|fric_x0.4] ep 0 success=False steps=120 inf=20.9s sim=8.6s total=35.1s
[octo-small@hist1|PutEggplantInBasketScene-v1|fric_x0.4] ep 1 success=False steps=120 inf=23.2s sim=8.0s total=37.3s
[octo-small@hist1|PutEggplantInBasketScene-v1|fric_x0.4] ep 2 success=False steps=120 inf=22.1s sim=8.8s total=36.8s
[octo-small@hist1|PutEggplantInBasketScene-v1|fric_x0.4] ep 3 success=True steps=120 inf=22.9s sim=7.0s total=36.4s
[octo-small@hist1|PutEggplantInBasketScene-v1|fric_x0.4] ep 4 success=False steps=120 inf=23.2s sim=8.5s total=38.0s
[octo-small@hist1|PutEggplantInBasketScene-v1|fric_x0.4] ep 5 success=False steps=120 inf=24.4s sim=9.8s total=40.8s
[octo-small@hist1|PutEggplantInBasketScene-v1|fric_x0.4] ep 6 success=True steps=120 inf=22.6s sim=7.4s total=36.5s
[octo-small@hist1|PutEggplantInBasketScene-v1|fric_x0.4] ep 7 success=False steps=120 inf=22.7s sim=9.4s total=38.5s
[octo-small@hist1|PutEggplantInBasketScene-v1|fric_x0.4] ep 8 success=True steps=120 inf=21.8s sim=6.1s total=34.3s
[octo-small@hist1|PutEggplantInBasketScene-v1|fric_x0.4] ep 9 success=True steps=120 inf=22.7s sim=5.8s total=34.4s
[octo-small@hist1|PutEggplantInBasketScene-v1|fric_x0.4] ep 10 success=True steps=120 inf=23.0s sim=6.5s total=35.0s
[octo-small@hist1|PutEggplantInBasketScene-v1|fric_x0.4] ep 11 success=False steps=120 inf=23.3s sim=7.9s total=36.7s
[octo-small@hist1|PutEggplantInBasketScene-v1|fric_x0.4] ep 12 success=False steps=120 inf=24.0s sim=7.3s total=37.0s
[octo-small@hist1|PutEggplantInBasketScene-v1|fric_x0.4] ep 13 success=True steps=120 inf=21.2s sim=5.3s total=31.8s
[octo-small@hist1|PutEggplantInBasketScene-v1|fric_x0.4] ep 14 success=False steps=120 inf=22.3s sim=8.8s total=36.4s
[octo-small@hist1|PutEggplantInBasketScene-v1|fric_x0.4] ep 15 success=False steps=120 inf=21.4s sim=6.7s total=33.9s
[octo-small@hist1|PutEggplantInBasketScene-v1|fric_x0.4] ep 16 success=False steps=120 inf=21.2s sim=6.5s total=33.0s
[octo-small@hist1|PutEggplantInBasketScene-v1|fric_x0.4] ep 17 success=False steps=120 inf=23.4s sim=6.7s total=35.8s
[octo-small@hist1|PutEggplantInBasketScene-v1|fric_x0.4] ep 18 success=True steps=120 inf=21.7s sim=5.9s total=32.8s
[octo-small@hist1|PutEggplantInBasketScene-v1|fric_x0.4] ep 19 success=False steps=120 inf=22.1s sim=7.1s total=34.6s
[octo-small@hist1|PutEggplantInBasketScene-v1|fric_x0.4] ep 20 success=False steps=120 inf=21.0s sim=8.1s total=34.3s
[octo-small@hist1|PutEggplantInBasketScene-v1|fric_x0.4] ep 21 success=True steps=120 inf=21.2s sim=5.4s total=31.6s
[octo-small@hist1|PutEggplantInBasketScene-v1|fric_x0.4] ep 22 success=True steps=120 inf=22.1s sim=5.5s total=33.3s
[octo-small@hist1|PutEggplantInBasketScene-v1|fric_x0.4] ep 23 success=False steps=120 inf=23.3s sim=7.2s total=36.3s
== fric_x0.4: 9/24 success
[33;1m2026-09-18 20:01:04,636 - mani_skill  - WARNING - Mimic targets dictionary is missing for controller config for widowx250s_bridgedataset_sink. Assuming the first joint is the control joint and the second joint is the mimic joint[0m
[33;1m2026-09-18 20:01:04,642 - mani_skill  - WARNING - No initial pose set for actor builder of eggplant, setting to default pose q=[1,0,0,0], p=[0,0,0]. Not setting reasonable initial poses may slow down simulation, see https://github.com/haosulab/ManiSkill/issues/421.[0m
[33;1m2026-09-18 20:01:04,644 - mani_skill  - WARNING - No initial pose set for actor builder of dummy_sink_target_plane, setting to default pose q=[1,0,0,0], p=[0,0,0]. Not setting reasonable initial poses may slow down simulation, see https://github.com/haosulab/ManiSkill/issues/421.[0m
[octo-small@hist1|PutEggplantInBasketScene-v1|dens_x0.5] ep 0 success=True steps=120 inf=21.8s sim=5.5s total=32.7s
[octo-small@hist1|PutEggplantInBasketScene-v1|dens_x0.5] ep 1 success=True steps=120 inf=21.0s sim=6.5s total=33.3s
[octo-small@hist1|PutEggplantInBasketScene-v1|dens_x0.5] ep 2 success=False steps=120 inf=22.2s sim=7.3s total=35.2s
[octo-small@hist1|PutEggplantInBasketScene-v1|dens_x0.5] ep 3 success=False steps=120 inf=21.2s sim=7.3s total=34.0s
[octo-small@hist1|PutEggplantInBasketScene-v1|dens_x0.5] ep 4 success=False steps=120 inf=23.1s sim=7.8s total=36.7s
[octo-small@hist1|PutEggplantInBasketScene-v1|dens_x0.5] ep 5 success=False steps=120 inf=21.8s sim=7.4s total=34.5s
[octo-small@hist1|PutEggplantInBasketScene-v1|dens_x0.5] ep 6 success=False steps=120 inf=19.4s sim=7.0s total=32.0s
[octo-small@hist1|PutEggplantInBasketScene-v1|dens_x0.5] ep 7 success=False steps=120 inf=21.1s sim=6.4s total=32.6s
[octo-small@hist1|PutEggplantInBasketScene-v1|dens_x0.5] ep 8 success=True steps=120 inf=20.7s sim=4.8s total=30.9s
[octo-small@hist1|PutEggplantInBasketScene-v1|dens_x0.5] ep 9 success=True steps=120 inf=20.7s sim=5.5s total=31.3s
[octo-small@hist1|PutEggplantInBasketScene-v1|dens_x0.5] ep 10 success=True steps=120 inf=19.9s sim=5.8s total=30.9s
[octo-small@hist1|PutEggplantInBasketScene-v1|dens_x0.5] ep 11 success=False steps=120 inf=20.9s sim=7.4s total=33.7s
[octo-small@hist1|PutEggplantInBasketScene-v1|dens_x0.5] ep 12 success=True steps=120 inf=20.5s sim=5.8s total=31.8s
[octo-small@hist1|PutEggplantInBasketScene-v1|dens_x0.5] ep 13 success=True steps=120 inf=22.3s sim=5.7s total=33.4s
[octo-small@hist1|PutEggplantInBasketScene-v1|dens_x0.5] ep 14 success=False steps=120 inf=22.4s sim=10.7s total=38.5s
[octo-small@hist1|PutEggplantInBasketScene-v1|dens_x0.5] ep 15 success=False steps=120 inf=21.4s sim=7.0s total=33.9s
[octo-small@hist1|PutEggplantInBasketScene-v1|dens_x0.5] ep 16 success=True steps=120 inf=21.4s sim=5.8s total=32.6s
[octo-small@hist1|PutEggplantInBasketScene-v1|dens_x0.5] ep 17 success=True steps=120 inf=20.1s sim=6.0s total=31.3s
[octo-small@hist1|PutEggplantInBasketScene-v1|dens_x0.5] ep 18 success=True steps=120 inf=21.3s sim=5.8s total=32.4s
[octo-small@hist1|PutEggplantInBasketScene-v1|dens_x0.5] ep 19 success=False steps=120 inf=22.4s sim=7.0s total=34.6s
[octo-small@hist1|PutEggplantInBasketScene-v1|dens_x0.5] ep 20 success=False steps=120 inf=22.7s sim=5.4s total=33.6s
[octo-small@hist1|PutEggplantInBasketScene-v1|dens_x0.5] ep 21 success=True steps=120 inf=21.9s sim=4.3s total=31.5s
[octo-small@hist1|PutEggplantInBasketScene-v1|dens_x0.5] ep 22 success=False steps=120 inf=23.1s sim=5.4s total=34.2s
[octo-small@hist1|PutEggplantInBasketScene-v1|dens_x0.5] ep 23 success=False steps=120 inf=21.4s sim=6.2s total=33.2s
== dens_x0.5: 11/24 success
