E:\research\the_world\.venv-windows-ms3\Lib\site-packages\sapien\wrapper\pinocchio_model.py:299: UserWarning: pinnochio package is not installed, robotics functionalities will not be available
  warnings.warn(
[33;1m2026-09-18 17:34:17,247 - mani_skill  - WARNING - Mimic targets dictionary is missing for controller config for widowx250s_bridgedataset_sink. Assuming the first joint is the control joint and the second joint is the mimic joint[0m
[33;1m2026-09-18 17:34:17,446 - mani_skill  - WARNING - No initial pose set for actor builder of eggplant, setting to default pose q=[1,0,0,0], p=[0,0,0]. Not setting reasonable initial poses may slow down simulation, see https://github.com/haosulab/ManiSkill/issues/421.[0m
[33;1m2026-09-18 17:34:17,463 - mani_skill  - WARNING - No initial pose set for actor builder of dummy_sink_target_plane, setting to default pose q=[1,0,0,0], p=[0,0,0]. Not setting reasonable initial poses may slow down simulation, see https://github.com/haosulab/ManiSkill/issues/421.[0m
[octo-base@noens|PutEggplantInBasketScene-v1|nominal] ep 0 success=False steps=120 inf=74.7s sim=10.1s total=91.9s
[octo-base@noens|PutEggplantInBasketScene-v1|nominal] ep 1 success=False steps=120 inf=71.8s sim=9.1s total=88.4s
[octo-base@noens|PutEggplantInBasketScene-v1|nominal] ep 2 success=False steps=120 inf=79.6s sim=9.7s total=96.9s
[octo-base@noens|PutEggplantInBasketScene-v1|nominal] ep 3 success=False steps=120 inf=73.0s sim=8.8s total=89.1s
[octo-base@noens|PutEggplantInBasketScene-v1|nominal] ep 4 success=False steps=120 inf=69.9s sim=8.6s total=85.8s
[octo-base@noens|PutEggplantInBasketScene-v1|nominal] ep 5 success=False steps=120 inf=66.0s sim=6.9s total=79.7s
[octo-base@noens|PutEggplantInBasketScene-v1|nominal] ep 6 success=False steps=120 inf=70.9s sim=7.8s total=85.8s
[octo-base@noens|PutEggplantInBasketScene-v1|nominal] ep 7 success=False steps=120 inf=70.0s sim=9.2s total=86.2s
[octo-base@noens|PutEggplantInBasketScene-v1|nominal] ep 8 success=False steps=120 inf=58.0s sim=19.7s total=86.5s
[octo-base@noens|PutEggplantInBasketScene-v1|nominal] ep 9 success=False steps=120 inf=30.6s sim=15.4s total=2022.1s
[octo-base@noens|PutEggplantInBasketScene-v1|nominal] ep 10 success=False steps=120 inf=21.1s sim=8.8s total=34.1s
[octo-base@noens|PutEggplantInBasketScene-v1|nominal] ep 11 success=False steps=120 inf=24.6s sim=12.8s total=42.8s
[octo-base@noens|PutEggplantInBasketScene-v1|nominal] ep 12 success=False steps=120 inf=24.3s sim=10.7s total=41.2s
[octo-base@noens|PutEggplantInBasketScene-v1|nominal] ep 13 success=True steps=120 inf=23.4s sim=9.6s total=39.0s
[octo-base@noens|PutEggplantInBasketScene-v1|nominal] ep 14 success=False steps=120 inf=24.5s sim=9.6s total=39.1s
[octo-base@noens|PutEggplantInBasketScene-v1|nominal] ep 15 success=False steps=120 inf=23.0s sim=10.0s total=39.1s
[octo-base@noens|PutEggplantInBasketScene-v1|nominal] ep 16 success=False steps=120 inf=22.8s sim=8.7s total=37.5s
[octo-base@noens|PutEggplantInBasketScene-v1|nominal] ep 17 success=True steps=120 inf=17.7s sim=6.0s total=28.1s
[octo-base@noens|PutEggplantInBasketScene-v1|nominal] ep 18 success=True steps=120 inf=18.4s sim=4.5s total=27.7s
[octo-base@noens|PutEggplantInBasketScene-v1|nominal] ep 19 success=False steps=120 inf=19.5s sim=6.7s total=31.0s
[octo-base@noens|PutEggplantInBasketScene-v1|nominal] ep 20 success=False steps=120 inf=20.7s sim=6.4s total=31.9s
[octo-base@noens|PutEggplantInBasketScene-v1|nominal] ep 21 success=True steps=120 inf=20.8s sim=4.4s total=29.8s
[octo-base@noens|PutEggplantInBasketScene-v1|nominal] ep 22 success=False steps=120 inf=20.6s sim=6.7s total=32.0s
[octo-base@noens|PutEggplantInBasketScene-v1|nominal] ep 23 success=False steps=120 inf=20.5s sim=5.5s total=30.7s
== nominal: 4/24 success
[33;1m2026-09-18 18:29:08,939 - mani_skill  - WARNING - Mimic targets dictionary is missing for controller config for widowx250s_bridgedataset_sink. Assuming the first joint is the control joint and the second joint is the mimic joint[0m
[33;1m2026-09-18 18:29:08,945 - mani_skill  - WARNING - No initial pose set for actor builder of eggplant, setting to default pose q=[1,0,0,0], p=[0,0,0]. Not setting reasonable initial poses may slow down simulation, see https://github.com/haosulab/ManiSkill/issues/421.[0m
[33;1m2026-09-18 18:29:08,946 - mani_skill  - WARNING - No initial pose set for actor builder of dummy_sink_target_plane, setting to default pose q=[1,0,0,0], p=[0,0,0]. Not setting reasonable initial poses may slow down simulation, see https://github.com/haosulab/ManiSkill/issues/421.[0m
[octo-base@noens|PutEggplantInBasketScene-v1|iso_x0.25] ep 0 success=False steps=120 inf=21.2s sim=5.3s total=31.2s
[octo-base@noens|PutEggplantInBasketScene-v1|iso_x0.25] ep 1 success=False steps=120 inf=19.7s sim=5.4s total=30.0s
[octo-base@noens|PutEggplantInBasketScene-v1|iso_x0.25] ep 2 success=False steps=120 inf=19.8s sim=6.5s total=31.2s
[octo-base@noens|PutEggplantInBasketScene-v1|iso_x0.25] ep 3 success=False steps=120 inf=20.3s sim=7.3s total=32.6s
[octo-base@noens|PutEggplantInBasketScene-v1|iso_x0.25] ep 4 success=False steps=120 inf=20.4s sim=5.7s total=31.3s
[octo-base@noens|PutEggplantInBasketScene-v1|iso_x0.25] ep 5 success=False steps=120 inf=19.7s sim=6.1s total=30.5s
[octo-base@noens|PutEggplantInBasketScene-v1|iso_x0.25] ep 6 success=False steps=120 inf=20.5s sim=6.3s total=31.2s
[octo-base@noens|PutEggplantInBasketScene-v1|iso_x0.25] ep 7 success=False steps=120 inf=20.4s sim=6.2s total=31.4s
[octo-base@noens|PutEggplantInBasketScene-v1|iso_x0.25] ep 8 success=False steps=120 inf=21.2s sim=6.1s total=32.3s
[octo-base@noens|PutEggplantInBasketScene-v1|iso_x0.25] ep 9 success=False steps=120 inf=20.5s sim=5.2s total=30.7s
[octo-base@noens|PutEggplantInBasketScene-v1|iso_x0.25] ep 10 success=True steps=120 inf=20.1s sim=5.4s total=30.2s
[octo-base@noens|PutEggplantInBasketScene-v1|iso_x0.25] ep 11 success=False steps=120 inf=20.9s sim=6.0s total=31.8s
[octo-base@noens|PutEggplantInBasketScene-v1|iso_x0.25] ep 12 success=True steps=120 inf=20.4s sim=6.3s total=31.7s
[octo-base@noens|PutEggplantInBasketScene-v1|iso_x0.25] ep 13 success=False steps=120 inf=20.6s sim=5.1s total=30.6s
[octo-base@noens|PutEggplantInBasketScene-v1|iso_x0.25] ep 14 success=False steps=120 inf=20.2s sim=6.0s total=30.9s
[octo-base@noens|PutEggplantInBasketScene-v1|iso_x0.25] ep 15 success=False steps=120 inf=20.3s sim=6.4s total=31.5s
[octo-base@noens|PutEggplantInBasketScene-v1|iso_x0.25] ep 16 success=False steps=120 inf=20.3s sim=6.5s total=31.9s
[octo-base@noens|PutEggplantInBasketScene-v1|iso_x0.25] ep 17 success=True steps=120 inf=20.6s sim=6.9s total=32.4s
[octo-base@noens|PutEggplantInBasketScene-v1|iso_x0.25] ep 18 success=False steps=120 inf=20.5s sim=5.7s total=30.8s
[octo-base@noens|PutEggplantInBasketScene-v1|iso_x0.25] ep 19 success=False steps=120 inf=21.8s sim=5.6s total=32.0s
[octo-base@noens|PutEggplantInBasketScene-v1|iso_x0.25] ep 20 success=False steps=120 inf=20.7s sim=6.0s total=31.5s
[octo-base@noens|PutEggplantInBasketScene-v1|iso_x0.25] ep 21 success=False steps=120 inf=21.1s sim=5.0s total=31.4s
[octo-base@noens|PutEggplantInBasketScene-v1|iso_x0.25] ep 22 success=True steps=120 inf=20.4s sim=5.9s total=31.0s
[octo-base@noens|PutEggplantInBasketScene-v1|iso_x0.25] ep 23 success=False steps=120 inf=20.8s sim=6.0s total=31.7s
== iso_x0.25: 4/24 success
[33;1m2026-09-18 18:41:41,309 - mani_skill  - WARNING - Mimic targets dictionary is missing for controller config for widowx250s_bridgedataset_sink. Assuming the first joint is the control joint and the second joint is the mimic joint[0m
[33;1m2026-09-18 18:41:41,315 - mani_skill  - WARNING - No initial pose set for actor builder of eggplant, setting to default pose q=[1,0,0,0], p=[0,0,0]. Not setting reasonable initial poses may slow down simulation, see https://github.com/haosulab/ManiSkill/issues/421.[0m
[33;1m2026-09-18 18:41:41,317 - mani_skill  - WARNING - No initial pose set for actor builder of dummy_sink_target_plane, setting to default pose q=[1,0,0,0], p=[0,0,0]. Not setting reasonable initial poses may slow down simulation, see https://github.com/haosulab/ManiSkill/issues/421.[0m
[octo-base@noens|PutEggplantInBasketScene-v1|iso_x4.0] ep 0 success=False steps=120 inf=19.3s sim=7.6s total=31.6s
[octo-base@noens|PutEggplantInBasketScene-v1|iso_x4.0] ep 1 success=True steps=120 inf=19.3s sim=8.4s total=32.2s
[octo-base@noens|PutEggplantInBasketScene-v1|iso_x4.0] ep 2 success=False steps=120 inf=19.8s sim=6.3s total=31.2s
[octo-base@noens|PutEggplantInBasketScene-v1|iso_x4.0] ep 3 success=False steps=120 inf=19.4s sim=7.8s total=32.0s
[octo-base@noens|PutEggplantInBasketScene-v1|iso_x4.0] ep 4 success=False steps=120 inf=19.1s sim=7.5s total=31.4s
[octo-base@noens|PutEggplantInBasketScene-v1|iso_x4.0] ep 5 success=False steps=120 inf=19.1s sim=7.6s total=31.7s
[octo-base@noens|PutEggplantInBasketScene-v1|iso_x4.0] ep 6 success=False steps=120 inf=19.7s sim=6.8s total=31.6s
[octo-base@noens|PutEggplantInBasketScene-v1|iso_x4.0] ep 7 success=False steps=120 inf=19.3s sim=7.6s total=31.8s
[octo-base@noens|PutEggplantInBasketScene-v1|iso_x4.0] ep 8 success=False steps=120 inf=19.6s sim=6.2s total=30.9s
[octo-base@noens|PutEggplantInBasketScene-v1|iso_x4.0] ep 9 success=True steps=120 inf=18.7s sim=6.0s total=29.9s
[octo-base@noens|PutEggplantInBasketScene-v1|iso_x4.0] ep 10 success=False steps=120 inf=19.7s sim=7.0s total=31.6s
[octo-base@noens|PutEggplantInBasketScene-v1|iso_x4.0] ep 11 success=False steps=120 inf=18.6s sim=7.7s total=31.2s
[octo-base@noens|PutEggplantInBasketScene-v1|iso_x4.0] ep 12 success=True steps=120 inf=19.3s sim=6.1s total=30.0s
[octo-base@noens|PutEggplantInBasketScene-v1|iso_x4.0] ep 13 success=True steps=120 inf=20.3s sim=6.4s total=31.3s
[octo-base@noens|PutEggplantInBasketScene-v1|iso_x4.0] ep 14 success=False steps=120 inf=20.0s sim=7.9s total=32.8s
[octo-base@noens|PutEggplantInBasketScene-v1|iso_x4.0] ep 15 success=False steps=120 inf=20.0s sim=8.0s total=32.9s
[octo-base@noens|PutEggplantInBasketScene-v1|iso_x4.0] ep 16 success=True steps=120 inf=19.7s sim=6.3s total=30.8s
[octo-base@noens|PutEggplantInBasketScene-v1|iso_x4.0] ep 17 success=False steps=120 inf=19.9s sim=7.4s total=32.6s
[octo-base@noens|PutEggplantInBasketScene-v1|iso_x4.0] ep 18 success=False steps=120 inf=18.5s sim=5.0s total=28.3s
[octo-base@noens|PutEggplantInBasketScene-v1|iso_x4.0] ep 19 success=False steps=120 inf=20.1s sim=8.1s total=33.1s
[octo-base@noens|PutEggplantInBasketScene-v1|iso_x4.0] ep 20 success=False steps=120 inf=20.2s sim=8.4s total=33.8s
[octo-base@noens|PutEggplantInBasketScene-v1|iso_x4.0] ep 21 success=False steps=120 inf=51.8s sim=8.3s total=68.4s
[octo-base@noens|PutEggplantInBasketScene-v1|iso_x4.0] ep 22 success=False steps=120 inf=47.5s sim=9.2s total=64.3s
[octo-base@noens|PutEggplantInBasketScene-v1|iso_x4.0] ep 23 success=False steps=120 inf=21.9s sim=8.2s total=35.0s
== iso_x4.0: 5/24 success
[33;1m2026-09-18 18:55:31,880 - mani_skill  - WARNING - Mimic targets dictionary is missing for controller config for widowx250s_bridgedataset_sink. Assuming the first joint is the control joint and the second joint is the mimic joint[0m
[33;1m2026-09-18 18:55:31,882 - mani_skill  - WARNING - No initial pose set for actor builder of eggplant, setting to default pose q=[1,0,0,0], p=[0,0,0]. Not setting reasonable initial poses may slow down simulation, see https://github.com/haosulab/ManiSkill/issues/421.[0m
[33;1m2026-09-18 18:55:31,883 - mani_skill  - WARNING - No initial pose set for actor builder of dummy_sink_target_plane, setting to default pose q=[1,0,0,0], p=[0,0,0]. Not setting reasonable initial poses may slow down simulation, see https://github.com/haosulab/ManiSkill/issues/421.[0m
[octo-base@noens|PutEggplantInBasketScene-v1|force_x0.5] ep 0 success=True steps=120 inf=21.1s sim=6.3s total=32.3s
[octo-base@noens|PutEggplantInBasketScene-v1|force_x0.5] ep 1 success=False steps=120 inf=23.4s sim=5.8s total=34.3s
[octo-base@noens|PutEggplantInBasketScene-v1|force_x0.5] ep 2 success=False steps=120 inf=29.2s sim=5.5s total=38.7s
[octo-base@noens|PutEggplantInBasketScene-v1|force_x0.5] ep 3 success=False steps=120 inf=27.7s sim=6.9s total=37.8s
[octo-base@noens|PutEggplantInBasketScene-v1|force_x0.5] ep 4 success=False steps=120 inf=28.5s sim=5.5s total=38.2s
[octo-base@noens|PutEggplantInBasketScene-v1|force_x0.5] ep 5 success=True steps=120 inf=27.0s sim=6.4s total=38.0s
[octo-base@noens|PutEggplantInBasketScene-v1|force_x0.5] ep 6 success=False steps=120 inf=26.2s sim=6.5s total=37.7s
[octo-base@noens|PutEggplantInBasketScene-v1|force_x0.5] ep 7 success=False steps=120 inf=28.4s sim=6.1s total=39.6s
[octo-base@noens|PutEggplantInBasketScene-v1|force_x0.5] ep 8 success=False steps=120 inf=28.8s sim=6.4s total=40.5s
[octo-base@noens|PutEggplantInBasketScene-v1|force_x0.5] ep 9 success=True steps=120 inf=27.7s sim=9.0s total=41.8s
[octo-base@noens|PutEggplantInBasketScene-v1|force_x0.5] ep 10 success=False steps=120 inf=26.3s sim=8.4s total=40.0s
[octo-base@noens|PutEggplantInBasketScene-v1|force_x0.5] ep 11 success=False steps=120 inf=26.3s sim=8.9s total=40.6s
[octo-base@noens|PutEggplantInBasketScene-v1|force_x0.5] ep 12 success=False steps=120 inf=26.9s sim=8.3s total=40.9s
[octo-base@noens|PutEggplantInBasketScene-v1|force_x0.5] ep 13 success=True steps=120 inf=27.4s sim=7.4s total=40.5s
[octo-base@noens|PutEggplantInBasketScene-v1|force_x0.5] ep 14 success=False steps=120 inf=26.3s sim=8.3s total=40.4s
[octo-base@noens|PutEggplantInBasketScene-v1|force_x0.5] ep 15 success=False steps=120 inf=27.2s sim=8.2s total=41.3s
[octo-base@noens|PutEggplantInBasketScene-v1|force_x0.5] ep 16 success=False steps=120 inf=27.1s sim=7.7s total=41.0s
[octo-base@noens|PutEggplantInBasketScene-v1|force_x0.5] ep 17 success=True steps=120 inf=27.2s sim=9.2s total=42.4s
[octo-base@noens|PutEggplantInBasketScene-v1|force_x0.5] ep 18 success=True steps=120 inf=23.2s sim=9.2s total=37.9s
[octo-base@noens|PutEggplantInBasketScene-v1|force_x0.5] ep 19 success=False steps=120 inf=25.7s sim=8.0s total=39.1s
[octo-base@noens|PutEggplantInBasketScene-v1|force_x0.5] ep 20 success=False steps=120 inf=24.7s sim=9.3s total=39.8s
[octo-base@noens|PutEggplantInBasketScene-v1|force_x0.5] ep 21 success=True steps=120 inf=28.0s sim=4.9s total=38.9s
[octo-base@noens|PutEggplantInBasketScene-v1|force_x0.5] ep 22 success=True steps=120 inf=27.0s sim=6.1s total=38.6s
[octo-base@noens|PutEggplantInBasketScene-v1|force_x0.5] ep 23 success=False steps=120 inf=27.2s sim=8.1s total=40.6s
== force_x0.5: 8/24 success
[33;1m2026-09-18 19:11:13,323 - mani_skill  - WARNING - Mimic targets dictionary is missing for controller config for widowx250s_bridgedataset_sink. Assuming the first joint is the control joint and the second joint is the mimic joint[0m
[33;1m2026-09-18 19:11:13,337 - mani_skill  - WARNING - No initial pose set for actor builder of eggplant, setting to default pose q=[1,0,0,0], p=[0,0,0]. Not setting reasonable initial poses may slow down simulation, see https://github.com/haosulab/ManiSkill/issues/421.[0m
[33;1m2026-09-18 19:11:13,341 - mani_skill  - WARNING - No initial pose set for actor builder of dummy_sink_target_plane, setting to default pose q=[1,0,0,0], p=[0,0,0]. Not setting reasonable initial poses may slow down simulation, see https://github.com/haosulab/ManiSkill/issues/421.[0m
[octo-base@noens|PutEggplantInBasketScene-v1|fric_x0.4] ep 0 success=True steps=120 inf=27.6s sim=7.7s total=40.9s
[octo-base@noens|PutEggplantInBasketScene-v1|fric_x0.4] ep 1 success=False steps=120 inf=26.4s sim=8.9s total=40.6s
[octo-base@noens|PutEggplantInBasketScene-v1|fric_x0.4] ep 2 success=False steps=120 inf=29.3s sim=7.8s total=42.8s
[octo-base@noens|PutEggplantInBasketScene-v1|fric_x0.4] ep 3 success=False steps=120 inf=27.4s sim=9.4s total=42.6s
[octo-base@noens|PutEggplantInBasketScene-v1|fric_x0.4] ep 4 success=True steps=120 inf=29.2s sim=7.5s total=42.6s
[octo-base@noens|PutEggplantInBasketScene-v1|fric_x0.4] ep 5 success=True steps=120 inf=28.7s sim=8.4s total=42.7s
[octo-base@noens|PutEggplantInBasketScene-v1|fric_x0.4] ep 6 success=False steps=120 inf=28.2s sim=8.3s total=42.0s
[octo-base@noens|PutEggplantInBasketScene-v1|fric_x0.4] ep 7 success=True steps=120 inf=26.9s sim=9.8s total=42.5s
[octo-base@noens|PutEggplantInBasketScene-v1|fric_x0.4] ep 8 success=False steps=120 inf=27.8s sim=9.6s total=43.0s
[octo-base@noens|PutEggplantInBasketScene-v1|fric_x0.4] ep 9 success=False steps=120 inf=27.0s sim=8.3s total=40.8s
[octo-base@noens|PutEggplantInBasketScene-v1|fric_x0.4] ep 10 success=True steps=120 inf=26.3s sim=9.3s total=40.9s
[octo-base@noens|PutEggplantInBasketScene-v1|fric_x0.4] ep 11 success=False steps=120 inf=26.7s sim=9.8s total=41.8s
[octo-base@noens|PutEggplantInBasketScene-v1|fric_x0.4] ep 12 success=True steps=120 inf=27.3s sim=8.8s total=41.6s
[octo-base@noens|PutEggplantInBasketScene-v1|fric_x0.4] ep 13 success=True steps=120 inf=27.5s sim=9.4s total=42.3s
[octo-base@noens|PutEggplantInBasketScene-v1|fric_x0.4] ep 14 success=False steps=120 inf=27.3s sim=10.4s total=43.6s
[octo-base@noens|PutEggplantInBasketScene-v1|fric_x0.4] ep 15 success=False steps=120 inf=29.8s sim=8.5s total=44.2s
[octo-base@noens|PutEggplantInBasketScene-v1|fric_x0.4] ep 16 success=True steps=120 inf=27.0s sim=10.0s total=43.2s
[octo-base@noens|PutEggplantInBasketScene-v1|fric_x0.4] ep 17 success=False steps=120 inf=29.0s sim=6.8s total=42.0s
[octo-base@noens|PutEggplantInBasketScene-v1|fric_x0.4] ep 18 success=True steps=120 inf=26.7s sim=10.2s total=42.9s
[octo-base@noens|PutEggplantInBasketScene-v1|fric_x0.4] ep 19 success=False steps=120 inf=27.4s sim=9.3s total=42.5s
[octo-base@noens|PutEggplantInBasketScene-v1|fric_x0.4] ep 20 success=False steps=120 inf=27.9s sim=8.1s total=42.8s
[octo-base@noens|PutEggplantInBasketScene-v1|fric_x0.4] ep 21 success=False steps=120 inf=25.5s sim=5.7s total=37.4s
[octo-base@noens|PutEggplantInBasketScene-v1|fric_x0.4] ep 22 success=False steps=120 inf=27.5s sim=8.7s total=42.6s
[octo-base@noens|PutEggplantInBasketScene-v1|fric_x0.4] ep 23 success=False steps=120 inf=27.4s sim=8.6s total=43.1s
== fric_x0.4: 9/24 success
[33;1m2026-09-18 19:28:05,732 - mani_skill  - WARNING - Mimic targets dictionary is missing for controller config for widowx250s_bridgedataset_sink. Assuming the first joint is the control joint and the second joint is the mimic joint[0m
[33;1m2026-09-18 19:28:05,737 - mani_skill  - WARNING - No initial pose set for actor builder of eggplant, setting to default pose q=[1,0,0,0], p=[0,0,0]. Not setting reasonable initial poses may slow down simulation, see https://github.com/haosulab/ManiSkill/issues/421.[0m
[33;1m2026-09-18 19:28:05,738 - mani_skill  - WARNING - No initial pose set for actor builder of dummy_sink_target_plane, setting to default pose q=[1,0,0,0], p=[0,0,0]. Not setting reasonable initial poses may slow down simulation, see https://github.com/haosulab/ManiSkill/issues/421.[0m
[octo-base@noens|PutEggplantInBasketScene-v1|dens_x0.5] ep 0 success=False steps=120 inf=25.1s sim=11.0s total=42.7s
[octo-base@noens|PutEggplantInBasketScene-v1|dens_x0.5] ep 1 success=False steps=120 inf=27.6s sim=8.9s total=43.0s
[octo-base@noens|PutEggplantInBasketScene-v1|dens_x0.5] ep 2 success=False steps=120 inf=26.8s sim=8.0s total=41.7s
[octo-base@noens|PutEggplantInBasketScene-v1|dens_x0.5] ep 3 success=False steps=120 inf=26.1s sim=10.4s total=42.5s
[octo-base@noens|PutEggplantInBasketScene-v1|dens_x0.5] ep 4 success=False steps=120 inf=26.3s sim=10.5s total=42.8s
[octo-base@noens|PutEggplantInBasketScene-v1|dens_x0.5] ep 5 success=True steps=120 inf=27.9s sim=6.9s total=41.0s
[octo-base@noens|PutEggplantInBasketScene-v1|dens_x0.5] ep 6 success=False steps=120 inf=26.1s sim=9.6s total=41.7s
[octo-base@noens|PutEggplantInBasketScene-v1|dens_x0.5] ep 7 success=False steps=120 inf=24.9s sim=10.8s total=42.3s
[octo-base@noens|PutEggplantInBasketScene-v1|dens_x0.5] ep 8 success=False steps=120 inf=26.0s sim=8.4s total=41.0s
[octo-base@noens|PutEggplantInBasketScene-v1|dens_x0.5] ep 9 success=False steps=120 inf=27.0s sim=8.4s total=41.8s
[octo-base@noens|PutEggplantInBasketScene-v1|dens_x0.5] ep 10 success=False steps=120 inf=25.4s sim=8.3s total=40.0s
[octo-base@noens|PutEggplantInBasketScene-v1|dens_x0.5] ep 11 success=False steps=120 inf=25.5s sim=10.1s total=41.3s
[octo-base@noens|PutEggplantInBasketScene-v1|dens_x0.5] ep 12 success=False steps=120 inf=25.5s sim=10.7s total=42.3s
[octo-base@noens|PutEggplantInBasketScene-v1|dens_x0.5] ep 13 success=False steps=120 inf=28.5s sim=7.0s total=41.2s
[octo-base@noens|PutEggplantInBasketScene-v1|dens_x0.5] ep 14 success=False steps=120 inf=28.9s sim=8.7s total=43.8s
[octo-base@noens|PutEggplantInBasketScene-v1|dens_x0.5] ep 15 success=False steps=120 inf=26.9s sim=9.1s total=41.9s
[octo-base@noens|PutEggplantInBasketScene-v1|dens_x0.5] ep 16 success=True steps=120 inf=26.2s sim=9.3s total=41.5s
[octo-base@noens|PutEggplantInBasketScene-v1|dens_x0.5] ep 17 success=True steps=120 inf=24.3s sim=11.2s total=41.8s
[octo-base@noens|PutEggplantInBasketScene-v1|dens_x0.5] ep 18 success=False steps=120 inf=25.9s sim=8.2s total=39.9s
[octo-base@noens|PutEggplantInBasketScene-v1|dens_x0.5] ep 19 success=False steps=120 inf=26.1s sim=10.8s total=43.2s
[octo-base@noens|PutEggplantInBasketScene-v1|dens_x0.5] ep 20 success=False steps=120 inf=27.5s sim=8.5s total=42.8s
[octo-base@noens|PutEggplantInBasketScene-v1|dens_x0.5] ep 21 success=False steps=120 inf=28.1s sim=7.9s total=42.6s
[octo-base@noens|PutEggplantInBasketScene-v1|dens_x0.5] ep 22 success=False steps=120 inf=24.5s sim=10.2s total=40.9s
[octo-base@noens|PutEggplantInBasketScene-v1|dens_x0.5] ep 23 success=False steps=120 inf=26.9s sim=8.7s total=42.2s
== dens_x0.5: 3/24 success
