E:\research\the_world\.venv-windows-ms3\Lib\site-packages\sapien\wrapper\pinocchio_model.py:299: UserWarning: pinnochio package is not installed, robotics functionalities will not be available
  warnings.warn(
[33;1m2026-09-18 19:26:35,210 - mani_skill  - WARNING - Mimic targets dictionary is missing for controller config for widowx250s_bridgedataset_flat_table. Assuming the first joint is the control joint and the second joint is the mimic joint[0m
[33;1m2026-09-18 19:26:35,464 - mani_skill  - WARNING - No initial pose set for actor builder of bridge_spoon_generated_modified, setting to default pose q=[1,0,0,0], p=[0,0,0]. Not setting reasonable initial poses may slow down simulation, see https://github.com/haosulab/ManiSkill/issues/421.[0m
[33;1m2026-09-18 19:26:35,502 - mani_skill  - WARNING - No initial pose set for actor builder of table_cloth_generated_shorter, setting to default pose q=[1,0,0,0], p=[0,0,0]. Not setting reasonable initial poses may slow down simulation, see https://github.com/haosulab/ManiSkill/issues/421.[0m
[octo-small@noens|PutSpoonOnTableClothInScene-v1|nominal] ep 0 success=False steps=60 inf=10.1s sim=3.4s total=16.4s
[octo-small@noens|PutSpoonOnTableClothInScene-v1|nominal] ep 1 success=False steps=60 inf=9.4s sim=3.3s total=15.5s
[octo-small@noens|PutSpoonOnTableClothInScene-v1|nominal] ep 2 success=False steps=60 inf=9.6s sim=3.5s total=16.0s
[octo-small@noens|PutSpoonOnTableClothInScene-v1|nominal] ep 3 success=False steps=60 inf=9.2s sim=3.6s total=16.1s
[octo-small@noens|PutSpoonOnTableClothInScene-v1|nominal] ep 4 success=False steps=60 inf=9.5s sim=3.6s total=15.9s
[octo-small@noens|PutSpoonOnTableClothInScene-v1|nominal] ep 5 success=False steps=60 inf=9.0s sim=3.6s total=15.8s
[octo-small@noens|PutSpoonOnTableClothInScene-v1|nominal] ep 6 success=False steps=60 inf=10.1s sim=3.5s total=16.5s
[octo-small@noens|PutSpoonOnTableClothInScene-v1|nominal] ep 7 success=False steps=60 inf=9.1s sim=3.6s total=15.8s
[octo-small@noens|PutSpoonOnTableClothInScene-v1|nominal] ep 8 success=False steps=60 inf=9.5s sim=2.9s total=15.4s
[octo-small@noens|PutSpoonOnTableClothInScene-v1|nominal] ep 9 success=False steps=60 inf=10.3s sim=3.4s total=16.2s
[octo-small@noens|PutSpoonOnTableClothInScene-v1|nominal] ep 10 success=False steps=60 inf=9.4s sim=3.2s total=15.9s
[octo-small@noens|PutSpoonOnTableClothInScene-v1|nominal] ep 11 success=True steps=60 inf=9.4s sim=3.3s total=15.6s
[octo-small@noens|PutSpoonOnTableClothInScene-v1|nominal] ep 12 success=False steps=60 inf=9.0s sim=3.6s total=15.5s
[octo-small@noens|PutSpoonOnTableClothInScene-v1|nominal] ep 13 success=False steps=60 inf=9.9s sim=3.6s total=16.6s
[octo-small@noens|PutSpoonOnTableClothInScene-v1|nominal] ep 14 success=False steps=60 inf=9.4s sim=3.3s total=15.4s
[octo-small@noens|PutSpoonOnTableClothInScene-v1|nominal] ep 15 success=False steps=60 inf=10.1s sim=4.1s total=17.0s
[octo-small@noens|PutSpoonOnTableClothInScene-v1|nominal] ep 16 success=False steps=60 inf=10.7s sim=3.3s total=17.0s
[octo-small@noens|PutSpoonOnTableClothInScene-v1|nominal] ep 17 success=False steps=60 inf=10.3s sim=3.6s total=16.7s
[octo-small@noens|PutSpoonOnTableClothInScene-v1|nominal] ep 18 success=True steps=60 inf=9.8s sim=3.4s total=15.9s
[octo-small@noens|PutSpoonOnTableClothInScene-v1|nominal] ep 19 success=False steps=60 inf=10.1s sim=3.5s total=16.4s
[octo-small@noens|PutSpoonOnTableClothInScene-v1|nominal] ep 20 success=False steps=60 inf=10.9s sim=3.5s total=17.2s
[octo-small@noens|PutSpoonOnTableClothInScene-v1|nominal] ep 21 success=False steps=60 inf=9.7s sim=3.0s total=15.4s
[octo-small@noens|PutSpoonOnTableClothInScene-v1|nominal] ep 22 success=True steps=60 inf=10.0s sim=3.2s total=15.8s
[octo-small@noens|PutSpoonOnTableClothInScene-v1|nominal] ep 23 success=False steps=60 inf=9.6s sim=3.4s total=15.6s
== nominal: 3/24 success
[33;1m2026-09-18 19:33:03,105 - mani_skill  - WARNING - Mimic targets dictionary is missing for controller config for widowx250s_bridgedataset_flat_table. Assuming the first joint is the control joint and the second joint is the mimic joint[0m
[33;1m2026-09-18 19:33:03,111 - mani_skill  - WARNING - No initial pose set for actor builder of bridge_spoon_generated_modified, setting to default pose q=[1,0,0,0], p=[0,0,0]. Not setting reasonable initial poses may slow down simulation, see https://github.com/haosulab/ManiSkill/issues/421.[0m
[33;1m2026-09-18 19:33:03,112 - mani_skill  - WARNING - No initial pose set for actor builder of table_cloth_generated_shorter, setting to default pose q=[1,0,0,0], p=[0,0,0]. Not setting reasonable initial poses may slow down simulation, see https://github.com/haosulab/ManiSkill/issues/421.[0m
[octo-small@noens|PutSpoonOnTableClothInScene-v1|iso_x0.25] ep 0 success=False steps=60 inf=11.2s sim=3.6s total=17.6s
[octo-small@noens|PutSpoonOnTableClothInScene-v1|iso_x0.25] ep 1 success=False steps=60 inf=10.6s sim=4.3s total=18.0s
[octo-small@noens|PutSpoonOnTableClothInScene-v1|iso_x0.25] ep 2 success=False steps=60 inf=9.8s sim=4.0s total=16.5s
[octo-small@noens|PutSpoonOnTableClothInScene-v1|iso_x0.25] ep 3 success=False steps=60 inf=10.0s sim=3.7s total=16.4s
[octo-small@noens|PutSpoonOnTableClothInScene-v1|iso_x0.25] ep 4 success=False steps=60 inf=9.4s sim=3.6s total=15.9s
[octo-small@noens|PutSpoonOnTableClothInScene-v1|iso_x0.25] ep 5 success=False steps=60 inf=9.7s sim=3.5s total=15.8s
[octo-small@noens|PutSpoonOnTableClothInScene-v1|iso_x0.25] ep 6 success=False steps=60 inf=9.6s sim=3.0s total=15.4s
[octo-small@noens|PutSpoonOnTableClothInScene-v1|iso_x0.25] ep 7 success=False steps=60 inf=10.3s sim=3.3s total=16.3s
[octo-small@noens|PutSpoonOnTableClothInScene-v1|iso_x0.25] ep 8 success=False steps=60 inf=9.8s sim=3.1s total=15.6s
[octo-small@noens|PutSpoonOnTableClothInScene-v1|iso_x0.25] ep 9 success=False steps=60 inf=9.5s sim=3.4s total=15.7s
[octo-small@noens|PutSpoonOnTableClothInScene-v1|iso_x0.25] ep 10 success=False steps=60 inf=9.9s sim=3.2s total=15.6s
[octo-small@noens|PutSpoonOnTableClothInScene-v1|iso_x0.25] ep 11 success=True steps=60 inf=9.5s sim=3.1s total=15.4s
[octo-small@noens|PutSpoonOnTableClothInScene-v1|iso_x0.25] ep 12 success=False steps=60 inf=9.4s sim=3.5s total=15.5s
[octo-small@noens|PutSpoonOnTableClothInScene-v1|iso_x0.25] ep 13 success=False steps=60 inf=9.2s sim=3.4s total=15.4s
[octo-small@noens|PutSpoonOnTableClothInScene-v1|iso_x0.25] ep 14 success=False steps=60 inf=9.9s sim=2.9s total=15.4s
[octo-small@noens|PutSpoonOnTableClothInScene-v1|iso_x0.25] ep 15 success=False steps=60 inf=9.8s sim=3.3s total=15.5s
[octo-small@noens|PutSpoonOnTableClothInScene-v1|iso_x0.25] ep 16 success=True steps=60 inf=9.8s sim=3.4s total=15.9s
[octo-small@noens|PutSpoonOnTableClothInScene-v1|iso_x0.25] ep 17 success=False steps=60 inf=9.9s sim=3.3s total=15.6s
[octo-small@noens|PutSpoonOnTableClothInScene-v1|iso_x0.25] ep 18 success=True steps=60 inf=10.0s sim=3.2s total=15.9s
[octo-small@noens|PutSpoonOnTableClothInScene-v1|iso_x0.25] ep 19 success=False steps=60 inf=9.9s sim=3.5s total=16.0s
[octo-small@noens|PutSpoonOnTableClothInScene-v1|iso_x0.25] ep 20 success=False steps=60 inf=10.1s sim=2.9s total=15.6s
[octo-small@noens|PutSpoonOnTableClothInScene-v1|iso_x0.25] ep 21 success=False steps=60 inf=10.0s sim=2.9s total=15.6s
[octo-small@noens|PutSpoonOnTableClothInScene-v1|iso_x0.25] ep 22 success=False steps=60 inf=9.9s sim=3.2s total=15.6s
[octo-small@noens|PutSpoonOnTableClothInScene-v1|iso_x0.25] ep 23 success=False steps=60 inf=9.7s sim=2.7s total=15.2s
== iso_x0.25: 3/24 success
[33;1m2026-09-18 19:39:25,341 - mani_skill  - WARNING - Mimic targets dictionary is missing for controller config for widowx250s_bridgedataset_flat_table. Assuming the first joint is the control joint and the second joint is the mimic joint[0m
[33;1m2026-09-18 19:39:25,345 - mani_skill  - WARNING - No initial pose set for actor builder of bridge_spoon_generated_modified, setting to default pose q=[1,0,0,0], p=[0,0,0]. Not setting reasonable initial poses may slow down simulation, see https://github.com/haosulab/ManiSkill/issues/421.[0m
[33;1m2026-09-18 19:39:25,349 - mani_skill  - WARNING - No initial pose set for actor builder of table_cloth_generated_shorter, setting to default pose q=[1,0,0,0], p=[0,0,0]. Not setting reasonable initial poses may slow down simulation, see https://github.com/haosulab/ManiSkill/issues/421.[0m
[octo-small@noens|PutSpoonOnTableClothInScene-v1|iso_x4.0] ep 0 success=False steps=60 inf=9.9s sim=3.6s total=15.9s
[octo-small@noens|PutSpoonOnTableClothInScene-v1|iso_x4.0] ep 1 success=False steps=60 inf=9.7s sim=3.3s total=15.5s
[octo-small@noens|PutSpoonOnTableClothInScene-v1|iso_x4.0] ep 2 success=False steps=60 inf=9.8s sim=3.4s total=15.7s
[octo-small@noens|PutSpoonOnTableClothInScene-v1|iso_x4.0] ep 3 success=True steps=60 inf=9.6s sim=3.7s total=15.9s
[octo-small@noens|PutSpoonOnTableClothInScene-v1|iso_x4.0] ep 4 success=False steps=60 inf=10.4s sim=3.6s total=16.5s
[octo-small@noens|PutSpoonOnTableClothInScene-v1|iso_x4.0] ep 5 success=False steps=60 inf=9.6s sim=3.5s total=15.9s
[octo-small@noens|PutSpoonOnTableClothInScene-v1|iso_x4.0] ep 6 success=True steps=60 inf=9.7s sim=3.4s total=15.8s
[octo-small@noens|PutSpoonOnTableClothInScene-v1|iso_x4.0] ep 7 success=False steps=60 inf=9.9s sim=3.8s total=16.4s
[octo-small@noens|PutSpoonOnTableClothInScene-v1|iso_x4.0] ep 8 success=False steps=60 inf=9.7s sim=3.3s total=16.1s
[octo-small@noens|PutSpoonOnTableClothInScene-v1|iso_x4.0] ep 9 success=False steps=60 inf=9.0s sim=3.6s total=15.5s
[octo-small@noens|PutSpoonOnTableClothInScene-v1|iso_x4.0] ep 10 success=False steps=60 inf=9.6s sim=3.5s total=16.2s
[octo-small@noens|PutSpoonOnTableClothInScene-v1|iso_x4.0] ep 11 success=True steps=60 inf=9.3s sim=3.3s total=15.5s
[octo-small@noens|PutSpoonOnTableClothInScene-v1|iso_x4.0] ep 12 success=False steps=60 inf=9.4s sim=3.6s total=15.9s
[octo-small@noens|PutSpoonOnTableClothInScene-v1|iso_x4.0] ep 13 success=False steps=60 inf=9.8s sim=3.5s total=16.1s
[octo-small@noens|PutSpoonOnTableClothInScene-v1|iso_x4.0] ep 14 success=False steps=60 inf=9.8s sim=3.2s total=15.8s
[octo-small@noens|PutSpoonOnTableClothInScene-v1|iso_x4.0] ep 15 success=False steps=60 inf=10.4s sim=3.7s total=17.0s
[octo-small@noens|PutSpoonOnTableClothInScene-v1|iso_x4.0] ep 16 success=True steps=60 inf=9.9s sim=3.3s total=16.2s
[octo-small@noens|PutSpoonOnTableClothInScene-v1|iso_x4.0] ep 17 success=False steps=60 inf=9.6s sim=3.4s total=16.1s
[octo-small@noens|PutSpoonOnTableClothInScene-v1|iso_x4.0] ep 18 success=False steps=60 inf=9.7s sim=3.6s total=16.3s
[octo-small@noens|PutSpoonOnTableClothInScene-v1|iso_x4.0] ep 19 success=False steps=60 inf=9.7s sim=3.6s total=16.0s
[octo-small@noens|PutSpoonOnTableClothInScene-v1|iso_x4.0] ep 20 success=False steps=60 inf=8.9s sim=3.2s total=15.0s
[octo-small@noens|PutSpoonOnTableClothInScene-v1|iso_x4.0] ep 21 success=False steps=60 inf=7.8s sim=3.0s total=13.4s
[octo-small@noens|PutSpoonOnTableClothInScene-v1|iso_x4.0] ep 22 success=False steps=60 inf=10.0s sim=3.5s total=16.6s
[octo-small@noens|PutSpoonOnTableClothInScene-v1|iso_x4.0] ep 23 success=False steps=60 inf=10.0s sim=3.6s total=16.2s
== iso_x4.0: 4/24 success
[33;1m2026-09-18 19:45:47,955 - mani_skill  - WARNING - Mimic targets dictionary is missing for controller config for widowx250s_bridgedataset_flat_table. Assuming the first joint is the control joint and the second joint is the mimic joint[0m
[33;1m2026-09-18 19:45:47,961 - mani_skill  - WARNING - No initial pose set for actor builder of bridge_spoon_generated_modified, setting to default pose q=[1,0,0,0], p=[0,0,0]. Not setting reasonable initial poses may slow down simulation, see https://github.com/haosulab/ManiSkill/issues/421.[0m
[33;1m2026-09-18 19:45:47,964 - mani_skill  - WARNING - No initial pose set for actor builder of table_cloth_generated_shorter, setting to default pose q=[1,0,0,0], p=[0,0,0]. Not setting reasonable initial poses may slow down simulation, see https://github.com/haosulab/ManiSkill/issues/421.[0m
[octo-small@noens|PutSpoonOnTableClothInScene-v1|force_x0.5] ep 0 success=False steps=60 inf=9.3s sim=3.6s total=15.8s
[octo-small@noens|PutSpoonOnTableClothInScene-v1|force_x0.5] ep 1 success=False steps=60 inf=9.3s sim=3.7s total=15.9s
[octo-small@noens|PutSpoonOnTableClothInScene-v1|force_x0.5] ep 2 success=False steps=60 inf=9.7s sim=3.7s total=16.5s
[octo-small@noens|PutSpoonOnTableClothInScene-v1|force_x0.5] ep 3 success=False steps=60 inf=9.4s sim=3.5s total=15.8s
[octo-small@noens|PutSpoonOnTableClothInScene-v1|force_x0.5] ep 4 success=False steps=60 inf=9.7s sim=3.5s total=16.2s
[octo-small@noens|PutSpoonOnTableClothInScene-v1|force_x0.5] ep 5 success=False steps=60 inf=8.9s sim=3.5s total=15.3s
[octo-small@noens|PutSpoonOnTableClothInScene-v1|force_x0.5] ep 6 success=False steps=60 inf=10.5s sim=3.4s total=16.7s
[octo-small@noens|PutSpoonOnTableClothInScene-v1|force_x0.5] ep 7 success=False steps=60 inf=9.8s sim=3.5s total=16.2s
[octo-small@noens|PutSpoonOnTableClothInScene-v1|force_x0.5] ep 8 success=False steps=60 inf=9.3s sim=3.1s total=15.3s
[octo-small@noens|PutSpoonOnTableClothInScene-v1|force_x0.5] ep 9 success=False steps=60 inf=10.0s sim=3.8s total=16.8s
[octo-small@noens|PutSpoonOnTableClothInScene-v1|force_x0.5] ep 10 success=True steps=60 inf=9.1s sim=3.1s total=15.0s
[octo-small@noens|PutSpoonOnTableClothInScene-v1|force_x0.5] ep 11 success=True steps=60 inf=9.1s sim=3.4s total=15.4s
[octo-small@noens|PutSpoonOnTableClothInScene-v1|force_x0.5] ep 12 success=False steps=60 inf=10.2s sim=3.5s total=16.8s
[octo-small@noens|PutSpoonOnTableClothInScene-v1|force_x0.5] ep 13 success=False steps=60 inf=9.2s sim=3.5s total=15.6s
[octo-small@noens|PutSpoonOnTableClothInScene-v1|force_x0.5] ep 14 success=False steps=60 inf=9.4s sim=2.8s total=15.5s
[octo-small@noens|PutSpoonOnTableClothInScene-v1|force_x0.5] ep 15 success=True steps=60 inf=11.1s sim=3.4s total=17.4s
[octo-small@noens|PutSpoonOnTableClothInScene-v1|force_x0.5] ep 16 success=False steps=60 inf=9.9s sim=3.2s total=16.3s
[octo-small@noens|PutSpoonOnTableClothInScene-v1|force_x0.5] ep 17 success=False steps=60 inf=10.2s sim=3.7s total=16.9s
[octo-small@noens|PutSpoonOnTableClothInScene-v1|force_x0.5] ep 18 success=True steps=60 inf=10.0s sim=3.6s total=16.8s
[octo-small@noens|PutSpoonOnTableClothInScene-v1|force_x0.5] ep 19 success=False steps=60 inf=10.7s sim=3.7s total=17.4s
[octo-small@noens|PutSpoonOnTableClothInScene-v1|force_x0.5] ep 20 success=False steps=60 inf=9.5s sim=3.5s total=16.2s
[octo-small@noens|PutSpoonOnTableClothInScene-v1|force_x0.5] ep 21 success=False steps=60 inf=9.9s sim=3.5s total=16.4s
[octo-small@noens|PutSpoonOnTableClothInScene-v1|force_x0.5] ep 22 success=True steps=60 inf=10.0s sim=3.6s total=16.8s
[octo-small@noens|PutSpoonOnTableClothInScene-v1|force_x0.5] ep 23 success=False steps=60 inf=10.0s sim=3.5s total=16.4s
== force_x0.5: 5/24 success
[33;1m2026-09-18 19:52:18,335 - mani_skill  - WARNING - Mimic targets dictionary is missing for controller config for widowx250s_bridgedataset_flat_table. Assuming the first joint is the control joint and the second joint is the mimic joint[0m
[33;1m2026-09-18 19:52:18,340 - mani_skill  - WARNING - No initial pose set for actor builder of bridge_spoon_generated_modified, setting to default pose q=[1,0,0,0], p=[0,0,0]. Not setting reasonable initial poses may slow down simulation, see https://github.com/haosulab/ManiSkill/issues/421.[0m
[33;1m2026-09-18 19:52:18,341 - mani_skill  - WARNING - No initial pose set for actor builder of table_cloth_generated_shorter, setting to default pose q=[1,0,0,0], p=[0,0,0]. Not setting reasonable initial poses may slow down simulation, see https://github.com/haosulab/ManiSkill/issues/421.[0m
[octo-small@noens|PutSpoonOnTableClothInScene-v1|fric_x0.4] ep 0 success=False steps=60 inf=9.8s sim=3.7s total=16.7s
[octo-small@noens|PutSpoonOnTableClothInScene-v1|fric_x0.4] ep 1 success=False steps=60 inf=9.9s sim=3.2s total=15.9s
[octo-small@noens|PutSpoonOnTableClothInScene-v1|fric_x0.4] ep 2 success=False steps=60 inf=10.4s sim=3.3s total=16.6s
[octo-small@noens|PutSpoonOnTableClothInScene-v1|fric_x0.4] ep 3 success=False steps=60 inf=9.8s sim=3.3s total=15.9s
[octo-small@noens|PutSpoonOnTableClothInScene-v1|fric_x0.4] ep 4 success=True steps=60 inf=11.0s sim=3.8s total=17.5s
[octo-small@noens|PutSpoonOnTableClothInScene-v1|fric_x0.4] ep 5 success=False steps=60 inf=9.9s sim=4.2s total=16.5s
[octo-small@noens|PutSpoonOnTableClothInScene-v1|fric_x0.4] ep 6 success=False steps=60 inf=10.4s sim=4.0s total=17.1s
[octo-small@noens|PutSpoonOnTableClothInScene-v1|fric_x0.4] ep 7 success=False steps=60 inf=11.5s sim=3.6s total=18.0s
[octo-small@noens|PutSpoonOnTableClothInScene-v1|fric_x0.4] ep 8 success=False steps=60 inf=10.1s sim=3.3s total=16.1s
[octo-small@noens|PutSpoonOnTableClothInScene-v1|fric_x0.4] ep 9 success=False steps=60 inf=9.6s sim=3.3s total=15.6s
[octo-small@noens|PutSpoonOnTableClothInScene-v1|fric_x0.4] ep 10 success=False steps=60 inf=9.6s sim=3.0s total=15.2s
[octo-small@noens|PutSpoonOnTableClothInScene-v1|fric_x0.4] ep 11 success=True steps=60 inf=9.5s sim=2.8s total=14.9s
[octo-small@noens|PutSpoonOnTableClothInScene-v1|fric_x0.4] ep 12 success=False steps=60 inf=9.3s sim=3.3s total=15.0s
[octo-small@noens|PutSpoonOnTableClothInScene-v1|fric_x0.4] ep 13 success=False steps=60 inf=9.9s sim=3.1s total=15.5s
[octo-small@noens|PutSpoonOnTableClothInScene-v1|fric_x0.4] ep 14 success=False steps=60 inf=9.3s sim=3.0s total=14.9s
[octo-small@noens|PutSpoonOnTableClothInScene-v1|fric_x0.4] ep 15 success=False steps=60 inf=9.3s sim=3.1s total=14.8s
[octo-small@noens|PutSpoonOnTableClothInScene-v1|fric_x0.4] ep 16 success=True steps=60 inf=9.8s sim=2.8s total=15.4s
[octo-small@noens|PutSpoonOnTableClothInScene-v1|fric_x0.4] ep 17 success=False steps=60 inf=9.5s sim=3.1s total=15.0s
[octo-small@noens|PutSpoonOnTableClothInScene-v1|fric_x0.4] ep 18 success=False steps=60 inf=9.6s sim=2.8s total=15.0s
[octo-small@noens|PutSpoonOnTableClothInScene-v1|fric_x0.4] ep 19 success=False steps=60 inf=10.0s sim=3.2s total=15.7s
[octo-small@noens|PutSpoonOnTableClothInScene-v1|fric_x0.4] ep 20 success=False steps=60 inf=9.4s sim=2.7s total=14.8s
[octo-small@noens|PutSpoonOnTableClothInScene-v1|fric_x0.4] ep 21 success=False steps=60 inf=10.1s sim=2.8s total=15.5s
[octo-small@noens|PutSpoonOnTableClothInScene-v1|fric_x0.4] ep 22 success=True steps=60 inf=9.2s sim=2.8s total=14.6s
[octo-small@noens|PutSpoonOnTableClothInScene-v1|fric_x0.4] ep 23 success=False steps=60 inf=9.5s sim=3.3s total=15.2s
== fric_x0.4: 4/24 success
[33;1m2026-09-18 19:58:36,496 - mani_skill  - WARNING - Mimic targets dictionary is missing for controller config for widowx250s_bridgedataset_flat_table. Assuming the first joint is the control joint and the second joint is the mimic joint[0m
[33;1m2026-09-18 19:58:36,501 - mani_skill  - WARNING - No initial pose set for actor builder of bridge_spoon_generated_modified, setting to default pose q=[1,0,0,0], p=[0,0,0]. Not setting reasonable initial poses may slow down simulation, see https://github.com/haosulab/ManiSkill/issues/421.[0m
[33;1m2026-09-18 19:58:36,502 - mani_skill  - WARNING - No initial pose set for actor builder of table_cloth_generated_shorter, setting to default pose q=[1,0,0,0], p=[0,0,0]. Not setting reasonable initial poses may slow down simulation, see https://github.com/haosulab/ManiSkill/issues/421.[0m
[octo-small@noens|PutSpoonOnTableClothInScene-v1|dens_x0.5] ep 0 success=True steps=60 inf=9.4s sim=2.6s total=14.6s
[octo-small@noens|PutSpoonOnTableClothInScene-v1|dens_x0.5] ep 1 success=False steps=60 inf=9.4s sim=3.4s total=15.3s
[octo-small@noens|PutSpoonOnTableClothInScene-v1|dens_x0.5] ep 2 success=False steps=60 inf=9.5s sim=3.1s total=15.0s
[octo-small@noens|PutSpoonOnTableClothInScene-v1|dens_x0.5] ep 3 success=False steps=60 inf=9.8s sim=3.1s total=15.5s
[octo-small@noens|PutSpoonOnTableClothInScene-v1|dens_x0.5] ep 4 success=False steps=60 inf=9.7s sim=3.3s total=16.1s
[octo-small@noens|PutSpoonOnTableClothInScene-v1|dens_x0.5] ep 5 success=False steps=60 inf=9.4s sim=3.3s total=15.3s
[octo-small@noens|PutSpoonOnTableClothInScene-v1|dens_x0.5] ep 6 success=False steps=60 inf=9.9s sim=2.5s total=15.3s
[octo-small@noens|PutSpoonOnTableClothInScene-v1|dens_x0.5] ep 7 success=False steps=60 inf=9.6s sim=3.3s total=15.7s
[octo-small@noens|PutSpoonOnTableClothInScene-v1|dens_x0.5] ep 8 success=True steps=60 inf=9.5s sim=2.7s total=14.9s
[octo-small@noens|PutSpoonOnTableClothInScene-v1|dens_x0.5] ep 9 success=False steps=60 inf=10.1s sim=3.2s total=15.9s
[octo-small@noens|PutSpoonOnTableClothInScene-v1|dens_x0.5] ep 10 success=False steps=60 inf=9.1s sim=2.7s total=14.5s
[octo-small@noens|PutSpoonOnTableClothInScene-v1|dens_x0.5] ep 11 success=True steps=60 inf=9.8s sim=2.8s total=15.2s
[octo-small@noens|PutSpoonOnTableClothInScene-v1|dens_x0.5] ep 12 success=False steps=60 inf=9.4s sim=3.2s total=15.2s
[octo-small@noens|PutSpoonOnTableClothInScene-v1|dens_x0.5] ep 13 success=False steps=60 inf=9.7s sim=3.2s total=15.7s
[octo-small@noens|PutSpoonOnTableClothInScene-v1|dens_x0.5] ep 14 success=False steps=60 inf=10.0s sim=3.2s total=15.8s
[octo-small@noens|PutSpoonOnTableClothInScene-v1|dens_x0.5] ep 15 success=False steps=60 inf=9.1s sim=3.2s total=15.1s
[octo-small@noens|PutSpoonOnTableClothInScene-v1|dens_x0.5] ep 16 success=True steps=60 inf=10.0s sim=3.0s total=15.5s
[octo-small@noens|PutSpoonOnTableClothInScene-v1|dens_x0.5] ep 17 success=False steps=60 inf=9.7s sim=3.2s total=15.6s
[octo-small@noens|PutSpoonOnTableClothInScene-v1|dens_x0.5] ep 18 success=True steps=60 inf=9.5s sim=3.0s total=15.2s
[octo-small@noens|PutSpoonOnTableClothInScene-v1|dens_x0.5] ep 19 success=False steps=60 inf=9.7s sim=3.5s total=16.0s
[octo-small@noens|PutSpoonOnTableClothInScene-v1|dens_x0.5] ep 20 success=False steps=60 inf=9.6s sim=2.8s total=15.2s
[octo-small@noens|PutSpoonOnTableClothInScene-v1|dens_x0.5] ep 21 success=False steps=60 inf=9.8s sim=2.9s total=15.1s
[octo-small@noens|PutSpoonOnTableClothInScene-v1|dens_x0.5] ep 22 success=True steps=60 inf=9.2s sim=3.2s total=15.0s
[octo-small@noens|PutSpoonOnTableClothInScene-v1|dens_x0.5] ep 23 success=False steps=60 inf=9.4s sim=3.2s total=15.2s
== dens_x0.5: 6/24 success
