E:\research\the_world\.venv-windows-ms3\Lib\site-packages\sapien\wrapper\pinocchio_model.py:299: UserWarning: pinnochio package is not installed, robotics functionalities will not be available
  warnings.warn(
[33;1m2026-09-18 17:34:17,247 - mani_skill  - WARNING - Mimic targets dictionary is missing for controller config for widowx250s_bridgedataset_sink. Assuming the first joint is the control joint and the second joint is the mimic joint[0m
[33;1m2026-09-18 17:34:17,446 - mani_skill  - WARNING - No initial pose set for actor builder of eggplant, setting to default pose q=[1,0,0,0], p=[0,0,0]. Not setting reasonable initial poses may slow down simulation, see https://github.com/haosulab/ManiSkill/issues/421.[0m
[33;1m2026-09-18 17:34:17,464 - mani_skill  - WARNING - No initial pose set for actor builder of dummy_sink_target_plane, setting to default pose q=[1,0,0,0], p=[0,0,0]. Not setting reasonable initial poses may slow down simulation, see https://github.com/haosulab/ManiSkill/issues/421.[0m
[octo-small@noens|PutEggplantInBasketScene-v1|nominal] ep 0 success=False steps=120 inf=46.8s sim=8.9s total=61.7s
[octo-small@noens|PutEggplantInBasketScene-v1|nominal] ep 1 success=False steps=120 inf=45.0s sim=8.1s total=59.0s
[octo-small@noens|PutEggplantInBasketScene-v1|nominal] ep 2 success=True steps=120 inf=44.1s sim=8.0s total=58.1s
[octo-small@noens|PutEggplantInBasketScene-v1|nominal] ep 3 success=False steps=120 inf=44.5s sim=8.3s total=58.8s
[octo-small@noens|PutEggplantInBasketScene-v1|nominal] ep 4 success=False steps=120 inf=49.6s sim=9.2s total=64.9s
[octo-small@noens|PutEggplantInBasketScene-v1|nominal] ep 5 success=False steps=120 inf=42.7s sim=7.0s total=55.4s
[octo-small@noens|PutEggplantInBasketScene-v1|nominal] ep 6 success=True steps=120 inf=41.5s sim=6.1s total=53.5s
[octo-small@noens|PutEggplantInBasketScene-v1|nominal] ep 7 success=False steps=120 inf=42.5s sim=7.7s total=55.5s
[octo-small@noens|PutEggplantInBasketScene-v1|nominal] ep 8 success=True steps=120 inf=41.2s sim=6.7s total=53.4s
[octo-small@noens|PutEggplantInBasketScene-v1|nominal] ep 9 success=False steps=120 inf=43.5s sim=6.7s total=55.8s
[octo-small@noens|PutEggplantInBasketScene-v1|nominal] ep 10 success=False steps=120 inf=44.7s sim=7.4s total=57.9s
[octo-small@noens|PutEggplantInBasketScene-v1|nominal] ep 11 success=False steps=120 inf=38.3s sim=8.7s total=52.6s
[octo-small@noens|PutEggplantInBasketScene-v1|nominal] ep 12 success=False steps=120 inf=41.1s sim=10.1s total=56.8s
[octo-small@noens|PutEggplantInBasketScene-v1|nominal] ep 13 success=False steps=120 inf=48.1s sim=26.2s total=2052.2s
[octo-small@noens|PutEggplantInBasketScene-v1|nominal] ep 14 success=False steps=120 inf=18.7s sim=10.1s total=33.0s
[octo-small@noens|PutEggplantInBasketScene-v1|nominal] ep 15 success=False steps=120 inf=21.2s sim=8.6s total=34.8s
[octo-small@noens|PutEggplantInBasketScene-v1|nominal] ep 16 success=False steps=120 inf=23.1s sim=10.1s total=39.2s
[octo-small@noens|PutEggplantInBasketScene-v1|nominal] ep 17 success=False steps=120 inf=22.8s sim=10.9s total=40.1s
[octo-small@noens|PutEggplantInBasketScene-v1|nominal] ep 18 success=False steps=120 inf=22.1s sim=9.6s total=37.7s
[octo-small@noens|PutEggplantInBasketScene-v1|nominal] ep 19 success=False steps=120 inf=24.3s sim=7.8s total=37.0s
[octo-small@noens|PutEggplantInBasketScene-v1|nominal] ep 20 success=False steps=120 inf=22.0s sim=10.4s total=38.6s
[octo-small@noens|PutEggplantInBasketScene-v1|nominal] ep 21 success=True steps=120 inf=20.6s sim=6.4s total=32.6s
[octo-small@noens|PutEggplantInBasketScene-v1|nominal] ep 22 success=False steps=120 inf=14.0s sim=5.5s total=23.6s
[octo-small@noens|PutEggplantInBasketScene-v1|nominal] ep 23 success=False steps=120 inf=15.1s sim=5.4s total=25.1s
== nominal: 4/24 success
[33;1m2026-09-18 18:26:29,940 - mani_skill  - WARNING - Mimic targets dictionary is missing for controller config for widowx250s_bridgedataset_sink. Assuming the first joint is the control joint and the second joint is the mimic joint[0m
[33;1m2026-09-18 18:26:29,947 - mani_skill  - WARNING - No initial pose set for actor builder of eggplant, setting to default pose q=[1,0,0,0], p=[0,0,0]. Not setting reasonable initial poses may slow down simulation, see https://github.com/haosulab/ManiSkill/issues/421.[0m
[33;1m2026-09-18 18:26:29,949 - mani_skill  - WARNING - No initial pose set for actor builder of dummy_sink_target_plane, setting to default pose q=[1,0,0,0], p=[0,0,0]. Not setting reasonable initial poses may slow down simulation, see https://github.com/haosulab/ManiSkill/issues/421.[0m
[octo-small@noens|PutEggplantInBasketScene-v1|iso_x0.25] ep 0 success=True steps=120 inf=16.1s sim=4.8s total=25.6s
[octo-small@noens|PutEggplantInBasketScene-v1|iso_x0.25] ep 1 success=False steps=120 inf=17.3s sim=5.3s total=26.9s
[octo-small@noens|PutEggplantInBasketScene-v1|iso_x0.25] ep 2 success=False steps=120 inf=16.8s sim=6.0s total=27.4s
[octo-small@noens|PutEggplantInBasketScene-v1|iso_x0.25] ep 3 success=False steps=120 inf=17.0s sim=5.0s total=26.5s
[octo-small@noens|PutEggplantInBasketScene-v1|iso_x0.25] ep 4 success=False steps=120 inf=15.8s sim=6.4s total=26.6s
[octo-small@noens|PutEggplantInBasketScene-v1|iso_x0.25] ep 5 success=False steps=120 inf=16.6s sim=5.3s total=26.3s
[octo-small@noens|PutEggplantInBasketScene-v1|iso_x0.25] ep 6 success=True steps=120 inf=17.1s sim=4.5s total=26.0s
[octo-small@noens|PutEggplantInBasketScene-v1|iso_x0.25] ep 7 success=False steps=120 inf=15.6s sim=6.2s total=26.3s
[octo-small@noens|PutEggplantInBasketScene-v1|iso_x0.25] ep 8 success=False steps=120 inf=16.1s sim=6.3s total=26.9s
[octo-small@noens|PutEggplantInBasketScene-v1|iso_x0.25] ep 9 success=False steps=120 inf=16.6s sim=5.1s total=26.4s
[octo-small@noens|PutEggplantInBasketScene-v1|iso_x0.25] ep 10 success=False steps=120 inf=16.0s sim=5.8s total=26.3s
[octo-small@noens|PutEggplantInBasketScene-v1|iso_x0.25] ep 11 success=False steps=120 inf=16.7s sim=5.7s total=27.1s
[octo-small@noens|PutEggplantInBasketScene-v1|iso_x0.25] ep 12 success=False steps=120 inf=16.3s sim=6.3s total=27.1s
[octo-small@noens|PutEggplantInBasketScene-v1|iso_x0.25] ep 13 success=False steps=120 inf=16.5s sim=5.2s total=26.1s
[octo-small@noens|PutEggplantInBasketScene-v1|iso_x0.25] ep 14 success=False steps=120 inf=16.2s sim=5.9s total=26.4s
[octo-small@noens|PutEggplantInBasketScene-v1|iso_x0.25] ep 15 success=False steps=120 inf=17.3s sim=5.8s total=27.5s
[octo-small@noens|PutEggplantInBasketScene-v1|iso_x0.25] ep 16 success=False steps=120 inf=16.1s sim=5.5s total=26.0s
[octo-small@noens|PutEggplantInBasketScene-v1|iso_x0.25] ep 17 success=False steps=120 inf=16.6s sim=6.6s total=27.5s
[octo-small@noens|PutEggplantInBasketScene-v1|iso_x0.25] ep 18 success=True steps=120 inf=16.0s sim=5.2s total=25.4s
[octo-small@noens|PutEggplantInBasketScene-v1|iso_x0.25] ep 19 success=False steps=120 inf=16.1s sim=5.4s total=26.1s
[octo-small@noens|PutEggplantInBasketScene-v1|iso_x0.25] ep 20 success=False steps=120 inf=16.1s sim=6.4s total=27.0s
[octo-small@noens|PutEggplantInBasketScene-v1|iso_x0.25] ep 21 success=True steps=120 inf=17.0s sim=4.0s total=25.7s
[octo-small@noens|PutEggplantInBasketScene-v1|iso_x0.25] ep 22 success=False steps=120 inf=16.5s sim=6.0s total=26.9s
[octo-small@noens|PutEggplantInBasketScene-v1|iso_x0.25] ep 23 success=False steps=120 inf=16.1s sim=5.5s total=26.0s
== iso_x0.25: 4/24 success
[33;1m2026-09-18 18:37:06,498 - mani_skill  - WARNING - Mimic targets dictionary is missing for controller config for widowx250s_bridgedataset_sink. Assuming the first joint is the control joint and the second joint is the mimic joint[0m
[33;1m2026-09-18 18:37:06,500 - mani_skill  - WARNING - No initial pose set for actor builder of eggplant, setting to default pose q=[1,0,0,0], p=[0,0,0]. Not setting reasonable initial poses may slow down simulation, see https://github.com/haosulab/ManiSkill/issues/421.[0m
[33;1m2026-09-18 18:37:06,501 - mani_skill  - WARNING - No initial pose set for actor builder of dummy_sink_target_plane, setting to default pose q=[1,0,0,0], p=[0,0,0]. Not setting reasonable initial poses may slow down simulation, see https://github.com/haosulab/ManiSkill/issues/421.[0m
[octo-small@noens|PutEggplantInBasketScene-v1|iso_x4.0] ep 0 success=True steps=120 inf=16.3s sim=5.6s total=26.2s
[octo-small@noens|PutEggplantInBasketScene-v1|iso_x4.0] ep 1 success=False steps=120 inf=16.3s sim=6.4s total=27.2s
[octo-small@noens|PutEggplantInBasketScene-v1|iso_x4.0] ep 2 success=False steps=120 inf=16.4s sim=5.6s total=26.5s
[octo-small@noens|PutEggplantInBasketScene-v1|iso_x4.0] ep 3 success=False steps=120 inf=17.3s sim=5.5s total=27.7s
[octo-small@noens|PutEggplantInBasketScene-v1|iso_x4.0] ep 4 success=False steps=120 inf=17.0s sim=6.4s total=27.6s
[octo-small@noens|PutEggplantInBasketScene-v1|iso_x4.0] ep 5 success=False steps=120 inf=16.1s sim=5.1s total=25.7s
[octo-small@noens|PutEggplantInBasketScene-v1|iso_x4.0] ep 6 success=True steps=120 inf=17.5s sim=4.0s total=25.8s
[octo-small@noens|PutEggplantInBasketScene-v1|iso_x4.0] ep 7 success=False steps=120 inf=17.1s sim=6.2s total=28.2s
[octo-small@noens|PutEggplantInBasketScene-v1|iso_x4.0] ep 8 success=False steps=120 inf=15.9s sim=5.0s total=25.1s
[octo-small@noens|PutEggplantInBasketScene-v1|iso_x4.0] ep 9 success=False steps=120 inf=16.6s sim=5.8s total=26.8s
[octo-small@noens|PutEggplantInBasketScene-v1|iso_x4.0] ep 10 success=False steps=120 inf=16.1s sim=6.9s total=27.4s
[octo-small@noens|PutEggplantInBasketScene-v1|iso_x4.0] ep 11 success=False steps=120 inf=15.1s sim=7.3s total=26.8s
[octo-small@noens|PutEggplantInBasketScene-v1|iso_x4.0] ep 12 success=False steps=120 inf=15.1s sim=6.8s total=26.3s
[octo-small@noens|PutEggplantInBasketScene-v1|iso_x4.0] ep 13 success=False steps=120 inf=15.7s sim=7.2s total=27.5s
[octo-small@noens|PutEggplantInBasketScene-v1|iso_x4.0] ep 14 success=False steps=120 inf=14.9s sim=7.4s total=26.8s
[octo-small@noens|PutEggplantInBasketScene-v1|iso_x4.0] ep 15 success=False steps=120 inf=15.5s sim=6.9s total=27.0s
[octo-small@noens|PutEggplantInBasketScene-v1|iso_x4.0] ep 16 success=False steps=120 inf=15.2s sim=7.2s total=27.0s
[octo-small@noens|PutEggplantInBasketScene-v1|iso_x4.0] ep 17 success=False steps=120 inf=15.4s sim=6.0s total=26.2s
[octo-small@noens|PutEggplantInBasketScene-v1|iso_x4.0] ep 18 success=False steps=120 inf=15.3s sim=6.5s total=26.3s
[octo-small@noens|PutEggplantInBasketScene-v1|iso_x4.0] ep 19 success=False steps=120 inf=15.4s sim=7.3s total=27.3s
[octo-small@noens|PutEggplantInBasketScene-v1|iso_x4.0] ep 20 success=False steps=120 inf=15.5s sim=7.9s total=28.0s
[octo-small@noens|PutEggplantInBasketScene-v1|iso_x4.0] ep 21 success=True steps=120 inf=14.7s sim=5.0s total=24.1s
[octo-small@noens|PutEggplantInBasketScene-v1|iso_x4.0] ep 22 success=False steps=120 inf=16.0s sim=7.7s total=28.1s
[octo-small@noens|PutEggplantInBasketScene-v1|iso_x4.0] ep 23 success=False steps=120 inf=15.2s sim=7.4s total=27.0s
== iso_x4.0: 3/24 success
[33;1m2026-09-18 18:47:50,047 - mani_skill  - WARNING - Mimic targets dictionary is missing for controller config for widowx250s_bridgedataset_sink. Assuming the first joint is the control joint and the second joint is the mimic joint[0m
[33;1m2026-09-18 18:47:50,051 - mani_skill  - WARNING - No initial pose set for actor builder of eggplant, setting to default pose q=[1,0,0,0], p=[0,0,0]. Not setting reasonable initial poses may slow down simulation, see https://github.com/haosulab/ManiSkill/issues/421.[0m
[33;1m2026-09-18 18:47:50,052 - mani_skill  - WARNING - No initial pose set for actor builder of dummy_sink_target_plane, setting to default pose q=[1,0,0,0], p=[0,0,0]. Not setting reasonable initial poses may slow down simulation, see https://github.com/haosulab/ManiSkill/issues/421.[0m
[octo-small@noens|PutEggplantInBasketScene-v1|force_x0.5] ep 0 success=False steps=120 inf=16.0s sim=6.9s total=27.1s
[octo-small@noens|PutEggplantInBasketScene-v1|force_x0.5] ep 1 success=True steps=120 inf=16.3s sim=7.9s total=28.8s
[octo-small@noens|PutEggplantInBasketScene-v1|force_x0.5] ep 2 success=False steps=120 inf=15.6s sim=6.9s total=26.9s
[octo-small@noens|PutEggplantInBasketScene-v1|force_x0.5] ep 3 success=False steps=120 inf=16.0s sim=6.9s total=27.7s
[octo-small@noens|PutEggplantInBasketScene-v1|force_x0.5] ep 4 success=False steps=120 inf=15.4s sim=6.2s total=26.1s
[octo-small@noens|PutEggplantInBasketScene-v1|force_x0.5] ep 5 success=False steps=120 inf=16.0s sim=6.7s total=27.2s
[octo-small@noens|PutEggplantInBasketScene-v1|force_x0.5] ep 6 success=True steps=120 inf=15.3s sim=5.4s total=25.4s
[octo-small@noens|PutEggplantInBasketScene-v1|force_x0.5] ep 7 success=False steps=120 inf=15.6s sim=7.4s total=27.3s
[octo-small@noens|PutEggplantInBasketScene-v1|force_x0.5] ep 8 success=False steps=120 inf=15.4s sim=7.2s total=26.9s
[octo-small@noens|PutEggplantInBasketScene-v1|force_x0.5] ep 9 success=False steps=120 inf=17.5s sim=7.1s total=29.3s
[octo-small@noens|PutEggplantInBasketScene-v1|force_x0.5] ep 10 success=False steps=120 inf=21.2s sim=8.1s total=34.4s
[octo-small@noens|PutEggplantInBasketScene-v1|force_x0.5] ep 11 success=False steps=120 inf=31.7s sim=8.9s total=47.1s
[octo-small@noens|PutEggplantInBasketScene-v1|force_x0.5] ep 12 success=False steps=120 inf=31.3s sim=10.3s total=48.3s
[octo-small@noens|PutEggplantInBasketScene-v1|force_x0.5] ep 13 success=True steps=120 inf=22.7s sim=5.3s total=33.3s
[octo-small@noens|PutEggplantInBasketScene-v1|force_x0.5] ep 14 success=True steps=120 inf=17.0s sim=7.4s total=29.3s
[octo-small@noens|PutEggplantInBasketScene-v1|force_x0.5] ep 15 success=False steps=120 inf=16.9s sim=5.4s total=26.8s
[octo-small@noens|PutEggplantInBasketScene-v1|force_x0.5] ep 16 success=False steps=120 inf=16.9s sim=5.0s total=26.6s
[octo-small@noens|PutEggplantInBasketScene-v1|force_x0.5] ep 17 success=False steps=120 inf=19.4s sim=6.6s total=30.7s
[octo-small@noens|PutEggplantInBasketScene-v1|force_x0.5] ep 18 success=False steps=120 inf=21.5s sim=4.7s total=28.9s
[octo-small@noens|PutEggplantInBasketScene-v1|force_x0.5] ep 19 success=False steps=120 inf=21.1s sim=6.2s total=30.5s
[octo-small@noens|PutEggplantInBasketScene-v1|force_x0.5] ep 20 success=False steps=120 inf=20.4s sim=5.9s total=29.7s
[octo-small@noens|PutEggplantInBasketScene-v1|force_x0.5] ep 21 success=True steps=120 inf=19.8s sim=5.0s total=29.1s
[octo-small@noens|PutEggplantInBasketScene-v1|force_x0.5] ep 22 success=False steps=120 inf=20.9s sim=6.5s total=31.2s
[octo-small@noens|PutEggplantInBasketScene-v1|force_x0.5] ep 23 success=False steps=120 inf=18.9s sim=6.0s total=29.5s
== force_x0.5: 5/24 success
[33;1m2026-09-18 18:59:58,822 - mani_skill  - WARNING - Mimic targets dictionary is missing for controller config for widowx250s_bridgedataset_sink. Assuming the first joint is the control joint and the second joint is the mimic joint[0m
[33;1m2026-09-18 18:59:58,831 - mani_skill  - WARNING - No initial pose set for actor builder of eggplant, setting to default pose q=[1,0,0,0], p=[0,0,0]. Not setting reasonable initial poses may slow down simulation, see https://github.com/haosulab/ManiSkill/issues/421.[0m
[33;1m2026-09-18 18:59:58,833 - mani_skill  - WARNING - No initial pose set for actor builder of dummy_sink_target_plane, setting to default pose q=[1,0,0,0], p=[0,0,0]. Not setting reasonable initial poses may slow down simulation, see https://github.com/haosulab/ManiSkill/issues/421.[0m
[octo-small@noens|PutEggplantInBasketScene-v1|fric_x0.4] ep 0 success=True steps=120 inf=20.0s sim=4.5s total=28.5s
[octo-small@noens|PutEggplantInBasketScene-v1|fric_x0.4] ep 1 success=True steps=120 inf=20.9s sim=9.0s total=34.6s
[octo-small@noens|PutEggplantInBasketScene-v1|fric_x0.4] ep 2 success=False steps=120 inf=19.2s sim=8.1s total=32.2s
[octo-small@noens|PutEggplantInBasketScene-v1|fric_x0.4] ep 3 success=False steps=120 inf=19.8s sim=7.2s total=31.4s
[octo-small@noens|PutEggplantInBasketScene-v1|fric_x0.4] ep 4 success=False steps=120 inf=19.0s sim=8.7s total=32.7s
[octo-small@noens|PutEggplantInBasketScene-v1|fric_x0.4] ep 5 success=False steps=120 inf=17.9s sim=8.8s total=31.5s
[octo-small@noens|PutEggplantInBasketScene-v1|fric_x0.4] ep 6 success=True steps=120 inf=19.1s sim=6.4s total=30.3s
[octo-small@noens|PutEggplantInBasketScene-v1|fric_x0.4] ep 7 success=False steps=120 inf=19.0s sim=8.5s total=32.6s
[octo-small@noens|PutEggplantInBasketScene-v1|fric_x0.4] ep 8 success=False steps=120 inf=20.0s sim=8.3s total=33.4s
[octo-small@noens|PutEggplantInBasketScene-v1|fric_x0.4] ep 9 success=False steps=120 inf=18.1s sim=7.0s total=30.2s
[octo-small@noens|PutEggplantInBasketScene-v1|fric_x0.4] ep 10 success=False steps=120 inf=18.3s sim=8.5s total=32.0s
[octo-small@noens|PutEggplantInBasketScene-v1|fric_x0.4] ep 11 success=False steps=120 inf=19.4s sim=8.0s total=32.6s
[octo-small@noens|PutEggplantInBasketScene-v1|fric_x0.4] ep 12 success=False steps=120 inf=19.6s sim=9.8s total=34.9s
[octo-small@noens|PutEggplantInBasketScene-v1|fric_x0.4] ep 13 success=False steps=120 inf=19.2s sim=7.3s total=31.7s
[octo-small@noens|PutEggplantInBasketScene-v1|fric_x0.4] ep 14 success=False steps=120 inf=17.8s sim=8.1s total=30.8s
[octo-small@noens|PutEggplantInBasketScene-v1|fric_x0.4] ep 15 success=False steps=120 inf=18.2s sim=5.5s total=28.5s
[octo-small@noens|PutEggplantInBasketScene-v1|fric_x0.4] ep 16 success=True steps=120 inf=17.7s sim=5.6s total=28.3s
[octo-small@noens|PutEggplantInBasketScene-v1|fric_x0.4] ep 17 success=False steps=120 inf=17.9s sim=7.6s total=30.3s
[octo-small@noens|PutEggplantInBasketScene-v1|fric_x0.4] ep 18 success=False steps=120 inf=20.4s sim=5.2s total=30.5s
[octo-small@noens|PutEggplantInBasketScene-v1|fric_x0.4] ep 19 success=False steps=120 inf=20.0s sim=5.7s total=30.6s
[octo-small@noens|PutEggplantInBasketScene-v1|fric_x0.4] ep 20 success=False steps=120 inf=20.1s sim=6.0s total=30.8s
[octo-small@noens|PutEggplantInBasketScene-v1|fric_x0.4] ep 21 success=True steps=120 inf=18.9s sim=5.7s total=29.9s
[octo-small@noens|PutEggplantInBasketScene-v1|fric_x0.4] ep 22 success=False steps=120 inf=20.2s sim=7.6s total=32.6s
[octo-small@noens|PutEggplantInBasketScene-v1|fric_x0.4] ep 23 success=False steps=120 inf=20.4s sim=8.4s total=34.0s
== fric_x0.4: 5/24 success
[33;1m2026-09-18 19:12:34,564 - mani_skill  - WARNING - Mimic targets dictionary is missing for controller config for widowx250s_bridgedataset_sink. Assuming the first joint is the control joint and the second joint is the mimic joint[0m
[33;1m2026-09-18 19:12:34,573 - mani_skill  - WARNING - No initial pose set for actor builder of eggplant, setting to default pose q=[1,0,0,0], p=[0,0,0]. Not setting reasonable initial poses may slow down simulation, see https://github.com/haosulab/ManiSkill/issues/421.[0m
[33;1m2026-09-18 19:12:34,576 - mani_skill  - WARNING - No initial pose set for actor builder of dummy_sink_target_plane, setting to default pose q=[1,0,0,0], p=[0,0,0]. Not setting reasonable initial poses may slow down simulation, see https://github.com/haosulab/ManiSkill/issues/421.[0m
[octo-small@noens|PutEggplantInBasketScene-v1|dens_x0.5] ep 0 success=False steps=120 inf=21.0s sim=7.8s total=33.8s
[octo-small@noens|PutEggplantInBasketScene-v1|dens_x0.5] ep 1 success=False steps=120 inf=21.2s sim=8.5s total=34.8s
[octo-small@noens|PutEggplantInBasketScene-v1|dens_x0.5] ep 2 success=True steps=120 inf=19.4s sim=7.2s total=31.9s
[octo-small@noens|PutEggplantInBasketScene-v1|dens_x0.5] ep 3 success=False steps=120 inf=20.0s sim=7.3s total=32.1s
[octo-small@noens|PutEggplantInBasketScene-v1|dens_x0.5] ep 4 success=False steps=120 inf=22.3s sim=10.0s total=37.2s
[octo-small@noens|PutEggplantInBasketScene-v1|dens_x0.5] ep 5 success=False steps=120 inf=21.0s sim=9.2s total=35.4s
[octo-small@noens|PutEggplantInBasketScene-v1|dens_x0.5] ep 6 success=True steps=120 inf=19.5s sim=6.3s total=30.8s
[octo-small@noens|PutEggplantInBasketScene-v1|dens_x0.5] ep 7 success=False steps=120 inf=20.1s sim=10.3s total=35.3s
[octo-small@noens|PutEggplantInBasketScene-v1|dens_x0.5] ep 8 success=True steps=120 inf=20.2s sim=6.0s total=30.9s
[octo-small@noens|PutEggplantInBasketScene-v1|dens_x0.5] ep 9 success=False steps=120 inf=19.4s sim=8.0s total=31.9s
[octo-small@noens|PutEggplantInBasketScene-v1|dens_x0.5] ep 10 success=False steps=120 inf=20.3s sim=8.2s total=33.3s
[octo-small@noens|PutEggplantInBasketScene-v1|dens_x0.5] ep 11 success=False steps=120 inf=19.6s sim=8.7s total=33.4s
[octo-small@noens|PutEggplantInBasketScene-v1|dens_x0.5] ep 12 success=False steps=120 inf=20.6s sim=9.9s total=35.5s
[octo-small@noens|PutEggplantInBasketScene-v1|dens_x0.5] ep 13 success=False steps=120 inf=21.2s sim=7.5s total=33.8s
[octo-small@noens|PutEggplantInBasketScene-v1|dens_x0.5] ep 14 success=True steps=120 inf=21.1s sim=6.3s total=32.5s
[octo-small@noens|PutEggplantInBasketScene-v1|dens_x0.5] ep 15 success=False steps=120 inf=22.8s sim=9.7s total=37.3s
[octo-small@noens|PutEggplantInBasketScene-v1|dens_x0.5] ep 16 success=True steps=120 inf=21.9s sim=7.1s total=34.5s
[octo-small@noens|PutEggplantInBasketScene-v1|dens_x0.5] ep 17 success=False steps=120 inf=20.2s sim=9.1s total=34.8s
[octo-small@noens|PutEggplantInBasketScene-v1|dens_x0.5] ep 18 success=False steps=120 inf=19.2s sim=8.1s total=33.0s
[octo-small@noens|PutEggplantInBasketScene-v1|dens_x0.5] ep 19 success=False steps=120 inf=20.2s sim=8.0s total=33.7s
[octo-small@noens|PutEggplantInBasketScene-v1|dens_x0.5] ep 20 success=False steps=120 inf=19.6s sim=9.0s total=34.1s
[octo-small@noens|PutEggplantInBasketScene-v1|dens_x0.5] ep 21 success=True steps=120 inf=20.7s sim=9.1s total=35.4s
[octo-small@noens|PutEggplantInBasketScene-v1|dens_x0.5] ep 22 success=False steps=120 inf=18.9s sim=8.8s total=33.4s
[octo-small@noens|PutEggplantInBasketScene-v1|dens_x0.5] ep 23 success=False steps=120 inf=19.2s sim=8.5s total=33.5s
== dens_x0.5: 6/24 success
