E:\research\the_world\.venv-windows-ms3\Lib\site-packages\sapien\wrapper\pinocchio_model.py:299: UserWarning: pinnochio package is not installed, robotics functionalities will not be available
  warnings.warn(
[33;1m2026-09-18 20:29:05,848 - mani_skill  - WARNING - Mimic targets dictionary is missing for controller config for widowx250s_bridgedataset_flat_table. Assuming the first joint is the control joint and the second joint is the mimic joint[0m
[33;1m2026-09-18 20:29:05,990 - mani_skill  - WARNING - No initial pose set for actor builder of bridge_spoon_generated_modified, setting to default pose q=[1,0,0,0], p=[0,0,0]. Not setting reasonable initial poses may slow down simulation, see https://github.com/haosulab/ManiSkill/issues/421.[0m
[33;1m2026-09-18 20:29:06,009 - mani_skill  - WARNING - No initial pose set for actor builder of table_cloth_generated_shorter, setting to default pose q=[1,0,0,0], p=[0,0,0]. Not setting reasonable initial poses may slow down simulation, see https://github.com/haosulab/ManiSkill/issues/421.[0m
[octo-base@chunk4|PutSpoonOnTableClothInScene-v1|nominal] ep 0 success=False steps=60 inf=18.7s sim=239.0s total=259.9s
[octo-base@chunk4|PutSpoonOnTableClothInScene-v1|nominal] ep 1 success=False steps=60 inf=18.4s sim=4.5s total=24.8s
[octo-base@chunk4|PutSpoonOnTableClothInScene-v1|nominal] ep 2 success=False steps=60 inf=19.6s sim=3.7s total=25.6s
[octo-base@chunk4|PutSpoonOnTableClothInScene-v1|nominal] ep 3 success=False steps=60 inf=15.4s sim=4.9s total=23.3s
[octo-base@chunk4|PutSpoonOnTableClothInScene-v1|nominal] ep 4 success=False steps=60 inf=19.6s sim=4.0s total=26.5s
[octo-base@chunk4|PutSpoonOnTableClothInScene-v1|nominal] ep 5 success=False steps=60 inf=20.3s sim=4.2s total=27.7s
[octo-base@chunk4|PutSpoonOnTableClothInScene-v1|nominal] ep 6 success=False steps=60 inf=17.2s sim=4.0s total=24.9s
[octo-base@chunk4|PutSpoonOnTableClothInScene-v1|nominal] ep 7 success=False steps=60 inf=19.8s sim=3.6s total=26.8s
[octo-base@chunk4|PutSpoonOnTableClothInScene-v1|nominal] ep 8 success=False steps=60 inf=18.6s sim=3.6s total=25.9s
[octo-base@chunk4|PutSpoonOnTableClothInScene-v1|nominal] ep 9 success=False steps=60 inf=16.0s sim=3.7s total=23.1s
[octo-base@chunk4|PutSpoonOnTableClothInScene-v1|nominal] ep 10 success=False steps=60 inf=16.3s sim=3.8s total=23.3s
[octo-base@chunk4|PutSpoonOnTableClothInScene-v1|nominal] ep 11 success=False steps=60 inf=17.2s sim=3.7s total=24.1s
[octo-base@chunk4|PutSpoonOnTableClothInScene-v1|nominal] ep 12 success=False steps=60 inf=15.7s sim=3.2s total=22.2s
[octo-base@chunk4|PutSpoonOnTableClothInScene-v1|nominal] ep 13 success=False steps=60 inf=16.1s sim=2.9s total=22.2s
[octo-base@chunk4|PutSpoonOnTableClothInScene-v1|nominal] ep 14 success=False steps=60 inf=15.5s sim=2.9s total=21.9s
[octo-base@chunk4|PutSpoonOnTableClothInScene-v1|nominal] ep 15 success=False steps=60 inf=13.1s sim=3.2s total=18.3s
[octo-base@chunk4|PutSpoonOnTableClothInScene-v1|nominal] ep 16 success=False steps=60 inf=8.2s sim=2.8s total=13.4s
[octo-base@chunk4|PutSpoonOnTableClothInScene-v1|nominal] ep 17 success=False steps=60 inf=7.4s sim=2.4s total=12.3s
[octo-base@chunk4|PutSpoonOnTableClothInScene-v1|nominal] ep 18 success=False steps=60 inf=14.3s sim=2.9s total=20.3s
[octo-base@chunk4|PutSpoonOnTableClothInScene-v1|nominal] ep 19 success=False steps=60 inf=16.7s sim=3.0s total=22.7s
[octo-base@chunk4|PutSpoonOnTableClothInScene-v1|nominal] ep 20 success=False steps=60 inf=16.7s sim=3.1s total=23.4s
[octo-base@chunk4|PutSpoonOnTableClothInScene-v1|nominal] ep 21 success=False steps=60 inf=17.7s sim=3.0s total=24.3s
[octo-base@chunk4|PutSpoonOnTableClothInScene-v1|nominal] ep 22 success=False steps=60 inf=17.2s sim=3.3s total=23.5s
[octo-base@chunk4|PutSpoonOnTableClothInScene-v1|nominal] ep 23 success=False steps=60 inf=15.0s sim=2.9s total=21.1s
== nominal: 0/24 success
[33;1m2026-09-18 20:42:11,102 - mani_skill  - WARNING - Mimic targets dictionary is missing for controller config for widowx250s_bridgedataset_flat_table. Assuming the first joint is the control joint and the second joint is the mimic joint[0m
[33;1m2026-09-18 20:42:11,106 - mani_skill  - WARNING - No initial pose set for actor builder of bridge_spoon_generated_modified, setting to default pose q=[1,0,0,0], p=[0,0,0]. Not setting reasonable initial poses may slow down simulation, see https://github.com/haosulab/ManiSkill/issues/421.[0m
[33;1m2026-09-18 20:42:11,108 - mani_skill  - WARNING - No initial pose set for actor builder of table_cloth_generated_shorter, setting to default pose q=[1,0,0,0], p=[0,0,0]. Not setting reasonable initial poses may slow down simulation, see https://github.com/haosulab/ManiSkill/issues/421.[0m
[octo-base@chunk4|PutSpoonOnTableClothInScene-v1|iso_x0.25] ep 0 success=False steps=60 inf=18.7s sim=3.3s total=25.4s
[octo-base@chunk4|PutSpoonOnTableClothInScene-v1|iso_x0.25] ep 1 success=False steps=60 inf=13.0s sim=3.5s total=19.5s
[octo-base@chunk4|PutSpoonOnTableClothInScene-v1|iso_x0.25] ep 2 success=False steps=60 inf=16.7s sim=3.4s total=23.6s
[octo-base@chunk4|PutSpoonOnTableClothInScene-v1|iso_x0.25] ep 3 success=False steps=60 inf=13.7s sim=4.1s total=20.9s
[octo-base@chunk4|PutSpoonOnTableClothInScene-v1|iso_x0.25] ep 4 success=False steps=60 inf=13.2s sim=3.2s total=19.6s
[octo-base@chunk4|PutSpoonOnTableClothInScene-v1|iso_x0.25] ep 5 success=False steps=60 inf=15.6s sim=3.4s total=22.2s
[octo-base@chunk4|PutSpoonOnTableClothInScene-v1|iso_x0.25] ep 6 success=False steps=60 inf=11.9s sim=2.9s total=17.8s
[octo-base@chunk4|PutSpoonOnTableClothInScene-v1|iso_x0.25] ep 7 success=False steps=60 inf=12.6s sim=2.7s total=18.3s
[octo-base@chunk4|PutSpoonOnTableClothInScene-v1|iso_x0.25] ep 8 success=False steps=60 inf=12.5s sim=2.8s total=18.3s
[octo-base@chunk4|PutSpoonOnTableClothInScene-v1|iso_x0.25] ep 9 success=False steps=60 inf=11.3s sim=2.8s total=16.8s
[octo-base@chunk4|PutSpoonOnTableClothInScene-v1|iso_x0.25] ep 10 success=False steps=60 inf=13.9s sim=2.6s total=19.6s
[octo-base@chunk4|PutSpoonOnTableClothInScene-v1|iso_x0.25] ep 11 success=False steps=60 inf=13.1s sim=2.8s total=18.8s
[octo-base@chunk4|PutSpoonOnTableClothInScene-v1|iso_x0.25] ep 12 success=False steps=60 inf=9.7s sim=2.8s total=15.2s
[octo-base@chunk4|PutSpoonOnTableClothInScene-v1|iso_x0.25] ep 13 success=False steps=60 inf=12.3s sim=2.8s total=18.0s
[octo-base@chunk4|PutSpoonOnTableClothInScene-v1|iso_x0.25] ep 14 success=False steps=60 inf=11.7s sim=2.7s total=17.3s
[octo-base@chunk4|PutSpoonOnTableClothInScene-v1|iso_x0.25] ep 15 success=False steps=60 inf=11.2s sim=2.8s total=16.9s
[octo-base@chunk4|PutSpoonOnTableClothInScene-v1|iso_x0.25] ep 16 success=False steps=60 inf=12.7s sim=2.5s total=18.2s
[octo-base@chunk4|PutSpoonOnTableClothInScene-v1|iso_x0.25] ep 17 success=False steps=60 inf=11.8s sim=2.8s total=17.1s
[octo-base@chunk4|PutSpoonOnTableClothInScene-v1|iso_x0.25] ep 18 success=False steps=60 inf=8.0s sim=2.5s total=13.0s
[octo-base@chunk4|PutSpoonOnTableClothInScene-v1|iso_x0.25] ep 19 success=False steps=60 inf=8.1s sim=2.6s total=13.2s
[octo-base@chunk4|PutSpoonOnTableClothInScene-v1|iso_x0.25] ep 20 success=False steps=60 inf=7.8s sim=2.6s total=12.8s
[octo-base@chunk4|PutSpoonOnTableClothInScene-v1|iso_x0.25] ep 21 success=False steps=60 inf=7.1s sim=2.5s total=12.0s
[octo-base@chunk4|PutSpoonOnTableClothInScene-v1|iso_x0.25] ep 22 success=False steps=60 inf=7.1s sim=2.5s total=12.0s
[octo-base@chunk4|PutSpoonOnTableClothInScene-v1|iso_x0.25] ep 23 success=False steps=60 inf=8.1s sim=2.5s total=13.0s
== iso_x0.25: 0/24 success
[33;1m2026-09-18 20:49:11,031 - mani_skill  - WARNING - Mimic targets dictionary is missing for controller config for widowx250s_bridgedataset_flat_table. Assuming the first joint is the control joint and the second joint is the mimic joint[0m
[33;1m2026-09-18 20:49:11,036 - mani_skill  - WARNING - No initial pose set for actor builder of bridge_spoon_generated_modified, setting to default pose q=[1,0,0,0], p=[0,0,0]. Not setting reasonable initial poses may slow down simulation, see https://github.com/haosulab/ManiSkill/issues/421.[0m
[33;1m2026-09-18 20:49:11,037 - mani_skill  - WARNING - No initial pose set for actor builder of table_cloth_generated_shorter, setting to default pose q=[1,0,0,0], p=[0,0,0]. Not setting reasonable initial poses may slow down simulation, see https://github.com/haosulab/ManiSkill/issues/421.[0m
[octo-base@chunk4|PutSpoonOnTableClothInScene-v1|iso_x4.0] ep 0 success=False steps=60 inf=5.6s sim=2.7s total=10.6s
[octo-base@chunk4|PutSpoonOnTableClothInScene-v1|iso_x4.0] ep 1 success=False steps=60 inf=7.4s sim=2.8s total=12.4s
[octo-base@chunk4|PutSpoonOnTableClothInScene-v1|iso_x4.0] ep 2 success=False steps=60 inf=8.3s sim=2.6s total=13.5s
[octo-base@chunk4|PutSpoonOnTableClothInScene-v1|iso_x4.0] ep 3 success=False steps=60 inf=7.0s sim=3.0s total=12.4s
[octo-base@chunk4|PutSpoonOnTableClothInScene-v1|iso_x4.0] ep 4 success=False steps=60 inf=7.2s sim=2.5s total=11.7s
[octo-base@chunk4|PutSpoonOnTableClothInScene-v1|iso_x4.0] ep 5 success=False steps=60 inf=7.5s sim=2.7s total=12.8s
[octo-base@chunk4|PutSpoonOnTableClothInScene-v1|iso_x4.0] ep 6 success=False steps=60 inf=6.3s sim=2.4s total=11.1s
[octo-base@chunk4|PutSpoonOnTableClothInScene-v1|iso_x4.0] ep 7 success=False steps=60 inf=8.4s sim=2.4s total=13.2s
[octo-base@chunk4|PutSpoonOnTableClothInScene-v1|iso_x4.0] ep 8 success=False steps=60 inf=7.9s sim=2.5s total=12.8s
[octo-base@chunk4|PutSpoonOnTableClothInScene-v1|iso_x4.0] ep 9 success=False steps=60 inf=7.8s sim=2.6s total=12.7s
[octo-base@chunk4|PutSpoonOnTableClothInScene-v1|iso_x4.0] ep 10 success=False steps=60 inf=8.3s sim=2.8s total=13.7s
[octo-base@chunk4|PutSpoonOnTableClothInScene-v1|iso_x4.0] ep 11 success=False steps=60 inf=9.2s sim=3.1s total=15.0s
[octo-base@chunk4|PutSpoonOnTableClothInScene-v1|iso_x4.0] ep 12 success=False steps=60 inf=11.5s sim=2.9s total=17.1s
[octo-base@chunk4|PutSpoonOnTableClothInScene-v1|iso_x4.0] ep 13 success=False steps=60 inf=11.7s sim=2.6s total=17.3s
[octo-base@chunk4|PutSpoonOnTableClothInScene-v1|iso_x4.0] ep 14 success=False steps=60 inf=9.9s sim=2.6s total=15.2s
[octo-base@chunk4|PutSpoonOnTableClothInScene-v1|iso_x4.0] ep 15 success=False steps=60 inf=11.5s sim=3.0s total=17.4s
[octo-base@chunk4|PutSpoonOnTableClothInScene-v1|iso_x4.0] ep 16 success=False steps=60 inf=12.2s sim=2.8s total=17.7s
[octo-base@chunk4|PutSpoonOnTableClothInScene-v1|iso_x4.0] ep 17 success=False steps=60 inf=13.3s sim=2.7s total=19.2s
[octo-base@chunk4|PutSpoonOnTableClothInScene-v1|iso_x4.0] ep 18 success=False steps=60 inf=11.3s sim=2.7s total=16.7s
[octo-base@chunk4|PutSpoonOnTableClothInScene-v1|iso_x4.0] ep 19 success=False steps=60 inf=11.2s sim=2.7s total=16.8s
[octo-base@chunk4|PutSpoonOnTableClothInScene-v1|iso_x4.0] ep 20 success=False steps=60 inf=11.7s sim=2.9s total=17.4s
[octo-base@chunk4|PutSpoonOnTableClothInScene-v1|iso_x4.0] ep 21 success=False steps=60 inf=12.1s sim=3.0s total=18.3s
[octo-base@chunk4|PutSpoonOnTableClothInScene-v1|iso_x4.0] ep 22 success=True steps=60 inf=11.5s sim=3.0s total=17.1s
[octo-base@chunk4|PutSpoonOnTableClothInScene-v1|iso_x4.0] ep 23 success=False steps=60 inf=10.4s sim=2.7s total=16.0s
== iso_x4.0: 1/24 success
[33;1m2026-09-18 20:55:09,803 - mani_skill  - WARNING - Mimic targets dictionary is missing for controller config for widowx250s_bridgedataset_flat_table. Assuming the first joint is the control joint and the second joint is the mimic joint[0m
[33;1m2026-09-18 20:55:09,811 - mani_skill  - WARNING - No initial pose set for actor builder of bridge_spoon_generated_modified, setting to default pose q=[1,0,0,0], p=[0,0,0]. Not setting reasonable initial poses may slow down simulation, see https://github.com/haosulab/ManiSkill/issues/421.[0m
[33;1m2026-09-18 20:55:09,812 - mani_skill  - WARNING - No initial pose set for actor builder of table_cloth_generated_shorter, setting to default pose q=[1,0,0,0], p=[0,0,0]. Not setting reasonable initial poses may slow down simulation, see https://github.com/haosulab/ManiSkill/issues/421.[0m
[octo-base@chunk4|PutSpoonOnTableClothInScene-v1|force_x0.5] ep 0 success=False steps=60 inf=9.3s sim=2.6s total=14.4s
[octo-base@chunk4|PutSpoonOnTableClothInScene-v1|force_x0.5] ep 1 success=False steps=60 inf=10.4s sim=3.1s total=16.3s
[octo-base@chunk4|PutSpoonOnTableClothInScene-v1|force_x0.5] ep 2 success=False steps=60 inf=12.2s sim=2.7s total=17.9s
[octo-base@chunk4|PutSpoonOnTableClothInScene-v1|force_x0.5] ep 3 success=False steps=60 inf=12.2s sim=3.6s total=18.9s
[octo-base@chunk4|PutSpoonOnTableClothInScene-v1|force_x0.5] ep 4 success=False steps=60 inf=10.8s sim=2.8s total=16.2s
[octo-base@chunk4|PutSpoonOnTableClothInScene-v1|force_x0.5] ep 5 success=False steps=60 inf=7.9s sim=3.9s total=432.0s
[octo-base@chunk4|PutSpoonOnTableClothInScene-v1|force_x0.5] ep 6 success=False steps=60 inf=12.7s sim=2.7s total=17.3s
[octo-base@chunk4|PutSpoonOnTableClothInScene-v1|force_x0.5] ep 7 success=False steps=60 inf=17.6s sim=2.6s total=22.3s
[octo-base@chunk4|PutSpoonOnTableClothInScene-v1|force_x0.5] ep 8 success=False steps=60 inf=17.5s sim=2.8s total=22.5s
[octo-base@chunk4|PutSpoonOnTableClothInScene-v1|force_x0.5] ep 9 success=False steps=60 inf=12.0s sim=2.7s total=16.9s
[octo-base@chunk4|PutSpoonOnTableClothInScene-v1|force_x0.5] ep 10 success=False steps=60 inf=14.4s sim=2.8s total=19.5s
[octo-base@chunk4|PutSpoonOnTableClothInScene-v1|force_x0.5] ep 11 success=False steps=60 inf=12.4s sim=3.0s total=18.2s
[octo-base@chunk4|PutSpoonOnTableClothInScene-v1|force_x0.5] ep 12 success=False steps=60 inf=12.4s sim=2.7s total=18.0s
[octo-base@chunk4|PutSpoonOnTableClothInScene-v1|force_x0.5] ep 13 success=False steps=60 inf=12.3s sim=2.8s total=17.9s
[octo-base@chunk4|PutSpoonOnTableClothInScene-v1|force_x0.5] ep 14 success=False steps=60 inf=11.1s sim=2.7s total=16.3s
[octo-base@chunk4|PutSpoonOnTableClothInScene-v1|force_x0.5] ep 15 success=False steps=60 inf=14.4s sim=3.0s total=20.6s
[octo-base@chunk4|PutSpoonOnTableClothInScene-v1|force_x0.5] ep 16 success=False steps=60 inf=9.8s sim=3.0s total=15.4s
[octo-base@chunk4|PutSpoonOnTableClothInScene-v1|force_x0.5] ep 17 success=False steps=60 inf=12.3s sim=2.7s total=18.1s
[octo-base@chunk4|PutSpoonOnTableClothInScene-v1|force_x0.5] ep 18 success=False steps=60 inf=13.3s sim=2.8s total=18.9s
[octo-base@chunk4|PutSpoonOnTableClothInScene-v1|force_x0.5] ep 19 success=False steps=60 inf=9.5s sim=2.7s total=14.8s
[octo-base@chunk4|PutSpoonOnTableClothInScene-v1|force_x0.5] ep 20 success=False steps=60 inf=12.0s sim=2.9s total=17.7s
[octo-base@chunk4|PutSpoonOnTableClothInScene-v1|force_x0.5] ep 21 success=False steps=60 inf=10.1s sim=2.7s total=15.5s
[octo-base@chunk4|PutSpoonOnTableClothInScene-v1|force_x0.5] ep 22 success=True steps=60 inf=13.1s sim=2.9s total=18.9s
[octo-base@chunk4|PutSpoonOnTableClothInScene-v1|force_x0.5] ep 23 success=False steps=60 inf=10.9s sim=2.5s total=16.3s
== force_x0.5: 1/24 success
[33;1m2026-09-18 21:09:10,914 - mani_skill  - WARNING - Mimic targets dictionary is missing for controller config for widowx250s_bridgedataset_flat_table. Assuming the first joint is the control joint and the second joint is the mimic joint[0m
[33;1m2026-09-18 21:09:10,919 - mani_skill  - WARNING - No initial pose set for actor builder of bridge_spoon_generated_modified, setting to default pose q=[1,0,0,0], p=[0,0,0]. Not setting reasonable initial poses may slow down simulation, see https://github.com/haosulab/ManiSkill/issues/421.[0m
[33;1m2026-09-18 21:09:10,919 - mani_skill  - WARNING - No initial pose set for actor builder of table_cloth_generated_shorter, setting to default pose q=[1,0,0,0], p=[0,0,0]. Not setting reasonable initial poses may slow down simulation, see https://github.com/haosulab/ManiSkill/issues/421.[0m
[octo-base@chunk4|PutSpoonOnTableClothInScene-v1|fric_x0.4] ep 0 success=False steps=60 inf=13.7s sim=2.8s total=19.4s
[octo-base@chunk4|PutSpoonOnTableClothInScene-v1|fric_x0.4] ep 1 success=False steps=60 inf=14.3s sim=3.3s total=20.7s
[octo-base@chunk4|PutSpoonOnTableClothInScene-v1|fric_x0.4] ep 2 success=False steps=60 inf=13.9s sim=2.9s total=19.7s
[octo-base@chunk4|PutSpoonOnTableClothInScene-v1|fric_x0.4] ep 3 success=False steps=60 inf=14.7s sim=3.6s total=21.3s
[octo-base@chunk4|PutSpoonOnTableClothInScene-v1|fric_x0.4] ep 4 success=False steps=60 inf=14.1s sim=2.7s total=18.5s
[octo-base@chunk4|PutSpoonOnTableClothInScene-v1|fric_x0.4] ep 5 success=False steps=60 inf=16.8s sim=3.0s total=21.8s
[octo-base@chunk4|PutSpoonOnTableClothInScene-v1|fric_x0.4] ep 6 success=False steps=60 inf=15.2s sim=2.7s total=20.8s
[octo-base@chunk4|PutSpoonOnTableClothInScene-v1|fric_x0.4] ep 7 success=False steps=60 inf=14.1s sim=2.6s total=19.7s
[octo-base@chunk4|PutSpoonOnTableClothInScene-v1|fric_x0.4] ep 8 success=False steps=60 inf=14.5s sim=2.8s total=20.3s
[octo-base@chunk4|PutSpoonOnTableClothInScene-v1|fric_x0.4] ep 9 success=False steps=60 inf=12.7s sim=2.8s total=17.9s
[octo-base@chunk4|PutSpoonOnTableClothInScene-v1|fric_x0.4] ep 10 success=False steps=60 inf=10.6s sim=2.8s total=16.2s
[octo-base@chunk4|PutSpoonOnTableClothInScene-v1|fric_x0.4] ep 11 success=False steps=60 inf=13.5s sim=2.7s total=19.0s
[octo-base@chunk4|PutSpoonOnTableClothInScene-v1|fric_x0.4] ep 12 success=False steps=60 inf=12.7s sim=2.7s total=18.3s
[octo-base@chunk4|PutSpoonOnTableClothInScene-v1|fric_x0.4] ep 13 success=False steps=60 inf=9.3s sim=2.5s total=14.0s
[octo-base@chunk4|PutSpoonOnTableClothInScene-v1|fric_x0.4] ep 14 success=False steps=60 inf=7.4s sim=2.4s total=12.0s
[octo-base@chunk4|PutSpoonOnTableClothInScene-v1|fric_x0.4] ep 15 success=False steps=60 inf=7.8s sim=2.6s total=12.7s
[octo-base@chunk4|PutSpoonOnTableClothInScene-v1|fric_x0.4] ep 16 success=False steps=60 inf=7.7s sim=2.5s total=12.6s
[octo-base@chunk4|PutSpoonOnTableClothInScene-v1|fric_x0.4] ep 17 success=False steps=60 inf=6.7s sim=2.5s total=11.7s
[octo-base@chunk4|PutSpoonOnTableClothInScene-v1|fric_x0.4] ep 18 success=False steps=60 inf=8.9s sim=2.5s total=13.8s
[octo-base@chunk4|PutSpoonOnTableClothInScene-v1|fric_x0.4] ep 19 success=False steps=60 inf=8.2s sim=2.8s total=13.5s
[octo-base@chunk4|PutSpoonOnTableClothInScene-v1|fric_x0.4] ep 20 success=False steps=60 inf=7.2s sim=2.6s total=12.2s
[octo-base@chunk4|PutSpoonOnTableClothInScene-v1|fric_x0.4] ep 21 success=False steps=60 inf=8.3s sim=2.6s total=13.3s
[octo-base@chunk4|PutSpoonOnTableClothInScene-v1|fric_x0.4] ep 22 success=False steps=60 inf=6.5s sim=2.6s total=11.5s
[octo-base@chunk4|PutSpoonOnTableClothInScene-v1|fric_x0.4] ep 23 success=False steps=60 inf=9.6s sim=2.7s total=14.9s
== fric_x0.4: 0/24 success
[33;1m2026-09-18 21:15:47,133 - mani_skill  - WARNING - Mimic targets dictionary is missing for controller config for widowx250s_bridgedataset_flat_table. Assuming the first joint is the control joint and the second joint is the mimic joint[0m
[33;1m2026-09-18 21:15:47,136 - mani_skill  - WARNING - No initial pose set for actor builder of bridge_spoon_generated_modified, setting to default pose q=[1,0,0,0], p=[0,0,0]. Not setting reasonable initial poses may slow down simulation, see https://github.com/haosulab/ManiSkill/issues/421.[0m
[33;1m2026-09-18 21:15:47,137 - mani_skill  - WARNING - No initial pose set for actor builder of table_cloth_generated_shorter, setting to default pose q=[1,0,0,0], p=[0,0,0]. Not setting reasonable initial poses may slow down simulation, see https://github.com/haosulab/ManiSkill/issues/421.[0m
[octo-base@chunk4|PutSpoonOnTableClothInScene-v1|dens_x0.5] ep 0 success=False steps=60 inf=8.8s sim=2.8s total=14.1s
[octo-base@chunk4|PutSpoonOnTableClothInScene-v1|dens_x0.5] ep 1 success=False steps=60 inf=8.6s sim=2.5s total=13.7s
[octo-base@chunk4|PutSpoonOnTableClothInScene-v1|dens_x0.5] ep 2 success=False steps=60 inf=9.0s sim=2.7s total=14.3s
[octo-base@chunk4|PutSpoonOnTableClothInScene-v1|dens_x0.5] ep 3 success=False steps=60 inf=6.7s sim=2.9s total=12.0s
[octo-base@chunk4|PutSpoonOnTableClothInScene-v1|dens_x0.5] ep 4 success=False steps=60 inf=8.4s sim=2.6s total=13.8s
[octo-base@chunk4|PutSpoonOnTableClothInScene-v1|dens_x0.5] ep 5 success=False steps=60 inf=9.5s sim=2.5s total=14.8s
[octo-base@chunk4|PutSpoonOnTableClothInScene-v1|dens_x0.5] ep 6 success=False steps=60 inf=7.0s sim=2.4s total=12.0s
[octo-base@chunk4|PutSpoonOnTableClothInScene-v1|dens_x0.5] ep 7 success=False steps=60 inf=6.9s sim=2.4s total=11.7s
[octo-base@chunk4|PutSpoonOnTableClothInScene-v1|dens_x0.5] ep 8 success=True steps=60 inf=8.1s sim=2.5s total=13.1s
[octo-base@chunk4|PutSpoonOnTableClothInScene-v1|dens_x0.5] ep 9 success=False steps=60 inf=6.8s sim=2.6s total=11.7s
[octo-base@chunk4|PutSpoonOnTableClothInScene-v1|dens_x0.5] ep 10 success=False steps=60 inf=10.3s sim=2.7s total=15.7s
[octo-base@chunk4|PutSpoonOnTableClothInScene-v1|dens_x0.5] ep 11 success=False steps=60 inf=8.1s sim=2.7s total=13.3s
[octo-base@chunk4|PutSpoonOnTableClothInScene-v1|dens_x0.5] ep 12 success=False steps=60 inf=7.5s sim=2.7s total=12.7s
[octo-base@chunk4|PutSpoonOnTableClothInScene-v1|dens_x0.5] ep 13 success=False steps=60 inf=8.6s sim=2.6s total=13.8s
[octo-base@chunk4|PutSpoonOnTableClothInScene-v1|dens_x0.5] ep 14 success=False steps=60 inf=8.4s sim=2.5s total=13.5s
[octo-base@chunk4|PutSpoonOnTableClothInScene-v1|dens_x0.5] ep 15 success=False steps=60 inf=6.6s sim=2.5s total=11.7s
[octo-base@chunk4|PutSpoonOnTableClothInScene-v1|dens_x0.5] ep 16 success=False steps=60 inf=4.1s sim=2.2s total=8.3s
[octo-base@chunk4|PutSpoonOnTableClothInScene-v1|dens_x0.5] ep 17 success=True steps=60 inf=2.7s sim=2.4s total=7.0s
[octo-base@chunk4|PutSpoonOnTableClothInScene-v1|dens_x0.5] ep 18 success=False steps=60 inf=4.4s sim=2.2s total=8.8s
[octo-base@chunk4|PutSpoonOnTableClothInScene-v1|dens_x0.5] ep 19 success=False steps=60 inf=3.4s sim=2.3s total=7.8s
[octo-base@chunk4|PutSpoonOnTableClothInScene-v1|dens_x0.5] ep 20 success=False steps=60 inf=2.5s sim=2.4s total=6.8s
[octo-base@chunk4|PutSpoonOnTableClothInScene-v1|dens_x0.5] ep 21 success=False steps=60 inf=2.7s sim=2.2s total=7.1s
[octo-base@chunk4|PutSpoonOnTableClothInScene-v1|dens_x0.5] ep 22 success=False steps=60 inf=2.7s sim=2.4s total=6.9s
[octo-base@chunk4|PutSpoonOnTableClothInScene-v1|dens_x0.5] ep 23 success=False steps=60 inf=4.7s sim=2.5s total=9.4s
== dens_x0.5: 2/24 success
