E:\research\the_world\.venv-windows-ms3\Lib\site-packages\sapien\wrapper\pinocchio_model.py:299: UserWarning: pinnochio package is not installed, robotics functionalities will not be available
  warnings.warn(
[33;1m2026-09-18 20:39:58,058 - mani_skill  - WARNING - Mimic targets dictionary is missing for controller config for widowx250s_bridgedataset_flat_table. Assuming the first joint is the control joint and the second joint is the mimic joint[0m
[33;1m2026-09-18 20:39:58,196 - mani_skill  - WARNING - No initial pose set for actor builder of bridge_spoon_generated_modified, setting to default pose q=[1,0,0,0], p=[0,0,0]. Not setting reasonable initial poses may slow down simulation, see https://github.com/haosulab/ManiSkill/issues/421.[0m
[33;1m2026-09-18 20:39:58,219 - mani_skill  - WARNING - No initial pose set for actor builder of table_cloth_generated_shorter, setting to default pose q=[1,0,0,0], p=[0,0,0]. Not setting reasonable initial poses may slow down simulation, see https://github.com/haosulab/ManiSkill/issues/421.[0m
[octo-base@hist1|PutSpoonOnTableClothInScene-v1|nominal] ep 0 success=False steps=60 inf=40.8s sim=2.9s total=48.5s
[octo-base@hist1|PutSpoonOnTableClothInScene-v1|nominal] ep 1 success=False steps=60 inf=41.7s sim=3.1s total=50.3s
[octo-base@hist1|PutSpoonOnTableClothInScene-v1|nominal] ep 2 success=False steps=60 inf=41.5s sim=2.9s total=49.7s
[octo-base@hist1|PutSpoonOnTableClothInScene-v1|nominal] ep 3 success=False steps=60 inf=38.2s sim=3.3s total=46.5s
[octo-base@hist1|PutSpoonOnTableClothInScene-v1|nominal] ep 4 success=False steps=60 inf=36.3s sim=3.1s total=44.6s
[octo-base@hist1|PutSpoonOnTableClothInScene-v1|nominal] ep 5 success=True steps=60 inf=35.0s sim=3.1s total=42.9s
[octo-base@hist1|PutSpoonOnTableClothInScene-v1|nominal] ep 6 success=True steps=60 inf=32.3s sim=2.8s total=39.7s
[octo-base@hist1|PutSpoonOnTableClothInScene-v1|nominal] ep 7 success=False steps=60 inf=30.6s sim=2.7s total=37.7s
[octo-base@hist1|PutSpoonOnTableClothInScene-v1|nominal] ep 8 success=False steps=60 inf=30.9s sim=2.5s total=37.9s
[octo-base@hist1|PutSpoonOnTableClothInScene-v1|nominal] ep 9 success=True steps=60 inf=28.1s sim=2.7s total=34.9s
[octo-base@hist1|PutSpoonOnTableClothInScene-v1|nominal] ep 10 success=True steps=60 inf=27.8s sim=2.6s total=34.6s
[octo-base@hist1|PutSpoonOnTableClothInScene-v1|nominal] ep 11 success=False steps=60 inf=22.9s sim=2.7s total=29.4s
[octo-base@hist1|PutSpoonOnTableClothInScene-v1|nominal] ep 12 success=False steps=60 inf=18.8s sim=2.6s total=24.9s
[octo-base@hist1|PutSpoonOnTableClothInScene-v1|nominal] ep 13 success=False steps=60 inf=19.2s sim=2.4s total=25.0s
[octo-base@hist1|PutSpoonOnTableClothInScene-v1|nominal] ep 14 success=False steps=60 inf=18.0s sim=2.4s total=23.7s
[octo-base@hist1|PutSpoonOnTableClothInScene-v1|nominal] ep 15 success=False steps=60 inf=20.7s sim=2.5s total=26.8s
[octo-base@hist1|PutSpoonOnTableClothInScene-v1|nominal] ep 16 success=False steps=60 inf=18.7s sim=2.3s total=24.2s
[octo-base@hist1|PutSpoonOnTableClothInScene-v1|nominal] ep 17 success=False steps=60 inf=20.1s sim=2.4s total=25.8s
[octo-base@hist1|PutSpoonOnTableClothInScene-v1|nominal] ep 18 success=False steps=60 inf=21.7s sim=2.5s total=27.6s
[octo-base@hist1|PutSpoonOnTableClothInScene-v1|nominal] ep 19 success=False steps=60 inf=23.0s sim=2.9s total=29.8s
[octo-base@hist1|PutSpoonOnTableClothInScene-v1|nominal] ep 20 success=False steps=60 inf=30.0s sim=2.6s total=37.0s
[octo-base@hist1|PutSpoonOnTableClothInScene-v1|nominal] ep 21 success=False steps=60 inf=25.7s sim=2.6s total=32.3s
[octo-base@hist1|PutSpoonOnTableClothInScene-v1|nominal] ep 22 success=False steps=60 inf=31.0s sim=2.7s total=38.0s
[octo-base@hist1|PutSpoonOnTableClothInScene-v1|nominal] ep 23 success=False steps=60 inf=27.5s sim=2.8s total=34.5s
== nominal: 4/24 success
[33;1m2026-09-18 20:54:08,044 - mani_skill  - WARNING - Mimic targets dictionary is missing for controller config for widowx250s_bridgedataset_flat_table. Assuming the first joint is the control joint and the second joint is the mimic joint[0m
[33;1m2026-09-18 20:54:08,048 - mani_skill  - WARNING - No initial pose set for actor builder of bridge_spoon_generated_modified, setting to default pose q=[1,0,0,0], p=[0,0,0]. Not setting reasonable initial poses may slow down simulation, see https://github.com/haosulab/ManiSkill/issues/421.[0m
[33;1m2026-09-18 20:54:08,050 - mani_skill  - WARNING - No initial pose set for actor builder of table_cloth_generated_shorter, setting to default pose q=[1,0,0,0], p=[0,0,0]. Not setting reasonable initial poses may slow down simulation, see https://github.com/haosulab/ManiSkill/issues/421.[0m
[octo-base@hist1|PutSpoonOnTableClothInScene-v1|iso_x0.25] ep 0 success=True steps=60 inf=31.2s sim=2.8s total=38.3s
[octo-base@hist1|PutSpoonOnTableClothInScene-v1|iso_x0.25] ep 1 success=False steps=60 inf=25.3s sim=2.7s total=32.0s
[octo-base@hist1|PutSpoonOnTableClothInScene-v1|iso_x0.25] ep 2 success=False steps=60 inf=27.1s sim=2.7s total=34.2s
[octo-base@hist1|PutSpoonOnTableClothInScene-v1|iso_x0.25] ep 3 success=True steps=60 inf=28.4s sim=2.7s total=35.3s
[octo-base@hist1|PutSpoonOnTableClothInScene-v1|iso_x0.25] ep 4 success=True steps=60 inf=37.3s sim=3.0s total=477.1s
[octo-base@hist1|PutSpoonOnTableClothInScene-v1|iso_x0.25] ep 5 success=False steps=60 inf=38.3s sim=2.7s total=44.0s
[octo-base@hist1|PutSpoonOnTableClothInScene-v1|iso_x0.25] ep 6 success=True steps=60 inf=31.9s sim=2.7s total=38.2s
[octo-base@hist1|PutSpoonOnTableClothInScene-v1|iso_x0.25] ep 7 success=False steps=60 inf=30.7s sim=3.0s total=38.0s
[octo-base@hist1|PutSpoonOnTableClothInScene-v1|iso_x0.25] ep 8 success=False steps=60 inf=31.2s sim=2.5s total=37.9s
[octo-base@hist1|PutSpoonOnTableClothInScene-v1|iso_x0.25] ep 9 success=False steps=60 inf=30.4s sim=2.9s total=37.7s
[octo-base@hist1|PutSpoonOnTableClothInScene-v1|iso_x0.25] ep 10 success=False steps=60 inf=27.6s sim=2.8s total=34.3s
[octo-base@hist1|PutSpoonOnTableClothInScene-v1|iso_x0.25] ep 11 success=False steps=60 inf=30.8s sim=2.7s total=37.8s
[octo-base@hist1|PutSpoonOnTableClothInScene-v1|iso_x0.25] ep 12 success=False steps=60 inf=30.6s sim=2.5s total=37.5s
[octo-base@hist1|PutSpoonOnTableClothInScene-v1|iso_x0.25] ep 13 success=False steps=60 inf=28.6s sim=2.7s total=35.4s
[octo-base@hist1|PutSpoonOnTableClothInScene-v1|iso_x0.25] ep 14 success=False steps=60 inf=33.2s sim=2.6s total=39.2s
[octo-base@hist1|PutSpoonOnTableClothInScene-v1|iso_x0.25] ep 15 success=False steps=60 inf=38.5s sim=2.7s total=43.9s
[octo-base@hist1|PutSpoonOnTableClothInScene-v1|iso_x0.25] ep 16 success=False steps=60 inf=29.4s sim=2.5s total=36.5s
[octo-base@hist1|PutSpoonOnTableClothInScene-v1|iso_x0.25] ep 17 success=False steps=60 inf=32.7s sim=2.6s total=39.4s
[octo-base@hist1|PutSpoonOnTableClothInScene-v1|iso_x0.25] ep 18 success=False steps=60 inf=29.2s sim=2.7s total=36.3s
[octo-base@hist1|PutSpoonOnTableClothInScene-v1|iso_x0.25] ep 19 success=False steps=60 inf=26.6s sim=2.8s total=32.6s
[octo-base@hist1|PutSpoonOnTableClothInScene-v1|iso_x0.25] ep 20 success=False steps=60 inf=21.6s sim=2.5s total=27.5s
[octo-base@hist1|PutSpoonOnTableClothInScene-v1|iso_x0.25] ep 21 success=False steps=60 inf=20.0s sim=2.3s total=25.6s
[octo-base@hist1|PutSpoonOnTableClothInScene-v1|iso_x0.25] ep 22 success=False steps=60 inf=19.0s sim=2.6s total=25.1s
[octo-base@hist1|PutSpoonOnTableClothInScene-v1|iso_x0.25] ep 23 success=False steps=60 inf=23.2s sim=2.7s total=29.9s
== iso_x0.25: 4/24 success
[33;1m2026-09-18 21:15:42,042 - mani_skill  - WARNING - Mimic targets dictionary is missing for controller config for widowx250s_bridgedataset_flat_table. Assuming the first joint is the control joint and the second joint is the mimic joint[0m
[33;1m2026-09-18 21:15:42,047 - mani_skill  - WARNING - No initial pose set for actor builder of bridge_spoon_generated_modified, setting to default pose q=[1,0,0,0], p=[0,0,0]. Not setting reasonable initial poses may slow down simulation, see https://github.com/haosulab/ManiSkill/issues/421.[0m
[33;1m2026-09-18 21:15:42,048 - mani_skill  - WARNING - No initial pose set for actor builder of table_cloth_generated_shorter, setting to default pose q=[1,0,0,0], p=[0,0,0]. Not setting reasonable initial poses may slow down simulation, see https://github.com/haosulab/ManiSkill/issues/421.[0m
[octo-base@hist1|PutSpoonOnTableClothInScene-v1|iso_x4.0] ep 0 success=True steps=60 inf=21.2s sim=2.7s total=27.7s
[octo-base@hist1|PutSpoonOnTableClothInScene-v1|iso_x4.0] ep 1 success=False steps=60 inf=20.6s sim=2.6s total=26.9s
[octo-base@hist1|PutSpoonOnTableClothInScene-v1|iso_x4.0] ep 2 success=False steps=60 inf=22.0s sim=2.5s total=28.4s
[octo-base@hist1|PutSpoonOnTableClothInScene-v1|iso_x4.0] ep 3 success=False steps=60 inf=19.4s sim=2.4s total=25.3s
[octo-base@hist1|PutSpoonOnTableClothInScene-v1|iso_x4.0] ep 4 success=True steps=60 inf=19.9s sim=2.6s total=26.0s
[octo-base@hist1|PutSpoonOnTableClothInScene-v1|iso_x4.0] ep 5 success=True steps=60 inf=23.6s sim=2.4s total=29.9s
[octo-base@hist1|PutSpoonOnTableClothInScene-v1|iso_x4.0] ep 6 success=True steps=60 inf=21.5s sim=2.5s total=27.7s
[octo-base@hist1|PutSpoonOnTableClothInScene-v1|iso_x4.0] ep 7 success=False steps=60 inf=19.3s sim=2.5s total=25.3s
[octo-base@hist1|PutSpoonOnTableClothInScene-v1|iso_x4.0] ep 8 success=False steps=60 inf=10.3s sim=2.0s total=15.0s
[octo-base@hist1|PutSpoonOnTableClothInScene-v1|iso_x4.0] ep 9 success=False steps=60 inf=11.5s sim=2.3s total=16.5s
[octo-base@hist1|PutSpoonOnTableClothInScene-v1|iso_x4.0] ep 10 success=True steps=60 inf=8.6s sim=2.3s total=13.3s
[octo-base@hist1|PutSpoonOnTableClothInScene-v1|iso_x4.0] ep 11 success=False steps=60 inf=10.5s sim=2.3s total=15.4s
[octo-base@hist1|PutSpoonOnTableClothInScene-v1|iso_x4.0] ep 12 success=False steps=60 inf=7.4s sim=1.9s total=11.7s
[octo-base@hist1|PutSpoonOnTableClothInScene-v1|iso_x4.0] ep 13 success=False steps=60 inf=6.1s sim=1.9s total=10.2s
[octo-base@hist1|PutSpoonOnTableClothInScene-v1|iso_x4.0] ep 14 success=False steps=60 inf=5.9s sim=1.9s total=10.0s
[octo-base@hist1|PutSpoonOnTableClothInScene-v1|iso_x4.0] ep 15 success=False steps=60 inf=6.0s sim=1.9s total=10.2s
[octo-base@hist1|PutSpoonOnTableClothInScene-v1|iso_x4.0] ep 16 success=True steps=60 inf=5.9s sim=2.0s total=10.0s
[octo-base@hist1|PutSpoonOnTableClothInScene-v1|iso_x4.0] ep 17 success=False steps=60 inf=5.8s sim=1.9s total=9.9s
[octo-base@hist1|PutSpoonOnTableClothInScene-v1|iso_x4.0] ep 18 success=False steps=60 inf=6.0s sim=1.9s total=10.1s
[octo-base@hist1|PutSpoonOnTableClothInScene-v1|iso_x4.0] ep 19 success=False steps=60 inf=6.2s sim=2.4s total=11.0s
[octo-base@hist1|PutSpoonOnTableClothInScene-v1|iso_x4.0] ep 20 success=False steps=60 inf=6.0s sim=2.0s total=10.3s
[octo-base@hist1|PutSpoonOnTableClothInScene-v1|iso_x4.0] ep 21 success=False steps=60 inf=5.9s sim=1.8s total=9.9s
[octo-base@hist1|PutSpoonOnTableClothInScene-v1|iso_x4.0] ep 22 success=True steps=60 inf=5.7s sim=2.0s total=10.0s
[octo-base@hist1|PutSpoonOnTableClothInScene-v1|iso_x4.0] ep 23 success=False steps=60 inf=5.9s sim=2.1s total=10.2s
== iso_x4.0: 7/24 success
[33;1m2026-09-18 21:22:23,385 - mani_skill  - WARNING - Mimic targets dictionary is missing for controller config for widowx250s_bridgedataset_flat_table. Assuming the first joint is the control joint and the second joint is the mimic joint[0m
[33;1m2026-09-18 21:22:23,388 - mani_skill  - WARNING - No initial pose set for actor builder of bridge_spoon_generated_modified, setting to default pose q=[1,0,0,0], p=[0,0,0]. Not setting reasonable initial poses may slow down simulation, see https://github.com/haosulab/ManiSkill/issues/421.[0m
[33;1m2026-09-18 21:22:23,389 - mani_skill  - WARNING - No initial pose set for actor builder of table_cloth_generated_shorter, setting to default pose q=[1,0,0,0], p=[0,0,0]. Not setting reasonable initial poses may slow down simulation, see https://github.com/haosulab/ManiSkill/issues/421.[0m
[octo-base@hist1|PutSpoonOnTableClothInScene-v1|force_x0.5] ep 0 success=False steps=60 inf=5.8s sim=1.9s total=9.9s
[octo-base@hist1|PutSpoonOnTableClothInScene-v1|force_x0.5] ep 1 success=False steps=60 inf=5.8s sim=2.1s total=10.0s
[octo-base@hist1|PutSpoonOnTableClothInScene-v1|force_x0.5] ep 2 success=False steps=60 inf=5.9s sim=1.7s total=9.7s
[octo-base@hist1|PutSpoonOnTableClothInScene-v1|force_x0.5] ep 3 success=False steps=60 inf=6.1s sim=2.0s total=10.2s
[octo-base@hist1|PutSpoonOnTableClothInScene-v1|force_x0.5] ep 4 success=False steps=60 inf=6.0s sim=1.8s total=10.1s
[octo-base@hist1|PutSpoonOnTableClothInScene-v1|force_x0.5] ep 5 success=True steps=60 inf=5.8s sim=2.0s total=9.8s
[octo-base@hist1|PutSpoonOnTableClothInScene-v1|force_x0.5] ep 6 success=True steps=60 inf=6.2s sim=2.0s total=10.2s
[octo-base@hist1|PutSpoonOnTableClothInScene-v1|force_x0.5] ep 7 success=False steps=60 inf=5.9s sim=2.2s total=888.0s
[octo-base@hist1|PutSpoonOnTableClothInScene-v1|force_x0.5] ep 8 success=False steps=60 inf=8.6s sim=3.1s total=13.7s
[octo-base@hist1|PutSpoonOnTableClothInScene-v1|force_x0.5] ep 9 success=False steps=60 inf=6.3s sim=1.9s total=9.8s
[octo-base@hist1|PutSpoonOnTableClothInScene-v1|force_x0.5] ep 10 success=True steps=60 inf=6.1s sim=2.0s total=9.7s
[octo-base@hist1|PutSpoonOnTableClothInScene-v1|force_x0.5] ep 11 success=False steps=60 inf=5.8s sim=2.1s total=9.8s
[octo-base@hist1|PutSpoonOnTableClothInScene-v1|force_x0.5] ep 12 success=False steps=60 inf=5.7s sim=1.9s total=9.6s
[octo-base@hist1|PutSpoonOnTableClothInScene-v1|force_x0.5] ep 13 success=False steps=60 inf=5.7s sim=1.8s total=9.6s
[octo-base@hist1|PutSpoonOnTableClothInScene-v1|force_x0.5] ep 14 success=False steps=60 inf=5.5s sim=1.9s total=9.6s
[octo-base@hist1|PutSpoonOnTableClothInScene-v1|force_x0.5] ep 15 success=False steps=60 inf=5.6s sim=1.9s total=9.6s
[octo-base@hist1|PutSpoonOnTableClothInScene-v1|force_x0.5] ep 16 success=False steps=60 inf=5.6s sim=1.8s total=9.5s
[octo-base@hist1|PutSpoonOnTableClothInScene-v1|force_x0.5] ep 17 success=False steps=60 inf=5.6s sim=1.9s total=9.5s
[octo-base@hist1|PutSpoonOnTableClothInScene-v1|force_x0.5] ep 18 success=False steps=60 inf=5.8s sim=2.2s total=10.1s
[octo-base@hist1|PutSpoonOnTableClothInScene-v1|force_x0.5] ep 19 success=False steps=60 inf=5.7s sim=2.3s total=10.1s
[octo-base@hist1|PutSpoonOnTableClothInScene-v1|force_x0.5] ep 20 success=False steps=60 inf=5.6s sim=2.0s total=9.7s
[octo-base@hist1|PutSpoonOnTableClothInScene-v1|force_x0.5] ep 21 success=False steps=60 inf=5.5s sim=1.9s total=9.5s
[octo-base@hist1|PutSpoonOnTableClothInScene-v1|force_x0.5] ep 22 success=False steps=60 inf=5.5s sim=2.2s total=9.9s
[octo-base@hist1|PutSpoonOnTableClothInScene-v1|force_x0.5] ep 23 success=False steps=60 inf=5.3s sim=2.1s total=9.7s
== force_x0.5: 3/24 success
[33;1m2026-09-18 21:40:54,553 - mani_skill  - WARNING - Mimic targets dictionary is missing for controller config for widowx250s_bridgedataset_flat_table. Assuming the first joint is the control joint and the second joint is the mimic joint[0m
[33;1m2026-09-18 21:40:54,556 - mani_skill  - WARNING - No initial pose set for actor builder of bridge_spoon_generated_modified, setting to default pose q=[1,0,0,0], p=[0,0,0]. Not setting reasonable initial poses may slow down simulation, see https://github.com/haosulab/ManiSkill/issues/421.[0m
[33;1m2026-09-18 21:40:54,556 - mani_skill  - WARNING - No initial pose set for actor builder of table_cloth_generated_shorter, setting to default pose q=[1,0,0,0], p=[0,0,0]. Not setting reasonable initial poses may slow down simulation, see https://github.com/haosulab/ManiSkill/issues/421.[0m
[octo-base@hist1|PutSpoonOnTableClothInScene-v1|fric_x0.4] ep 0 success=False steps=60 inf=5.3s sim=2.0s total=9.6s
[octo-base@hist1|PutSpoonOnTableClothInScene-v1|fric_x0.4] ep 1 success=False steps=60 inf=5.3s sim=2.2s total=9.7s
[octo-base@hist1|PutSpoonOnTableClothInScene-v1|fric_x0.4] ep 2 success=False steps=60 inf=5.6s sim=2.2s total=10.1s
[octo-base@hist1|PutSpoonOnTableClothInScene-v1|fric_x0.4] ep 3 success=False steps=60 inf=5.5s sim=2.0s total=9.4s
[octo-base@hist1|PutSpoonOnTableClothInScene-v1|fric_x0.4] ep 4 success=True steps=60 inf=5.3s sim=2.0s total=9.6s
[octo-base@hist1|PutSpoonOnTableClothInScene-v1|fric_x0.4] ep 5 success=True steps=60 inf=5.6s sim=2.5s total=10.5s
[octo-base@hist1|PutSpoonOnTableClothInScene-v1|fric_x0.4] ep 6 success=True steps=60 inf=5.5s sim=2.2s total=9.9s
[octo-base@hist1|PutSpoonOnTableClothInScene-v1|fric_x0.4] ep 7 success=False steps=60 inf=5.3s sim=2.3s total=9.7s
[octo-base@hist1|PutSpoonOnTableClothInScene-v1|fric_x0.4] ep 8 success=False steps=60 inf=5.3s sim=2.0s total=9.6s
[octo-base@hist1|PutSpoonOnTableClothInScene-v1|fric_x0.4] ep 9 success=False steps=60 inf=5.5s sim=2.1s total=10.0s
[octo-base@hist1|PutSpoonOnTableClothInScene-v1|fric_x0.4] ep 10 success=True steps=60 inf=5.4s sim=2.1s total=9.8s
[octo-base@hist1|PutSpoonOnTableClothInScene-v1|fric_x0.4] ep 11 success=False steps=60 inf=5.8s sim=2.2s total=9.8s
[octo-base@hist1|PutSpoonOnTableClothInScene-v1|fric_x0.4] ep 12 success=False steps=60 inf=5.6s sim=2.0s total=9.7s
[octo-base@hist1|PutSpoonOnTableClothInScene-v1|fric_x0.4] ep 13 success=False steps=60 inf=5.5s sim=2.0s total=9.8s
[octo-base@hist1|PutSpoonOnTableClothInScene-v1|fric_x0.4] ep 14 success=False steps=60 inf=5.4s sim=2.2s total=9.9s
[octo-base@hist1|PutSpoonOnTableClothInScene-v1|fric_x0.4] ep 15 success=False steps=60 inf=5.5s sim=1.9s total=9.5s
[octo-base@hist1|PutSpoonOnTableClothInScene-v1|fric_x0.4] ep 16 success=False steps=60 inf=5.4s sim=1.8s total=9.3s
[octo-base@hist1|PutSpoonOnTableClothInScene-v1|fric_x0.4] ep 17 success=False steps=60 inf=5.1s sim=1.3s total=8.1s
[octo-base@hist1|PutSpoonOnTableClothInScene-v1|fric_x0.4] ep 18 success=False steps=60 inf=5.2s sim=1.6s total=8.6s
[octo-base@hist1|PutSpoonOnTableClothInScene-v1|fric_x0.4] ep 19 success=False steps=60 inf=5.2s sim=1.4s total=8.2s
[octo-base@hist1|PutSpoonOnTableClothInScene-v1|fric_x0.4] ep 20 success=False steps=60 inf=5.2s sim=1.4s total=8.4s
[octo-base@hist1|PutSpoonOnTableClothInScene-v1|fric_x0.4] ep 21 success=False steps=60 inf=5.1s sim=1.3s total=8.3s
[octo-base@hist1|PutSpoonOnTableClothInScene-v1|fric_x0.4] ep 22 success=True steps=60 inf=5.1s sim=1.4s total=8.6s
[octo-base@hist1|PutSpoonOnTableClothInScene-v1|fric_x0.4] ep 23 success=False steps=60 inf=5.0s sim=1.6s total=8.6s
== fric_x0.4: 5/24 success
[33;1m2026-09-18 21:44:39,661 - mani_skill  - WARNING - Mimic targets dictionary is missing for controller config for widowx250s_bridgedataset_flat_table. Assuming the first joint is the control joint and the second joint is the mimic joint[0m
[33;1m2026-09-18 21:44:39,662 - mani_skill  - WARNING - No initial pose set for actor builder of bridge_spoon_generated_modified, setting to default pose q=[1,0,0,0], p=[0,0,0]. Not setting reasonable initial poses may slow down simulation, see https://github.com/haosulab/ManiSkill/issues/421.[0m
[33;1m2026-09-18 21:44:39,664 - mani_skill  - WARNING - No initial pose set for actor builder of table_cloth_generated_shorter, setting to default pose q=[1,0,0,0], p=[0,0,0]. Not setting reasonable initial poses may slow down simulation, see https://github.com/haosulab/ManiSkill/issues/421.[0m
[octo-base@hist1|PutSpoonOnTableClothInScene-v1|dens_x0.5] ep 0 success=False steps=60 inf=5.3s sim=1.7s total=9.0s
[octo-base@hist1|PutSpoonOnTableClothInScene-v1|dens_x0.5] ep 1 success=True steps=60 inf=5.3s sim=1.8s total=9.2s
[octo-base@hist1|PutSpoonOnTableClothInScene-v1|dens_x0.5] ep 2 success=False steps=60 inf=5.4s sim=1.8s total=9.1s
[octo-base@hist1|PutSpoonOnTableClothInScene-v1|dens_x0.5] ep 3 success=False steps=60 inf=5.2s sim=1.7s total=8.8s
[octo-base@hist1|PutSpoonOnTableClothInScene-v1|dens_x0.5] ep 4 success=True steps=60 inf=5.3s sim=1.6s total=9.0s
[octo-base@hist1|PutSpoonOnTableClothInScene-v1|dens_x0.5] ep 5 success=False steps=60 inf=5.0s sim=1.4s total=8.4s
[octo-base@hist1|PutSpoonOnTableClothInScene-v1|dens_x0.5] ep 6 success=True steps=60 inf=5.0s sim=1.4s total=8.4s
[octo-base@hist1|PutSpoonOnTableClothInScene-v1|dens_x0.5] ep 7 success=False steps=60 inf=5.0s sim=1.6s total=8.5s
[octo-base@hist1|PutSpoonOnTableClothInScene-v1|dens_x0.5] ep 8 success=False steps=60 inf=5.0s sim=1.3s total=8.2s
[octo-base@hist1|PutSpoonOnTableClothInScene-v1|dens_x0.5] ep 9 success=False steps=60 inf=5.0s sim=1.4s total=8.1s
[octo-base@hist1|PutSpoonOnTableClothInScene-v1|dens_x0.5] ep 10 success=True steps=60 inf=5.0s sim=1.5s total=8.4s
[octo-base@hist1|PutSpoonOnTableClothInScene-v1|dens_x0.5] ep 11 success=False steps=60 inf=5.0s sim=1.5s total=8.4s
[octo-base@hist1|PutSpoonOnTableClothInScene-v1|dens_x0.5] ep 12 success=False steps=60 inf=5.0s sim=1.3s total=8.2s
[octo-base@hist1|PutSpoonOnTableClothInScene-v1|dens_x0.5] ep 13 success=False steps=60 inf=5.1s sim=1.4s total=8.3s
[octo-base@hist1|PutSpoonOnTableClothInScene-v1|dens_x0.5] ep 14 success=False steps=60 inf=5.3s sim=1.2s total=8.3s
[octo-base@hist1|PutSpoonOnTableClothInScene-v1|dens_x0.5] ep 15 success=False steps=60 inf=5.5s sim=1.3s total=8.5s
[octo-base@hist1|PutSpoonOnTableClothInScene-v1|dens_x0.5] ep 16 success=False steps=60 inf=5.4s sim=1.2s total=8.4s
[octo-base@hist1|PutSpoonOnTableClothInScene-v1|dens_x0.5] ep 17 success=False steps=60 inf=5.4s sim=1.2s total=8.3s
[octo-base@hist1|PutSpoonOnTableClothInScene-v1|dens_x0.5] ep 18 success=False steps=60 inf=5.4s sim=1.2s total=8.2s
[octo-base@hist1|PutSpoonOnTableClothInScene-v1|dens_x0.5] ep 19 success=False steps=60 inf=5.4s sim=1.3s total=8.4s
[octo-base@hist1|PutSpoonOnTableClothInScene-v1|dens_x0.5] ep 20 success=False steps=60 inf=5.4s sim=1.3s total=8.4s
[octo-base@hist1|PutSpoonOnTableClothInScene-v1|dens_x0.5] ep 21 success=False steps=60 inf=5.4s sim=1.2s total=8.3s
[octo-base@hist1|PutSpoonOnTableClothInScene-v1|dens_x0.5] ep 22 success=True steps=60 inf=5.4s sim=1.3s total=8.4s
[octo-base@hist1|PutSpoonOnTableClothInScene-v1|dens_x0.5] ep 23 success=False steps=60 inf=5.4s sim=1.3s total=8.5s
== dens_x0.5: 5/24 success
