E:\research\the_world\.venv-windows-ms3\Lib\site-packages\sapien\wrapper\pinocchio_model.py:299: UserWarning: pinnochio package is not installed, robotics functionalities will not be available
  warnings.warn(
[33;1m2026-09-18 20:05:08,816 - mani_skill  - WARNING - Mimic targets dictionary is missing for controller config for widowx250s_bridgedataset_flat_table. Assuming the first joint is the control joint and the second joint is the mimic joint[0m
[33;1m2026-09-18 20:05:08,961 - mani_skill  - WARNING - No initial pose set for actor builder of bridge_spoon_generated_modified, setting to default pose q=[1,0,0,0], p=[0,0,0]. Not setting reasonable initial poses may slow down simulation, see https://github.com/haosulab/ManiSkill/issues/421.[0m
[33;1m2026-09-18 20:05:08,976 - mani_skill  - WARNING - No initial pose set for actor builder of table_cloth_generated_shorter, setting to default pose q=[1,0,0,0], p=[0,0,0]. Not setting reasonable initial poses may slow down simulation, see https://github.com/haosulab/ManiSkill/issues/421.[0m
[octo-small@chunk4|PutSpoonOnTableClothInScene-v1|nominal] ep 0 success=False steps=60 inf=2.4s sim=2.8s total=7.2s
[octo-small@chunk4|PutSpoonOnTableClothInScene-v1|nominal] ep 1 success=False steps=60 inf=2.3s sim=2.9s total=7.0s
[octo-small@chunk4|PutSpoonOnTableClothInScene-v1|nominal] ep 2 success=False steps=60 inf=2.4s sim=2.3s total=6.9s
[octo-small@chunk4|PutSpoonOnTableClothInScene-v1|nominal] ep 3 success=False steps=60 inf=2.5s sim=2.9s total=7.3s
[octo-small@chunk4|PutSpoonOnTableClothInScene-v1|nominal] ep 4 success=False steps=60 inf=2.3s sim=2.8s total=7.0s
[octo-small@chunk4|PutSpoonOnTableClothInScene-v1|nominal] ep 5 success=False steps=60 inf=2.2s sim=4.3s total=8.4s
[octo-small@chunk4|PutSpoonOnTableClothInScene-v1|nominal] ep 6 success=False steps=60 inf=2.4s sim=3.2s total=7.6s
[octo-small@chunk4|PutSpoonOnTableClothInScene-v1|nominal] ep 7 success=False steps=60 inf=2.2s sim=3.3s total=7.3s
[octo-small@chunk4|PutSpoonOnTableClothInScene-v1|nominal] ep 8 success=True steps=60 inf=2.5s sim=3.2s total=7.8s
[octo-small@chunk4|PutSpoonOnTableClothInScene-v1|nominal] ep 9 success=False steps=60 inf=2.5s sim=3.6s total=8.0s
[octo-small@chunk4|PutSpoonOnTableClothInScene-v1|nominal] ep 10 success=True steps=60 inf=2.5s sim=3.6s total=8.3s
[octo-small@chunk4|PutSpoonOnTableClothInScene-v1|nominal] ep 11 success=False steps=60 inf=2.2s sim=3.5s total=7.7s
[octo-small@chunk4|PutSpoonOnTableClothInScene-v1|nominal] ep 12 success=False steps=60 inf=2.0s sim=3.3s total=7.3s
[octo-small@chunk4|PutSpoonOnTableClothInScene-v1|nominal] ep 13 success=False steps=60 inf=2.2s sim=4.0s total=8.2s
[octo-small@chunk4|PutSpoonOnTableClothInScene-v1|nominal] ep 14 success=False steps=60 inf=2.2s sim=3.6s total=7.8s
[octo-small@chunk4|PutSpoonOnTableClothInScene-v1|nominal] ep 15 success=False steps=60 inf=2.4s sim=3.6s total=8.1s
[octo-small@chunk4|PutSpoonOnTableClothInScene-v1|nominal] ep 16 success=False steps=60 inf=2.3s sim=3.4s total=7.8s
[octo-small@chunk4|PutSpoonOnTableClothInScene-v1|nominal] ep 17 success=False steps=60 inf=2.3s sim=2.9s total=7.1s
[octo-small@chunk4|PutSpoonOnTableClothInScene-v1|nominal] ep 18 success=False steps=60 inf=2.5s sim=3.4s total=7.9s
[octo-small@chunk4|PutSpoonOnTableClothInScene-v1|nominal] ep 19 success=False steps=60 inf=2.2s sim=3.3s total=7.5s
[octo-small@chunk4|PutSpoonOnTableClothInScene-v1|nominal] ep 20 success=False steps=60 inf=2.3s sim=3.1s total=7.6s
[octo-small@chunk4|PutSpoonOnTableClothInScene-v1|nominal] ep 21 success=False steps=60 inf=2.4s sim=3.6s total=8.0s
[octo-small@chunk4|PutSpoonOnTableClothInScene-v1|nominal] ep 22 success=False steps=60 inf=2.3s sim=3.8s total=8.2s
[octo-small@chunk4|PutSpoonOnTableClothInScene-v1|nominal] ep 23 success=False steps=60 inf=2.6s sim=4.0s total=8.8s
== nominal: 2/24 success
[33;1m2026-09-18 20:08:14,819 - mani_skill  - WARNING - Mimic targets dictionary is missing for controller config for widowx250s_bridgedataset_flat_table. Assuming the first joint is the control joint and the second joint is the mimic joint[0m
[33;1m2026-09-18 20:08:14,831 - mani_skill  - WARNING - No initial pose set for actor builder of bridge_spoon_generated_modified, setting to default pose q=[1,0,0,0], p=[0,0,0]. Not setting reasonable initial poses may slow down simulation, see https://github.com/haosulab/ManiSkill/issues/421.[0m
[33;1m2026-09-18 20:08:14,834 - mani_skill  - WARNING - No initial pose set for actor builder of table_cloth_generated_shorter, setting to default pose q=[1,0,0,0], p=[0,0,0]. Not setting reasonable initial poses may slow down simulation, see https://github.com/haosulab/ManiSkill/issues/421.[0m
[octo-small@chunk4|PutSpoonOnTableClothInScene-v1|iso_x0.25] ep 0 success=False steps=60 inf=2.3s sim=3.7s total=8.0s
[octo-small@chunk4|PutSpoonOnTableClothInScene-v1|iso_x0.25] ep 1 success=False steps=60 inf=2.8s sim=3.9s total=8.8s
[octo-small@chunk4|PutSpoonOnTableClothInScene-v1|iso_x0.25] ep 2 success=False steps=60 inf=2.8s sim=3.8s total=8.9s
[octo-small@chunk4|PutSpoonOnTableClothInScene-v1|iso_x0.25] ep 3 success=False steps=60 inf=2.9s sim=3.9s total=9.0s
[octo-small@chunk4|PutSpoonOnTableClothInScene-v1|iso_x0.25] ep 4 success=False steps=60 inf=2.5s sim=3.4s total=8.2s
[octo-small@chunk4|PutSpoonOnTableClothInScene-v1|iso_x0.25] ep 5 success=False steps=60 inf=2.5s sim=4.2s total=8.8s
[octo-small@chunk4|PutSpoonOnTableClothInScene-v1|iso_x0.25] ep 6 success=False steps=60 inf=2.3s sim=3.3s total=7.8s
[octo-small@chunk4|PutSpoonOnTableClothInScene-v1|iso_x0.25] ep 7 success=False steps=60 inf=2.4s sim=4.0s total=8.3s
[octo-small@chunk4|PutSpoonOnTableClothInScene-v1|iso_x0.25] ep 8 success=True steps=60 inf=2.7s sim=3.6s total=8.5s
[octo-small@chunk4|PutSpoonOnTableClothInScene-v1|iso_x0.25] ep 9 success=False steps=60 inf=2.5s sim=3.9s total=8.3s
[octo-small@chunk4|PutSpoonOnTableClothInScene-v1|iso_x0.25] ep 10 success=False steps=60 inf=2.4s sim=3.5s total=8.1s
[octo-small@chunk4|PutSpoonOnTableClothInScene-v1|iso_x0.25] ep 11 success=False steps=60 inf=2.4s sim=3.7s total=8.0s
[octo-small@chunk4|PutSpoonOnTableClothInScene-v1|iso_x0.25] ep 12 success=True steps=60 inf=2.3s sim=3.8s total=8.1s
[octo-small@chunk4|PutSpoonOnTableClothInScene-v1|iso_x0.25] ep 13 success=False steps=60 inf=2.6s sim=4.4s total=9.2s
[octo-small@chunk4|PutSpoonOnTableClothInScene-v1|iso_x0.25] ep 14 success=False steps=60 inf=2.5s sim=3.8s total=8.5s
[octo-small@chunk4|PutSpoonOnTableClothInScene-v1|iso_x0.25] ep 15 success=False steps=60 inf=2.6s sim=3.8s total=8.5s
[octo-small@chunk4|PutSpoonOnTableClothInScene-v1|iso_x0.25] ep 16 success=False steps=60 inf=2.6s sim=3.9s total=8.5s
[octo-small@chunk4|PutSpoonOnTableClothInScene-v1|iso_x0.25] ep 17 success=False steps=60 inf=2.5s sim=3.1s total=7.7s
[octo-small@chunk4|PutSpoonOnTableClothInScene-v1|iso_x0.25] ep 18 success=False steps=60 inf=2.1s sim=3.4s total=7.5s
[octo-small@chunk4|PutSpoonOnTableClothInScene-v1|iso_x0.25] ep 19 success=False steps=60 inf=2.2s sim=3.6s total=7.8s
[octo-small@chunk4|PutSpoonOnTableClothInScene-v1|iso_x0.25] ep 20 success=False steps=60 inf=2.4s sim=3.3s total=7.8s
[octo-small@chunk4|PutSpoonOnTableClothInScene-v1|iso_x0.25] ep 21 success=False steps=60 inf=2.8s sim=3.5s total=8.3s
[octo-small@chunk4|PutSpoonOnTableClothInScene-v1|iso_x0.25] ep 22 success=False steps=60 inf=2.5s sim=3.7s total=8.2s
[octo-small@chunk4|PutSpoonOnTableClothInScene-v1|iso_x0.25] ep 23 success=False steps=60 inf=2.4s sim=3.6s total=8.0s
== iso_x0.25: 2/24 success
[33;1m2026-09-18 20:11:34,226 - mani_skill  - WARNING - Mimic targets dictionary is missing for controller config for widowx250s_bridgedataset_flat_table. Assuming the first joint is the control joint and the second joint is the mimic joint[0m
[33;1m2026-09-18 20:11:34,236 - mani_skill  - WARNING - No initial pose set for actor builder of bridge_spoon_generated_modified, setting to default pose q=[1,0,0,0], p=[0,0,0]. Not setting reasonable initial poses may slow down simulation, see https://github.com/haosulab/ManiSkill/issues/421.[0m
[33;1m2026-09-18 20:11:34,239 - mani_skill  - WARNING - No initial pose set for actor builder of table_cloth_generated_shorter, setting to default pose q=[1,0,0,0], p=[0,0,0]. Not setting reasonable initial poses may slow down simulation, see https://github.com/haosulab/ManiSkill/issues/421.[0m
[octo-small@chunk4|PutSpoonOnTableClothInScene-v1|iso_x4.0] ep 0 success=True steps=60 inf=2.4s sim=2.7s total=7.0s
[octo-small@chunk4|PutSpoonOnTableClothInScene-v1|iso_x4.0] ep 1 success=False steps=60 inf=2.3s sim=3.9s total=8.2s
[octo-small@chunk4|PutSpoonOnTableClothInScene-v1|iso_x4.0] ep 2 success=False steps=60 inf=2.7s sim=3.6s total=8.5s
[octo-small@chunk4|PutSpoonOnTableClothInScene-v1|iso_x4.0] ep 3 success=False steps=60 inf=2.5s sim=3.4s total=7.9s
[octo-small@chunk4|PutSpoonOnTableClothInScene-v1|iso_x4.0] ep 4 success=False steps=60 inf=2.5s sim=3.1s total=7.7s
[octo-small@chunk4|PutSpoonOnTableClothInScene-v1|iso_x4.0] ep 5 success=False steps=60 inf=2.5s sim=4.3s total=8.9s
[octo-small@chunk4|PutSpoonOnTableClothInScene-v1|iso_x4.0] ep 6 success=False steps=60 inf=2.3s sim=2.5s total=6.8s
[octo-small@chunk4|PutSpoonOnTableClothInScene-v1|iso_x4.0] ep 7 success=False steps=60 inf=2.8s sim=2.8s total=7.7s
[octo-small@chunk4|PutSpoonOnTableClothInScene-v1|iso_x4.0] ep 8 success=True steps=60 inf=2.4s sim=2.9s total=7.3s
[octo-small@chunk4|PutSpoonOnTableClothInScene-v1|iso_x4.0] ep 9 success=False steps=60 inf=2.4s sim=3.1s total=7.5s
[octo-small@chunk4|PutSpoonOnTableClothInScene-v1|iso_x4.0] ep 10 success=False steps=60 inf=2.3s sim=2.7s total=7.0s
[octo-small@chunk4|PutSpoonOnTableClothInScene-v1|iso_x4.0] ep 11 success=False steps=60 inf=2.4s sim=3.1s total=7.5s
[octo-small@chunk4|PutSpoonOnTableClothInScene-v1|iso_x4.0] ep 12 success=False steps=60 inf=2.4s sim=2.8s total=6.9s
[octo-small@chunk4|PutSpoonOnTableClothInScene-v1|iso_x4.0] ep 13 success=False steps=60 inf=2.5s sim=3.0s total=7.4s
[octo-small@chunk4|PutSpoonOnTableClothInScene-v1|iso_x4.0] ep 14 success=False steps=60 inf=2.5s sim=2.9s total=7.4s
[octo-small@chunk4|PutSpoonOnTableClothInScene-v1|iso_x4.0] ep 15 success=False steps=60 inf=2.5s sim=3.0s total=7.6s
[octo-small@chunk4|PutSpoonOnTableClothInScene-v1|iso_x4.0] ep 16 success=False steps=60 inf=2.5s sim=2.8s total=7.3s
[octo-small@chunk4|PutSpoonOnTableClothInScene-v1|iso_x4.0] ep 17 success=False steps=60 inf=2.4s sim=2.6s total=7.1s
[octo-small@chunk4|PutSpoonOnTableClothInScene-v1|iso_x4.0] ep 18 success=False steps=60 inf=2.5s sim=2.7s total=7.2s
[octo-small@chunk4|PutSpoonOnTableClothInScene-v1|iso_x4.0] ep 19 success=False steps=60 inf=2.3s sim=2.7s total=7.0s
[octo-small@chunk4|PutSpoonOnTableClothInScene-v1|iso_x4.0] ep 20 success=False steps=60 inf=2.3s sim=2.6s total=6.8s
[octo-small@chunk4|PutSpoonOnTableClothInScene-v1|iso_x4.0] ep 21 success=False steps=60 inf=2.4s sim=3.1s total=7.4s
[octo-small@chunk4|PutSpoonOnTableClothInScene-v1|iso_x4.0] ep 22 success=False steps=60 inf=2.6s sim=2.7s total=7.4s
[octo-small@chunk4|PutSpoonOnTableClothInScene-v1|iso_x4.0] ep 23 success=False steps=60 inf=2.1s sim=2.8s total=6.7s
== iso_x4.0: 2/24 success
[33;1m2026-09-18 20:14:33,003 - mani_skill  - WARNING - Mimic targets dictionary is missing for controller config for widowx250s_bridgedataset_flat_table. Assuming the first joint is the control joint and the second joint is the mimic joint[0m
[33;1m2026-09-18 20:14:33,007 - mani_skill  - WARNING - No initial pose set for actor builder of bridge_spoon_generated_modified, setting to default pose q=[1,0,0,0], p=[0,0,0]. Not setting reasonable initial poses may slow down simulation, see https://github.com/haosulab/ManiSkill/issues/421.[0m
[33;1m2026-09-18 20:14:33,008 - mani_skill  - WARNING - No initial pose set for actor builder of table_cloth_generated_shorter, setting to default pose q=[1,0,0,0], p=[0,0,0]. Not setting reasonable initial poses may slow down simulation, see https://github.com/haosulab/ManiSkill/issues/421.[0m
[octo-small@chunk4|PutSpoonOnTableClothInScene-v1|force_x0.5] ep 0 success=False steps=60 inf=2.1s sim=2.4s total=6.2s
[octo-small@chunk4|PutSpoonOnTableClothInScene-v1|force_x0.5] ep 1 success=False steps=60 inf=2.2s sim=2.6s total=6.6s
[octo-small@chunk4|PutSpoonOnTableClothInScene-v1|force_x0.5] ep 2 success=False steps=60 inf=2.1s sim=2.9s total=6.9s
[octo-small@chunk4|PutSpoonOnTableClothInScene-v1|force_x0.5] ep 3 success=False steps=60 inf=2.2s sim=2.7s total=6.7s
[octo-small@chunk4|PutSpoonOnTableClothInScene-v1|force_x0.5] ep 4 success=False steps=60 inf=2.1s sim=2.4s total=6.3s
[octo-small@chunk4|PutSpoonOnTableClothInScene-v1|force_x0.5] ep 5 success=False steps=60 inf=2.5s sim=3.2s total=7.5s
[octo-small@chunk4|PutSpoonOnTableClothInScene-v1|force_x0.5] ep 6 success=False steps=60 inf=2.6s sim=2.7s total=7.4s
[octo-small@chunk4|PutSpoonOnTableClothInScene-v1|force_x0.5] ep 7 success=False steps=60 inf=2.3s sim=2.6s total=6.9s
[octo-small@chunk4|PutSpoonOnTableClothInScene-v1|force_x0.5] ep 8 success=True steps=60 inf=2.5s sim=2.6s total=7.0s
[octo-small@chunk4|PutSpoonOnTableClothInScene-v1|force_x0.5] ep 9 success=False steps=60 inf=2.3s sim=3.0s total=7.3s
[octo-small@chunk4|PutSpoonOnTableClothInScene-v1|force_x0.5] ep 10 success=True steps=60 inf=2.5s sim=3.0s total=7.5s
[octo-small@chunk4|PutSpoonOnTableClothInScene-v1|force_x0.5] ep 11 success=False steps=60 inf=2.6s sim=3.3s total=7.9s
[octo-small@chunk4|PutSpoonOnTableClothInScene-v1|force_x0.5] ep 12 success=False steps=60 inf=2.6s sim=3.8s total=8.6s
[octo-small@chunk4|PutSpoonOnTableClothInScene-v1|force_x0.5] ep 13 success=False steps=60 inf=2.5s sim=4.3s total=8.8s
[octo-small@chunk4|PutSpoonOnTableClothInScene-v1|force_x0.5] ep 14 success=False steps=60 inf=2.1s sim=3.5s total=7.7s
[octo-small@chunk4|PutSpoonOnTableClothInScene-v1|force_x0.5] ep 15 success=False steps=60 inf=2.4s sim=3.9s total=8.4s
[octo-small@chunk4|PutSpoonOnTableClothInScene-v1|force_x0.5] ep 16 success=False steps=60 inf=2.4s sim=3.7s total=8.2s
[octo-small@chunk4|PutSpoonOnTableClothInScene-v1|force_x0.5] ep 17 success=False steps=60 inf=2.4s sim=2.9s total=7.3s
[octo-small@chunk4|PutSpoonOnTableClothInScene-v1|force_x0.5] ep 18 success=False steps=60 inf=2.4s sim=3.3s total=7.8s
[octo-small@chunk4|PutSpoonOnTableClothInScene-v1|force_x0.5] ep 19 success=False steps=60 inf=2.4s sim=2.8s total=7.2s
[octo-small@chunk4|PutSpoonOnTableClothInScene-v1|force_x0.5] ep 20 success=False steps=60 inf=2.7s sim=2.7s total=7.3s
[octo-small@chunk4|PutSpoonOnTableClothInScene-v1|force_x0.5] ep 21 success=False steps=60 inf=2.5s sim=3.3s total=7.8s
[octo-small@chunk4|PutSpoonOnTableClothInScene-v1|force_x0.5] ep 22 success=False steps=60 inf=2.6s sim=2.9s total=7.7s
[octo-small@chunk4|PutSpoonOnTableClothInScene-v1|force_x0.5] ep 23 success=False steps=60 inf=2.5s sim=3.3s total=7.9s
== force_x0.5: 2/24 success
[33;1m2026-09-18 20:17:32,624 - mani_skill  - WARNING - Mimic targets dictionary is missing for controller config for widowx250s_bridgedataset_flat_table. Assuming the first joint is the control joint and the second joint is the mimic joint[0m
[33;1m2026-09-18 20:17:32,632 - mani_skill  - WARNING - No initial pose set for actor builder of bridge_spoon_generated_modified, setting to default pose q=[1,0,0,0], p=[0,0,0]. Not setting reasonable initial poses may slow down simulation, see https://github.com/haosulab/ManiSkill/issues/421.[0m
[33;1m2026-09-18 20:17:32,635 - mani_skill  - WARNING - No initial pose set for actor builder of table_cloth_generated_shorter, setting to default pose q=[1,0,0,0], p=[0,0,0]. Not setting reasonable initial poses may slow down simulation, see https://github.com/haosulab/ManiSkill/issues/421.[0m
[octo-small@chunk4|PutSpoonOnTableClothInScene-v1|fric_x0.4] ep 0 success=False steps=60 inf=2.4s sim=3.1s total=7.6s
[octo-small@chunk4|PutSpoonOnTableClothInScene-v1|fric_x0.4] ep 1 success=False steps=60 inf=2.4s sim=3.5s total=8.0s
[octo-small@chunk4|PutSpoonOnTableClothInScene-v1|fric_x0.4] ep 2 success=False steps=60 inf=2.4s sim=4.0s total=8.7s
[octo-small@chunk4|PutSpoonOnTableClothInScene-v1|fric_x0.4] ep 3 success=False steps=60 inf=2.3s sim=3.9s total=8.2s
[octo-small@chunk4|PutSpoonOnTableClothInScene-v1|fric_x0.4] ep 4 success=False steps=60 inf=2.6s sim=4.2s total=8.9s
[octo-small@chunk4|PutSpoonOnTableClothInScene-v1|fric_x0.4] ep 5 success=False steps=60 inf=2.4s sim=3.7s total=8.2s
[octo-small@chunk4|PutSpoonOnTableClothInScene-v1|fric_x0.4] ep 6 success=False steps=60 inf=2.4s sim=2.8s total=7.2s
[octo-small@chunk4|PutSpoonOnTableClothInScene-v1|fric_x0.4] ep 7 success=False steps=60 inf=2.9s sim=4.0s total=9.0s
[octo-small@chunk4|PutSpoonOnTableClothInScene-v1|fric_x0.4] ep 8 success=False steps=60 inf=2.5s sim=3.1s total=7.6s
[octo-small@chunk4|PutSpoonOnTableClothInScene-v1|fric_x0.4] ep 9 success=False steps=60 inf=2.5s sim=3.6s total=7.8s
[octo-small@chunk4|PutSpoonOnTableClothInScene-v1|fric_x0.4] ep 10 success=False steps=60 inf=2.5s sim=3.4s total=7.9s
[octo-small@chunk4|PutSpoonOnTableClothInScene-v1|fric_x0.4] ep 11 success=False steps=60 inf=2.3s sim=3.5s total=7.8s
[octo-small@chunk4|PutSpoonOnTableClothInScene-v1|fric_x0.4] ep 12 success=False steps=60 inf=2.4s sim=3.5s total=7.8s
[octo-small@chunk4|PutSpoonOnTableClothInScene-v1|fric_x0.4] ep 13 success=True steps=60 inf=2.3s sim=4.0s total=8.3s
[octo-small@chunk4|PutSpoonOnTableClothInScene-v1|fric_x0.4] ep 14 success=False steps=60 inf=2.3s sim=3.6s total=8.0s
[octo-small@chunk4|PutSpoonOnTableClothInScene-v1|fric_x0.4] ep 15 success=False steps=60 inf=2.5s sim=3.7s total=8.4s
[octo-small@chunk4|PutSpoonOnTableClothInScene-v1|fric_x0.4] ep 16 success=False steps=60 inf=2.4s sim=3.4s total=8.1s
[octo-small@chunk4|PutSpoonOnTableClothInScene-v1|fric_x0.4] ep 17 success=False steps=60 inf=2.4s sim=3.4s total=8.0s
[octo-small@chunk4|PutSpoonOnTableClothInScene-v1|fric_x0.4] ep 18 success=False steps=60 inf=2.4s sim=3.2s total=7.7s
[octo-small@chunk4|PutSpoonOnTableClothInScene-v1|fric_x0.4] ep 19 success=False steps=60 inf=2.4s sim=3.2s total=7.8s
[octo-small@chunk4|PutSpoonOnTableClothInScene-v1|fric_x0.4] ep 20 success=False steps=60 inf=2.6s sim=3.2s total=7.9s
[octo-small@chunk4|PutSpoonOnTableClothInScene-v1|fric_x0.4] ep 21 success=False steps=60 inf=2.3s sim=3.7s total=8.1s
[octo-small@chunk4|PutSpoonOnTableClothInScene-v1|fric_x0.4] ep 22 success=False steps=60 inf=2.6s sim=3.6s total=8.1s
[octo-small@chunk4|PutSpoonOnTableClothInScene-v1|fric_x0.4] ep 23 success=False steps=60 inf=2.4s sim=3.9s total=8.4s
== fric_x0.4: 1/24 success
[33;1m2026-09-18 20:20:46,680 - mani_skill  - WARNING - Mimic targets dictionary is missing for controller config for widowx250s_bridgedataset_flat_table. Assuming the first joint is the control joint and the second joint is the mimic joint[0m
[33;1m2026-09-18 20:20:46,684 - mani_skill  - WARNING - No initial pose set for actor builder of bridge_spoon_generated_modified, setting to default pose q=[1,0,0,0], p=[0,0,0]. Not setting reasonable initial poses may slow down simulation, see https://github.com/haosulab/ManiSkill/issues/421.[0m
[33;1m2026-09-18 20:20:46,685 - mani_skill  - WARNING - No initial pose set for actor builder of table_cloth_generated_shorter, setting to default pose q=[1,0,0,0], p=[0,0,0]. Not setting reasonable initial poses may slow down simulation, see https://github.com/haosulab/ManiSkill/issues/421.[0m
[octo-small@chunk4|PutSpoonOnTableClothInScene-v1|dens_x0.5] ep 0 success=True steps=60 inf=2.6s sim=3.5s total=8.1s
[octo-small@chunk4|PutSpoonOnTableClothInScene-v1|dens_x0.5] ep 1 success=False steps=60 inf=2.5s sim=3.5s total=7.9s
[octo-small@chunk4|PutSpoonOnTableClothInScene-v1|dens_x0.5] ep 2 success=False steps=60 inf=2.5s sim=3.5s total=8.0s
[octo-small@chunk4|PutSpoonOnTableClothInScene-v1|dens_x0.5] ep 3 success=False steps=60 inf=2.2s sim=3.8s total=8.1s
[octo-small@chunk4|PutSpoonOnTableClothInScene-v1|dens_x0.5] ep 4 success=False steps=60 inf=2.3s sim=3.4s total=7.7s
[octo-small@chunk4|PutSpoonOnTableClothInScene-v1|dens_x0.5] ep 5 success=False steps=60 inf=2.7s sim=4.5s total=9.2s
[octo-small@chunk4|PutSpoonOnTableClothInScene-v1|dens_x0.5] ep 6 success=False steps=60 inf=2.3s sim=3.2s total=7.3s
[octo-small@chunk4|PutSpoonOnTableClothInScene-v1|dens_x0.5] ep 7 success=False steps=60 inf=2.4s sim=3.6s total=8.0s
[octo-small@chunk4|PutSpoonOnTableClothInScene-v1|dens_x0.5] ep 8 success=True steps=60 inf=2.4s sim=3.0s total=7.6s
[octo-small@chunk4|PutSpoonOnTableClothInScene-v1|dens_x0.5] ep 9 success=False steps=60 inf=2.1s sim=3.9s total=7.9s
[octo-small@chunk4|PutSpoonOnTableClothInScene-v1|dens_x0.5] ep 10 success=False steps=60 inf=2.2s sim=3.1s total=7.4s
[octo-small@chunk4|PutSpoonOnTableClothInScene-v1|dens_x0.5] ep 11 success=False steps=60 inf=2.3s sim=2.9s total=7.2s
[octo-small@chunk4|PutSpoonOnTableClothInScene-v1|dens_x0.5] ep 12 success=False steps=60 inf=2.4s sim=2.7s total=7.1s
[octo-small@chunk4|PutSpoonOnTableClothInScene-v1|dens_x0.5] ep 13 success=False steps=60 inf=2.8s sim=3.1s total=7.9s
[octo-small@chunk4|PutSpoonOnTableClothInScene-v1|dens_x0.5] ep 14 success=False steps=60 inf=2.4s sim=2.8s total=7.1s
[octo-small@chunk4|PutSpoonOnTableClothInScene-v1|dens_x0.5] ep 15 success=False steps=60 inf=2.5s sim=2.4s total=7.1s
[octo-small@chunk4|PutSpoonOnTableClothInScene-v1|dens_x0.5] ep 16 success=False steps=60 inf=2.5s sim=2.5s total=7.0s
[octo-small@chunk4|PutSpoonOnTableClothInScene-v1|dens_x0.5] ep 17 success=False steps=60 inf=2.4s sim=2.4s total=6.8s
[octo-small@chunk4|PutSpoonOnTableClothInScene-v1|dens_x0.5] ep 18 success=False steps=60 inf=2.5s sim=3.4s total=8.0s
[octo-small@chunk4|PutSpoonOnTableClothInScene-v1|dens_x0.5] ep 19 success=False steps=60 inf=2.3s sim=3.5s total=7.9s
[octo-small@chunk4|PutSpoonOnTableClothInScene-v1|dens_x0.5] ep 20 success=False steps=60 inf=2.8s sim=3.1s total=8.0s
[octo-small@chunk4|PutSpoonOnTableClothInScene-v1|dens_x0.5] ep 21 success=False steps=60 inf=2.7s sim=3.0s total=7.7s
[octo-small@chunk4|PutSpoonOnTableClothInScene-v1|dens_x0.5] ep 22 success=False steps=60 inf=2.6s sim=2.7s total=7.2s
[octo-small@chunk4|PutSpoonOnTableClothInScene-v1|dens_x0.5] ep 23 success=False steps=60 inf=2.4s sim=2.8s total=7.2s
== dens_x0.5: 2/24 success
