[octo-base|PutCarrotOnPlateInScene-v1|nominal] ep 24 success=True steps=60 inf=13.9s sim=2.1s total=18.1s
[octo-base|PutCarrotOnPlateInScene-v1|nominal] ep 25 success=False steps=60 inf=13.8s sim=2.2s total=17.8s
[octo-base|PutCarrotOnPlateInScene-v1|nominal] ep 26 success=False steps=60 inf=14.4s sim=1.9s total=18.2s
[octo-base|PutCarrotOnPlateInScene-v1|nominal] ep 27 success=False steps=60 inf=13.3s sim=2.2s total=17.6s
[octo-base|PutCarrotOnPlateInScene-v1|nominal] ep 28 success=False steps=60 inf=14.2s sim=1.9s total=17.9s
[octo-base|PutCarrotOnPlateInScene-v1|nominal] ep 29 success=False steps=60 inf=13.7s sim=2.2s total=17.8s
[octo-base|PutCarrotOnPlateInScene-v1|nominal] ep 30 success=True steps=60 inf=14.3s sim=2.2s total=18.2s
[octo-base|PutCarrotOnPlateInScene-v1|nominal] ep 31 success=False steps=60 inf=13.8s sim=2.2s total=17.8s
[octo-base|PutCarrotOnPlateInScene-v1|nominal] ep 32 success=False steps=60 inf=13.9s sim=1.9s total=17.7s
[octo-base|PutCarrotOnPlateInScene-v1|nominal] ep 33 success=False steps=60 inf=13.5s sim=2.3s total=17.8s
[octo-base|PutCarrotOnPlateInScene-v1|nominal] ep 34 success=False steps=60 inf=13.8s sim=2.0s total=17.8s
[octo-base|PutCarrotOnPlateInScene-v1|nominal] ep 35 success=False steps=60 inf=14.3s sim=2.2s total=18.5s
[octo-base|PutCarrotOnPlateInScene-v1|nominal] ep 36 success=False steps=60 inf=13.4s sim=1.9s total=17.4s
[octo-base|PutCarrotOnPlateInScene-v1|nominal] ep 37 success=False steps=60 inf=13.5s sim=2.3s total=17.6s
[octo-base|PutCarrotOnPlateInScene-v1|nominal] ep 38 success=True steps=60 inf=13.6s sim=2.2s total=17.9s
[octo-base|PutCarrotOnPlateInScene-v1|nominal] ep 39 success=False steps=60 inf=13.2s sim=2.1s total=17.3s
[octo-base|PutCarrotOnPlateInScene-v1|nominal] ep 40 success=True steps=60 inf=14.2s sim=2.1s total=18.2s
[octo-base|PutCarrotOnPlateInScene-v1|nominal] ep 41 success=False steps=60 inf=13.6s sim=2.2s total=18.1s
[octo-base|PutCarrotOnPlateInScene-v1|nominal] ep 42 success=False steps=60 inf=13.6s sim=2.1s total=17.5s
[octo-base|PutCarrotOnPlateInScene-v1|nominal] ep 43 success=False steps=60 inf=13.5s sim=2.0s total=17.4s
[octo-base|PutCarrotOnPlateInScene-v1|nominal] ep 44 success=False steps=60 inf=13.8s sim=2.3s total=18.1s
[octo-base|PutCarrotOnPlateInScene-v1|nominal] ep 45 success=False steps=60 inf=13.1s sim=2.3s total=17.4s
[octo-base|PutCarrotOnPlateInScene-v1|nominal] ep 46 success=True steps=60 inf=13.6s sim=2.0s total=17.5s
[octo-base|PutCarrotOnPlateInScene-v1|nominal] ep 47 success=False steps=60 inf=13.7s sim=2.1s total=17.7s
== nominal: 7/48 success
[octo-base|PutCarrotOnPlateInScene-v1|stiff_x0.5] ep 24 success=False steps=60 inf=14.0s sim=1.9s total=17.7s
[octo-base|PutCarrotOnPlateInScene-v1|stiff_x0.5] ep 25 success=False steps=60 inf=13.9s sim=2.0s total=17.8s
[octo-base|PutCarrotOnPlateInScene-v1|stiff_x0.5] ep 26 success=False steps=60 inf=13.3s sim=2.1s total=17.2s
[octo-base|PutCarrotOnPlateInScene-v1|stiff_x0.5] ep 27 success=False steps=60 inf=14.3s sim=2.3s total=18.6s
[octo-base|PutCarrotOnPlateInScene-v1|stiff_x0.5] ep 28 success=False steps=60 inf=14.4s sim=2.0s total=18.4s
[octo-base|PutCarrotOnPlateInScene-v1|stiff_x0.5] ep 29 success=False steps=60 inf=14.2s sim=2.4s total=18.7s
[octo-base|PutCarrotOnPlateInScene-v1|stiff_x0.5] ep 30 success=True steps=60 inf=14.4s sim=2.0s total=18.2s
[octo-base|PutCarrotOnPlateInScene-v1|stiff_x0.5] ep 31 success=False steps=60 inf=13.8s sim=2.1s total=17.8s
[octo-base|PutCarrotOnPlateInScene-v1|stiff_x0.5] ep 32 success=False steps=60 inf=13.9s sim=1.8s total=17.8s
[octo-base|PutCarrotOnPlateInScene-v1|stiff_x0.5] ep 33 success=False steps=60 inf=13.6s sim=2.2s total=17.9s
[octo-base|PutCarrotOnPlateInScene-v1|stiff_x0.5] ep 34 success=False steps=60 inf=14.3s sim=1.9s total=18.1s
[octo-base|PutCarrotOnPlateInScene-v1|stiff_x0.5] ep 35 success=True steps=60 inf=14.1s sim=2.0s total=18.0s
[octo-base|PutCarrotOnPlateInScene-v1|stiff_x0.5] ep 36 success=False steps=60 inf=13.8s sim=2.1s total=17.8s
[octo-base|PutCarrotOnPlateInScene-v1|stiff_x0.5] ep 37 success=False steps=60 inf=13.8s sim=2.2s total=17.8s
[octo-base|PutCarrotOnPlateInScene-v1|stiff_x0.5] ep 38 success=True steps=60 inf=14.0s sim=2.1s total=17.9s
[octo-base|PutCarrotOnPlateInScene-v1|stiff_x0.5] ep 39 success=False steps=60 inf=14.1s sim=2.0s total=18.0s
[octo-base|PutCarrotOnPlateInScene-v1|stiff_x0.5] ep 40 success=True steps=60 inf=13.9s sim=2.0s total=17.7s
[octo-base|PutCarrotOnPlateInScene-v1|stiff_x0.5] ep 41 success=False steps=60 inf=13.8s sim=2.1s total=17.9s
[octo-base|PutCarrotOnPlateInScene-v1|stiff_x0.5] ep 42 success=False steps=60 inf=14.1s sim=1.9s total=17.8s
[octo-base|PutCarrotOnPlateInScene-v1|stiff_x0.5] ep 43 success=False steps=60 inf=13.6s sim=2.2s total=17.8s
[octo-base|PutCarrotOnPlateInScene-v1|stiff_x0.5] ep 44 success=False steps=60 inf=14.2s sim=2.1s total=18.1s
[octo-base|PutCarrotOnPlateInScene-v1|stiff_x0.5] ep 45 success=False steps=60 inf=13.9s sim=2.0s total=17.9s
[octo-base|PutCarrotOnPlateInScene-v1|stiff_x0.5] ep 46 success=False steps=60 inf=14.3s sim=2.0s total=18.3s
[octo-base|PutCarrotOnPlateInScene-v1|stiff_x0.5] ep 47 success=False steps=60 inf=13.6s sim=2.1s total=17.8s
== stiff_x0.5: 7/48 success
[octo-base|PutCarrotOnPlateInScene-v1|stiff_x2.0] ep 24 success=False steps=60 inf=14.8s sim=1.9s total=18.6s
[octo-base|PutCarrotOnPlateInScene-v1|stiff_x2.0] ep 25 success=False steps=60 inf=13.6s sim=2.2s total=17.7s
[octo-base|PutCarrotOnPlateInScene-v1|stiff_x2.0] ep 26 success=False steps=60 inf=14.3s sim=1.9s total=18.1s
[octo-base|PutCarrotOnPlateInScene-v1|stiff_x2.0] ep 27 success=False steps=60 inf=13.8s sim=2.2s total=17.8s
[octo-base|PutCarrotOnPlateInScene-v1|stiff_x2.0] ep 28 success=False steps=60 inf=14.4s sim=1.9s total=18.2s
[octo-base|PutCarrotOnPlateInScene-v1|stiff_x2.0] ep 29 success=True steps=60 inf=13.7s sim=2.6s total=18.3s
[octo-base|PutCarrotOnPlateInScene-v1|stiff_x2.0] ep 30 success=True steps=60 inf=14.6s sim=2.3s total=18.3s
[octo-base|PutCarrotOnPlateInScene-v1|stiff_x2.0] ep 31 success=False steps=60 inf=14.0s sim=2.2s total=18.5s
[octo-base|PutCarrotOnPlateInScene-v1|stiff_x2.0] ep 32 success=False steps=60 inf=14.8s sim=1.9s total=18.7s
[octo-base|PutCarrotOnPlateInScene-v1|stiff_x2.0] ep 33 success=False steps=60 inf=13.9s sim=2.3s total=18.4s
[octo-base|PutCarrotOnPlateInScene-v1|stiff_x2.0] ep 34 success=False steps=60 inf=14.5s sim=2.4s total=18.7s
[octo-base|PutCarrotOnPlateInScene-v1|stiff_x2.0] ep 35 success=False steps=60 inf=14.3s sim=2.3s total=18.5s
[octo-base|PutCarrotOnPlateInScene-v1|stiff_x2.0] ep 36 success=False steps=60 inf=14.6s sim=2.3s total=18.8s
[octo-base|PutCarrotOnPlateInScene-v1|stiff_x2.0] ep 37 success=False steps=60 inf=14.8s sim=2.2s total=18.8s
[octo-base|PutCarrotOnPlateInScene-v1|stiff_x2.0] ep 38 success=True steps=60 inf=14.3s sim=2.4s total=18.9s
[octo-base|PutCarrotOnPlateInScene-v1|stiff_x2.0] ep 39 success=False steps=60 inf=13.5s sim=2.0s total=17.3s
[octo-base|PutCarrotOnPlateInScene-v1|stiff_x2.0] ep 40 success=True steps=60 inf=15.0s sim=2.4s total=19.4s
[octo-base|PutCarrotOnPlateInScene-v1|stiff_x2.0] ep 41 success=False steps=60 inf=15.2s sim=2.3s total=19.6s
[octo-base|PutCarrotOnPlateInScene-v1|stiff_x2.0] ep 42 success=False steps=60 inf=15.3s sim=2.5s total=19.7s
[octo-base|PutCarrotOnPlateInScene-v1|stiff_x2.0] ep 43 success=False steps=60 inf=14.3s sim=2.1s total=18.3s
[octo-base|PutCarrotOnPlateInScene-v1|stiff_x2.0] ep 44 success=False steps=60 inf=11.8s sim=2.0s total=15.5s
[octo-base|PutCarrotOnPlateInScene-v1|stiff_x2.0] ep 45 success=False steps=60 inf=11.5s sim=1.8s total=15.2s
[octo-base|PutCarrotOnPlateInScene-v1|stiff_x2.0] ep 46 success=True steps=60 inf=11.6s sim=1.8s total=15.2s
[octo-base|PutCarrotOnPlateInScene-v1|stiff_x2.0] ep 47 success=False steps=60 inf=13.4s sim=2.0s total=17.3s
== stiff_x2.0: 8/48 success
