07:40:46 status {"octo-small": {"main": false, "part1": false, "part2": false}, "octo-base": {"main": false, "part1": false, "part2": false}}
07:41:46 status {"octo-small": {"main": false, "part1": false, "part2": false}, "octo-base": {"main": false, "part1": false, "part2": false}}
07:42:46 status {"octo-small": {"main": false, "part1": false, "part2": false}, "octo-base": {"main": false, "part1": false, "part2": false}}
07:43:46 status {"octo-small": {"main": false, "part1": false, "part2": false}, "octo-base": {"main": false, "part1": false, "part2": false}}
07:44:46 status {"octo-small": {"main": false, "part1": false, "part2": false}, "octo-base": {"main": false, "part1": false, "part2": false}}
07:45:47 status {"octo-small": {"main": false, "part1": false, "part2": false}, "octo-base": {"main": false, "part1": false, "part2": false}}
07:46:47 status {"octo-small": {"main": false, "part1": false, "part2": false}, "octo-base": {"main": false, "part1": false, "part2": false}}
07:47:47 status {"octo-small": {"main": false, "part1": false, "part2": false}, "octo-base": {"main": false, "part1": false, "part2": false}}
07:48:47 status {"octo-small": {"main": false, "part1": false, "part2": false}, "octo-base": {"main": false, "part1": false, "part2": false}}
07:49:47 status {"octo-small": {"main": false, "part1": false, "part2": false}, "octo-base": {"main": false, "part1": false, "part2": false}}
07:50:47 status {"octo-small": {"main": false, "part1": false, "part2": false}, "octo-base": {"main": false, "part1": false, "part2": false}}
07:51:47 status {"octo-small": {"main": false, "part1": false, "part2": false}, "octo-base": {"main": false, "part1": false, "part2": false}}
07:52:47 status {"octo-small": {"main": false, "part1": false, "part2": false}, "octo-base": {"main": false, "part1": false, "part2": false}}
07:53:47 status {"octo-small": {"main": false, "part1": false, "part2": false}, "octo-base": {"main": false, "part1": false, "part2": false}}
07:54:47 status {"octo-small": {"main": false, "part1": false, "part2": false}, "octo-base": {"main": false, "part1": false, "part2": false}}
07:55:48 status {"octo-small": {"main": false, "part1": false, "part2": false}, "octo-base": {"main": false, "part1": false, "part2": false}}
07:56:48 status {"octo-small": {"main": true, "part1": false, "part2": false}, "octo-base": {"main": false, "part1": false, "part2": false}}
07:57:48 status {"octo-small": {"main": true, "part1": false, "part2": false}, "octo-base": {"main": false, "part1": false, "part2": false}}
07:58:48 launched part-2 extension for octo-small (pid 49580)
07:58:48 status {"octo-small": {"main": true, "part1": true, "part2": false}, "octo-base": {"main": false, "part1": false, "part2": false}}
07:59:48 status {"octo-small": {"main": true, "part1": true, "part2": false}, "octo-base": {"main": false, "part1": true, "part2": false}}
08:00:48 status {"octo-small": {"main": true, "part1": true, "part2": false}, "octo-base": {"main": false, "part1": true, "part2": false}}
08:01:48 launched part-2 extension for octo-base (pid 52776)
08:01:48 status {"octo-small": {"main": true, "part1": true, "part2": false}, "octo-base": {"main": true, "part1": true, "part2": false}}
08:02:48 status {"octo-small": {"main": true, "part1": true, "part2": false}, "octo-base": {"main": true, "part1": true, "part2": false}}
08:03:48 status {"octo-small": {"main": true, "part1": true, "part2": false}, "octo-base": {"main": true, "part1": true, "part2": false}}
08:04:48 status {"octo-small": {"main": true, "part1": true, "part2": false}, "octo-base": {"main": true, "part1": true, "part2": false}}
08:05:48 status {"octo-small": {"main": true, "part1": true, "part2": false}, "octo-base": {"main": true, "part1": true, "part2": false}}
08:06:48 status {"octo-small": {"main": true, "part1": true, "part2": false}, "octo-base": {"main": true, "part1": true, "part2": false}}
08:07:48 status {"octo-small": {"main": true, "part1": true, "part2": false}, "octo-base": {"main": true, "part1": true, "part2": false}}
08:08:48 status {"octo-small": {"main": true, "part1": true, "part2": false}, "octo-base": {"main": true, "part1": true, "part2": false}}
08:09:48 status {"octo-small": {"main": true, "part1": true, "part2": false}, "octo-base": {"main": true, "part1": true, "part2": false}}
08:10:48 status {"octo-small": {"main": true, "part1": true, "part2": false}, "octo-base": {"main": true, "part1": true, "part2": false}}
08:11:49 status {"octo-small": {"main": true, "part1": true, "part2": false}, "octo-base": {"main": true, "part1": true, "part2": false}}
08:12:49 status {"octo-small": {"main": true, "part1": true, "part2": false}, "octo-base": {"main": true, "part1": true, "part2": false}}
08:13:49 status {"octo-small": {"main": true, "part1": true, "part2": false}, "octo-base": {"main": true, "part1": true, "part2": false}}
08:14:49 status {"octo-small": {"main": true, "part1": true, "part2": false}, "octo-base": {"main": true, "part1": true, "part2": false}}
08:15:49 status {"octo-small": {"main": true, "part1": true, "part2": false}, "octo-base": {"main": true, "part1": true, "part2": false}}
08:16:49 status {"octo-small": {"main": true, "part1": true, "part2": false}, "octo-base": {"main": true, "part1": true, "part2": false}}
08:17:49 status {"octo-small": {"main": true, "part1": true, "part2": false}, "octo-base": {"main": true, "part1": true, "part2": false}}
08:18:49 status {"octo-small": {"main": true, "part1": true, "part2": false}, "octo-base": {"main": true, "part1": true, "part2": false}}
08:19:49 status {"octo-small": {"main": true, "part1": true, "part2": false}, "octo-base": {"main": true, "part1": true, "part2": false}}
08:20:49 status {"octo-small": {"main": true, "part1": true, "part2": false}, "octo-base": {"main": true, "part1": true, "part2": false}}
08:21:49 status {"octo-small": {"main": true, "part1": true, "part2": false}, "octo-base": {"main": true, "part1": true, "part2": false}}
08:22:49 status {"octo-small": {"main": true, "part1": true, "part2": false}, "octo-base": {"main": true, "part1": true, "part2": false}}
08:23:49 status {"octo-small": {"main": true, "part1": true, "part2": false}, "octo-base": {"main": true, "part1": true, "part2": false}}
08:24:49 status {"octo-small": {"main": true, "part1": true, "part2": false}, "octo-base": {"main": true, "part1": true, "part2": false}}
08:25:49 status {"octo-small": {"main": true, "part1": true, "part2": false}, "octo-base": {"main": true, "part1": true, "part2": false}}
08:26:50 status {"octo-small": {"main": true, "part1": true, "part2": false}, "octo-base": {"main": true, "part1": true, "part2": false}}
08:27:50 status {"octo-small": {"main": true, "part1": true, "part2": true}, "octo-base": {"main": true, "part1": true, "part2": false}}
08:27:50 part-2 extension octo-small exited rc=0
08:28:50 status {"octo-small": {"main": true, "part1": true, "part2": true}, "octo-base": {"main": true, "part1": true, "part2": false}}
08:28:50 part-2 extension octo-small exited rc=0
08:29:50 status {"octo-small": {"main": true, "part1": true, "part2": true}, "octo-base": {"main": true, "part1": true, "part2": false}}
08:29:50 part-2 extension octo-small exited rc=0
08:30:50 status {"octo-small": {"main": true, "part1": true, "part2": true}, "octo-base": {"main": true, "part1": true, "part2": false}}
08:30:50 part-2 extension octo-small exited rc=0
08:31:50 status {"octo-small": {"main": true, "part1": true, "part2": true}, "octo-base": {"main": true, "part1": true, "part2": true}}
08:31:50 part-2 extension octo-small exited rc=0
08:31:50 part-2 extension octo-base exited rc=0
08:31:50 all 48 episodes present for both policies; running analysis
08:31:51 analysis rc=0
08:31:51 ORCHESTRATE_DONE
