==== Sat 09/19/2026 21:57:01.17 restarted scheduler after busy_ports crash (queue_octo_union_conds) 
==== Sun 09/20/2026  0:30:57.87 restarted scheduler after busy_ports crash (queue_octo_union_conds) 
05:38:58 === octo_union_conds: 16 jobs
05:38:58 launched octo-small iso_x0.25 seed=20260918 on 8767
05:38:58 launched octo-base iso_x0.25 seed=20260918 on 8768
06:03:28 done rc=0 octo-small iso_x0.25 seed=20260918 on 8767
06:03:29 launched octo-small iso_x4.0 seed=20260918 on 8767
06:04:53 done rc=0 octo-base iso_x0.25 seed=20260918 on 8768
06:04:55 launched octo-base iso_x4.0 seed=20260918 on 8768
06:28:01 done rc=0 octo-small iso_x4.0 seed=20260918 on 8767
06:28:02 launched octo-small fric_x0.4 seed=20260918 on 8767
06:31:13 done rc=0 octo-base iso_x4.0 seed=20260918 on 8768
06:31:14 launched octo-base fric_x0.4 seed=20260918 on 8768
06:52:34 done rc=0 octo-small fric_x0.4 seed=20260918 on 8767
06:52:35 launched octo-small dens_x0.5 seed=20260918 on 8767
06:57:11 done rc=0 octo-base fric_x0.4 seed=20260918 on 8768
06:57:12 launched octo-base dens_x0.5 seed=20260918 on 8768
07:17:36 done rc=0 octo-small dens_x0.5 seed=20260918 on 8767
07:17:38 launched octo-small iso_x0.25 seed=20280101 on 8767
07:23:23 done rc=0 octo-base dens_x0.5 seed=20260918 on 8768
07:23:24 launched octo-base iso_x0.25 seed=20280101 on 8768
07:44:41 done rc=0 octo-small iso_x0.25 seed=20280101 on 8767
07:44:42 launched octo-small iso_x4.0 seed=20280101 on 8767
07:50:27 done rc=0 octo-base iso_x0.25 seed=20280101 on 8768
07:50:28 launched octo-base iso_x4.0 seed=20280101 on 8768
08:11:22 done rc=0 octo-small iso_x4.0 seed=20280101 on 8767
08:11:24 launched octo-small fric_x0.4 seed=20280101 on 8767
08:17:29 done rc=0 octo-base iso_x4.0 seed=20280101 on 8768
08:17:30 launched octo-base fric_x0.4 seed=20280101 on 8768
08:38:02 done rc=0 octo-small fric_x0.4 seed=20280101 on 8767
08:38:03 launched octo-small dens_x0.5 seed=20280101 on 8767
08:44:31 done rc=0 octo-base fric_x0.4 seed=20280101 on 8768
08:44:33 launched octo-base dens_x0.5 seed=20280101 on 8768
09:04:43 done rc=0 octo-small dens_x0.5 seed=20280101 on 8767
09:09:40 done rc=0 octo-base dens_x0.5 seed=20280101 on 8768
09:10:01 UNION_CONDS_DONE
