==== Sat 09/19/2026 20:53:43.84 restarted scheduler after busy_ports crash (queue_ms2_official_protocol) 
==== Sat 09/19/2026 21:57:01.18 restarted scheduler after busy_ports crash (queue_ms2_official_protocol) 
==== Sun 09/20/2026  0:30:57.89 restarted scheduler after busy_ports crash (queue_ms2_official_protocol) 
==== Sun 09/20/2026  7:37:25.47 restarted scheduler after busy_ports crash (queue_ms2_official_protocol) 
12:25:27 start octo-small widowx_put_eggplant_in_basket seed=0
12:25:27 start octo-base widowx_put_eggplant_in_basket seed=0
12:36:35 done rc=0 octo-small widowx_put_eggplant_in_basket seed=0
12:36:35 start octo-small widowx_put_eggplant_in_basket seed=2
12:37:02 done rc=0 octo-base widowx_put_eggplant_in_basket seed=0
12:37:02 start octo-base widowx_put_eggplant_in_basket seed=2
12:48:09 done rc=0 octo-small widowx_put_eggplant_in_basket seed=2
12:48:09 start octo-small widowx_put_eggplant_in_basket seed=4
12:48:53 done rc=0 octo-base widowx_put_eggplant_in_basket seed=2
12:48:53 start octo-base widowx_put_eggplant_in_basket seed=4
12:59:39 done rc=0 octo-small widowx_put_eggplant_in_basket seed=4
12:59:39 start octo-small widowx_spoon_on_towel seed=0
13:00:47 done rc=0 octo-base widowx_put_eggplant_in_basket seed=4
13:00:47 start octo-base widowx_spoon_on_towel seed=0
13:05:14 done rc=0 octo-small widowx_spoon_on_towel seed=0
13:05:14 start octo-small widowx_spoon_on_towel seed=2
13:06:28 done rc=0 octo-base widowx_spoon_on_towel seed=0
13:06:28 start octo-base widowx_spoon_on_towel seed=2
13:10:57 done rc=0 octo-small widowx_spoon_on_towel seed=2
13:10:57 start octo-small widowx_spoon_on_towel seed=4
13:12:14 done rc=0 octo-base widowx_spoon_on_towel seed=2
13:12:14 start octo-base widowx_spoon_on_towel seed=4
13:16:42 done rc=0 octo-small widowx_spoon_on_towel seed=4
13:16:42 start octo-small widowx_carrot_on_plate seed=0
13:17:58 done rc=0 octo-base widowx_spoon_on_towel seed=4
13:17:58 start octo-base widowx_carrot_on_plate seed=0
13:22:13 done rc=0 octo-small widowx_carrot_on_plate seed=0
13:22:13 start octo-small widowx_carrot_on_plate seed=2
13:23:33 done rc=0 octo-base widowx_carrot_on_plate seed=0
13:23:33 start octo-base widowx_carrot_on_plate seed=2
13:27:48 done rc=0 octo-small widowx_carrot_on_plate seed=2
13:27:48 start octo-small widowx_carrot_on_plate seed=4
13:29:12 done rc=0 octo-base widowx_carrot_on_plate seed=2
13:29:12 start octo-base widowx_carrot_on_plate seed=4
13:33:26 done rc=0 octo-small widowx_carrot_on_plate seed=4
13:33:26 start octo-small widowx_stack_cube seed=0
13:34:53 done rc=0 octo-base widowx_carrot_on_plate seed=4
13:34:53 start octo-base widowx_stack_cube seed=0
13:39:03 done rc=0 octo-small widowx_stack_cube seed=0
13:39:03 start octo-small widowx_stack_cube seed=2
13:40:30 done rc=0 octo-base widowx_stack_cube seed=0
13:40:30 start octo-base widowx_stack_cube seed=2
13:44:43 done rc=0 octo-small widowx_stack_cube seed=2
13:44:43 start octo-small widowx_stack_cube seed=4
13:46:13 done rc=0 octo-base widowx_stack_cube seed=2
13:46:13 start octo-base widowx_stack_cube seed=4
13:50:24 done rc=0 octo-small widowx_stack_cube seed=4
13:51:34 done rc=0 octo-base widowx_stack_cube seed=4
13:51:34 MS2_OFFICIAL_DONE
