==== Sat 09/19/2026  0:37:00.79 restarted scheduler after busy_ports crash (queue_openvla) 
04:35:04 waiting for sweep jobs on [8768, 8770]
04:36:06 waiting for sweep jobs on [8768, 8770]
04:37:09 waiting for sweep jobs on [8768, 8770]
04:38:11 waiting for sweep jobs on [8767, 8768, 8769, 8770]
04:39:14 waiting for sweep jobs on [8767, 8768, 8769, 8770]
04:40:17 waiting for sweep jobs on [8767, 8768, 8769, 8770]
04:41:20 waiting for sweep jobs on [8767, 8768, 8769, 8770]
04:42:23 waiting for sweep jobs on [8767, 8768, 8769, 8770]
04:43:27 waiting for sweep jobs on [8767, 8768, 8769, 8770]
04:44:30 waiting for sweep jobs on [8767, 8768, 8769, 8770]
04:45:33 waiting for sweep jobs on [8767, 8768, 8769, 8770]
04:46:36 waiting for sweep jobs on [8767, 8768, 8769, 8770]
04:47:38 waiting for sweep jobs on [8767, 8768, 8769, 8770]
04:48:41 waiting for sweep jobs on [8767, 8768, 8769, 8770]
04:49:44 waiting for sweep jobs on [8767, 8768, 8769, 8770]
04:50:47 waiting for sweep jobs on [8767, 8768, 8770]
04:51:49 waiting for sweep jobs on [8767, 8768, 8769, 8770]
04:52:52 waiting for sweep jobs on [8767, 8768, 8769, 8770]
04:53:55 waiting for sweep jobs on [8767, 8768, 8769, 8770]
04:54:58 waiting for sweep jobs on [8767, 8768, 8769, 8770]
04:56:01 waiting for sweep jobs on [8767, 8768, 8769, 8770]
04:57:04 waiting for sweep jobs on [8767, 8768, 8769, 8770]
04:58:07 waiting for sweep jobs on [8767, 8768, 8769, 8770]
04:59:10 waiting for sweep jobs on [8767, 8768, 8769, 8770]
05:00:13 waiting for sweep jobs on [8767, 8768, 8769, 8770]
05:01:16 waiting for sweep jobs on [8767, 8768, 8769, 8770]
05:02:20 waiting for sweep jobs on [8767, 8768, 8769, 8770]
05:03:23 waiting for sweep jobs on [8767, 8768, 8769, 8770]
05:04:27 waiting for sweep jobs on [8767, 8768, 8769, 8770]
05:05:30 waiting for sweep jobs on [8767, 8768, 8769, 8770]
05:06:33 waiting for sweep jobs on [8767, 8768, 8769, 8770]
05:07:37 waiting for sweep jobs on [8767, 8768, 8769, 8770]
05:08:41 waiting for sweep jobs on [8767, 8768, 8769, 8770]
05:09:44 waiting for sweep jobs on [8767, 8768, 8769, 8770]
05:10:48 waiting for sweep jobs on [8767, 8768, 8769, 8770]
05:11:51 waiting for sweep jobs on [8767, 8768, 8769, 8770]
05:12:54 waiting for sweep jobs on [8767, 8768, 8769, 8770]
05:13:57 waiting for sweep jobs on [8768, 8769, 8770]
05:14:59 waiting for sweep jobs on [8768, 8769, 8770]
05:16:02 waiting for sweep jobs on [8768, 8769, 8770]
05:17:05 waiting for sweep jobs on [8768, 8769, 8770]
05:18:08 waiting for sweep jobs on [8768, 8769, 8770]
05:19:11 waiting for sweep jobs on [8768, 8769, 8770]
05:20:13 waiting for sweep jobs on [8768, 8769, 8770]
05:21:16 waiting for sweep jobs on [8768, 8769, 8770]
05:22:19 waiting for sweep jobs on [8768, 8769, 8770]
05:23:22 waiting for sweep jobs on [8768, 8769, 8770]
05:24:24 waiting for sweep jobs on [8768, 8770]
05:25:27 waiting for sweep jobs on [8768, 8770]
05:26:29 waiting for sweep jobs on [8768, 8770]
05:27:32 waiting for sweep jobs on [8768, 8770]
05:28:34 waiting for sweep jobs on [8768, 8770]
05:29:37 waiting for sweep jobs on [8768, 8770]
05:30:39 waiting for sweep jobs on [8768, 8770]
05:31:42 waiting for sweep jobs on [8768, 8770]
05:49:59 waiting for sweep jobs on [8768, 8770]
05:51:01 waiting for sweep jobs on [8768, 8770]
05:52:04 waiting for sweep jobs on [8768, 8770]
05:53:06 waiting for sweep jobs on [8770]
05:54:09 waiting for sweep jobs on [8768, 8770]
05:55:11 waiting for sweep jobs on [8768, 8770]
05:56:14 waiting for sweep jobs on [8768, 8770]
05:57:17 waiting for sweep jobs on [8768, 8770]
05:58:19 waiting for sweep jobs on [8768, 8770]
05:59:22 waiting for sweep jobs on [8768, 8770]
06:00:24 waiting for sweep jobs on [8768]
06:01:26 waiting for sweep jobs on [8768]
06:02:29 waiting for sweep jobs on [8768]
06:03:31 waiting for sweep jobs on [8768]
06:04:33 waiting for sweep jobs on [8768]
06:05:34 waiting for sweep jobs on [8768]
06:06:36 waiting for sweep jobs on [8768]
06:07:38 waiting for sweep jobs on [8768]
06:08:40 waiting for sweep jobs on [8768]
06:09:41 waiting for sweep jobs on [8768]
06:10:48 waiting for sweep jobs on [8768]
06:11:49 stopping Octo servers 8769/8770 to free VRAM
06:42:15 OPENVLA_SERVER_FAILED
