23:12:25 start egg octo-small fitted base=20260918
23:12:25 start egg octo-base fitted base=20260918
23:12:34 done rc=0 egg octo-small fitted base=20260918 (0.2 min)
23:12:34 start egg octo-small fitted base=20280101
23:12:35 done rc=0 egg octo-base fitted base=20260918 (0.2 min)
23:12:35 start egg octo-base fitted base=20280101
23:12:43 done rc=0 egg octo-small fitted base=20280101 (0.1 min)
23:12:43 start egg octo-small fitted base=20290101
23:12:43 done rc=0 egg octo-base fitted base=20280101 (0.1 min)
23:12:43 start egg octo-base fitted base=20290101
23:12:51 done rc=0 egg octo-small fitted base=20290101 (0.1 min)
23:12:51 start egg octo-small fitted_force_x0.5 base=20260918
23:12:51 done rc=0 egg octo-base fitted base=20290101 (0.1 min)
23:12:51 start egg octo-base fitted_force_x0.5 base=20260918
23:12:59 done rc=0 egg octo-base fitted_force_x0.5 base=20260918 (0.1 min)
23:12:59 start egg octo-base fitted_force_x0.5 base=20280101
23:12:59 done rc=0 egg octo-small fitted_force_x0.5 base=20260918 (0.1 min)
23:12:59 start egg octo-small fitted_force_x0.5 base=20280101
23:13:07 done rc=0 egg octo-base fitted_force_x0.5 base=20280101 (0.1 min)
23:13:07 start egg octo-base fitted_force_x0.5 base=20290101
23:13:07 done rc=0 egg octo-small fitted_force_x0.5 base=20280101 (0.1 min)
23:13:07 start egg octo-small fitted_force_x0.5 base=20290101
23:13:15 done rc=0 egg octo-small fitted_force_x0.5 base=20290101 (0.1 min)
23:13:15 start egg octo-small fitted_iso_x0.25 base=20260918
23:13:15 done rc=0 egg octo-base fitted_force_x0.5 base=20290101 (0.1 min)
23:13:15 start egg octo-base fitted_iso_x0.25 base=20260918
23:41:12 done rc=0 egg octo-small fitted_iso_x0.25 base=20260918 (28.0 min)
23:41:12 start egg octo-small fitted_iso_x0.25 base=20280101
23:44:22 done rc=0 egg octo-base fitted_iso_x0.25 base=20260918 (31.1 min)
23:44:22 start egg octo-base fitted_iso_x0.25 base=20280101
00:09:40 done rc=0 egg octo-small fitted_iso_x0.25 base=20280101 (28.5 min)
00:09:40 start egg octo-small fitted_iso_x0.25 base=20290101
00:13:30 done rc=0 egg octo-base fitted_iso_x0.25 base=20280101 (29.1 min)
00:13:30 start egg octo-base fitted_iso_x0.25 base=20290101
00:29:08 done rc=0 egg octo-small fitted_iso_x0.25 base=20290101 (19.5 min)
00:29:08 start egg octo-small fitted_iso_x4.0 base=20260918
00:34:49 done rc=0 egg octo-base fitted_iso_x0.25 base=20290101 (21.3 min)
00:34:49 start egg octo-base fitted_iso_x4.0 base=20260918
00:48:45 done rc=0 egg octo-small fitted_iso_x4.0 base=20260918 (19.6 min)
00:48:45 start egg octo-small fitted_iso_x4.0 base=20280101
00:56:03 done rc=0 egg octo-base fitted_iso_x4.0 base=20260918 (21.2 min)
00:56:03 start egg octo-base fitted_iso_x4.0 base=20280101
01:08:12 done rc=0 egg octo-small fitted_iso_x4.0 base=20280101 (19.5 min)
01:08:12 start egg octo-small fitted_iso_x4.0 base=20290101
01:17:13 done rc=0 egg octo-base fitted_iso_x4.0 base=20280101 (21.2 min)
01:17:13 start egg octo-base fitted_iso_x4.0 base=20290101
01:29:11 done rc=0 egg octo-small fitted_iso_x4.0 base=20290101 (21.0 min)
01:29:11 start egg octo-small fitted_fric_x0.4 base=20260918
01:39:55 done rc=0 egg octo-base fitted_iso_x4.0 base=20290101 (22.7 min)
01:39:55 start egg octo-base fitted_fric_x0.4 base=20260918
01:49:49 done rc=0 egg octo-small fitted_fric_x0.4 base=20260918 (20.6 min)
01:49:49 start egg octo-small fitted_fric_x0.4 base=20280101
02:00:48 done rc=0 egg octo-base fitted_fric_x0.4 base=20260918 (20.9 min)
02:00:48 start egg octo-base fitted_fric_x0.4 base=20280101
02:10:40 done rc=0 egg octo-small fitted_fric_x0.4 base=20280101 (20.9 min)
02:10:40 start egg octo-small fitted_fric_x0.4 base=20290101
02:24:11 done rc=0 egg octo-base fitted_fric_x0.4 base=20280101 (23.4 min)
02:24:11 start egg octo-base fitted_fric_x0.4 base=20290101
02:33:22 done rc=0 egg octo-small fitted_fric_x0.4 base=20290101 (22.7 min)
02:33:22 start egg octo-small fitted_dens_x0.5 base=20260918
02:47:27 done rc=0 egg octo-base fitted_fric_x0.4 base=20290101 (23.3 min)
02:47:27 start egg octo-base fitted_dens_x0.5 base=20260918
02:55:19 done rc=0 egg octo-small fitted_dens_x0.5 base=20260918 (21.9 min)
02:55:19 start egg octo-small fitted_dens_x0.5 base=20280101
03:08:44 done rc=0 egg octo-base fitted_dens_x0.5 base=20260918 (21.3 min)
03:08:44 start egg octo-base fitted_dens_x0.5 base=20280101
03:17:18 done rc=0 egg octo-small fitted_dens_x0.5 base=20280101 (22.0 min)
03:17:18 start egg octo-small fitted_dens_x0.5 base=20290101
03:29:59 done rc=0 egg octo-base fitted_dens_x0.5 base=20280101 (21.3 min)
03:29:59 start egg octo-base fitted_dens_x0.5 base=20290101
03:37:45 done rc=0 egg octo-small fitted_dens_x0.5 base=20290101 (20.4 min)
03:37:45 start spoon octo-small fitted base=20260918
03:42:15 done rc=0 spoon octo-small fitted base=20260918 (4.5 min)
03:42:15 start spoon octo-small fitted base=20280101
03:46:25 done rc=0 spoon octo-small fitted base=20280101 (4.2 min)
03:46:25 start spoon octo-small fitted_force_x0.5 base=20260918
03:50:22 done rc=0 spoon octo-small fitted_force_x0.5 base=20260918 (3.9 min)
03:50:22 start spoon octo-small fitted_force_x0.5 base=20280101
03:52:23 done rc=0 egg octo-base fitted_dens_x0.5 base=20290101 (22.4 min)
03:52:23 start spoon octo-base fitted base=20260918
03:54:27 done rc=0 spoon octo-small fitted_force_x0.5 base=20280101 (4.1 min)
03:54:27 start spoon octo-small fitted_iso_x0.25 base=20260918
03:56:33 done rc=0 spoon octo-base fitted base=20260918 (4.2 min)
03:56:33 start spoon octo-base fitted base=20280101
03:58:36 done rc=0 spoon octo-small fitted_iso_x0.25 base=20260918 (4.2 min)
03:58:36 start spoon octo-small fitted_iso_x0.25 base=20280101
04:00:40 done rc=0 spoon octo-base fitted base=20280101 (4.1 min)
04:00:40 start spoon octo-base fitted_force_x0.5 base=20260918
04:02:34 done rc=0 spoon octo-small fitted_iso_x0.25 base=20280101 (4.0 min)
04:02:34 start spoon octo-small fitted_iso_x4.0 base=20260918
04:04:23 done rc=0 spoon octo-base fitted_force_x0.5 base=20260918 (3.7 min)
04:04:23 start spoon octo-base fitted_force_x0.5 base=20280101
04:08:12 done rc=0 spoon octo-small fitted_iso_x4.0 base=20260918 (5.6 min)
04:08:12 start spoon octo-small fitted_iso_x4.0 base=20280101
04:12:21 done rc=0 spoon octo-base fitted_force_x0.5 base=20280101 (8.0 min)
04:12:21 start spoon octo-base fitted_iso_x0.25 base=20260918
04:15:40 done rc=0 spoon octo-small fitted_iso_x4.0 base=20280101 (7.5 min)
04:15:40 start spoon octo-small fitted_fric_x0.4 base=20260918
04:19:32 done rc=0 spoon octo-base fitted_iso_x0.25 base=20260918 (7.2 min)
04:19:32 start spoon octo-base fitted_iso_x0.25 base=20280101
04:21:59 done rc=0 spoon octo-small fitted_fric_x0.4 base=20260918 (6.3 min)
04:21:59 start spoon octo-small fitted_fric_x0.4 base=20280101
04:25:23 done rc=0 spoon octo-base fitted_iso_x0.25 base=20280101 (5.9 min)
04:25:23 start spoon octo-base fitted_iso_x4.0 base=20260918
04:27:04 done rc=0 spoon octo-small fitted_fric_x0.4 base=20280101 (5.1 min)
04:27:04 start spoon octo-small fitted_dens_x0.5 base=20260918
04:29:43 done rc=0 spoon octo-base fitted_iso_x4.0 base=20260918 (4.3 min)
04:29:43 start spoon octo-base fitted_iso_x4.0 base=20280101
04:31:36 done rc=0 spoon octo-small fitted_dens_x0.5 base=20260918 (4.5 min)
04:31:36 start spoon octo-small fitted_dens_x0.5 base=20280101
04:34:14 done rc=0 spoon octo-base fitted_iso_x4.0 base=20280101 (4.5 min)
04:34:14 start spoon octo-base fitted_fric_x0.4 base=20260918
04:36:13 done rc=0 spoon octo-small fitted_dens_x0.5 base=20280101 (4.6 min)
04:38:25 done rc=0 spoon octo-base fitted_fric_x0.4 base=20260918 (4.2 min)
04:38:25 start spoon octo-base fitted_fric_x0.4 base=20280101
04:42:17 done rc=0 spoon octo-base fitted_fric_x0.4 base=20280101 (3.9 min)
04:42:17 start spoon octo-base fitted_dens_x0.5 base=20260918
04:45:41 done rc=0 spoon octo-base fitted_dens_x0.5 base=20260918 (3.4 min)
04:45:41 start spoon octo-base fitted_dens_x0.5 base=20280101
04:48:57 done rc=0 spoon octo-base fitted_dens_x0.5 base=20280101 (3.3 min)
04:48:57 FITTED_POINT_DONE
