Collecting numpy<2.0
  Downloading numpy-1.26.4-cp311-cp311-win_amd64.whl.metadata (61 kB)
Collecting tensorflow==2.15.0
  Downloading tensorflow-2.15.0-cp311-cp311-win_amd64.whl.metadata (3.6 kB)
Collecting tf_agents==0.19.0
  Downloading tf_agents-0.19.0-py3-none-any.whl.metadata (12 kB)
Collecting tensorflow_hub==0.16.0
  Downloading tensorflow_hub-0.16.0-py2.py3-none-any.whl.metadata (1.3 kB)
Collecting transforms3d
  Downloading transforms3d-0.4.2-py3-none-any.whl.metadata (2.8 kB)
Collecting pillow
  Downloading pillow-12.3.0-cp311-cp311-win_amd64.whl.metadata (9.3 kB)
Collecting tensorflow-intel==2.15.0 (from tensorflow==2.15.0)
  Downloading tensorflow_intel-2.15.0-cp311-cp311-win_amd64.whl.metadata (5.1 kB)
Collecting absl-py>=0.6.1 (from tf_agents==0.19.0)
  Downloading absl_py-2.5.0-py3-none-any.whl.metadata (3.3 kB)
Collecting cloudpickle>=1.3 (from tf_agents==0.19.0)
  Downloading cloudpickle-3.1.2-py3-none-any.whl.metadata (7.1 kB)
Collecting gin-config>=0.4.0 (from tf_agents==0.19.0)
  Downloading gin_config-0.5.0-py3-none-any.whl.metadata (2.9 kB)
Collecting gym<=0.23.0,>=0.17.0 (from tf_agents==0.19.0)
  Downloading gym-0.23.0.tar.gz (624 kB)
     ---------------------------------------- 624.4/624.4 kB 1.5 MB/s  0:00:00
  Installing build dependencies: started
  Installing build dependencies: finished with status 'done'
  Getting requirements to build wheel: started
  Getting requirements to build wheel: finished with status 'done'
  Preparing metadata (pyproject.toml): started
  Preparing metadata (pyproject.toml): finished with status 'done'
Collecting six>=1.10.0 (from tf_agents==0.19.0)
  Using cached six-1.17.0-py2.py3-none-any.whl.metadata (1.7 kB)
Collecting protobuf>=3.11.3 (from tf_agents==0.19.0)
  Downloading protobuf-7.36.2-cp310-abi3-win_amd64.whl.metadata (595 bytes)
Collecting wrapt>=1.11.1 (from tf_agents==0.19.0)
  Downloading wrapt-2.4.1-cp311-cp311-win_amd64.whl.metadata (7.6 kB)
Collecting typing-extensions==4.5.0 (from tf_agents==0.19.0)
  Downloading typing_extensions-4.5.0-py3-none-any.whl.metadata (8.5 kB)
Collecting pygame==2.1.3 (from tf_agents==0.19.0)
  Downloading pygame-2.1.3-cp311-cp311-win_amd64.whl.metadata (9.6 kB)
Collecting tensorflow-probability~=0.23.0 (from tf_agents==0.19.0)
  Downloading tensorflow_probability-0.23.0-py2.py3-none-any.whl.metadata (13 kB)
Collecting astunparse>=1.6.0 (from tensorflow-intel==2.15.0->tensorflow==2.15.0)
  Downloading astunparse-1.6.3-py2.py3-none-any.whl.metadata (4.4 kB)
Collecting flatbuffers>=23.5.26 (from tensorflow-intel==2.15.0->tensorflow==2.15.0)
  Using cached flatbuffers-25.12.19-py2.py3-none-any.whl.metadata (1.0 kB)
Collecting gast!=0.5.0,!=0.5.1,!=0.5.2,>=0.2.1 (from tensorflow-intel==2.15.0->tensorflow==2.15.0)
  Downloading gast-0.7.0-py3-none-any.whl.metadata (1.5 kB)
Collecting google-pasta>=0.1.1 (from tensorflow-intel==2.15.0->tensorflow==2.15.0)
  Downloading google_pasta-0.2.0-py3-none-any.whl.metadata (814 bytes)
Collecting h5py>=2.9.0 (from tensorflow-intel==2.15.0->tensorflow==2.15.0)
  Downloading h5py-3.16.0-cp311-cp311-win_amd64.whl.metadata (3.1 kB)
Collecting libclang>=13.0.0 (from tensorflow-intel==2.15.0->tensorflow==2.15.0)
  Downloading libclang-18.1.1-py2.py3-none-win_amd64.whl.metadata (5.3 kB)
Collecting ml-dtypes~=0.2.0 (from tensorflow-intel==2.15.0->tensorflow==2.15.0)
  Downloading ml_dtypes-0.2.0-cp311-cp311-win_amd64.whl.metadata (20 kB)
Collecting opt-einsum>=2.3.2 (from tensorflow-intel==2.15.0->tensorflow==2.15.0)
  Downloading opt_einsum-3.4.0-py3-none-any.whl.metadata (6.3 kB)
Requirement already satisfied: packaging in .\.venv-rt1-win\Lib\site-packages (from tensorflow-intel==2.15.0->tensorflow==2.15.0) (26.3)
Collecting protobuf>=3.11.3 (from tf_agents==0.19.0)
  Downloading protobuf-4.25.9-cp310-abi3-win_amd64.whl.metadata (541 bytes)
Requirement already satisfied: setuptools in .\.venv-rt1-win\Lib\site-packages (from tensorflow-intel==2.15.0->tensorflow==2.15.0) (79.0.1)
Collecting termcolor>=1.1.0 (from tensorflow-intel==2.15.0->tensorflow==2.15.0)
  Downloading termcolor-3.3.0-py3-none-any.whl.metadata (6.5 kB)
Collecting wrapt>=1.11.1 (from tf_agents==0.19.0)
  Downloading wrapt-1.14.2-cp311-cp311-win_amd64.whl.metadata (6.6 kB)
Collecting tensorflow-io-gcs-filesystem>=0.23.1 (from tensorflow-intel==2.15.0->tensorflow==2.15.0)
  Downloading tensorflow_io_gcs_filesystem-0.31.0-cp311-cp311-win_amd64.whl.metadata (14 kB)
Collecting grpcio<2.0,>=1.24.3 (from tensorflow-intel==2.15.0->tensorflow==2.15.0)
  Downloading grpcio-1.84.0-cp311-cp311-win_amd64.whl.metadata (3.9 kB)
Collecting tensorboard<2.16,>=2.15 (from tensorflow-intel==2.15.0->tensorflow==2.15.0)
  Downloading tensorboard-2.15.2-py3-none-any.whl.metadata (1.7 kB)
Collecting tensorflow-estimator<2.16,>=2.15.0 (from tensorflow-intel==2.15.0->tensorflow==2.15.0)
  Downloading tensorflow_estimator-2.15.0-py2.py3-none-any.whl.metadata (1.3 kB)
Collecting keras<2.16,>=2.15.0 (from tensorflow-intel==2.15.0->tensorflow==2.15.0)
  Downloading keras-2.15.0-py3-none-any.whl.metadata (2.4 kB)
INFO: pip is looking at multiple versions of grpcio to determine which version is compatible with other requirements. This could take a while.
Collecting grpcio<2.0,>=1.24.3 (from tensorflow-intel==2.15.0->tensorflow==2.15.0)
  Downloading grpcio-1.83.1-cp311-cp311-win_amd64.whl.metadata (3.8 kB)
  Downloading grpcio-1.83.0-cp311-cp311-win_amd64.whl.metadata (3.8 kB)
  Downloading grpcio-1.82.2-cp311-cp311-win_amd64.whl.metadata (3.8 kB)
  Downloading grpcio-1.82.1-cp311-cp311-win_amd64.whl.metadata (3.8 kB)
  Downloading grpcio-1.81.1-cp311-cp311-win_amd64.whl.metadata (3.8 kB)
  Downloading grpcio-1.81.0-cp311-cp311-win_amd64.whl.metadata (3.8 kB)
  Downloading grpcio-1.80.0-cp311-cp311-win_amd64.whl.metadata (3.9 kB)
INFO: pip is still looking at multiple versions of grpcio to determine which version is compatible with other requirements. This could take a while.
  Downloading grpcio-1.78.0-cp311-cp311-win_amd64.whl.metadata (3.9 kB)
  Downloading grpcio-1.76.0-cp311-cp311-win_amd64.whl.metadata (3.8 kB)
  Downloading grpcio-1.75.1-cp311-cp311-win_amd64.whl.metadata (3.8 kB)
  Downloading grpcio-1.75.0-cp311-cp311-win_amd64.whl.metadata (3.8 kB)
  Downloading grpcio-1.74.0-cp311-cp311-win_amd64.whl.metadata (4.0 kB)
Collecting gym_notices>=0.0.4 (from gym<=0.23.0,>=0.17.0->tf_agents==0.19.0)
  Downloading gym_notices-0.1.0-py3-none-any.whl.metadata (1.2 kB)
Collecting google-auth<3,>=1.6.3 (from tensorboard<2.16,>=2.15->tensorflow-intel==2.15.0->tensorflow==2.15.0)
  Downloading google_auth-2.58.0-py3-none-any.whl.metadata (6.0 kB)
Collecting google-auth-oauthlib<2,>=0.5 (from tensorboard<2.16,>=2.15->tensorflow-intel==2.15.0->tensorflow==2.15.0)
  Downloading google_auth_oauthlib-1.4.1-py3-none-any.whl.metadata (2.6 kB)
Collecting markdown>=2.6.8 (from tensorboard<2.16,>=2.15->tensorflow-intel==2.15.0->tensorflow==2.15.0)
  Using cached markdown-3.10.3-py3-none-any.whl.metadata (5.1 kB)
Collecting requests<3,>=2.21.0 (from tensorboard<2.16,>=2.15->tensorflow-intel==2.15.0->tensorflow==2.15.0)
  Using cached requests-2.34.2-py3-none-any.whl.metadata (4.8 kB)
Collecting tensorboard-data-server<0.8.0,>=0.7.0 (from tensorboard<2.16,>=2.15->tensorflow-intel==2.15.0->tensorflow==2.15.0)
  Downloading tensorboard_data_server-0.7.2-py3-none-any.whl.metadata (1.1 kB)
Collecting werkzeug>=1.0.1 (from tensorboard<2.16,>=2.15->tensorflow-intel==2.15.0->tensorflow==2.15.0)
  Using cached werkzeug-3.1.8-py3-none-any.whl.metadata (4.0 kB)
Collecting pyasn1-modules>=0.2.1 (from google-auth<3,>=1.6.3->tensorboard<2.16,>=2.15->tensorflow-intel==2.15.0->tensorflow==2.15.0)
  Downloading pyasn1_modules-0.4.2-py3-none-any.whl.metadata (3.5 kB)
Collecting cryptography>=38.0.3 (from google-auth<3,>=1.6.3->tensorboard<2.16,>=2.15->tensorflow-intel==2.15.0->tensorflow==2.15.0)
  Downloading cryptography-50.0.1-cp311-abi3-win_amd64.whl.metadata (4.3 kB)
Collecting requests-oauthlib>=0.7.0 (from google-auth-oauthlib<2,>=0.5->tensorboard<2.16,>=2.15->tensorflow-intel==2.15.0->tensorflow==2.15.0)
  Downloading requests_oauthlib-2.0.0-py2.py3-none-any.whl.metadata (11 kB)
Collecting charset_normalizer<4,>=2 (from requests<3,>=2.21.0->tensorboard<2.16,>=2.15->tensorflow-intel==2.15.0->tensorflow==2.15.0)
  Downloading charset_normalizer-3.5.1-cp311-cp311-win_amd64.whl.metadata (46 kB)
Collecting idna<4,>=2.5 (from requests<3,>=2.21.0->tensorboard<2.16,>=2.15->tensorflow-intel==2.15.0->tensorflow==2.15.0)
  Downloading idna-3.20-py3-none-any.whl.metadata (7.2 kB)
Collecting urllib3<3,>=1.26 (from requests<3,>=2.21.0->tensorboard<2.16,>=2.15->tensorflow-intel==2.15.0->tensorflow==2.15.0)
  Downloading urllib3-2.8.0-py3-none-any.whl.metadata (7.4 kB)
Collecting certifi>=2023.5.7 (from requests<3,>=2.21.0->tensorboard<2.16,>=2.15->tensorflow-intel==2.15.0->tensorflow==2.15.0)
  Using cached certifi-2026.7.22-py3-none-any.whl.metadata (2.5 kB)
Collecting decorator (from tensorflow-probability~=0.23.0->tf_agents==0.19.0)
  Downloading decorator-5.3.1-py3-none-any.whl.metadata (3.9 kB)
Collecting dm-tree (from tensorflow-probability~=0.23.0->tf_agents==0.19.0)
  Downloading dm_tree-0.1.10-cp311-cp311-win_amd64.whl.metadata (2.6 kB)
Requirement already satisfied: wheel<1.0,>=0.23.0 in .\.venv-rt1-win\Lib\site-packages (from astunparse>=1.6.0->tensorflow-intel==2.15.0->tensorflow==2.15.0) (0.48.0)
Collecting cffi>=2.0.0 (from cryptography>=38.0.3->google-auth<3,>=1.6.3->tensorboard<2.16,>=2.15->tensorflow-intel==2.15.0->tensorflow==2.15.0)
  Downloading cffi-2.1.1-cp311-cp311-win_amd64.whl.metadata (2.6 kB)
Collecting pycparser (from cffi>=2.0.0->cryptography>=38.0.3->google-auth<3,>=1.6.3->tensorboard<2.16,>=2.15->tensorflow-intel==2.15.0->tensorflow==2.15.0)
  Using cached pycparser-3.0-py3-none-any.whl.metadata (8.2 kB)
Collecting pyasn1<0.7.0,>=0.6.1 (from pyasn1-modules>=0.2.1->google-auth<3,>=1.6.3->tensorboard<2.16,>=2.15->tensorflow-intel==2.15.0->tensorflow==2.15.0)
  Using cached pyasn1-0.6.4-py3-none-any.whl.metadata (8.4 kB)
Collecting oauthlib>=3.0.0 (from requests-oauthlib>=0.7.0->google-auth-oauthlib<2,>=0.5->tensorboard<2.16,>=2.15->tensorflow-intel==2.15.0->tensorflow==2.15.0)
  Downloading oauthlib-3.3.1-py3-none-any.whl.metadata (7.9 kB)
Collecting markupsafe>=2.1.1 (from werkzeug>=1.0.1->tensorboard<2.16,>=2.15->tensorflow-intel==2.15.0->tensorflow==2.15.0)
  Downloading markupsafe-3.0.3-cp311-cp311-win_amd64.whl.metadata (2.8 kB)
Collecting attrs>=18.2.0 (from dm-tree->tensorflow-probability~=0.23.0->tf_agents==0.19.0)
  Using cached attrs-26.1.0-py3-none-any.whl.metadata (8.8 kB)
Downloading tensorflow-2.15.0-cp311-cp311-win_amd64.whl (2.1 kB)
Downloading tf_agents-0.19.0-py3-none-any.whl (1.4 MB)
   ---------------------------------------- 1.4/1.4 MB 5.1 MB/s  0:00:00
Downloading tensorflow_hub-0.16.0-py2.py3-none-any.whl (30 kB)
Downloading pygame-2.1.3-cp311-cp311-win_amd64.whl (10.4 MB)
   ---------------------------------------- 10.4/10.4 MB 4.5 MB/s  0:00:02
Downloading tensorflow_intel-2.15.0-cp311-cp311-win_amd64.whl (300.9 MB)
   ---------------------------------------- 300.9/300.9 MB 6.0 MB/s  0:00:58
Downloading typing_extensions-4.5.0-py3-none-any.whl (27 kB)
Downloading numpy-1.26.4-cp311-cp311-win_amd64.whl (15.8 MB)
   ---------------------------------------- 15.8/15.8 MB 5.0 MB/s  0:00:03
Downloading grpcio-1.74.0-cp311-cp311-win_amd64.whl (4.5 MB)
   ---------------------------------------- 4.5/4.5 MB 5.8 MB/s  0:00:00
Downloading keras-2.15.0-py3-none-any.whl (1.7 MB)
   ---------------------------------------- 1.7/1.7 MB 6.6 MB/s  0:00:00
Downloading ml_dtypes-0.2.0-cp311-cp311-win_amd64.whl (938 kB)
   ---------------------------------------- 938.7/938.7 kB 2.7 MB/s  0:00:00
Downloading protobuf-4.25.9-cp310-abi3-win_amd64.whl (413 kB)
Downloading tensorboard-2.15.2-py3-none-any.whl (5.5 MB)
   ---------------------------------------- 5.5/5.5 MB 5.7 MB/s  0:00:00
Downloading google_auth-2.58.0-py3-none-any.whl (262 kB)
Downloading google_auth_oauthlib-1.4.1-py3-none-any.whl (19 kB)
Using cached requests-2.34.2-py3-none-any.whl (73 kB)
Downloading charset_normalizer-3.5.1-cp311-cp311-win_amd64.whl (206 kB)
Downloading idna-3.20-py3-none-any.whl (69 kB)
Downloading tensorboard_data_server-0.7.2-py3-none-any.whl (2.4 kB)
Downloading tensorflow_estimator-2.15.0-py2.py3-none-any.whl (441 kB)
Downloading tensorflow_probability-0.23.0-py2.py3-none-any.whl (6.9 MB)
   ---------------------------------------- 6.9/6.9 MB 5.1 MB/s  0:00:01
Downloading urllib3-2.8.0-py3-none-any.whl (135 kB)
Downloading wrapt-1.14.2-cp311-cp311-win_amd64.whl (35 kB)
Downloading transforms3d-0.4.2-py3-none-any.whl (1.4 MB)
   ---------------------------------------- 1.4/1.4 MB 3.4 MB/s  0:00:00
Downloading pillow-12.3.0-cp311-cp311-win_amd64.whl (7.2 MB)
   ---------------------------------------- 7.2/7.2 MB 4.5 MB/s  0:00:01
Downloading absl_py-2.5.0-py3-none-any.whl (137 kB)
Downloading astunparse-1.6.3-py2.py3-none-any.whl (12 kB)
Using cached six-1.17.0-py2.py3-none-any.whl (11 kB)
Using cached certifi-2026.7.22-py3-none-any.whl (136 kB)
Downloading cloudpickle-3.1.2-py3-none-any.whl (22 kB)
Downloading cryptography-50.0.1-cp311-abi3-win_amd64.whl (3.8 MB)
   ---------------------------------------- 3.8/3.8 MB 5.7 MB/s  0:00:00
Downloading cffi-2.1.1-cp311-cp311-win_amd64.whl (185 kB)
Using cached flatbuffers-25.12.19-py2.py3-none-any.whl (26 kB)
Downloading gast-0.7.0-py3-none-any.whl (22 kB)
Downloading gin_config-0.5.0-py3-none-any.whl (61 kB)
Downloading google_pasta-0.2.0-py3-none-any.whl (57 kB)
Downloading gym_notices-0.1.0-py3-none-any.whl (3.3 kB)
Downloading h5py-3.16.0-cp311-cp311-win_amd64.whl (3.2 MB)
   ---------------------------------------- 3.2/3.2 MB 1.0 MB/s  0:00:02
Downloading libclang-18.1.1-py2.py3-none-win_amd64.whl (26.4 MB)
   ---------------------------------------- 26.4/26.4 MB 4.1 MB/s  0:00:06
Using cached markdown-3.10.3-py3-none-any.whl (110 kB)
Downloading opt_einsum-3.4.0-py3-none-any.whl (71 kB)
Downloading pyasn1_modules-0.4.2-py3-none-any.whl (181 kB)
Using cached pyasn1-0.6.4-py3-none-any.whl (84 kB)
Downloading requests_oauthlib-2.0.0-py2.py3-none-any.whl (24 kB)
Downloading oauthlib-3.3.1-py3-none-any.whl (160 kB)
Downloading tensorflow_io_gcs_filesystem-0.31.0-cp311-cp311-win_amd64.whl (1.5 MB)
   ---------------------------------------- 1.5/1.5 MB 3.0 MB/s  0:00:00
Downloading termcolor-3.3.0-py3-none-any.whl (7.7 kB)
Using cached werkzeug-3.1.8-py3-none-any.whl (226 kB)
Downloading markupsafe-3.0.3-cp311-cp311-win_amd64.whl (15 kB)
Downloading decorator-5.3.1-py3-none-any.whl (10 kB)
Downloading dm_tree-0.1.10-cp311-cp311-win_amd64.whl (111 kB)
Using cached attrs-26.1.0-py3-none-any.whl (67 kB)
Using cached pycparser-3.0-py3-none-any.whl (48 kB)
Building wheels for collected packages: gym
  Building wheel for gym (pyproject.toml): started
  Building wheel for gym (pyproject.toml): finished with status 'done'
  Created wheel for gym: filename=gym-0.23.0-py3-none-any.whl size=697754 sha256=24e2342189e772db58fda19153d8d43a3059198075b8d93195cd82b4c5245a5d
  Stored in directory: c:\users\jason\appdata\local\pip\cache\wheels\bf\19\ce\d2b762b6d61115bf0b4260ca59650ba2d55d49f34f61e095f6
Successfully built gym
Installing collected packages: libclang, gym_notices, gin-config, flatbuffers, wrapt, urllib3, typing-extensions, termcolor, tensorflow-io-gcs-filesystem, tensorflow-estimator, tensorboard-data-server, six, pygame, pycparser, pyasn1, protobuf, pillow, opt-einsum, oauthlib, numpy, markupsafe, markdown, keras, idna, grpcio, gast, decorator, cloudpickle, charset_normalizer, certifi, attrs, absl-py, werkzeug, transforms3d, tensorflow_hub, requests, pyasn1-modules, ml-dtypes, h5py, gym, google-pasta, dm-tree, cffi, astunparse, tensorflow-probability, requests-oauthlib, cryptography, tf_agents, google-auth, google-auth-oauthlib, tensorboard, tensorflow-intel, tensorflow

Successfully installed absl-py-2.5.0 astunparse-1.6.3 attrs-26.1.0 certifi-2026.7.22 cffi-2.1.1 charset_normalizer-3.5.1 cloudpickle-3.1.2 cryptography-50.0.1 decorator-5.3.1 dm-tree-0.1.10 flatbuffers-25.12.19 gast-0.7.0 gin-config-0.5.0 google-auth-2.58.0 google-auth-oauthlib-1.4.1 google-pasta-0.2.0 grpcio-1.74.0 gym-0.23.0 gym_notices-0.1.0 h5py-3.16.0 idna-3.20 keras-2.15.0 libclang-18.1.1 markdown-3.10.3 markupsafe-3.0.3 ml-dtypes-0.2.0 numpy-1.26.4 oauthlib-3.3.1 opt-einsum-3.4.0 pillow-12.3.0 protobuf-4.25.9 pyasn1-0.6.4 pyasn1-modules-0.4.2 pycparser-3.0 pygame-2.1.3 requests-2.34.2 requests-oauthlib-2.0.0 six-1.17.0 tensorboard-2.15.2 tensorboard-data-server-0.7.2 tensorflow-2.15.0 tensorflow-estimator-2.15.0 tensorflow-intel-2.15.0 tensorflow-io-gcs-filesystem-0.31.0 tensorflow-probability-0.23.0 tensorflow_hub-0.16.0 termcolor-3.3.0 tf_agents-0.19.0 transforms3d-0.4.2 typing-extensions-4.5.0 urllib3-2.8.0 werkzeug-3.1.8 wrapt-1.14.2
