E:\research\the_world\.venv-openvla\Lib\site-packages\huggingface_hub\file_download.py:949: FutureWarning: `resume_download` is deprecated and will be removed in version 1.0.0. Downloads always resume when possible. If you want to force a new download, use `force_download=True`.
  warnings.warn(
E:\research\the_world\.venv-openvla\Lib\site-packages\huggingface_hub\file_download.py:949: FutureWarning: `resume_download` is deprecated and will be removed in version 1.0.0. Downloads always resume when possible. If you want to force a new download, use `force_download=True`.
  warnings.warn(
E:\research\the_world\.venv-openvla\Lib\site-packages\huggingface_hub\file_download.py:949: FutureWarning: `resume_download` is deprecated and will be removed in version 1.0.0. Downloads always resume when possible. If you want to force a new download, use `force_download=True`.
  warnings.warn(
Loading checkpoint shards:   0%|          | 0/3 [00:00<?, ?it/s]Loading checkpoint shards:  33%|###3      | 1/3 [00:09<00:18,  9.47s/it]Loading checkpoint shards:  67%|######6   | 2/3 [00:15<00:07,  7.51s/it]Loading checkpoint shards: 100%|##########| 3/3 [00:16<00:00,  4.66s/it]Loading checkpoint shards: 100%|##########| 3/3 [00:16<00:00,  5.62s/it]
Traceback (most recent call last):
  File "E:\research\the_world\scripts\openvla_policy_server.py", line 129, in <module>
    main()
  File "E:\research\the_world\scripts\openvla_policy_server.py", line 113, in main
    policy = OpenVLAPolicy(args.model, args.quant)
             ^^^^^^^^^^^^^^^^^^^^^^^^^^^^^^^^^^^^^
  File "E:\research\the_world\scripts\openvla_policy_server.py", line 42, in __init__
    self.vla = AutoModelForVision2Seq.from_pretrained(model_id, device_map="cuda:0", **kw).eval()
               ^^^^^^^^^^^^^^^^^^^^^^^^^^^^^^^^^^^^^^^^^^^^^^^^^^^^^^^^^^^^^^^^^^^^^^^^^^^
  File "E:\research\the_world\.venv-openvla\Lib\site-packages\transformers\models\auto\auto_factory.py", line 558, in from_pretrained
    return model_class.from_pretrained(
           ^^^^^^^^^^^^^^^^^^^^^^^^^^^^
  File "E:\research\the_world\.venv-openvla\Lib\site-packages\transformers\modeling_utils.py", line 3735, in from_pretrained
    dispatch_model(model, **device_map_kwargs)
  File "E:\research\the_world\.venv-openvla\Lib\site-packages\accelerate\big_modeling.py", line 514, in dispatch_model
    model.to(device)
  File "E:\research\the_world\.venv-openvla\Lib\site-packages\transformers\modeling_utils.py", line 2670, in to
    raise ValueError(
ValueError: `.to` is not supported for `4-bit` or `8-bit` bitsandbytes models. Please use the model as it is, since the model has already been set to the correct devices and casted to the correct `dtype`.
