==== Fri 09/18/2026  6:27:11.36 start octo-base PutCarrotOnPlateInScene-v1
[octo-base|PutCarrotOnPlateInScene-v1|nominal] ep 0 success=False steps=60 inf=53.3s sim=1.5s total=55.8s
[octo-base|PutCarrotOnPlateInScene-v1|nominal] ep 1 success=False steps=60 inf=55.4s sim=1.6s total=58.1s
[octo-base|PutCarrotOnPlateInScene-v1|nominal] ep 2 success=False steps=60 inf=55.5s sim=1.7s total=58.3s
[octo-base|PutCarrotOnPlateInScene-v1|nominal] ep 3 success=False steps=60 inf=56.2s sim=1.6s total=58.9s
[octo-base|PutCarrotOnPlateInScene-v1|nominal] ep 4 success=True steps=60 inf=56.1s sim=1.5s total=58.7s
[octo-base|PutCarrotOnPlateInScene-v1|nominal] ep 5 success=False steps=60 inf=56.6s sim=1.7s total=59.2s
[octo-base|PutCarrotOnPlateInScene-v1|nominal] ep 6 success=False steps=60 inf=56.4s sim=1.6s total=59.0s
[octo-base|PutCarrotOnPlateInScene-v1|nominal] ep 7 success=False steps=60 inf=56.5s sim=1.7s total=59.2s
[octo-base|PutCarrotOnPlateInScene-v1|nominal] ep 8 success=False steps=60 inf=55.4s sim=1.5s total=57.9s
[octo-base|PutCarrotOnPlateInScene-v1|nominal] ep 9 success=False steps=60 inf=55.3s sim=1.6s total=57.9s
[octo-base|PutCarrotOnPlateInScene-v1|nominal] ep 10 success=False steps=60 inf=65.8s sim=2.1s total=69.2s
[octo-base|PutCarrotOnPlateInScene-v1|nominal] ep 11 success=False steps=60 inf=56.6s sim=1.6s total=59.4s
[octo-base|PutCarrotOnPlateInScene-v1|nominal] ep 12 success=True steps=60 inf=57.4s sim=1.6s total=59.9s
[octo-base|PutCarrotOnPlateInScene-v1|nominal] ep 13 success=False steps=60 inf=57.8s sim=1.7s total=60.6s
[octo-base|PutCarrotOnPlateInScene-v1|nominal] ep 14 success=True steps=60 inf=60.9s sim=1.9s total=63.9s
[octo-base|PutCarrotOnPlateInScene-v1|nominal] ep 15 success=False steps=60 inf=59.2s sim=1.8s total=62.0s
[octo-base|PutCarrotOnPlateInScene-v1|nominal] ep 16 success=False steps=60 inf=58.2s sim=1.6s total=60.8s
[octo-base|PutCarrotOnPlateInScene-v1|nominal] ep 17 success=False steps=60 inf=58.5s sim=1.7s total=61.2s
[octo-base|PutCarrotOnPlateInScene-v1|nominal] ep 18 success=False steps=60 inf=58.7s sim=1.7s total=61.4s
[octo-base|PutCarrotOnPlateInScene-v1|nominal] ep 19 success=False steps=60 inf=58.4s sim=1.7s total=61.2s
[octo-base|PutCarrotOnPlateInScene-v1|nominal] ep 20 success=False steps=60 inf=58.4s sim=1.8s total=61.2s
[octo-base|PutCarrotOnPlateInScene-v1|nominal] ep 21 success=False steps=60 inf=58.1s sim=1.7s total=60.8s
[octo-base|PutCarrotOnPlateInScene-v1|nominal] ep 22 success=False steps=60 inf=58.1s sim=1.6s total=60.8s
[octo-base|PutCarrotOnPlateInScene-v1|nominal] ep 23 success=False steps=60 inf=59.3s sim=1.6s total=62.0s
== nominal: 3/24 success
[octo-base|PutCarrotOnPlateInScene-v1|stiff_x0.5] ep 0 success=False steps=60 inf=59.5s sim=1.6s total=62.2s
[octo-base|PutCarrotOnPlateInScene-v1|stiff_x0.5] ep 1 success=False steps=60 inf=60.9s sim=1.8s total=63.9s
[octo-base|PutCarrotOnPlateInScene-v1|stiff_x0.5] ep 2 success=False steps=60 inf=59.9s sim=1.8s total=62.7s
[octo-base|PutCarrotOnPlateInScene-v1|stiff_x0.5] ep 3 success=False steps=60 inf=61.2s sim=1.9s total=64.3s
[octo-base|PutCarrotOnPlateInScene-v1|stiff_x0.5] ep 4 success=False steps=60 inf=58.3s sim=1.6s total=61.0s
[octo-base|PutCarrotOnPlateInScene-v1|stiff_x0.5] ep 5 success=False steps=60 inf=58.1s sim=1.7s total=60.8s
[octo-base|PutCarrotOnPlateInScene-v1|stiff_x0.5] ep 6 success=True steps=60 inf=58.1s sim=1.6s total=60.7s
[octo-base|PutCarrotOnPlateInScene-v1|stiff_x0.5] ep 7 success=False steps=60 inf=62.6s sim=2.0s total=65.7s
[octo-base|PutCarrotOnPlateInScene-v1|stiff_x0.5] ep 8 success=False steps=60 inf=63.4s sim=1.8s total=66.3s
[octo-base|PutCarrotOnPlateInScene-v1|stiff_x0.5] ep 9 success=False steps=60 inf=64.1s sim=1.9s total=67.0s
[octo-base|PutCarrotOnPlateInScene-v1|stiff_x0.5] ep 10 success=False steps=60 inf=64.9s sim=1.9s total=68.0s
[octo-base|PutCarrotOnPlateInScene-v1|stiff_x0.5] ep 11 success=True steps=60 inf=64.6s sim=1.9s total=67.6s
[octo-base|PutCarrotOnPlateInScene-v1|stiff_x0.5] ep 12 success=False steps=60 inf=63.8s sim=1.9s total=66.8s
[octo-base|PutCarrotOnPlateInScene-v1|stiff_x0.5] ep 13 success=False steps=60 inf=62.1s sim=1.8s total=65.0s
[octo-base|PutCarrotOnPlateInScene-v1|stiff_x0.5] ep 14 success=True steps=60 inf=62.1s sim=2.0s total=65.1s
[octo-base|PutCarrotOnPlateInScene-v1|stiff_x0.5] ep 15 success=False steps=60 inf=62.2s sim=1.9s total=65.2s
[octo-base|PutCarrotOnPlateInScene-v1|stiff_x0.5] ep 16 success=False steps=60 inf=61.4s sim=1.8s total=64.3s
[octo-base|PutCarrotOnPlateInScene-v1|stiff_x0.5] ep 17 success=False steps=60 inf=60.5s sim=1.8s total=63.4s
[octo-base|PutCarrotOnPlateInScene-v1|stiff_x0.5] ep 18 success=False steps=60 inf=61.5s sim=1.9s total=64.5s
[octo-base|PutCarrotOnPlateInScene-v1|stiff_x0.5] ep 19 success=False steps=60 inf=62.2s sim=1.9s total=65.2s
[octo-base|PutCarrotOnPlateInScene-v1|stiff_x0.5] ep 20 success=False steps=60 inf=61.8s sim=2.0s total=64.8s
[octo-base|PutCarrotOnPlateInScene-v1|stiff_x0.5] ep 21 success=False steps=60 inf=61.8s sim=1.8s total=64.8s
[octo-base|PutCarrotOnPlateInScene-v1|stiff_x0.5] ep 22 success=False steps=60 inf=63.6s sim=1.9s total=66.7s
[octo-base|PutCarrotOnPlateInScene-v1|stiff_x0.5] ep 23 success=False steps=60 inf=61.1s sim=1.8s total=64.1s
== stiff_x0.5: 3/24 success
[octo-base|PutCarrotOnPlateInScene-v1|stiff_x2.0] ep 0 success=False steps=60 inf=61.7s sim=1.7s total=64.6s
[octo-base|PutCarrotOnPlateInScene-v1|stiff_x2.0] ep 1 success=False steps=60 inf=65.6s sim=2.2s total=68.8s
[octo-base|PutCarrotOnPlateInScene-v1|stiff_x2.0] ep 2 success=False steps=60 inf=65.3s sim=1.9s total=68.2s
[octo-base|PutCarrotOnPlateInScene-v1|stiff_x2.0] ep 3 success=False steps=60 inf=65.1s sim=2.0s total=68.2s
