==== Fri 09/18/2026  7:22:56.87 start octo-small PutCarrotOnPlateInScene-v1
[octo-small|PutCarrotOnPlateInScene-v1|nominal] ep 0 success=False steps=60 inf=3.4s sim=1.1s total=5.8s
[octo-small|PutCarrotOnPlateInScene-v1|nominal] ep 1 success=False steps=60 inf=3.3s sim=1.1s total=5.8s
[octo-small|PutCarrotOnPlateInScene-v1|nominal] ep 2 success=False steps=60 inf=3.5s sim=1.1s total=5.8s
[octo-small|PutCarrotOnPlateInScene-v1|nominal] ep 3 success=False steps=60 inf=3.5s sim=1.1s total=5.7s
[octo-small|PutCarrotOnPlateInScene-v1|nominal] ep 4 success=True steps=60 inf=3.5s sim=1.2s total=5.8s
[octo-small|PutCarrotOnPlateInScene-v1|nominal] ep 5 success=False steps=60 inf=3.5s sim=1.1s total=5.8s
[octo-small|PutCarrotOnPlateInScene-v1|nominal] ep 6 success=False steps=60 inf=3.5s sim=1.1s total=5.8s
[octo-small|PutCarrotOnPlateInScene-v1|nominal] ep 7 success=False steps=60 inf=3.5s sim=1.2s total=6.0s
[octo-small|PutCarrotOnPlateInScene-v1|nominal] ep 8 success=False steps=60 inf=3.7s sim=1.2s total=6.0s
[octo-small|PutCarrotOnPlateInScene-v1|nominal] ep 9 success=False steps=60 inf=5.4s sim=1.6s total=8.3s
[octo-small|PutCarrotOnPlateInScene-v1|nominal] ep 10 success=False steps=60 inf=4.9s sim=1.5s total=7.7s
[octo-small|PutCarrotOnPlateInScene-v1|nominal] ep 11 success=False steps=60 inf=5.4s sim=1.5s total=8.2s
[octo-small|PutCarrotOnPlateInScene-v1|nominal] ep 12 success=False steps=60 inf=5.2s sim=1.7s total=8.2s
[octo-small|PutCarrotOnPlateInScene-v1|nominal] ep 13 success=False steps=60 inf=5.2s sim=1.5s total=8.0s
[octo-small|PutCarrotOnPlateInScene-v1|nominal] ep 14 success=False steps=60 inf=5.5s sim=1.6s total=8.3s
[octo-small|PutCarrotOnPlateInScene-v1|nominal] ep 15 success=False steps=60 inf=5.4s sim=1.6s total=8.2s
[octo-small|PutCarrotOnPlateInScene-v1|nominal] ep 16 success=False steps=60 inf=5.7s sim=1.6s total=8.5s
[octo-small|PutCarrotOnPlateInScene-v1|nominal] ep 17 success=False steps=60 inf=5.7s sim=1.6s total=8.6s
[octo-small|PutCarrotOnPlateInScene-v1|nominal] ep 18 success=True steps=60 inf=6.0s sim=1.6s total=8.9s
[octo-small|PutCarrotOnPlateInScene-v1|nominal] ep 19 success=False steps=60 inf=5.9s sim=1.7s total=8.8s
[octo-small|PutCarrotOnPlateInScene-v1|nominal] ep 20 success=False steps=60 inf=6.3s sim=1.9s total=9.6s
[octo-small|PutCarrotOnPlateInScene-v1|nominal] ep 21 success=False steps=60 inf=5.7s sim=2.0s total=9.1s
[octo-small|PutCarrotOnPlateInScene-v1|nominal] ep 22 success=True steps=60 inf=6.2s sim=1.9s total=9.4s
[octo-small|PutCarrotOnPlateInScene-v1|nominal] ep 23 success=False steps=60 inf=6.4s sim=1.8s total=9.7s
== nominal: 3/24 success
[octo-small|PutCarrotOnPlateInScene-v1|stiff_x0.5] ep 0 success=True steps=60 inf=6.5s sim=1.8s total=9.7s
[octo-small|PutCarrotOnPlateInScene-v1|stiff_x0.5] ep 1 success=False steps=60 inf=5.9s sim=1.9s total=9.3s
[octo-small|PutCarrotOnPlateInScene-v1|stiff_x0.5] ep 2 success=False steps=60 inf=6.0s sim=1.9s total=9.3s
[octo-small|PutCarrotOnPlateInScene-v1|stiff_x0.5] ep 3 success=False steps=60 inf=6.5s sim=1.8s total=9.8s
[octo-small|PutCarrotOnPlateInScene-v1|stiff_x0.5] ep 4 success=False steps=60 inf=6.3s sim=2.0s total=9.6s
[octo-small|PutCarrotOnPlateInScene-v1|stiff_x0.5] ep 5 success=False steps=60 inf=6.9s sim=1.8s total=10.3s
[octo-small|PutCarrotOnPlateInScene-v1|stiff_x0.5] ep 6 success=True steps=60 inf=6.5s sim=2.0s total=10.0s
[octo-small|PutCarrotOnPlateInScene-v1|stiff_x0.5] ep 7 success=False steps=60 inf=6.6s sim=1.9s total=9.9s
[octo-small|PutCarrotOnPlateInScene-v1|stiff_x0.5] ep 8 success=False steps=60 inf=6.4s sim=1.9s total=9.7s
[octo-small|PutCarrotOnPlateInScene-v1|stiff_x0.5] ep 9 success=False steps=60 inf=6.6s sim=1.9s total=10.1s
[octo-small|PutCarrotOnPlateInScene-v1|stiff_x0.5] ep 10 success=False steps=60 inf=6.6s sim=2.0s total=10.1s
[octo-small|PutCarrotOnPlateInScene-v1|stiff_x0.5] ep 11 success=False steps=60 inf=6.2s sim=2.0s total=9.8s
[octo-small|PutCarrotOnPlateInScene-v1|stiff_x0.5] ep 12 success=False steps=60 inf=6.6s sim=1.9s total=9.9s
[octo-small|PutCarrotOnPlateInScene-v1|stiff_x0.5] ep 13 success=False steps=60 inf=6.1s sim=1.9s total=9.5s
[octo-small|PutCarrotOnPlateInScene-v1|stiff_x0.5] ep 14 success=False steps=60 inf=5.7s sim=2.2s total=9.3s
[octo-small|PutCarrotOnPlateInScene-v1|stiff_x0.5] ep 15 success=False steps=60 inf=5.8s sim=2.0s total=9.4s
[octo-small|PutCarrotOnPlateInScene-v1|stiff_x0.5] ep 16 success=False steps=60 inf=6.0s sim=2.0s total=9.6s
[octo-small|PutCarrotOnPlateInScene-v1|stiff_x0.5] ep 17 success=False steps=60 inf=6.7s sim=2.0s total=10.0s
[octo-small|PutCarrotOnPlateInScene-v1|stiff_x0.5] ep 18 success=False steps=60 inf=6.9s sim=1.9s total=10.3s
[octo-small|PutCarrotOnPlateInScene-v1|stiff_x0.5] ep 19 success=False steps=60 inf=6.8s sim=1.9s total=10.3s
[octo-small|PutCarrotOnPlateInScene-v1|stiff_x0.5] ep 20 success=False steps=60 inf=6.9s sim=1.9s total=10.1s
[octo-small|PutCarrotOnPlateInScene-v1|stiff_x0.5] ep 21 success=False steps=60 inf=6.7s sim=1.8s total=10.1s
[octo-small|PutCarrotOnPlateInScene-v1|stiff_x0.5] ep 22 success=False steps=60 inf=6.5s sim=1.9s total=9.8s
[octo-small|PutCarrotOnPlateInScene-v1|stiff_x0.5] ep 23 success=False steps=60 inf=6.6s sim=1.9s total=10.0s
== stiff_x0.5: 2/24 success
[octo-small|PutCarrotOnPlateInScene-v1|stiff_x2.0] ep 0 success=False steps=60 inf=6.5s sim=1.8s total=9.9s
[octo-small|PutCarrotOnPlateInScene-v1|stiff_x2.0] ep 1 success=False steps=60 inf=6.7s sim=1.8s total=9.9s
[octo-small|PutCarrotOnPlateInScene-v1|stiff_x2.0] ep 2 success=False steps=60 inf=6.3s sim=1.9s total=9.7s
[octo-small|PutCarrotOnPlateInScene-v1|stiff_x2.0] ep 3 success=False steps=60 inf=6.7s sim=1.8s total=10.2s
[octo-small|PutCarrotOnPlateInScene-v1|stiff_x2.0] ep 4 success=False steps=60 inf=6.6s sim=1.9s total=10.0s
[octo-small|PutCarrotOnPlateInScene-v1|stiff_x2.0] ep 5 success=False steps=60 inf=6.8s sim=1.9s total=10.1s
[octo-small|PutCarrotOnPlateInScene-v1|stiff_x2.0] ep 6 success=True steps=60 inf=6.5s sim=2.0s total=9.8s
[octo-small|PutCarrotOnPlateInScene-v1|stiff_x2.0] ep 7 success=False steps=60 inf=7.0s sim=1.8s total=10.4s
[octo-small|PutCarrotOnPlateInScene-v1|stiff_x2.0] ep 8 success=False steps=60 inf=6.3s sim=1.9s total=9.7s
[octo-small|PutCarrotOnPlateInScene-v1|stiff_x2.0] ep 9 success=False steps=60 inf=6.6s sim=1.8s total=10.1s
[octo-small|PutCarrotOnPlateInScene-v1|stiff_x2.0] ep 10 success=False steps=60 inf=6.7s sim=1.9s total=10.0s
[octo-small|PutCarrotOnPlateInScene-v1|stiff_x2.0] ep 11 success=False steps=60 inf=6.7s sim=1.9s total=10.0s
[octo-small|PutCarrotOnPlateInScene-v1|stiff_x2.0] ep 12 success=False steps=60 inf=6.8s sim=1.8s total=10.0s
[octo-small|PutCarrotOnPlateInScene-v1|stiff_x2.0] ep 13 success=False steps=60 inf=6.6s sim=1.9s total=9.9s
[octo-small|PutCarrotOnPlateInScene-v1|stiff_x2.0] ep 14 success=False steps=60 inf=6.8s sim=2.1s total=10.2s
[octo-small|PutCarrotOnPlateInScene-v1|stiff_x2.0] ep 15 success=False steps=60 inf=6.3s sim=1.8s total=9.8s
[octo-small|PutCarrotOnPlateInScene-v1|stiff_x2.0] ep 16 success=True steps=60 inf=6.4s sim=2.1s total=10.2s
[octo-small|PutCarrotOnPlateInScene-v1|stiff_x2.0] ep 17 success=False steps=60 inf=6.5s sim=1.7s total=9.7s
[octo-small|PutCarrotOnPlateInScene-v1|stiff_x2.0] ep 18 success=True steps=60 inf=6.9s sim=1.5s total=9.8s
[octo-small|PutCarrotOnPlateInScene-v1|stiff_x2.0] ep 19 success=False steps=60 inf=6.8s sim=1.6s total=9.8s
[octo-small|PutCarrotOnPlateInScene-v1|stiff_x2.0] ep 20 success=False steps=60 inf=7.1s sim=1.4s total=9.9s
[octo-small|PutCarrotOnPlateInScene-v1|stiff_x2.0] ep 21 success=False steps=60 inf=6.9s sim=1.5s total=9.8s
[octo-small|PutCarrotOnPlateInScene-v1|stiff_x2.0] ep 22 success=True steps=60 inf=6.8s sim=1.6s total=9.7s
[octo-small|PutCarrotOnPlateInScene-v1|stiff_x2.0] ep 23 success=False steps=60 inf=6.8s sim=1.4s total=9.8s
== stiff_x2.0: 4/24 success
[octo-small|PutCarrotOnPlateInScene-v1|damp_x0.5] ep 0 success=False steps=60 inf=7.0s sim=1.4s total=9.8s
[octo-small|PutCarrotOnPlateInScene-v1|damp_x0.5] ep 1 success=False steps=60 inf=6.7s sim=1.4s total=9.7s
[octo-small|PutCarrotOnPlateInScene-v1|damp_x0.5] ep 2 success=False steps=60 inf=6.7s sim=1.4s total=9.5s
[octo-small|PutCarrotOnPlateInScene-v1|damp_x0.5] ep 3 success=False steps=60 inf=7.1s sim=1.4s total=9.9s
[octo-small|PutCarrotOnPlateInScene-v1|damp_x0.5] ep 4 success=False steps=60 inf=6.5s sim=1.6s total=9.6s
[octo-small|PutCarrotOnPlateInScene-v1|damp_x0.5] ep 5 success=False steps=60 inf=7.1s sim=1.5s total=10.1s
[octo-small|PutCarrotOnPlateInScene-v1|damp_x0.5] ep 6 success=False steps=60 inf=7.6s sim=1.6s total=10.9s
[octo-small|PutCarrotOnPlateInScene-v1|damp_x0.5] ep 7 success=False steps=60 inf=7.5s sim=1.7s total=11.0s
[octo-small|PutCarrotOnPlateInScene-v1|damp_x0.5] ep 8 success=False steps=60 inf=8.2s sim=1.7s total=11.6s
[octo-small|PutCarrotOnPlateInScene-v1|damp_x0.5] ep 9 success=False steps=60 inf=15.7s sim=3.7s total=21.5s
[octo-small|PutCarrotOnPlateInScene-v1|damp_x0.5] ep 10 success=False steps=60 inf=7.7s sim=1.9s total=11.3s
[octo-small|PutCarrotOnPlateInScene-v1|damp_x0.5] ep 11 success=False steps=60 inf=7.5s sim=1.7s total=11.2s
[octo-small|PutCarrotOnPlateInScene-v1|damp_x0.5] ep 12 success=False steps=60 inf=15.5s sim=3.1s total=22.1s
[octo-small|PutCarrotOnPlateInScene-v1|damp_x0.5] ep 13 success=False steps=60 inf=7.9s sim=1.6s total=11.0s
[octo-small|PutCarrotOnPlateInScene-v1|damp_x0.5] ep 14 success=True steps=60 inf=6.9s sim=1.6s total=10.1s
[octo-small|PutCarrotOnPlateInScene-v1|damp_x0.5] ep 15 success=False steps=60 inf=7.2s sim=1.4s total=10.2s
[octo-small|PutCarrotOnPlateInScene-v1|damp_x0.5] ep 16 success=True steps=60 inf=6.6s sim=1.7s total=9.8s
[octo-small|PutCarrotOnPlateInScene-v1|damp_x0.5] ep 17 success=False steps=60 inf=6.5s sim=1.7s total=9.8s
[octo-small|PutCarrotOnPlateInScene-v1|damp_x0.5] ep 18 success=True steps=60 inf=9.2s sim=1.9s total=12.9s
[octo-small|PutCarrotOnPlateInScene-v1|damp_x0.5] ep 19 success=False steps=60 inf=11.0s sim=2.0s total=14.6s
[octo-small|PutCarrotOnPlateInScene-v1|damp_x0.5] ep 20 success=False steps=60 inf=10.6s sim=2.0s total=14.5s
[octo-small|PutCarrotOnPlateInScene-v1|damp_x0.5] ep 21 success=False steps=60 inf=10.6s sim=1.9s total=14.2s
[octo-small|PutCarrotOnPlateInScene-v1|damp_x0.5] ep 22 success=False steps=60 inf=10.7s sim=1.9s total=14.4s
[octo-small|PutCarrotOnPlateInScene-v1|damp_x0.5] ep 23 success=False steps=60 inf=10.3s sim=2.1s total=14.2s
== damp_x0.5: 3/24 success
[octo-small|PutCarrotOnPlateInScene-v1|damp_x2.0] ep 0 success=False steps=60 inf=10.5s sim=2.1s total=14.3s
[octo-small|PutCarrotOnPlateInScene-v1|damp_x2.0] ep 1 success=False steps=60 inf=10.4s sim=2.1s total=14.3s
[octo-small|PutCarrotOnPlateInScene-v1|damp_x2.0] ep 2 success=False steps=60 inf=10.6s sim=1.9s total=14.3s
[octo-small|PutCarrotOnPlateInScene-v1|damp_x2.0] ep 3 success=False steps=60 inf=10.2s sim=2.0s total=14.0s
[octo-small|PutCarrotOnPlateInScene-v1|damp_x2.0] ep 4 success=True steps=60 inf=10.2s sim=2.2s total=14.2s
[octo-small|PutCarrotOnPlateInScene-v1|damp_x2.0] ep 5 success=False steps=60 inf=10.8s sim=1.9s total=14.5s
[octo-small|PutCarrotOnPlateInScene-v1|damp_x2.0] ep 6 success=True steps=60 inf=10.3s sim=2.4s total=14.3s
[octo-small|PutCarrotOnPlateInScene-v1|damp_x2.0] ep 7 success=False steps=60 inf=10.5s sim=2.1s total=14.5s
[octo-small|PutCarrotOnPlateInScene-v1|damp_x2.0] ep 8 success=False steps=60 inf=10.7s sim=2.1s total=14.9s
[octo-small|PutCarrotOnPlateInScene-v1|damp_x2.0] ep 9 success=False steps=60 inf=10.6s sim=2.2s total=14.6s
[octo-small|PutCarrotOnPlateInScene-v1|damp_x2.0] ep 10 success=False steps=60 inf=10.9s sim=1.9s total=14.6s
[octo-small|PutCarrotOnPlateInScene-v1|damp_x2.0] ep 11 success=False steps=60 inf=11.4s sim=2.1s total=15.2s
[octo-small|PutCarrotOnPlateInScene-v1|damp_x2.0] ep 12 success=False steps=60 inf=10.8s sim=2.1s total=14.7s
[octo-small|PutCarrotOnPlateInScene-v1|damp_x2.0] ep 13 success=False steps=60 inf=10.5s sim=1.9s total=14.3s
[octo-small|PutCarrotOnPlateInScene-v1|damp_x2.0] ep 14 success=True steps=60 inf=10.4s sim=2.0s total=14.3s
[octo-small|PutCarrotOnPlateInScene-v1|damp_x2.0] ep 15 success=False steps=60 inf=10.6s sim=2.0s total=14.3s
[octo-small|PutCarrotOnPlateInScene-v1|damp_x2.0] ep 16 success=False steps=60 inf=10.4s sim=2.1s total=14.3s
[octo-small|PutCarrotOnPlateInScene-v1|damp_x2.0] ep 17 success=False steps=60 inf=10.6s sim=1.9s total=14.2s
[octo-small|PutCarrotOnPlateInScene-v1|damp_x2.0] ep 18 success=False steps=60 inf=11.1s sim=1.9s total=14.8s
[octo-small|PutCarrotOnPlateInScene-v1|damp_x2.0] ep 19 success=False steps=60 inf=11.0s sim=1.9s total=14.7s
[octo-small|PutCarrotOnPlateInScene-v1|damp_x2.0] ep 20 success=False steps=60 inf=10.4s sim=2.1s total=14.2s
[octo-small|PutCarrotOnPlateInScene-v1|damp_x2.0] ep 21 success=False steps=60 inf=10.2s sim=2.1s total=14.1s
[octo-small|PutCarrotOnPlateInScene-v1|damp_x2.0] ep 22 success=False steps=60 inf=10.5s sim=2.1s total=14.2s
[octo-small|PutCarrotOnPlateInScene-v1|damp_x2.0] ep 23 success=False steps=60 inf=9.9s sim=2.1s total=13.8s
== damp_x2.0: 3/24 success
[octo-small|PutCarrotOnPlateInScene-v1|force_x0.5] ep 0 success=False steps=60 inf=11.0s sim=1.9s total=14.6s
[octo-small|PutCarrotOnPlateInScene-v1|force_x0.5] ep 1 success=False steps=60 inf=10.6s sim=2.1s total=14.5s
[octo-small|PutCarrotOnPlateInScene-v1|force_x0.5] ep 2 success=False steps=60 inf=10.7s sim=1.8s total=14.3s
[octo-small|PutCarrotOnPlateInScene-v1|force_x0.5] ep 3 success=False steps=60 inf=10.9s sim=2.0s total=14.7s
[octo-small|PutCarrotOnPlateInScene-v1|force_x0.5] ep 4 success=True steps=60 inf=10.6s sim=2.2s total=14.7s
[octo-small|PutCarrotOnPlateInScene-v1|force_x0.5] ep 5 success=False steps=60 inf=10.5s sim=2.2s total=14.4s
[octo-small|PutCarrotOnPlateInScene-v1|force_x0.5] ep 6 success=False steps=60 inf=11.2s sim=1.9s total=14.8s
[octo-small|PutCarrotOnPlateInScene-v1|force_x0.5] ep 7 success=False steps=60 inf=10.5s sim=2.2s total=14.5s
[octo-small|PutCarrotOnPlateInScene-v1|force_x0.5] ep 8 success=False steps=60 inf=10.8s sim=2.1s total=14.5s
[octo-small|PutCarrotOnPlateInScene-v1|force_x0.5] ep 9 success=False steps=60 inf=10.8s sim=2.3s total=14.8s
[octo-small|PutCarrotOnPlateInScene-v1|force_x0.5] ep 10 success=False steps=60 inf=10.9s sim=1.8s total=14.4s
[octo-small|PutCarrotOnPlateInScene-v1|force_x0.5] ep 11 success=False steps=60 inf=10.3s sim=2.1s total=14.1s
[octo-small|PutCarrotOnPlateInScene-v1|force_x0.5] ep 12 success=False steps=60 inf=10.6s sim=2.0s total=14.3s
[octo-small|PutCarrotOnPlateInScene-v1|force_x0.5] ep 13 success=False steps=60 inf=10.3s sim=2.1s total=14.2s
[octo-small|PutCarrotOnPlateInScene-v1|force_x0.5] ep 14 success=False steps=60 inf=11.0s sim=2.2s total=14.9s
[octo-small|PutCarrotOnPlateInScene-v1|force_x0.5] ep 15 success=False steps=60 inf=10.7s sim=1.9s total=14.4s
[octo-small|PutCarrotOnPlateInScene-v1|force_x0.5] ep 16 success=False steps=60 inf=11.1s sim=2.1s total=14.8s
[octo-small|PutCarrotOnPlateInScene-v1|force_x0.5] ep 17 success=False steps=60 inf=10.8s sim=2.1s total=14.6s
[octo-small|PutCarrotOnPlateInScene-v1|force_x0.5] ep 18 success=True steps=60 inf=10.9s sim=2.0s total=14.7s
[octo-small|PutCarrotOnPlateInScene-v1|force_x0.5] ep 19 success=False steps=60 inf=10.5s sim=2.0s total=14.2s
[octo-small|PutCarrotOnPlateInScene-v1|force_x0.5] ep 20 success=False steps=60 inf=11.2s sim=1.8s total=14.8s
[octo-small|PutCarrotOnPlateInScene-v1|force_x0.5] ep 21 success=False steps=60 inf=10.6s sim=2.1s total=14.3s
[octo-small|PutCarrotOnPlateInScene-v1|force_x0.5] ep 22 success=True steps=60 inf=11.0s sim=2.1s total=15.0s
[octo-small|PutCarrotOnPlateInScene-v1|force_x0.5] ep 23 success=False steps=60 inf=11.0s sim=1.9s total=14.6s
== force_x0.5: 3/24 success
[octo-small|PutCarrotOnPlateInScene-v1|delay_1] ep 0 success=False steps=60 inf=11.2s sim=2.2s total=15.2s
[octo-small|PutCarrotOnPlateInScene-v1|delay_1] ep 1 success=False steps=60 inf=11.1s sim=2.0s total=14.9s
[octo-small|PutCarrotOnPlateInScene-v1|delay_1] ep 2 success=False steps=60 inf=10.9s sim=1.9s total=14.5s
[octo-small|PutCarrotOnPlateInScene-v1|delay_1] ep 3 success=False steps=60 inf=11.8s sim=1.9s total=15.6s
[octo-small|PutCarrotOnPlateInScene-v1|delay_1] ep 4 success=True steps=60 inf=11.2s sim=2.4s total=15.5s
[octo-small|PutCarrotOnPlateInScene-v1|delay_1] ep 5 success=False steps=60 inf=11.2s sim=1.9s total=14.9s
[octo-small|PutCarrotOnPlateInScene-v1|delay_1] ep 6 success=True steps=60 inf=11.1s sim=2.3s total=15.1s
[octo-small|PutCarrotOnPlateInScene-v1|delay_1] ep 7 success=False steps=60 inf=10.9s sim=2.1s total=14.8s
[octo-small|PutCarrotOnPlateInScene-v1|delay_1] ep 8 success=False steps=60 inf=10.7s sim=2.1s total=14.5s
[octo-small|PutCarrotOnPlateInScene-v1|delay_1] ep 9 success=False steps=60 inf=11.1s sim=2.1s total=14.9s
[octo-small|PutCarrotOnPlateInScene-v1|delay_1] ep 10 success=False steps=60 inf=10.6s sim=1.9s total=14.2s
[octo-small|PutCarrotOnPlateInScene-v1|delay_1] ep 11 success=False steps=60 inf=10.3s sim=2.2s total=14.3s
[octo-small|PutCarrotOnPlateInScene-v1|delay_1] ep 12 success=False steps=60 inf=10.6s sim=2.2s total=14.7s
[octo-small|PutCarrotOnPlateInScene-v1|delay_1] ep 13 success=False steps=60 inf=11.2s sim=2.1s total=15.1s
[octo-small|PutCarrotOnPlateInScene-v1|delay_1] ep 14 success=False steps=60 inf=12.6s sim=2.1s total=16.2s
[octo-small|PutCarrotOnPlateInScene-v1|delay_1] ep 15 success=False steps=60 inf=11.0s sim=2.0s total=15.3s
[octo-small|PutCarrotOnPlateInScene-v1|delay_1] ep 16 success=False steps=60 inf=12.0s sim=2.1s total=16.2s
[octo-small|PutCarrotOnPlateInScene-v1|delay_1] ep 17 success=False steps=60 inf=11.9s sim=2.0s total=15.5s
[octo-small|PutCarrotOnPlateInScene-v1|delay_1] ep 18 success=True steps=60 inf=11.9s sim=2.4s total=15.9s
[octo-small|PutCarrotOnPlateInScene-v1|delay_1] ep 19 success=False steps=60 inf=12.2s sim=2.2s total=16.2s
[octo-small|PutCarrotOnPlateInScene-v1|delay_1] ep 20 success=False steps=60 inf=11.3s sim=2.2s total=15.5s
[octo-small|PutCarrotOnPlateInScene-v1|delay_1] ep 21 success=False steps=60 inf=11.7s sim=2.1s total=15.7s
[octo-small|PutCarrotOnPlateInScene-v1|delay_1] ep 22 success=False steps=60 inf=11.8s sim=2.1s total=15.7s
[octo-small|PutCarrotOnPlateInScene-v1|delay_1] ep 23 success=False steps=60 inf=11.5s sim=2.5s total=15.7s
== delay_1: 3/24 success
==== Fri 09/18/2026  7:22:56.87 end octo-small PutCarrotOnPlateInScene-v1 exit 0
==== Fri 09/18/2026  7:22:56.87 start octo-small PutSpoonOnTableClothInScene-v1
[octo-small|PutSpoonOnTableClothInScene-v1|nominal] ep 0 success=True steps=60 inf=12.4s sim=2.3s total=16.7s
[octo-small|PutSpoonOnTableClothInScene-v1|nominal] ep 1 success=False steps=60 inf=12.4s sim=2.7s total=17.1s
[octo-small|PutSpoonOnTableClothInScene-v1|nominal] ep 2 success=True steps=60 inf=11.6s sim=2.5s total=16.0s
[octo-small|PutSpoonOnTableClothInScene-v1|nominal] ep 3 success=True steps=60 inf=12.5s sim=2.5s total=16.6s
[octo-small|PutSpoonOnTableClothInScene-v1|nominal] ep 4 success=True steps=60 inf=11.5s sim=2.3s total=15.8s
[octo-small|PutSpoonOnTableClothInScene-v1|nominal] ep 5 success=False steps=60 inf=10.9s sim=2.1s total=14.9s
[octo-small|PutSpoonOnTableClothInScene-v1|nominal] ep 6 success=True steps=60 inf=11.0s sim=2.0s total=14.9s
[octo-small|PutSpoonOnTableClothInScene-v1|nominal] ep 7 success=False steps=60 inf=10.4s sim=2.3s total=14.6s
[octo-small|PutSpoonOnTableClothInScene-v1|nominal] ep 8 success=False steps=60 inf=11.3s sim=2.1s total=15.3s
[octo-small|PutSpoonOnTableClothInScene-v1|nominal] ep 9 success=False steps=60 inf=9.8s sim=2.0s total=13.5s
[octo-small|PutSpoonOnTableClothInScene-v1|nominal] ep 10 success=False steps=60 inf=10.0s sim=1.9s total=13.7s
[octo-small|PutSpoonOnTableClothInScene-v1|nominal] ep 11 success=False steps=60 inf=9.6s sim=2.1s total=13.3s
[octo-small|PutSpoonOnTableClothInScene-v1|nominal] ep 12 success=True steps=60 inf=10.3s sim=1.8s total=13.8s
[octo-small|PutSpoonOnTableClothInScene-v1|nominal] ep 13 success=False steps=60 inf=10.1s sim=2.0s total=13.8s
[octo-small|PutSpoonOnTableClothInScene-v1|nominal] ep 14 success=False steps=60 inf=9.7s sim=1.7s total=13.1s
[octo-small|PutSpoonOnTableClothInScene-v1|nominal] ep 15 success=False steps=60 inf=10.3s sim=2.0s total=14.0s
[octo-small|PutSpoonOnTableClothInScene-v1|nominal] ep 16 success=True steps=60 inf=9.6s sim=1.9s total=13.1s
[octo-small|PutSpoonOnTableClothInScene-v1|nominal] ep 17 success=False steps=60 inf=10.2s sim=1.9s total=13.8s
[octo-small|PutSpoonOnTableClothInScene-v1|nominal] ep 18 success=False steps=60 inf=10.3s sim=1.9s total=13.9s
[octo-small|PutSpoonOnTableClothInScene-v1|nominal] ep 19 success=True steps=60 inf=9.8s sim=2.0s total=13.5s
[octo-small|PutSpoonOnTableClothInScene-v1|nominal] ep 20 success=False steps=60 inf=9.7s sim=1.9s total=13.4s
[octo-small|PutSpoonOnTableClothInScene-v1|nominal] ep 21 success=False steps=60 inf=10.4s sim=2.2s total=14.4s
[octo-small|PutSpoonOnTableClothInScene-v1|nominal] ep 22 success=True steps=60 inf=11.3s sim=2.5s total=15.5s
[octo-small|PutSpoonOnTableClothInScene-v1|nominal] ep 23 success=False steps=60 inf=12.0s sim=2.5s total=16.3s
== nominal: 9/24 success
[octo-small|PutSpoonOnTableClothInScene-v1|stiff_x0.5] ep 0 success=False steps=60 inf=11.7s sim=2.2s total=15.7s
[octo-small|PutSpoonOnTableClothInScene-v1|stiff_x0.5] ep 1 success=False steps=60 inf=12.1s sim=2.6s total=16.7s
[octo-small|PutSpoonOnTableClothInScene-v1|stiff_x0.5] ep 2 success=True steps=60 inf=11.7s sim=3.0s total=16.5s
[octo-small|PutSpoonOnTableClothInScene-v1|stiff_x0.5] ep 3 success=False steps=60 inf=10.9s sim=2.9s total=15.8s
[octo-small|PutSpoonOnTableClothInScene-v1|stiff_x0.5] ep 4 success=True steps=60 inf=11.7s sim=2.5s total=16.2s
[octo-small|PutSpoonOnTableClothInScene-v1|stiff_x0.5] ep 5 success=False steps=60 inf=12.3s sim=2.5s total=16.6s
[octo-small|PutSpoonOnTableClothInScene-v1|stiff_x0.5] ep 6 success=True steps=60 inf=11.4s sim=2.4s total=15.6s
[octo-small|PutSpoonOnTableClothInScene-v1|stiff_x0.5] ep 7 success=False steps=60 inf=11.4s sim=2.5s total=15.6s
[octo-small|PutSpoonOnTableClothInScene-v1|stiff_x0.5] ep 8 success=False steps=60 inf=11.5s sim=2.3s total=15.6s
[octo-small|PutSpoonOnTableClothInScene-v1|stiff_x0.5] ep 9 success=False steps=60 inf=11.0s sim=2.6s total=15.4s
[octo-small|PutSpoonOnTableClothInScene-v1|stiff_x0.5] ep 10 success=True steps=60 inf=11.2s sim=2.5s total=16.1s
[octo-small|PutSpoonOnTableClothInScene-v1|stiff_x0.5] ep 11 success=False steps=60 inf=11.6s sim=2.5s total=16.0s
[octo-small|PutSpoonOnTableClothInScene-v1|stiff_x0.5] ep 12 success=False steps=60 inf=12.1s sim=2.6s total=16.7s
[octo-small|PutSpoonOnTableClothInScene-v1|stiff_x0.5] ep 13 success=False steps=60 inf=11.1s sim=2.6s total=15.5s
[octo-small|PutSpoonOnTableClothInScene-v1|stiff_x0.5] ep 14 success=False steps=60 inf=11.6s sim=2.5s total=16.2s
[octo-small|PutSpoonOnTableClothInScene-v1|stiff_x0.5] ep 15 success=False steps=60 inf=11.4s sim=2.8s total=16.2s
[octo-small|PutSpoonOnTableClothInScene-v1|stiff_x0.5] ep 16 success=False steps=60 inf=11.5s sim=2.6s total=16.3s
[octo-small|PutSpoonOnTableClothInScene-v1|stiff_x0.5] ep 17 success=False steps=60 inf=11.5s sim=2.3s total=15.7s
[octo-small|PutSpoonOnTableClothInScene-v1|stiff_x0.5] ep 18 success=False steps=60 inf=12.1s sim=2.4s total=16.5s
[octo-small|PutSpoonOnTableClothInScene-v1|stiff_x0.5] ep 19 success=False steps=60 inf=11.4s sim=2.4s total=15.7s
[octo-small|PutSpoonOnTableClothInScene-v1|stiff_x0.5] ep 20 success=False steps=60 inf=11.9s sim=2.2s total=16.1s
[octo-small|PutSpoonOnTableClothInScene-v1|stiff_x0.5] ep 21 success=False steps=60 inf=11.9s sim=2.5s total=16.5s
[octo-small|PutSpoonOnTableClothInScene-v1|stiff_x0.5] ep 22 success=True steps=60 inf=12.1s sim=2.4s total=16.5s
[octo-small|PutSpoonOnTableClothInScene-v1|stiff_x0.5] ep 23 success=False steps=60 inf=12.1s sim=2.4s total=16.5s
== stiff_x0.5: 5/24 success
[octo-small|PutSpoonOnTableClothInScene-v1|stiff_x2.0] ep 0 success=False steps=60 inf=12.5s sim=2.3s total=16.7s
[octo-small|PutSpoonOnTableClothInScene-v1|stiff_x2.0] ep 1 success=False steps=60 inf=13.4s sim=2.7s total=17.9s
[octo-small|PutSpoonOnTableClothInScene-v1|stiff_x2.0] ep 2 success=False steps=60 inf=12.0s sim=2.8s total=16.7s
[octo-small|PutSpoonOnTableClothInScene-v1|stiff_x2.0] ep 3 success=True steps=60 inf=12.0s sim=2.6s total=16.4s
[octo-small|PutSpoonOnTableClothInScene-v1|stiff_x2.0] ep 4 success=False steps=60 inf=11.5s sim=2.2s total=15.6s
[octo-small|PutSpoonOnTableClothInScene-v1|stiff_x2.0] ep 5 success=False steps=60 inf=11.8s sim=2.4s total=16.1s
[octo-small|PutSpoonOnTableClothInScene-v1|stiff_x2.0] ep 6 success=True steps=60 inf=12.7s sim=2.2s total=16.8s
[octo-small|PutSpoonOnTableClothInScene-v1|stiff_x2.0] ep 7 success=True steps=60 inf=12.4s sim=2.4s total=16.8s
[octo-small|PutSpoonOnTableClothInScene-v1|stiff_x2.0] ep 8 success=False steps=60 inf=12.1s sim=2.3s total=16.3s
[octo-small|PutSpoonOnTableClothInScene-v1|stiff_x2.0] ep 9 success=True steps=60 inf=12.7s sim=2.8s total=17.2s
[octo-small|PutSpoonOnTableClothInScene-v1|stiff_x2.0] ep 10 success=True steps=60 inf=13.2s sim=2.6s total=17.7s
[octo-small|PutSpoonOnTableClothInScene-v1|stiff_x2.0] ep 11 success=False steps=60 inf=12.7s sim=2.4s total=17.0s
[octo-small|PutSpoonOnTableClothInScene-v1|stiff_x2.0] ep 12 success=False steps=60 inf=12.5s sim=2.2s total=16.6s
[octo-small|PutSpoonOnTableClothInScene-v1|stiff_x2.0] ep 13 success=False steps=60 inf=12.5s sim=2.9s total=17.2s
[octo-small|PutSpoonOnTableClothInScene-v1|stiff_x2.0] ep 14 success=False steps=60 inf=13.2s sim=2.3s total=17.5s
[octo-small|PutSpoonOnTableClothInScene-v1|stiff_x2.0] ep 15 success=False steps=60 inf=11.8s sim=2.6s total=16.2s
[octo-small|PutSpoonOnTableClothInScene-v1|stiff_x2.0] ep 16 success=False steps=60 inf=12.7s sim=2.3s total=17.4s
[octo-small|PutSpoonOnTableClothInScene-v1|stiff_x2.0] ep 17 success=False steps=60 inf=12.1s sim=2.2s total=16.2s
[octo-small|PutSpoonOnTableClothInScene-v1|stiff_x2.0] ep 18 success=True steps=60 inf=12.7s sim=2.3s total=17.0s
[octo-small|PutSpoonOnTableClothInScene-v1|stiff_x2.0] ep 19 success=True steps=60 inf=12.2s sim=2.6s total=16.7s
[octo-small|PutSpoonOnTableClothInScene-v1|stiff_x2.0] ep 20 success=False steps=60 inf=12.2s sim=2.5s total=16.6s
[octo-small|PutSpoonOnTableClothInScene-v1|stiff_x2.0] ep 21 success=True steps=60 inf=11.8s sim=2.5s total=16.1s
[octo-small|PutSpoonOnTableClothInScene-v1|stiff_x2.0] ep 22 success=False steps=60 inf=12.4s sim=2.1s total=16.4s
[octo-small|PutSpoonOnTableClothInScene-v1|stiff_x2.0] ep 23 success=False steps=60 inf=12.9s sim=2.5s total=17.3s
== stiff_x2.0: 8/24 success
[octo-small|PutSpoonOnTableClothInScene-v1|damp_x0.5] ep 0 success=True steps=60 inf=12.3s sim=2.2s total=16.3s
[octo-small|PutSpoonOnTableClothInScene-v1|damp_x0.5] ep 1 success=False steps=60 inf=12.4s sim=2.6s total=16.9s
[octo-small|PutSpoonOnTableClothInScene-v1|damp_x0.5] ep 2 success=False steps=60 inf=12.5s sim=2.3s total=16.8s
[octo-small|PutSpoonOnTableClothInScene-v1|damp_x0.5] ep 3 success=False steps=60 inf=12.5s sim=2.5s total=16.8s
[octo-small|PutSpoonOnTableClothInScene-v1|damp_x0.5] ep 4 success=False steps=60 inf=12.8s sim=1.9s total=16.7s
[octo-small|PutSpoonOnTableClothInScene-v1|damp_x0.5] ep 5 success=False steps=60 inf=11.9s sim=2.5s total=16.2s
[octo-small|PutSpoonOnTableClothInScene-v1|damp_x0.5] ep 6 success=True steps=60 inf=12.5s sim=2.4s total=17.3s
[octo-small|PutSpoonOnTableClothInScene-v1|damp_x0.5] ep 7 success=True steps=60 inf=12.0s sim=2.5s total=16.3s
[octo-small|PutSpoonOnTableClothInScene-v1|damp_x0.5] ep 8 success=False steps=60 inf=12.7s sim=2.1s total=16.6s
[octo-small|PutSpoonOnTableClothInScene-v1|damp_x0.5] ep 9 success=False steps=60 inf=12.5s sim=2.4s total=16.8s
[octo-small|PutSpoonOnTableClothInScene-v1|damp_x0.5] ep 10 success=False steps=60 inf=12.0s sim=2.2s total=16.2s
[octo-small|PutSpoonOnTableClothInScene-v1|damp_x0.5] ep 11 success=False steps=60 inf=13.2s sim=2.1s total=17.3s
[octo-small|PutSpoonOnTableClothInScene-v1|damp_x0.5] ep 12 success=False steps=60 inf=12.9s sim=2.1s total=16.8s
[octo-small|PutSpoonOnTableClothInScene-v1|damp_x0.5] ep 13 success=False steps=60 inf=12.7s sim=2.6s total=17.2s
[octo-small|PutSpoonOnTableClothInScene-v1|damp_x0.5] ep 14 success=False steps=60 inf=12.4s sim=2.2s total=16.4s
[octo-small|PutSpoonOnTableClothInScene-v1|damp_x0.5] ep 15 success=False steps=60 inf=12.0s sim=2.5s total=16.5s
[octo-small|PutSpoonOnTableClothInScene-v1|damp_x0.5] ep 16 success=True steps=60 inf=12.3s sim=2.2s total=16.5s
[octo-small|PutSpoonOnTableClothInScene-v1|damp_x0.5] ep 17 success=False steps=60 inf=13.2s sim=2.2s total=17.5s
[octo-small|PutSpoonOnTableClothInScene-v1|damp_x0.5] ep 18 success=True steps=60 inf=12.2s sim=2.6s total=16.7s
[octo-small|PutSpoonOnTableClothInScene-v1|damp_x0.5] ep 19 success=True steps=60 inf=12.2s sim=2.4s total=16.6s
[octo-small|PutSpoonOnTableClothInScene-v1|damp_x0.5] ep 20 success=False steps=60 inf=13.1s sim=2.0s total=17.0s
[octo-small|PutSpoonOnTableClothInScene-v1|damp_x0.5] ep 21 success=False steps=60 inf=12.7s sim=2.3s total=17.0s
[octo-small|PutSpoonOnTableClothInScene-v1|damp_x0.5] ep 22 success=False steps=60 inf=12.1s sim=2.2s total=16.3s
[octo-small|PutSpoonOnTableClothInScene-v1|damp_x0.5] ep 23 success=False steps=60 inf=12.7s sim=2.4s total=16.9s
== damp_x0.5: 6/24 success
[octo-small|PutSpoonOnTableClothInScene-v1|damp_x2.0] ep 0 success=True steps=60 inf=12.6s sim=2.2s total=16.8s
[octo-small|PutSpoonOnTableClothInScene-v1|damp_x2.0] ep 1 success=True steps=60 inf=12.5s sim=2.7s total=17.3s
[octo-small|PutSpoonOnTableClothInScene-v1|damp_x2.0] ep 2 success=False steps=60 inf=12.4s sim=2.5s total=16.8s
[octo-small|PutSpoonOnTableClothInScene-v1|damp_x2.0] ep 3 success=False steps=60 inf=11.9s sim=2.1s total=16.0s
[octo-small|PutSpoonOnTableClothInScene-v1|damp_x2.0] ep 4 success=False steps=60 inf=12.3s sim=2.4s total=16.6s
[octo-small|PutSpoonOnTableClothInScene-v1|damp_x2.0] ep 5 success=False steps=60 inf=12.5s sim=2.5s total=17.0s
[octo-small|PutSpoonOnTableClothInScene-v1|damp_x2.0] ep 6 success=False steps=60 inf=12.4s sim=2.3s total=16.7s
[octo-small|PutSpoonOnTableClothInScene-v1|damp_x2.0] ep 7 success=False steps=60 inf=11.9s sim=2.8s total=16.7s
[octo-small|PutSpoonOnTableClothInScene-v1|damp_x2.0] ep 8 success=False steps=60 inf=11.7s sim=2.4s total=16.2s
[octo-small|PutSpoonOnTableClothInScene-v1|damp_x2.0] ep 9 success=False steps=60 inf=12.2s sim=2.5s total=16.6s
[octo-small|PutSpoonOnTableClothInScene-v1|damp_x2.0] ep 10 success=True steps=60 inf=12.0s sim=2.3s total=16.4s
[octo-small|PutSpoonOnTableClothInScene-v1|damp_x2.0] ep 11 success=False steps=60 inf=12.6s sim=2.4s total=16.9s
[octo-small|PutSpoonOnTableClothInScene-v1|damp_x2.0] ep 12 success=False steps=60 inf=13.0s sim=2.3s total=17.3s
[octo-small|PutSpoonOnTableClothInScene-v1|damp_x2.0] ep 13 success=False steps=60 inf=11.9s sim=2.4s total=16.2s
[octo-small|PutSpoonOnTableClothInScene-v1|damp_x2.0] ep 14 success=False steps=60 inf=12.4s sim=2.0s total=16.5s
[octo-small|PutSpoonOnTableClothInScene-v1|damp_x2.0] ep 15 success=False steps=60 inf=12.6s sim=2.3s total=16.8s
[octo-small|PutSpoonOnTableClothInScene-v1|damp_x2.0] ep 16 success=False steps=60 inf=12.1s sim=2.8s total=17.0s
[octo-small|PutSpoonOnTableClothInScene-v1|damp_x2.0] ep 17 success=False steps=60 inf=12.3s sim=2.5s total=16.8s
[octo-small|PutSpoonOnTableClothInScene-v1|damp_x2.0] ep 18 success=False steps=60 inf=12.3s sim=2.3s total=16.4s
[octo-small|PutSpoonOnTableClothInScene-v1|damp_x2.0] ep 19 success=True steps=60 inf=11.4s sim=2.2s total=15.5s
[octo-small|PutSpoonOnTableClothInScene-v1|damp_x2.0] ep 20 success=False steps=60 inf=11.6s sim=1.9s total=15.3s
[octo-small|PutSpoonOnTableClothInScene-v1|damp_x2.0] ep 21 success=False steps=60 inf=11.3s sim=2.0s total=15.1s
[octo-small|PutSpoonOnTableClothInScene-v1|damp_x2.0] ep 22 success=True steps=60 inf=11.7s sim=2.0s total=15.4s
[octo-small|PutSpoonOnTableClothInScene-v1|damp_x2.0] ep 23 success=False steps=60 inf=11.8s sim=2.0s total=15.6s
== damp_x2.0: 5/24 success
[octo-small|PutSpoonOnTableClothInScene-v1|force_x0.5] ep 0 success=True steps=60 inf=10.2s sim=2.1s total=14.3s
[octo-small|PutSpoonOnTableClothInScene-v1|force_x0.5] ep 1 success=False steps=60 inf=10.7s sim=2.2s total=14.8s
[octo-small|PutSpoonOnTableClothInScene-v1|force_x0.5] ep 2 success=False steps=60 inf=11.2s sim=2.2s total=15.2s
[octo-small|PutSpoonOnTableClothInScene-v1|force_x0.5] ep 3 success=False steps=60 inf=11.3s sim=2.2s total=15.5s
[octo-small|PutSpoonOnTableClothInScene-v1|force_x0.5] ep 4 success=True steps=60 inf=11.2s sim=2.1s total=15.1s
[octo-small|PutSpoonOnTableClothInScene-v1|force_x0.5] ep 5 success=False steps=60 inf=11.8s sim=1.9s total=15.5s
[octo-small|PutSpoonOnTableClothInScene-v1|force_x0.5] ep 6 success=True steps=60 inf=11.3s sim=2.1s total=15.2s
[octo-small|PutSpoonOnTableClothInScene-v1|force_x0.5] ep 7 success=False steps=60 inf=10.9s sim=2.2s total=15.0s
[octo-small|PutSpoonOnTableClothInScene-v1|force_x0.5] ep 8 success=False steps=60 inf=11.0s sim=2.0s total=14.9s
[octo-small|PutSpoonOnTableClothInScene-v1|force_x0.5] ep 9 success=False steps=60 inf=8.6s sim=1.8s total=12.1s
[octo-small|PutSpoonOnTableClothInScene-v1|force_x0.5] ep 10 success=False steps=60 inf=8.0s sim=1.8s total=11.5s
[octo-small|PutSpoonOnTableClothInScene-v1|force_x0.5] ep 11 success=False steps=60 inf=8.2s sim=1.8s total=11.6s
[octo-small|PutSpoonOnTableClothInScene-v1|force_x0.5] ep 12 success=True steps=60 inf=8.0s sim=1.8s total=11.6s
[octo-small|PutSpoonOnTableClothInScene-v1|force_x0.5] ep 13 success=False steps=60 inf=7.8s sim=2.1s total=11.7s
[octo-small|PutSpoonOnTableClothInScene-v1|force_x0.5] ep 14 success=False steps=60 inf=8.3s sim=1.6s total=11.6s
[octo-small|PutSpoonOnTableClothInScene-v1|force_x0.5] ep 15 success=False steps=60 inf=8.2s sim=1.8s total=11.7s
[octo-small|PutSpoonOnTableClothInScene-v1|force_x0.5] ep 16 success=True steps=60 inf=8.1s sim=1.7s total=11.6s
[octo-small|PutSpoonOnTableClothInScene-v1|force_x0.5] ep 17 success=False steps=60 inf=8.3s sim=1.7s total=11.6s
[octo-small|PutSpoonOnTableClothInScene-v1|force_x0.5] ep 18 success=False steps=60 inf=8.4s sim=1.7s total=11.8s
[octo-small|PutSpoonOnTableClothInScene-v1|force_x0.5] ep 19 success=False steps=60 inf=8.1s sim=1.7s total=11.5s
[octo-small|PutSpoonOnTableClothInScene-v1|force_x0.5] ep 20 success=False steps=60 inf=8.2s sim=1.7s total=11.6s
[octo-small|PutSpoonOnTableClothInScene-v1|force_x0.5] ep 21 success=False steps=60 inf=8.3s sim=1.7s total=11.7s
[octo-small|PutSpoonOnTableClothInScene-v1|force_x0.5] ep 22 success=True steps=60 inf=8.0s sim=1.7s total=11.5s
[octo-small|PutSpoonOnTableClothInScene-v1|force_x0.5] ep 23 success=False steps=60 inf=7.9s sim=2.0s total=11.6s
== force_x0.5: 6/24 success
[octo-small|PutSpoonOnTableClothInScene-v1|delay_1] ep 0 success=False steps=60 inf=8.9s sim=1.7s total=11.8s
[octo-small|PutSpoonOnTableClothInScene-v1|delay_1] ep 1 success=False steps=60 inf=8.0s sim=2.9s total=12.4s
[octo-small|PutSpoonOnTableClothInScene-v1|delay_1] ep 2 success=False steps=60 inf=7.4s sim=2.1s total=11.3s
[octo-small|PutSpoonOnTableClothInScene-v1|delay_1] ep 3 success=False steps=60 inf=8.1s sim=1.9s total=11.6s
[octo-small|PutSpoonOnTableClothInScene-v1|delay_1] ep 4 success=True steps=60 inf=8.1s sim=2.0s total=11.7s
[octo-small|PutSpoonOnTableClothInScene-v1|delay_1] ep 5 success=False steps=60 inf=8.2s sim=1.8s total=11.6s
[octo-small|PutSpoonOnTableClothInScene-v1|delay_1] ep 6 success=False steps=60 inf=7.9s sim=1.9s total=11.5s
[octo-small|PutSpoonOnTableClothInScene-v1|delay_1] ep 7 success=False steps=60 inf=8.4s sim=1.7s total=11.7s
[octo-small|PutSpoonOnTableClothInScene-v1|delay_1] ep 8 success=False steps=60 inf=8.3s sim=1.6s total=11.4s
[octo-small|PutSpoonOnTableClothInScene-v1|delay_1] ep 9 success=False steps=60 inf=8.4s sim=1.7s total=11.7s
[octo-small|PutSpoonOnTableClothInScene-v1|delay_1] ep 10 success=False steps=60 inf=8.3s sim=1.9s total=11.4s
[octo-small|PutSpoonOnTableClothInScene-v1|delay_1] ep 11 success=False steps=60 inf=7.6s sim=1.9s total=11.5s
[octo-small|PutSpoonOnTableClothInScene-v1|delay_1] ep 12 success=False steps=60 inf=7.7s sim=1.6s total=11.3s
[octo-small|PutSpoonOnTableClothInScene-v1|delay_1] ep 13 success=False steps=60 inf=8.4s sim=1.9s total=11.6s
[octo-small|PutSpoonOnTableClothInScene-v1|delay_1] ep 14 success=True steps=60 inf=8.4s sim=2.0s total=12.1s
[octo-small|PutSpoonOnTableClothInScene-v1|delay_1] ep 15 success=False steps=60 inf=8.8s sim=2.3s total=12.4s
[octo-small|PutSpoonOnTableClothInScene-v1|delay_1] ep 16 success=False steps=60 inf=7.3s sim=2.8s total=11.9s
[octo-small|PutSpoonOnTableClothInScene-v1|delay_1] ep 17 success=False steps=60 inf=8.2s sim=2.4s total=12.3s
[octo-small|PutSpoonOnTableClothInScene-v1|delay_1] ep 18 success=False steps=60 inf=7.6s sim=2.6s total=11.8s
[octo-small|PutSpoonOnTableClothInScene-v1|delay_1] ep 19 success=True steps=60 inf=7.5s sim=2.6s total=11.9s
[octo-small|PutSpoonOnTableClothInScene-v1|delay_1] ep 20 success=False steps=60 inf=7.8s sim=2.3s total=11.9s
[octo-small|PutSpoonOnTableClothInScene-v1|delay_1] ep 21 success=False steps=60 inf=8.1s sim=2.0s total=11.8s
[octo-small|PutSpoonOnTableClothInScene-v1|delay_1] ep 22 success=True steps=60 inf=8.1s sim=1.9s total=11.7s
[octo-small|PutSpoonOnTableClothInScene-v1|delay_1] ep 23 success=False steps=60 inf=8.6s sim=2.1s total=12.4s
== delay_1: 4/24 success
==== Fri 09/18/2026  7:22:56.87 end octo-small PutSpoonOnTableClothInScene-v1 exit 0
==== Fri 09/18/2026  7:22:56.87 start octo-small PutEggplantInBasketScene-v1
[octo-small|PutEggplantInBasketScene-v1|nominal] ep 0 success=True steps=120 inf=16.5s sim=3.3s total=22.9s
[octo-small|PutEggplantInBasketScene-v1|nominal] ep 1 success=True steps=120 inf=16.6s sim=3.4s total=23.0s
[octo-small|PutEggplantInBasketScene-v1|nominal] ep 2 success=True steps=120 inf=15.9s sim=5.0s total=24.7s
[octo-small|PutEggplantInBasketScene-v1|nominal] ep 3 success=False steps=120 inf=14.7s sim=7.0s total=25.4s
[octo-small|PutEggplantInBasketScene-v1|nominal] ep 4 success=False steps=120 inf=14.4s sim=8.2s total=26.6s
[octo-small|PutEggplantInBasketScene-v1|nominal] ep 5 success=True steps=120 inf=16.4s sim=4.3s total=24.3s
[octo-small|PutEggplantInBasketScene-v1|nominal] ep 6 success=True steps=120 inf=17.3s sim=4.0s total=24.1s
[octo-small|PutEggplantInBasketScene-v1|nominal] ep 7 success=False steps=120 inf=16.1s sim=4.9s total=24.3s
[octo-small|PutEggplantInBasketScene-v1|nominal] ep 8 success=True steps=120 inf=16.5s sim=4.4s total=23.8s
[octo-small|PutEggplantInBasketScene-v1|nominal] ep 9 success=True steps=120 inf=16.8s sim=3.9s total=24.0s
[octo-small|PutEggplantInBasketScene-v1|nominal] ep 10 success=False steps=120 inf=17.2s sim=4.4s total=24.5s
[octo-small|PutEggplantInBasketScene-v1|nominal] ep 11 success=True steps=120 inf=17.2s sim=3.6s total=24.0s
[octo-small|PutEggplantInBasketScene-v1|nominal] ep 12 success=False steps=120 inf=15.5s sim=6.1s total=24.9s
[octo-small|PutEggplantInBasketScene-v1|nominal] ep 13 success=True steps=120 inf=14.9s sim=3.4s total=21.1s
[octo-small|PutEggplantInBasketScene-v1|nominal] ep 14 success=False steps=120 inf=17.0s sim=5.7s total=26.0s
[octo-small|PutEggplantInBasketScene-v1|nominal] ep 15 success=False steps=120 inf=17.9s sim=4.7s total=26.0s
[octo-small|PutEggplantInBasketScene-v1|nominal] ep 16 success=True steps=120 inf=17.5s sim=3.6s total=24.0s
[octo-small|PutEggplantInBasketScene-v1|nominal] ep 17 success=True steps=120 inf=16.5s sim=3.4s total=22.9s
[octo-small|PutEggplantInBasketScene-v1|nominal] ep 18 success=True steps=120 inf=17.1s sim=4.2s total=24.4s
[octo-small|PutEggplantInBasketScene-v1|nominal] ep 19 success=False steps=120 inf=16.1s sim=5.0s total=24.2s
[octo-small|PutEggplantInBasketScene-v1|nominal] ep 20 success=False steps=120 inf=21.0s sim=6.0s total=30.4s
[octo-small|PutEggplantInBasketScene-v1|nominal] ep 21 success=False steps=120 inf=21.8s sim=4.3s total=29.7s
[octo-small|PutEggplantInBasketScene-v1|nominal] ep 22 success=False steps=120 inf=22.1s sim=6.0s total=31.7s
[octo-small|PutEggplantInBasketScene-v1|nominal] ep 23 success=True steps=120 inf=21.8s sim=4.7s total=29.9s
== nominal: 13/24 success
[octo-small|PutEggplantInBasketScene-v1|stiff_x0.5] ep 0 success=False steps=120 inf=22.2s sim=5.9s total=31.3s
[octo-small|PutEggplantInBasketScene-v1|stiff_x0.5] ep 1 success=True steps=120 inf=21.2s sim=4.3s total=29.0s
[octo-small|PutEggplantInBasketScene-v1|stiff_x0.5] ep 2 success=True steps=120 inf=20.5s sim=4.9s total=29.4s
[octo-small|PutEggplantInBasketScene-v1|stiff_x0.5] ep 3 success=True steps=120 inf=19.7s sim=5.6s total=29.3s
[octo-small|PutEggplantInBasketScene-v1|stiff_x0.5] ep 4 success=False steps=120 inf=21.6s sim=5.9s total=30.8s
[octo-small|PutEggplantInBasketScene-v1|stiff_x0.5] ep 5 success=True steps=120 inf=20.3s sim=5.4s total=29.3s
[octo-small|PutEggplantInBasketScene-v1|stiff_x0.5] ep 6 success=True steps=120 inf=21.1s sim=4.2s total=28.6s
[octo-small|PutEggplantInBasketScene-v1|stiff_x0.5] ep 7 success=False steps=120 inf=22.0s sim=5.2s total=30.4s
[octo-small|PutEggplantInBasketScene-v1|stiff_x0.5] ep 8 success=True steps=120 inf=21.5s sim=4.2s total=29.1s
[octo-small|PutEggplantInBasketScene-v1|stiff_x0.5] ep 9 success=False steps=120 inf=22.0s sim=4.9s total=30.5s
[octo-small|PutEggplantInBasketScene-v1|stiff_x0.5] ep 10 success=True steps=120 inf=21.7s sim=4.5s total=29.8s
[octo-small|PutEggplantInBasketScene-v1|stiff_x0.5] ep 11 success=True steps=120 inf=23.1s sim=4.7s total=30.9s
[octo-small|PutEggplantInBasketScene-v1|stiff_x0.5] ep 12 success=True steps=120 inf=21.4s sim=4.2s total=29.3s
[octo-small|PutEggplantInBasketScene-v1|stiff_x0.5] ep 13 success=True steps=120 inf=21.1s sim=4.7s total=29.0s
[octo-small|PutEggplantInBasketScene-v1|stiff_x0.5] ep 14 success=False steps=120 inf=22.7s sim=6.3s total=32.7s
[octo-small|PutEggplantInBasketScene-v1|stiff_x0.5] ep 15 success=False steps=120 inf=21.5s sim=5.1s total=30.2s
[octo-small|PutEggplantInBasketScene-v1|stiff_x0.5] ep 16 success=False steps=120 inf=21.6s sim=4.9s total=30.1s
[octo-small|PutEggplantInBasketScene-v1|stiff_x0.5] ep 17 success=True steps=120 inf=21.2s sim=4.5s total=29.2s
[octo-small|PutEggplantInBasketScene-v1|stiff_x0.5] ep 18 success=True steps=120 inf=24.2s sim=6.0s total=33.8s
[octo-small|PutEggplantInBasketScene-v1|stiff_x0.5] ep 19 success=False steps=120 inf=22.0s sim=4.9s total=30.3s
[octo-small|PutEggplantInBasketScene-v1|stiff_x0.5] ep 20 success=False steps=120 inf=21.1s sim=4.9s total=29.1s
[octo-small|PutEggplantInBasketScene-v1|stiff_x0.5] ep 21 success=True steps=120 inf=20.9s sim=4.7s total=29.4s
[octo-small|PutEggplantInBasketScene-v1|stiff_x0.5] ep 22 success=True steps=120 inf=21.3s sim=5.0s total=29.6s
[octo-small|PutEggplantInBasketScene-v1|stiff_x0.5] ep 23 success=False steps=120 inf=22.4s sim=5.1s total=31.1s
== stiff_x0.5: 14/24 success
[octo-small|PutEggplantInBasketScene-v1|stiff_x2.0] ep 0 success=True steps=120 inf=21.1s sim=4.7s total=29.5s
[octo-small|PutEggplantInBasketScene-v1|stiff_x2.0] ep 1 success=True steps=120 inf=20.7s sim=4.5s total=28.6s
[octo-small|PutEggplantInBasketScene-v1|stiff_x2.0] ep 2 success=True steps=120 inf=22.0s sim=4.4s total=29.8s
[octo-small|PutEggplantInBasketScene-v1|stiff_x2.0] ep 3 success=True steps=120 inf=21.9s sim=4.1s total=29.6s
[octo-small|PutEggplantInBasketScene-v1|stiff_x2.0] ep 4 success=False steps=120 inf=23.0s sim=5.8s total=32.5s
[octo-small|PutEggplantInBasketScene-v1|stiff_x2.0] ep 5 success=True steps=120 inf=21.2s sim=4.6s total=29.2s
[octo-small|PutEggplantInBasketScene-v1|stiff_x2.0] ep 6 success=True steps=120 inf=21.9s sim=4.1s total=29.5s
[octo-small|PutEggplantInBasketScene-v1|stiff_x2.0] ep 7 success=False steps=120 inf=21.7s sim=5.1s total=30.2s
[octo-small|PutEggplantInBasketScene-v1|stiff_x2.0] ep 8 success=True steps=120 inf=21.1s sim=4.5s total=29.1s
[octo-small|PutEggplantInBasketScene-v1|stiff_x2.0] ep 9 success=True steps=120 inf=20.8s sim=4.1s total=28.3s
[octo-small|PutEggplantInBasketScene-v1|stiff_x2.0] ep 10 success=False steps=120 inf=21.4s sim=5.5s total=30.1s
[octo-small|PutEggplantInBasketScene-v1|stiff_x2.0] ep 11 success=True steps=120 inf=22.2s sim=4.6s total=31.1s
[octo-small|PutEggplantInBasketScene-v1|stiff_x2.0] ep 12 success=False steps=120 inf=21.1s sim=5.2s total=29.7s
[octo-small|PutEggplantInBasketScene-v1|stiff_x2.0] ep 13 success=True steps=120 inf=21.6s sim=4.1s total=28.9s
[octo-small|PutEggplantInBasketScene-v1|stiff_x2.0] ep 14 success=False steps=120 inf=23.5s sim=5.7s total=32.8s
[octo-small|PutEggplantInBasketScene-v1|stiff_x2.0] ep 15 success=False steps=120 inf=21.7s sim=5.7s total=31.0s
[octo-small|PutEggplantInBasketScene-v1|stiff_x2.0] ep 16 success=False steps=120 inf=21.2s sim=4.1s total=28.7s
[octo-small|PutEggplantInBasketScene-v1|stiff_x2.0] ep 17 success=True steps=120 inf=21.3s sim=5.4s total=29.9s
[octo-small|PutEggplantInBasketScene-v1|stiff_x2.0] ep 18 success=True steps=120 inf=22.0s sim=4.9s total=30.5s
[octo-small|PutEggplantInBasketScene-v1|stiff_x2.0] ep 19 success=False steps=120 inf=20.8s sim=6.0s total=30.6s
[octo-small|PutEggplantInBasketScene-v1|stiff_x2.0] ep 20 success=False steps=120 inf=21.5s sim=6.1s total=30.9s
[octo-small|PutEggplantInBasketScene-v1|stiff_x2.0] ep 21 success=True steps=120 inf=21.5s sim=4.2s total=29.0s
[octo-small|PutEggplantInBasketScene-v1|stiff_x2.0] ep 22 success=False steps=120 inf=21.8s sim=5.9s total=31.0s
[octo-small|PutEggplantInBasketScene-v1|stiff_x2.0] ep 23 success=False steps=120 inf=21.1s sim=5.1s total=29.5s
== stiff_x2.0: 13/24 success
[octo-small|PutEggplantInBasketScene-v1|damp_x0.5] ep 0 success=True steps=120 inf=20.9s sim=4.3s total=29.0s
[octo-small|PutEggplantInBasketScene-v1|damp_x0.5] ep 1 success=True steps=120 inf=20.2s sim=4.0s total=27.5s
[octo-small|PutEggplantInBasketScene-v1|damp_x0.5] ep 2 success=True steps=120 inf=20.6s sim=4.3s total=27.8s
[octo-small|PutEggplantInBasketScene-v1|damp_x0.5] ep 3 success=True steps=120 inf=20.2s sim=5.3s total=29.0s
[octo-small|PutEggplantInBasketScene-v1|damp_x0.5] ep 4 success=False steps=120 inf=20.9s sim=6.2s total=30.2s
[octo-small|PutEggplantInBasketScene-v1|damp_x0.5] ep 5 success=True steps=120 inf=21.0s sim=5.2s total=29.3s
[octo-small|PutEggplantInBasketScene-v1|damp_x0.5] ep 6 success=True steps=120 inf=21.0s sim=4.6s total=28.9s
[octo-small|PutEggplantInBasketScene-v1|damp_x0.5] ep 7 success=False steps=120 inf=21.9s sim=6.0s total=31.2s
[octo-small|PutEggplantInBasketScene-v1|damp_x0.5] ep 8 success=True steps=120 inf=22.1s sim=4.7s total=30.0s
[octo-small|PutEggplantInBasketScene-v1|damp_x0.5] ep 9 success=True steps=120 inf=22.4s sim=4.7s total=30.3s
[octo-small|PutEggplantInBasketScene-v1|damp_x0.5] ep 10 success=False steps=120 inf=23.1s sim=5.6s total=31.8s
[octo-small|PutEggplantInBasketScene-v1|damp_x0.5] ep 11 success=False steps=120 inf=22.5s sim=6.4s total=32.7s
[octo-small|PutEggplantInBasketScene-v1|damp_x0.5] ep 12 success=False steps=120 inf=23.1s sim=5.8s total=32.4s
[octo-small|PutEggplantInBasketScene-v1|damp_x0.5] ep 13 success=True steps=120 inf=22.4s sim=4.8s total=30.8s
[octo-small|PutEggplantInBasketScene-v1|damp_x0.5] ep 14 success=False steps=120 inf=24.0s sim=6.0s total=33.5s
[octo-small|PutEggplantInBasketScene-v1|damp_x0.5] ep 15 success=False steps=120 inf=23.2s sim=5.6s total=32.4s
[octo-small|PutEggplantInBasketScene-v1|damp_x0.5] ep 16 success=False steps=120 inf=23.3s sim=5.0s total=31.6s
[octo-small|PutEggplantInBasketScene-v1|damp_x0.5] ep 17 success=True steps=120 inf=21.6s sim=5.3s total=30.5s
[octo-small|PutEggplantInBasketScene-v1|damp_x0.5] ep 18 success=True steps=120 inf=21.8s sim=5.9s total=31.1s
[octo-small|PutEggplantInBasketScene-v1|damp_x0.5] ep 19 success=False steps=120 inf=22.6s sim=6.0s total=32.2s
[octo-small|PutEggplantInBasketScene-v1|damp_x0.5] ep 20 success=False steps=120 inf=22.1s sim=6.4s total=32.1s
[octo-small|PutEggplantInBasketScene-v1|damp_x0.5] ep 21 success=False steps=120 inf=22.2s sim=4.3s total=30.3s
[octo-small|PutEggplantInBasketScene-v1|damp_x0.5] ep 22 success=False steps=120 inf=22.7s sim=5.6s total=31.7s
[octo-small|PutEggplantInBasketScene-v1|damp_x0.5] ep 23 success=True steps=120 inf=22.4s sim=5.2s total=31.1s
== damp_x0.5: 12/24 success
[octo-small|PutEggplantInBasketScene-v1|damp_x2.0] ep 0 success=True steps=120 inf=22.1s sim=4.2s total=29.9s
[octo-small|PutEggplantInBasketScene-v1|damp_x2.0] ep 1 success=True steps=120 inf=22.1s sim=4.3s total=30.2s
[octo-small|PutEggplantInBasketScene-v1|damp_x2.0] ep 2 success=True steps=120 inf=21.6s sim=4.6s total=29.9s
[octo-small|PutEggplantInBasketScene-v1|damp_x2.0] ep 3 success=True steps=120 inf=21.3s sim=4.5s total=29.5s
[octo-small|PutEggplantInBasketScene-v1|damp_x2.0] ep 4 success=False steps=120 inf=22.3s sim=6.2s total=32.0s
[octo-small|PutEggplantInBasketScene-v1|damp_x2.0] ep 5 success=True steps=120 inf=22.6s sim=4.6s total=30.9s
[octo-small|PutEggplantInBasketScene-v1|damp_x2.0] ep 6 success=True steps=120 inf=21.8s sim=4.3s total=29.8s
[octo-small|PutEggplantInBasketScene-v1|damp_x2.0] ep 7 success=False steps=120 inf=22.0s sim=6.0s total=31.5s
[octo-small|PutEggplantInBasketScene-v1|damp_x2.0] ep 8 success=True steps=120 inf=22.0s sim=4.5s total=30.4s
[octo-small|PutEggplantInBasketScene-v1|damp_x2.0] ep 9 success=False steps=120 inf=21.6s sim=5.5s total=30.7s
[octo-small|PutEggplantInBasketScene-v1|damp_x2.0] ep 10 success=True steps=120 inf=21.7s sim=4.3s total=29.6s
[octo-small|PutEggplantInBasketScene-v1|damp_x2.0] ep 11 success=True steps=120 inf=22.5s sim=4.6s total=30.6s
[octo-small|PutEggplantInBasketScene-v1|damp_x2.0] ep 12 success=True steps=120 inf=22.1s sim=4.3s total=29.9s
[octo-small|PutEggplantInBasketScene-v1|damp_x2.0] ep 13 success=True steps=120 inf=21.8s sim=5.1s total=30.4s
[octo-small|PutEggplantInBasketScene-v1|damp_x2.0] ep 14 success=False steps=120 inf=24.6s sim=6.1s total=34.3s
[octo-small|PutEggplantInBasketScene-v1|damp_x2.0] ep 15 success=False steps=120 inf=23.1s sim=5.3s total=31.9s
[octo-small|PutEggplantInBasketScene-v1|damp_x2.0] ep 16 success=True steps=120 inf=20.7s sim=4.6s total=29.0s
[octo-small|PutEggplantInBasketScene-v1|damp_x2.0] ep 17 success=False steps=120 inf=22.5s sim=5.3s total=31.5s
[octo-small|PutEggplantInBasketScene-v1|damp_x2.0] ep 18 success=True steps=120 inf=21.9s sim=4.7s total=30.4s
[octo-small|PutEggplantInBasketScene-v1|damp_x2.0] ep 19 success=False steps=120 inf=22.2s sim=5.7s total=31.4s
[octo-small|PutEggplantInBasketScene-v1|damp_x2.0] ep 20 success=False steps=120 inf=24.1s sim=5.7s total=33.4s
[octo-small|PutEggplantInBasketScene-v1|damp_x2.0] ep 21 success=False steps=120 inf=22.2s sim=4.1s total=30.0s
[octo-small|PutEggplantInBasketScene-v1|damp_x2.0] ep 22 success=True steps=120 inf=23.0s sim=5.9s total=32.5s
[octo-small|PutEggplantInBasketScene-v1|damp_x2.0] ep 23 success=True steps=120 inf=22.5s sim=5.0s total=31.3s
== damp_x2.0: 15/24 success
[octo-small|PutEggplantInBasketScene-v1|force_x0.5] ep 0 success=True steps=120 inf=22.1s sim=4.5s total=30.2s
[octo-small|PutEggplantInBasketScene-v1|force_x0.5] ep 1 success=True steps=120 inf=21.8s sim=4.5s total=30.0s
[octo-small|PutEggplantInBasketScene-v1|force_x0.5] ep 2 success=True steps=120 inf=22.0s sim=4.4s total=30.0s
[octo-small|PutEggplantInBasketScene-v1|force_x0.5] ep 3 success=False steps=120 inf=22.8s sim=5.9s total=32.4s
[octo-small|PutEggplantInBasketScene-v1|force_x0.5] ep 4 success=False steps=120 inf=22.3s sim=6.5s total=32.2s
[octo-small|PutEggplantInBasketScene-v1|force_x0.5] ep 5 success=True steps=120 inf=22.2s sim=4.3s total=30.3s
[octo-small|PutEggplantInBasketScene-v1|force_x0.5] ep 6 success=True steps=120 inf=22.8s sim=5.1s total=31.5s
[octo-small|PutEggplantInBasketScene-v1|force_x0.5] ep 7 success=False steps=120 inf=22.2s sim=5.6s total=31.5s
[octo-small|PutEggplantInBasketScene-v1|force_x0.5] ep 8 success=True steps=120 inf=22.8s sim=4.6s total=31.1s
[octo-small|PutEggplantInBasketScene-v1|force_x0.5] ep 9 success=True steps=120 inf=21.5s sim=4.2s total=29.7s
[octo-small|PutEggplantInBasketScene-v1|force_x0.5] ep 10 success=False steps=120 inf=22.4s sim=5.3s total=31.4s
[octo-small|PutEggplantInBasketScene-v1|force_x0.5] ep 11 success=True steps=120 inf=21.8s sim=4.3s total=29.9s
[octo-small|PutEggplantInBasketScene-v1|force_x0.5] ep 12 success=False steps=120 inf=24.1s sim=6.0s total=33.6s
[octo-small|PutEggplantInBasketScene-v1|force_x0.5] ep 13 success=False steps=120 inf=22.7s sim=5.2s total=31.8s
[octo-small|PutEggplantInBasketScene-v1|force_x0.5] ep 14 success=False steps=120 inf=22.7s sim=6.6s total=33.2s
[octo-small|PutEggplantInBasketScene-v1|force_x0.5] ep 15 success=False steps=120 inf=21.2s sim=5.4s total=30.3s
[octo-small|PutEggplantInBasketScene-v1|force_x0.5] ep 16 success=True steps=120 inf=21.1s sim=4.6s total=29.5s
[octo-small|PutEggplantInBasketScene-v1|force_x0.5] ep 17 success=True steps=120 inf=21.3s sim=4.3s total=29.2s
[octo-small|PutEggplantInBasketScene-v1|force_x0.5] ep 18 success=True steps=120 inf=21.1s sim=5.8s total=30.4s
[octo-small|PutEggplantInBasketScene-v1|force_x0.5] ep 19 success=False steps=120 inf=22.6s sim=5.4s total=31.6s
[octo-small|PutEggplantInBasketScene-v1|force_x0.5] ep 20 success=False steps=120 inf=21.7s sim=6.6s total=32.1s
[octo-small|PutEggplantInBasketScene-v1|force_x0.5] ep 21 success=True steps=120 inf=21.0s sim=4.5s total=29.6s
[octo-small|PutEggplantInBasketScene-v1|force_x0.5] ep 22 success=False steps=120 inf=22.1s sim=6.3s total=32.1s
[octo-small|PutEggplantInBasketScene-v1|force_x0.5] ep 23 success=False steps=120 inf=21.8s sim=4.1s total=29.7s
== force_x0.5: 12/24 success
[octo-small|PutEggplantInBasketScene-v1|delay_1] ep 0 success=True steps=120 inf=20.9s sim=4.4s total=28.8s
[octo-small|PutEggplantInBasketScene-v1|delay_1] ep 1 success=True steps=120 inf=21.8s sim=4.4s total=30.0s
[octo-small|PutEggplantInBasketScene-v1|delay_1] ep 2 success=True steps=120 inf=21.5s sim=4.7s total=29.8s
[octo-small|PutEggplantInBasketScene-v1|delay_1] ep 3 success=True steps=120 inf=21.5s sim=4.4s total=29.4s
[octo-small|PutEggplantInBasketScene-v1|delay_1] ep 4 success=False steps=120 inf=24.1s sim=5.7s total=33.4s
[octo-small|PutEggplantInBasketScene-v1|delay_1] ep 5 success=False steps=120 inf=22.1s sim=5.7s total=31.5s
[octo-small|PutEggplantInBasketScene-v1|delay_1] ep 6 success=False steps=120 inf=21.7s sim=4.2s total=29.9s
[octo-small|PutEggplantInBasketScene-v1|delay_1] ep 7 success=False steps=120 inf=20.9s sim=6.7s total=31.3s
[octo-small|PutEggplantInBasketScene-v1|delay_1] ep 8 success=True steps=120 inf=21.2s sim=5.7s total=30.6s
[octo-small|PutEggplantInBasketScene-v1|delay_1] ep 9 success=False steps=120 inf=21.8s sim=5.6s total=31.2s
[octo-small|PutEggplantInBasketScene-v1|delay_1] ep 10 success=True steps=120 inf=21.5s sim=5.5s total=30.7s
[octo-small|PutEggplantInBasketScene-v1|delay_1] ep 11 success=False steps=120 inf=22.8s sim=5.3s total=31.8s
[octo-small|PutEggplantInBasketScene-v1|delay_1] ep 12 success=True steps=120 inf=21.0s sim=5.2s total=30.0s
[octo-small|PutEggplantInBasketScene-v1|delay_1] ep 13 success=True steps=120 inf=21.9s sim=5.0s total=30.6s
[octo-small|PutEggplantInBasketScene-v1|delay_1] ep 14 success=False steps=120 inf=23.3s sim=5.6s total=32.9s
[octo-small|PutEggplantInBasketScene-v1|delay_1] ep 15 success=True steps=120 inf=21.2s sim=4.8s total=29.9s
[octo-small|PutEggplantInBasketScene-v1|delay_1] ep 16 success=True steps=120 inf=19.8s sim=4.6s total=27.8s
[octo-small|PutEggplantInBasketScene-v1|delay_1] ep 17 success=True steps=120 inf=20.6s sim=4.5s total=28.6s
[octo-small|PutEggplantInBasketScene-v1|delay_1] ep 18 success=True steps=120 inf=20.4s sim=5.1s total=28.8s
[octo-small|PutEggplantInBasketScene-v1|delay_1] ep 19 success=False steps=120 inf=20.1s sim=5.6s total=29.2s
[octo-small|PutEggplantInBasketScene-v1|delay_1] ep 20 success=False steps=120 inf=20.0s sim=5.7s total=29.2s
[octo-small|PutEggplantInBasketScene-v1|delay_1] ep 21 success=True steps=120 inf=19.4s sim=5.3s total=28.4s
[octo-small|PutEggplantInBasketScene-v1|delay_1] ep 22 success=False steps=120 inf=20.7s sim=5.1s total=29.5s
[octo-small|PutEggplantInBasketScene-v1|delay_1] ep 23 success=False steps=120 inf=20.3s sim=6.2s total=30.1s
== delay_1: 13/24 success
==== Fri 09/18/2026  7:22:56.87 end octo-small PutEggplantInBasketScene-v1 exit 0
==== Fri 09/18/2026  7:22:56.87 start octo-small StackGreenCubeOnYellowCubeBakedTexInScene-v1
[octo-small|StackGreenCubeOnYellowCubeBakedTexInScene-v1|nominal] ep 0 success=False steps=60 inf=9.9s sim=1.8s total=13.5s
[octo-small|StackGreenCubeOnYellowCubeBakedTexInScene-v1|nominal] ep 1 success=False steps=60 inf=9.8s sim=2.1s total=13.7s
[octo-small|StackGreenCubeOnYellowCubeBakedTexInScene-v1|nominal] ep 2 success=False steps=60 inf=9.9s sim=1.9s total=13.6s
[octo-small|StackGreenCubeOnYellowCubeBakedTexInScene-v1|nominal] ep 3 success=False steps=60 inf=9.7s sim=2.3s total=13.6s
[octo-small|StackGreenCubeOnYellowCubeBakedTexInScene-v1|nominal] ep 4 success=False steps=60 inf=10.1s sim=1.9s total=13.7s
[octo-small|StackGreenCubeOnYellowCubeBakedTexInScene-v1|nominal] ep 5 success=False steps=60 inf=10.1s sim=1.9s total=13.8s
[octo-small|StackGreenCubeOnYellowCubeBakedTexInScene-v1|nominal] ep 6 success=False steps=60 inf=10.4s sim=2.1s total=14.2s
[octo-small|StackGreenCubeOnYellowCubeBakedTexInScene-v1|nominal] ep 7 success=False steps=60 inf=9.4s sim=2.1s total=13.2s
[octo-small|StackGreenCubeOnYellowCubeBakedTexInScene-v1|nominal] ep 8 success=False steps=60 inf=9.6s sim=2.0s total=13.3s
[octo-small|StackGreenCubeOnYellowCubeBakedTexInScene-v1|nominal] ep 9 success=False steps=60 inf=10.0s sim=1.9s total=13.5s
[octo-small|StackGreenCubeOnYellowCubeBakedTexInScene-v1|nominal] ep 10 success=False steps=60 inf=9.6s sim=1.8s total=13.2s
[octo-small|StackGreenCubeOnYellowCubeBakedTexInScene-v1|nominal] ep 11 success=False steps=60 inf=9.4s sim=1.9s total=13.1s
[octo-small|StackGreenCubeOnYellowCubeBakedTexInScene-v1|nominal] ep 12 success=False steps=60 inf=9.9s sim=2.0s total=13.7s
[octo-small|StackGreenCubeOnYellowCubeBakedTexInScene-v1|nominal] ep 13 success=False steps=60 inf=10.3s sim=2.1s total=14.1s
[octo-small|StackGreenCubeOnYellowCubeBakedTexInScene-v1|nominal] ep 14 success=False steps=60 inf=10.4s sim=1.8s total=13.9s
[octo-small|StackGreenCubeOnYellowCubeBakedTexInScene-v1|nominal] ep 15 success=False steps=60 inf=10.2s sim=1.8s total=13.9s
[octo-small|StackGreenCubeOnYellowCubeBakedTexInScene-v1|nominal] ep 16 success=False steps=60 inf=10.2s sim=1.9s total=13.8s
[octo-small|StackGreenCubeOnYellowCubeBakedTexInScene-v1|nominal] ep 17 success=False steps=60 inf=10.2s sim=2.0s total=14.0s
[octo-small|StackGreenCubeOnYellowCubeBakedTexInScene-v1|nominal] ep 18 success=False steps=60 inf=9.8s sim=2.1s total=13.6s
[octo-small|StackGreenCubeOnYellowCubeBakedTexInScene-v1|nominal] ep 19 success=False steps=60 inf=10.0s sim=2.0s total=13.7s
[octo-small|StackGreenCubeOnYellowCubeBakedTexInScene-v1|nominal] ep 20 success=False steps=60 inf=9.9s sim=1.9s total=13.7s
[octo-small|StackGreenCubeOnYellowCubeBakedTexInScene-v1|nominal] ep 21 success=False steps=60 inf=9.5s sim=2.0s total=13.3s
[octo-small|StackGreenCubeOnYellowCubeBakedTexInScene-v1|nominal] ep 22 success=False steps=60 inf=10.0s sim=1.9s total=13.7s
[octo-small|StackGreenCubeOnYellowCubeBakedTexInScene-v1|nominal] ep 23 success=False steps=60 inf=9.7s sim=2.0s total=13.5s
== nominal: 0/24 success
[octo-small|StackGreenCubeOnYellowCubeBakedTexInScene-v1|stiff_x0.5] ep 0 success=False steps=60 inf=9.9s sim=2.1s total=13.8s
[octo-small|StackGreenCubeOnYellowCubeBakedTexInScene-v1|stiff_x0.5] ep 1 success=False steps=60 inf=10.3s sim=1.8s total=14.1s
[octo-small|StackGreenCubeOnYellowCubeBakedTexInScene-v1|stiff_x0.5] ep 2 success=False steps=60 inf=10.4s sim=2.0s total=14.1s
[octo-small|StackGreenCubeOnYellowCubeBakedTexInScene-v1|stiff_x0.5] ep 3 success=False steps=60 inf=10.1s sim=1.9s total=13.8s
[octo-small|StackGreenCubeOnYellowCubeBakedTexInScene-v1|stiff_x0.5] ep 4 success=False steps=60 inf=9.8s sim=2.0s total=13.7s
[octo-small|StackGreenCubeOnYellowCubeBakedTexInScene-v1|stiff_x0.5] ep 5 success=False steps=60 inf=9.8s sim=2.0s total=13.4s
[octo-small|StackGreenCubeOnYellowCubeBakedTexInScene-v1|stiff_x0.5] ep 6 success=False steps=60 inf=10.0s sim=2.1s total=13.9s
[octo-small|StackGreenCubeOnYellowCubeBakedTexInScene-v1|stiff_x0.5] ep 7 success=False steps=60 inf=9.7s sim=2.3s total=13.7s
[octo-small|StackGreenCubeOnYellowCubeBakedTexInScene-v1|stiff_x0.5] ep 8 success=False steps=60 inf=9.7s sim=2.2s total=13.9s
[octo-small|StackGreenCubeOnYellowCubeBakedTexInScene-v1|stiff_x0.5] ep 9 success=False steps=60 inf=9.8s sim=2.0s total=13.5s
[octo-small|StackGreenCubeOnYellowCubeBakedTexInScene-v1|stiff_x0.5] ep 10 success=False steps=60 inf=10.4s sim=1.8s total=14.2s
[octo-small|StackGreenCubeOnYellowCubeBakedTexInScene-v1|stiff_x0.5] ep 11 success=False steps=60 inf=10.0s sim=1.9s total=13.7s
[octo-small|StackGreenCubeOnYellowCubeBakedTexInScene-v1|stiff_x0.5] ep 12 success=False steps=60 inf=9.4s sim=2.3s total=13.5s
[octo-small|StackGreenCubeOnYellowCubeBakedTexInScene-v1|stiff_x0.5] ep 13 success=False steps=60 inf=10.3s sim=2.1s total=14.3s
[octo-small|StackGreenCubeOnYellowCubeBakedTexInScene-v1|stiff_x0.5] ep 14 success=False steps=60 inf=10.3s sim=1.9s total=13.9s
[octo-small|StackGreenCubeOnYellowCubeBakedTexInScene-v1|stiff_x0.5] ep 15 success=False steps=60 inf=9.9s sim=1.7s total=13.5s
[octo-small|StackGreenCubeOnYellowCubeBakedTexInScene-v1|stiff_x0.5] ep 16 success=False steps=60 inf=9.8s sim=1.9s total=13.4s
[octo-small|StackGreenCubeOnYellowCubeBakedTexInScene-v1|stiff_x0.5] ep 17 success=False steps=60 inf=10.0s sim=1.8s total=13.5s
[octo-small|StackGreenCubeOnYellowCubeBakedTexInScene-v1|stiff_x0.5] ep 18 success=False steps=60 inf=9.6s sim=2.0s total=13.3s
[octo-small|StackGreenCubeOnYellowCubeBakedTexInScene-v1|stiff_x0.5] ep 19 success=False steps=60 inf=10.2s sim=1.9s total=13.9s
[octo-small|StackGreenCubeOnYellowCubeBakedTexInScene-v1|stiff_x0.5] ep 20 success=False steps=60 inf=11.1s sim=1.9s total=14.3s
[octo-small|StackGreenCubeOnYellowCubeBakedTexInScene-v1|stiff_x0.5] ep 21 success=False steps=60 inf=10.2s sim=1.9s total=13.8s
[octo-small|StackGreenCubeOnYellowCubeBakedTexInScene-v1|stiff_x0.5] ep 22 success=False steps=60 inf=9.9s sim=1.8s total=13.6s
[octo-small|StackGreenCubeOnYellowCubeBakedTexInScene-v1|stiff_x0.5] ep 23 success=False steps=60 inf=10.2s sim=1.8s total=13.5s
== stiff_x0.5: 0/24 success
[octo-small|StackGreenCubeOnYellowCubeBakedTexInScene-v1|stiff_x2.0] ep 0 success=False steps=60 inf=10.6s sim=1.9s total=14.1s
[octo-small|StackGreenCubeOnYellowCubeBakedTexInScene-v1|stiff_x2.0] ep 1 success=False steps=60 inf=9.6s sim=1.9s total=13.1s
[octo-small|StackGreenCubeOnYellowCubeBakedTexInScene-v1|stiff_x2.0] ep 2 success=False steps=60 inf=10.4s sim=2.0s total=14.0s
[octo-small|StackGreenCubeOnYellowCubeBakedTexInScene-v1|stiff_x2.0] ep 3 success=False steps=60 inf=9.6s sim=2.1s total=13.3s
[octo-small|StackGreenCubeOnYellowCubeBakedTexInScene-v1|stiff_x2.0] ep 4 success=False steps=60 inf=9.4s sim=2.2s total=13.3s
[octo-small|StackGreenCubeOnYellowCubeBakedTexInScene-v1|stiff_x2.0] ep 5 success=False steps=60 inf=9.8s sim=2.0s total=13.4s
[octo-small|StackGreenCubeOnYellowCubeBakedTexInScene-v1|stiff_x2.0] ep 6 success=False steps=60 inf=9.4s sim=2.3s total=13.5s
[octo-small|StackGreenCubeOnYellowCubeBakedTexInScene-v1|stiff_x2.0] ep 7 success=False steps=60 inf=10.2s sim=2.0s total=13.8s
[octo-small|StackGreenCubeOnYellowCubeBakedTexInScene-v1|stiff_x2.0] ep 8 success=False steps=60 inf=10.5s sim=2.0s total=14.1s
[octo-small|StackGreenCubeOnYellowCubeBakedTexInScene-v1|stiff_x2.0] ep 9 success=False steps=60 inf=10.1s sim=2.0s total=13.6s
[octo-small|StackGreenCubeOnYellowCubeBakedTexInScene-v1|stiff_x2.0] ep 10 success=False steps=60 inf=10.6s sim=1.7s total=14.0s
[octo-small|StackGreenCubeOnYellowCubeBakedTexInScene-v1|stiff_x2.0] ep 11 success=False steps=60 inf=10.2s sim=1.9s total=13.8s
[octo-small|StackGreenCubeOnYellowCubeBakedTexInScene-v1|stiff_x2.0] ep 12 success=False steps=60 inf=10.1s sim=1.9s total=13.7s
[octo-small|StackGreenCubeOnYellowCubeBakedTexInScene-v1|stiff_x2.0] ep 13 success=False steps=60 inf=10.0s sim=2.2s total=13.9s
[octo-small|StackGreenCubeOnYellowCubeBakedTexInScene-v1|stiff_x2.0] ep 14 success=False steps=60 inf=9.6s sim=2.1s total=13.3s
[octo-small|StackGreenCubeOnYellowCubeBakedTexInScene-v1|stiff_x2.0] ep 15 success=False steps=60 inf=10.0s sim=1.8s total=13.5s
[octo-small|StackGreenCubeOnYellowCubeBakedTexInScene-v1|stiff_x2.0] ep 16 success=False steps=60 inf=10.4s sim=1.8s total=13.8s
[octo-small|StackGreenCubeOnYellowCubeBakedTexInScene-v1|stiff_x2.0] ep 17 success=False steps=60 inf=10.1s sim=1.8s total=13.5s
[octo-small|StackGreenCubeOnYellowCubeBakedTexInScene-v1|stiff_x2.0] ep 18 success=False steps=60 inf=9.7s sim=2.0s total=13.3s
[octo-small|StackGreenCubeOnYellowCubeBakedTexInScene-v1|stiff_x2.0] ep 19 success=False steps=60 inf=10.0s sim=1.8s total=13.6s
[octo-small|StackGreenCubeOnYellowCubeBakedTexInScene-v1|stiff_x2.0] ep 20 success=False steps=60 inf=9.7s sim=2.1s total=13.4s
[octo-small|StackGreenCubeOnYellowCubeBakedTexInScene-v1|stiff_x2.0] ep 21 success=False steps=60 inf=9.8s sim=1.9s total=13.3s
[octo-small|StackGreenCubeOnYellowCubeBakedTexInScene-v1|stiff_x2.0] ep 22 success=False steps=60 inf=10.4s sim=1.8s total=14.0s
[octo-small|StackGreenCubeOnYellowCubeBakedTexInScene-v1|stiff_x2.0] ep 23 success=False steps=60 inf=9.8s sim=2.0s total=13.5s
== stiff_x2.0: 0/24 success
[octo-small|StackGreenCubeOnYellowCubeBakedTexInScene-v1|damp_x0.5] ep 0 success=False steps=60 inf=9.9s sim=1.9s total=13.4s
[octo-small|StackGreenCubeOnYellowCubeBakedTexInScene-v1|damp_x0.5] ep 1 success=False steps=60 inf=9.5s sim=2.0s total=13.0s
[octo-small|StackGreenCubeOnYellowCubeBakedTexInScene-v1|damp_x0.5] ep 2 success=False steps=60 inf=9.6s sim=2.3s total=13.6s
[octo-small|StackGreenCubeOnYellowCubeBakedTexInScene-v1|damp_x0.5] ep 3 success=True steps=60 inf=10.5s sim=2.1s total=14.3s
[octo-small|StackGreenCubeOnYellowCubeBakedTexInScene-v1|damp_x0.5] ep 4 success=False steps=60 inf=9.7s sim=2.1s total=13.4s
[octo-small|StackGreenCubeOnYellowCubeBakedTexInScene-v1|damp_x0.5] ep 5 success=False steps=60 inf=10.0s sim=2.0s total=13.7s
[octo-small|StackGreenCubeOnYellowCubeBakedTexInScene-v1|damp_x0.5] ep 6 success=False steps=60 inf=10.1s sim=2.0s total=14.0s
[octo-small|StackGreenCubeOnYellowCubeBakedTexInScene-v1|damp_x0.5] ep 7 success=False steps=60 inf=9.2s sim=1.9s total=12.8s
[octo-small|StackGreenCubeOnYellowCubeBakedTexInScene-v1|damp_x0.5] ep 8 success=False steps=60 inf=10.1s sim=2.0s total=13.7s
[octo-small|StackGreenCubeOnYellowCubeBakedTexInScene-v1|damp_x0.5] ep 9 success=False steps=60 inf=10.1s sim=2.1s total=13.9s
[octo-small|StackGreenCubeOnYellowCubeBakedTexInScene-v1|damp_x0.5] ep 10 success=False steps=60 inf=10.0s sim=1.9s total=13.7s
[octo-small|StackGreenCubeOnYellowCubeBakedTexInScene-v1|damp_x0.5] ep 11 success=False steps=60 inf=9.7s sim=2.0s total=13.3s
[octo-small|StackGreenCubeOnYellowCubeBakedTexInScene-v1|damp_x0.5] ep 12 success=False steps=60 inf=9.6s sim=1.9s total=13.3s
[octo-small|StackGreenCubeOnYellowCubeBakedTexInScene-v1|damp_x0.5] ep 13 success=False steps=60 inf=9.5s sim=2.1s total=13.3s
[octo-small|StackGreenCubeOnYellowCubeBakedTexInScene-v1|damp_x0.5] ep 14 success=False steps=60 inf=9.5s sim=2.0s total=13.3s
[octo-small|StackGreenCubeOnYellowCubeBakedTexInScene-v1|damp_x0.5] ep 15 success=False steps=60 inf=9.6s sim=1.9s total=13.2s
[octo-small|StackGreenCubeOnYellowCubeBakedTexInScene-v1|damp_x0.5] ep 16 success=False steps=60 inf=10.0s sim=2.0s total=13.8s
[octo-small|StackGreenCubeOnYellowCubeBakedTexInScene-v1|damp_x0.5] ep 17 success=False steps=60 inf=9.5s sim=2.0s total=13.4s
[octo-small|StackGreenCubeOnYellowCubeBakedTexInScene-v1|damp_x0.5] ep 18 success=False steps=60 inf=10.3s sim=2.0s total=14.1s
[octo-small|StackGreenCubeOnYellowCubeBakedTexInScene-v1|damp_x0.5] ep 19 success=False steps=60 inf=9.7s sim=2.0s total=13.6s
[octo-small|StackGreenCubeOnYellowCubeBakedTexInScene-v1|damp_x0.5] ep 20 success=False steps=60 inf=9.9s sim=2.0s total=13.7s
[octo-small|StackGreenCubeOnYellowCubeBakedTexInScene-v1|damp_x0.5] ep 21 success=False steps=60 inf=10.0s sim=1.9s total=13.5s
[octo-small|StackGreenCubeOnYellowCubeBakedTexInScene-v1|damp_x0.5] ep 22 success=False steps=60 inf=10.1s sim=1.8s total=13.5s
[octo-small|StackGreenCubeOnYellowCubeBakedTexInScene-v1|damp_x0.5] ep 23 success=False steps=60 inf=9.6s sim=2.0s total=13.3s
== damp_x0.5: 1/24 success
[octo-small|StackGreenCubeOnYellowCubeBakedTexInScene-v1|damp_x2.0] ep 0 success=False steps=60 inf=10.4s sim=1.9s total=14.0s
[octo-small|StackGreenCubeOnYellowCubeBakedTexInScene-v1|damp_x2.0] ep 1 success=False steps=60 inf=9.9s sim=2.1s total=13.6s
[octo-small|StackGreenCubeOnYellowCubeBakedTexInScene-v1|damp_x2.0] ep 2 success=False steps=60 inf=10.4s sim=1.9s total=14.1s
[octo-small|StackGreenCubeOnYellowCubeBakedTexInScene-v1|damp_x2.0] ep 3 success=False steps=60 inf=10.8s sim=2.0s total=14.5s
[octo-small|StackGreenCubeOnYellowCubeBakedTexInScene-v1|damp_x2.0] ep 4 success=False steps=60 inf=10.5s sim=2.0s total=14.3s
[octo-small|StackGreenCubeOnYellowCubeBakedTexInScene-v1|damp_x2.0] ep 5 success=False steps=60 inf=10.0s sim=2.0s total=13.7s
[octo-small|StackGreenCubeOnYellowCubeBakedTexInScene-v1|damp_x2.0] ep 6 success=False steps=60 inf=10.3s sim=2.1s total=14.2s
[octo-small|StackGreenCubeOnYellowCubeBakedTexInScene-v1|damp_x2.0] ep 7 success=False steps=60 inf=10.1s sim=2.0s total=13.8s
[octo-small|StackGreenCubeOnYellowCubeBakedTexInScene-v1|damp_x2.0] ep 8 success=False steps=60 inf=10.1s sim=2.0s total=13.7s
[octo-small|StackGreenCubeOnYellowCubeBakedTexInScene-v1|damp_x2.0] ep 9 success=False steps=60 inf=9.9s sim=2.0s total=13.6s
[octo-small|StackGreenCubeOnYellowCubeBakedTexInScene-v1|damp_x2.0] ep 10 success=False steps=60 inf=9.8s sim=1.9s total=13.4s
[octo-small|StackGreenCubeOnYellowCubeBakedTexInScene-v1|damp_x2.0] ep 11 success=False steps=60 inf=10.0s sim=1.9s total=13.7s
[octo-small|StackGreenCubeOnYellowCubeBakedTexInScene-v1|damp_x2.0] ep 12 success=False steps=60 inf=10.7s sim=2.0s total=14.4s
[octo-small|StackGreenCubeOnYellowCubeBakedTexInScene-v1|damp_x2.0] ep 13 success=False steps=60 inf=10.1s sim=2.2s total=14.0s
[octo-small|StackGreenCubeOnYellowCubeBakedTexInScene-v1|damp_x2.0] ep 14 success=False steps=60 inf=9.9s sim=2.0s total=13.4s
[octo-small|StackGreenCubeOnYellowCubeBakedTexInScene-v1|damp_x2.0] ep 15 success=False steps=60 inf=10.3s sim=1.8s total=14.4s
[octo-small|StackGreenCubeOnYellowCubeBakedTexInScene-v1|damp_x2.0] ep 16 success=False steps=60 inf=10.2s sim=1.9s total=13.8s
[octo-small|StackGreenCubeOnYellowCubeBakedTexInScene-v1|damp_x2.0] ep 17 success=False steps=60 inf=10.4s sim=1.8s total=13.9s
[octo-small|StackGreenCubeOnYellowCubeBakedTexInScene-v1|damp_x2.0] ep 18 success=False steps=60 inf=9.9s sim=2.2s total=13.6s
[octo-small|StackGreenCubeOnYellowCubeBakedTexInScene-v1|damp_x2.0] ep 19 success=False steps=60 inf=9.5s sim=2.0s total=13.1s
[octo-small|StackGreenCubeOnYellowCubeBakedTexInScene-v1|damp_x2.0] ep 20 success=False steps=60 inf=9.6s sim=2.1s total=13.4s
[octo-small|StackGreenCubeOnYellowCubeBakedTexInScene-v1|damp_x2.0] ep 21 success=False steps=60 inf=10.2s sim=1.9s total=13.7s
[octo-small|StackGreenCubeOnYellowCubeBakedTexInScene-v1|damp_x2.0] ep 22 success=False steps=60 inf=9.9s sim=1.8s total=13.3s
[octo-small|StackGreenCubeOnYellowCubeBakedTexInScene-v1|damp_x2.0] ep 23 success=False steps=60 inf=9.9s sim=1.9s total=13.5s
== damp_x2.0: 0/24 success
[octo-small|StackGreenCubeOnYellowCubeBakedTexInScene-v1|force_x0.5] ep 0 success=False steps=60 inf=9.6s sim=2.0s total=13.3s
[octo-small|StackGreenCubeOnYellowCubeBakedTexInScene-v1|force_x0.5] ep 1 success=False steps=60 inf=10.3s sim=2.0s total=14.0s
[octo-small|StackGreenCubeOnYellowCubeBakedTexInScene-v1|force_x0.5] ep 2 success=False steps=60 inf=10.6s sim=1.8s total=14.2s
[octo-small|StackGreenCubeOnYellowCubeBakedTexInScene-v1|force_x0.5] ep 3 success=False steps=60 inf=10.7s sim=1.9s total=14.3s
[octo-small|StackGreenCubeOnYellowCubeBakedTexInScene-v1|force_x0.5] ep 4 success=False steps=60 inf=10.0s sim=1.9s total=13.5s
[octo-small|StackGreenCubeOnYellowCubeBakedTexInScene-v1|force_x0.5] ep 5 success=False steps=60 inf=10.2s sim=1.9s total=13.7s
[octo-small|StackGreenCubeOnYellowCubeBakedTexInScene-v1|force_x0.5] ep 6 success=False steps=60 inf=9.8s sim=2.0s total=13.6s
[octo-small|StackGreenCubeOnYellowCubeBakedTexInScene-v1|force_x0.5] ep 7 success=False steps=60 inf=9.8s sim=2.1s total=13.6s
[octo-small|StackGreenCubeOnYellowCubeBakedTexInScene-v1|force_x0.5] ep 8 success=False steps=60 inf=9.5s sim=2.2s total=13.4s
[octo-small|StackGreenCubeOnYellowCubeBakedTexInScene-v1|force_x0.5] ep 9 success=False steps=60 inf=9.8s sim=2.0s total=13.6s
[octo-small|StackGreenCubeOnYellowCubeBakedTexInScene-v1|force_x0.5] ep 10 success=False steps=60 inf=10.2s sim=1.8s total=13.6s
[octo-small|StackGreenCubeOnYellowCubeBakedTexInScene-v1|force_x0.5] ep 11 success=False steps=60 inf=10.0s sim=2.0s total=13.5s
[octo-small|StackGreenCubeOnYellowCubeBakedTexInScene-v1|force_x0.5] ep 12 success=False steps=60 inf=10.2s sim=1.8s total=13.8s
[octo-small|StackGreenCubeOnYellowCubeBakedTexInScene-v1|force_x0.5] ep 13 success=False steps=60 inf=10.2s sim=2.1s total=13.9s
[octo-small|StackGreenCubeOnYellowCubeBakedTexInScene-v1|force_x0.5] ep 14 success=False steps=60 inf=10.0s sim=2.0s total=13.4s
[octo-small|StackGreenCubeOnYellowCubeBakedTexInScene-v1|force_x0.5] ep 15 success=False steps=60 inf=9.5s sim=1.9s total=13.2s
[octo-small|StackGreenCubeOnYellowCubeBakedTexInScene-v1|force_x0.5] ep 16 success=False steps=60 inf=10.5s sim=1.8s total=14.0s
[octo-small|StackGreenCubeOnYellowCubeBakedTexInScene-v1|force_x0.5] ep 17 success=False steps=60 inf=10.1s sim=1.9s total=13.7s
[octo-small|StackGreenCubeOnYellowCubeBakedTexInScene-v1|force_x0.5] ep 18 success=False steps=60 inf=9.8s sim=2.1s total=13.8s
[octo-small|StackGreenCubeOnYellowCubeBakedTexInScene-v1|force_x0.5] ep 19 success=False steps=60 inf=10.0s sim=2.0s total=13.6s
[octo-small|StackGreenCubeOnYellowCubeBakedTexInScene-v1|force_x0.5] ep 20 success=False steps=60 inf=10.6s sim=1.8s total=14.1s
[octo-small|StackGreenCubeOnYellowCubeBakedTexInScene-v1|force_x0.5] ep 21 success=False steps=60 inf=10.2s sim=1.8s total=13.7s
[octo-small|StackGreenCubeOnYellowCubeBakedTexInScene-v1|force_x0.5] ep 22 success=False steps=60 inf=10.2s sim=1.8s total=13.7s
[octo-small|StackGreenCubeOnYellowCubeBakedTexInScene-v1|force_x0.5] ep 23 success=False steps=60 inf=9.9s sim=1.9s total=13.4s
== force_x0.5: 0/24 success
[octo-small|StackGreenCubeOnYellowCubeBakedTexInScene-v1|delay_1] ep 0 success=False steps=60 inf=10.2s sim=2.0s total=13.9s
[octo-small|StackGreenCubeOnYellowCubeBakedTexInScene-v1|delay_1] ep 1 success=False steps=60 inf=10.0s sim=2.0s total=13.6s
[octo-small|StackGreenCubeOnYellowCubeBakedTexInScene-v1|delay_1] ep 2 success=False steps=60 inf=9.2s sim=2.0s total=12.9s
[octo-small|StackGreenCubeOnYellowCubeBakedTexInScene-v1|delay_1] ep 3 success=False steps=60 inf=10.1s sim=1.9s total=13.6s
[octo-small|StackGreenCubeOnYellowCubeBakedTexInScene-v1|delay_1] ep 4 success=False steps=60 inf=10.3s sim=2.0s total=14.0s
[octo-small|StackGreenCubeOnYellowCubeBakedTexInScene-v1|delay_1] ep 5 success=False steps=60 inf=10.0s sim=2.0s total=13.8s
[octo-small|StackGreenCubeOnYellowCubeBakedTexInScene-v1|delay_1] ep 6 success=False steps=60 inf=10.2s sim=2.1s total=14.0s
[octo-small|StackGreenCubeOnYellowCubeBakedTexInScene-v1|delay_1] ep 7 success=False steps=60 inf=10.2s sim=2.1s total=14.1s
[octo-small|StackGreenCubeOnYellowCubeBakedTexInScene-v1|delay_1] ep 8 success=False steps=60 inf=10.4s sim=2.1s total=14.1s
[octo-small|StackGreenCubeOnYellowCubeBakedTexInScene-v1|delay_1] ep 9 success=False steps=60 inf=9.8s sim=2.0s total=13.6s
[octo-small|StackGreenCubeOnYellowCubeBakedTexInScene-v1|delay_1] ep 10 success=False steps=60 inf=9.9s sim=1.9s total=13.5s
[octo-small|StackGreenCubeOnYellowCubeBakedTexInScene-v1|delay_1] ep 11 success=False steps=60 inf=9.9s sim=1.8s total=13.3s
[octo-small|StackGreenCubeOnYellowCubeBakedTexInScene-v1|delay_1] ep 12 success=False steps=60 inf=9.9s sim=2.0s total=13.7s
[octo-small|StackGreenCubeOnYellowCubeBakedTexInScene-v1|delay_1] ep 13 success=False steps=60 inf=9.8s sim=2.3s total=13.9s
[octo-small|StackGreenCubeOnYellowCubeBakedTexInScene-v1|delay_1] ep 14 success=False steps=60 inf=10.0s sim=2.1s total=13.8s
[octo-small|StackGreenCubeOnYellowCubeBakedTexInScene-v1|delay_1] ep 15 success=False steps=60 inf=10.1s sim=1.8s total=13.6s
[octo-small|StackGreenCubeOnYellowCubeBakedTexInScene-v1|delay_1] ep 16 success=False steps=60 inf=10.5s sim=1.9s total=14.1s
[octo-small|StackGreenCubeOnYellowCubeBakedTexInScene-v1|delay_1] ep 17 success=False steps=60 inf=10.2s sim=2.0s total=14.0s
[octo-small|StackGreenCubeOnYellowCubeBakedTexInScene-v1|delay_1] ep 18 success=False steps=60 inf=10.2s sim=1.9s total=13.8s
[octo-small|StackGreenCubeOnYellowCubeBakedTexInScene-v1|delay_1] ep 19 success=False steps=60 inf=10.1s sim=1.9s total=13.9s
[octo-small|StackGreenCubeOnYellowCubeBakedTexInScene-v1|delay_1] ep 20 success=False steps=60 inf=9.5s sim=2.1s total=13.3s
[octo-small|StackGreenCubeOnYellowCubeBakedTexInScene-v1|delay_1] ep 21 success=False steps=60 inf=10.2s sim=1.8s total=13.8s
[octo-small|StackGreenCubeOnYellowCubeBakedTexInScene-v1|delay_1] ep 22 success=False steps=60 inf=9.9s sim=1.9s total=13.5s
[octo-small|StackGreenCubeOnYellowCubeBakedTexInScene-v1|delay_1] ep 23 success=False steps=60 inf=10.0s sim=2.0s total=13.7s
== delay_1: 0/24 success
==== Fri 09/18/2026  7:22:56.87 end octo-small StackGreenCubeOnYellowCubeBakedTexInScene-v1 exit 0
SWEEP_DONE octo-small
