==== Fri 09/18/2026  6:26:36.73 start octo-small PutCarrotOnPlateInScene-v1
[octo-small|PutCarrotOnPlateInScene-v1|nominal] ep 0 success=True steps=60 inf=19.8s sim=1.1s total=21.6s
[octo-small|PutCarrotOnPlateInScene-v1|nominal] ep 1 success=False steps=60 inf=21.3s sim=1.1s total=23.3s
[octo-small|PutCarrotOnPlateInScene-v1|nominal] ep 2 success=False steps=60 inf=26.9s sim=1.6s total=29.5s
[octo-small|PutCarrotOnPlateInScene-v1|nominal] ep 3 success=False steps=60 inf=26.7s sim=1.6s total=29.2s
[octo-small|PutCarrotOnPlateInScene-v1|nominal] ep 4 success=True steps=60 inf=26.5s sim=1.7s total=29.2s
[octo-small|PutCarrotOnPlateInScene-v1|nominal] ep 5 success=False steps=60 inf=26.6s sim=1.5s total=29.0s
[octo-small|PutCarrotOnPlateInScene-v1|nominal] ep 6 success=False steps=60 inf=26.5s sim=1.6s total=29.1s
[octo-small|PutCarrotOnPlateInScene-v1|nominal] ep 7 success=False steps=60 inf=27.2s sim=1.7s total=29.9s
[octo-small|PutCarrotOnPlateInScene-v1|nominal] ep 8 success=False steps=60 inf=27.2s sim=1.6s total=29.8s
[octo-small|PutCarrotOnPlateInScene-v1|nominal] ep 9 success=False steps=60 inf=27.5s sim=1.6s total=30.1s
[octo-small|PutCarrotOnPlateInScene-v1|nominal] ep 10 success=False steps=60 inf=28.0s sim=1.6s total=30.6s
[octo-small|PutCarrotOnPlateInScene-v1|nominal] ep 11 success=False steps=60 inf=27.7s sim=1.6s total=30.3s
[octo-small|PutCarrotOnPlateInScene-v1|nominal] ep 12 success=False steps=60 inf=27.5s sim=1.6s total=30.1s
[octo-small|PutCarrotOnPlateInScene-v1|nominal] ep 13 success=False steps=60 inf=28.0s sim=1.6s total=30.7s
[octo-small|PutCarrotOnPlateInScene-v1|nominal] ep 14 success=False steps=60 inf=27.7s sim=1.6s total=30.3s
[octo-small|PutCarrotOnPlateInScene-v1|nominal] ep 15 success=False steps=60 inf=27.7s sim=1.5s total=30.2s
[octo-small|PutCarrotOnPlateInScene-v1|nominal] ep 16 success=False steps=60 inf=27.6s sim=1.6s total=30.2s
[octo-small|PutCarrotOnPlateInScene-v1|nominal] ep 17 success=False steps=60 inf=27.5s sim=1.5s total=30.3s
[octo-small|PutCarrotOnPlateInScene-v1|nominal] ep 18 success=True steps=60 inf=27.5s sim=1.7s total=30.2s
[octo-small|PutCarrotOnPlateInScene-v1|nominal] ep 19 success=False steps=60 inf=27.2s sim=1.6s total=29.7s
[octo-small|PutCarrotOnPlateInScene-v1|nominal] ep 20 success=False steps=60 inf=27.5s sim=1.6s total=30.1s
[octo-small|PutCarrotOnPlateInScene-v1|nominal] ep 21 success=False steps=60 inf=29.5s sim=1.8s total=32.4s
[octo-small|PutCarrotOnPlateInScene-v1|nominal] ep 22 success=True steps=60 inf=34.9s sim=2.6s total=38.7s
[octo-small|PutCarrotOnPlateInScene-v1|nominal] ep 23 success=False steps=60 inf=28.6s sim=1.8s total=31.4s
== nominal: 4/24 success
[octo-small|PutCarrotOnPlateInScene-v1|stiff_x0.5] ep 0 success=True steps=60 inf=27.8s sim=1.7s total=30.5s
[octo-small|PutCarrotOnPlateInScene-v1|stiff_x0.5] ep 1 success=False steps=60 inf=28.3s sim=1.6s total=30.9s
[octo-small|PutCarrotOnPlateInScene-v1|stiff_x0.5] ep 2 success=False steps=60 inf=28.8s sim=1.7s total=31.5s
[octo-small|PutCarrotOnPlateInScene-v1|stiff_x0.5] ep 3 success=False steps=60 inf=28.8s sim=1.6s total=31.5s
[octo-small|PutCarrotOnPlateInScene-v1|stiff_x0.5] ep 4 success=False steps=60 inf=28.0s sim=1.7s total=30.8s
[octo-small|PutCarrotOnPlateInScene-v1|stiff_x0.5] ep 5 success=False steps=60 inf=30.6s sim=1.8s total=33.5s
[octo-small|PutCarrotOnPlateInScene-v1|stiff_x0.5] ep 6 success=False steps=60 inf=29.6s sim=1.7s total=32.3s
[octo-small|PutCarrotOnPlateInScene-v1|stiff_x0.5] ep 7 success=False steps=60 inf=29.4s sim=1.9s total=32.5s
[octo-small|PutCarrotOnPlateInScene-v1|stiff_x0.5] ep 8 success=False steps=60 inf=27.9s sim=1.6s total=30.6s
[octo-small|PutCarrotOnPlateInScene-v1|stiff_x0.5] ep 9 success=False steps=60 inf=28.5s sim=1.7s total=31.1s
[octo-small|PutCarrotOnPlateInScene-v1|stiff_x0.5] ep 10 success=False steps=60 inf=28.7s sim=1.7s total=31.5s
[octo-small|PutCarrotOnPlateInScene-v1|stiff_x0.5] ep 11 success=False steps=60 inf=28.2s sim=1.8s total=30.9s
[octo-small|PutCarrotOnPlateInScene-v1|stiff_x0.5] ep 12 success=False steps=60 inf=28.9s sim=1.6s total=31.5s
[octo-small|PutCarrotOnPlateInScene-v1|stiff_x0.5] ep 13 success=False steps=60 inf=28.8s sim=1.6s total=31.4s
[octo-small|PutCarrotOnPlateInScene-v1|stiff_x0.5] ep 14 success=False steps=60 inf=28.2s sim=1.6s total=30.7s
[octo-small|PutCarrotOnPlateInScene-v1|stiff_x0.5] ep 15 success=False steps=60 inf=29.3s sim=1.7s total=31.9s
[octo-small|PutCarrotOnPlateInScene-v1|stiff_x0.5] ep 16 success=False steps=60 inf=28.7s sim=1.7s total=31.5s
[octo-small|PutCarrotOnPlateInScene-v1|stiff_x0.5] ep 17 success=False steps=60 inf=28.7s sim=1.7s total=31.3s
[octo-small|PutCarrotOnPlateInScene-v1|stiff_x0.5] ep 18 success=True steps=60 inf=28.9s sim=1.8s total=31.6s
[octo-small|PutCarrotOnPlateInScene-v1|stiff_x0.5] ep 19 success=False steps=60 inf=28.7s sim=1.6s total=31.2s
[octo-small|PutCarrotOnPlateInScene-v1|stiff_x0.5] ep 20 success=False steps=60 inf=28.0s sim=1.6s total=30.7s
[octo-small|PutCarrotOnPlateInScene-v1|stiff_x0.5] ep 21 success=False steps=60 inf=28.3s sim=1.7s total=30.9s
[octo-small|PutCarrotOnPlateInScene-v1|stiff_x0.5] ep 22 success=True steps=60 inf=29.2s sim=1.7s total=32.0s
[octo-small|PutCarrotOnPlateInScene-v1|stiff_x0.5] ep 23 success=False steps=60 inf=28.8s sim=1.7s total=31.4s
== stiff_x0.5: 3/24 success
[octo-small|PutCarrotOnPlateInScene-v1|stiff_x2.0] ep 0 success=False steps=60 inf=29.0s sim=1.8s total=31.9s
[octo-small|PutCarrotOnPlateInScene-v1|stiff_x2.0] ep 1 success=False steps=60 inf=28.6s sim=1.6s total=31.3s
[octo-small|PutCarrotOnPlateInScene-v1|stiff_x2.0] ep 2 success=False steps=60 inf=29.9s sim=1.7s total=32.6s
[octo-small|PutCarrotOnPlateInScene-v1|stiff_x2.0] ep 3 success=False steps=60 inf=29.1s sim=1.8s total=31.8s
[octo-small|PutCarrotOnPlateInScene-v1|stiff_x2.0] ep 4 success=False steps=60 inf=28.0s sim=1.7s total=30.6s
[octo-small|PutCarrotOnPlateInScene-v1|stiff_x2.0] ep 5 success=False steps=60 inf=30.3s sim=1.7s total=33.1s
[octo-small|PutCarrotOnPlateInScene-v1|stiff_x2.0] ep 6 success=False steps=60 inf=29.1s sim=1.8s total=31.8s
[octo-small|PutCarrotOnPlateInScene-v1|stiff_x2.0] ep 7 success=False steps=60 inf=30.0s sim=1.9s total=33.0s
[octo-small|PutCarrotOnPlateInScene-v1|stiff_x2.0] ep 8 success=False steps=60 inf=28.4s sim=1.6s total=31.0s
[octo-small|PutCarrotOnPlateInScene-v1|stiff_x2.0] ep 9 success=False steps=60 inf=27.8s sim=1.7s total=30.5s
[octo-small|PutCarrotOnPlateInScene-v1|stiff_x2.0] ep 10 success=False steps=60 inf=27.6s sim=1.7s total=30.3s
[octo-small|PutCarrotOnPlateInScene-v1|stiff_x2.0] ep 11 success=False steps=60 inf=28.0s sim=1.8s total=30.8s
[octo-small|PutCarrotOnPlateInScene-v1|stiff_x2.0] ep 12 success=False steps=60 inf=27.6s sim=1.7s total=30.2s
[octo-small|PutCarrotOnPlateInScene-v1|stiff_x2.0] ep 13 success=False steps=60 inf=27.8s sim=1.6s total=30.4s
[octo-small|PutCarrotOnPlateInScene-v1|stiff_x2.0] ep 14 success=False steps=60 inf=27.9s sim=1.7s total=30.6s
[octo-small|PutCarrotOnPlateInScene-v1|stiff_x2.0] ep 15 success=False steps=60 inf=30.7s sim=1.9s total=33.8s
[octo-small|PutCarrotOnPlateInScene-v1|stiff_x2.0] ep 16 success=False steps=60 inf=30.5s sim=1.9s total=33.4s
[octo-small|PutCarrotOnPlateInScene-v1|stiff_x2.0] ep 17 success=False steps=60 inf=30.9s sim=1.9s total=33.8s
[octo-small|PutCarrotOnPlateInScene-v1|stiff_x2.0] ep 18 success=True steps=60 inf=31.0s sim=2.1s total=34.1s
[octo-small|PutCarrotOnPlateInScene-v1|stiff_x2.0] ep 19 success=False steps=60 inf=31.9s sim=1.9s total=34.9s
[octo-small|PutCarrotOnPlateInScene-v1|stiff_x2.0] ep 20 success=False steps=60 inf=31.0s sim=1.9s total=34.0s
[octo-small|PutCarrotOnPlateInScene-v1|stiff_x2.0] ep 21 success=False steps=60 inf=31.3s sim=1.9s total=34.3s
[octo-small|PutCarrotOnPlateInScene-v1|stiff_x2.0] ep 22 success=True steps=60 inf=32.2s sim=2.1s total=35.3s
[octo-small|PutCarrotOnPlateInScene-v1|stiff_x2.0] ep 23 success=False steps=60 inf=30.4s sim=1.8s total=33.3s
== stiff_x2.0: 2/24 success
[octo-small|PutCarrotOnPlateInScene-v1|damp_x0.5] ep 0 success=False steps=60 inf=30.8s sim=1.9s total=33.7s
[octo-small|PutCarrotOnPlateInScene-v1|damp_x0.5] ep 1 success=False steps=60 inf=30.3s sim=1.8s total=33.1s
[octo-small|PutCarrotOnPlateInScene-v1|damp_x0.5] ep 2 success=False steps=60 inf=30.3s sim=1.8s total=33.2s
[octo-small|PutCarrotOnPlateInScene-v1|damp_x0.5] ep 3 success=False steps=60 inf=30.2s sim=1.8s total=33.1s
[octo-small|PutCarrotOnPlateInScene-v1|damp_x0.5] ep 4 success=False steps=60 inf=29.9s sim=1.9s total=33.0s
[octo-small|PutCarrotOnPlateInScene-v1|damp_x0.5] ep 5 success=False steps=60 inf=30.6s sim=1.8s total=33.6s
[octo-small|PutCarrotOnPlateInScene-v1|damp_x0.5] ep 6 success=False steps=60 inf=29.7s sim=1.8s total=32.6s
[octo-small|PutCarrotOnPlateInScene-v1|damp_x0.5] ep 7 success=False steps=60 inf=29.9s sim=1.9s total=32.7s
[octo-small|PutCarrotOnPlateInScene-v1|damp_x0.5] ep 8 success=False steps=60 inf=29.7s sim=1.8s total=32.6s
[octo-small|PutCarrotOnPlateInScene-v1|damp_x0.5] ep 9 success=False steps=60 inf=29.2s sim=1.8s total=32.0s
[octo-small|PutCarrotOnPlateInScene-v1|damp_x0.5] ep 10 success=False steps=60 inf=28.4s sim=1.7s total=31.1s
[octo-small|PutCarrotOnPlateInScene-v1|damp_x0.5] ep 11 success=False steps=60 inf=29.8s sim=1.8s total=32.7s
[octo-small|PutCarrotOnPlateInScene-v1|damp_x0.5] ep 12 success=False steps=60 inf=29.6s sim=1.8s total=32.4s
[octo-small|PutCarrotOnPlateInScene-v1|damp_x0.5] ep 13 success=False steps=60 inf=30.8s sim=1.8s total=33.6s
[octo-small|PutCarrotOnPlateInScene-v1|damp_x0.5] ep 14 success=False steps=60 inf=30.6s sim=1.9s total=33.6s
[octo-small|PutCarrotOnPlateInScene-v1|damp_x0.5] ep 15 success=False steps=60 inf=30.1s sim=1.9s total=33.0s
[octo-small|PutCarrotOnPlateInScene-v1|damp_x0.5] ep 16 success=False steps=60 inf=30.1s sim=1.8s total=33.0s
[octo-small|PutCarrotOnPlateInScene-v1|damp_x0.5] ep 17 success=False steps=60 inf=30.1s sim=1.9s total=33.1s
[octo-small|PutCarrotOnPlateInScene-v1|damp_x0.5] ep 18 success=True steps=60 inf=29.2s sim=1.9s total=32.2s
[octo-small|PutCarrotOnPlateInScene-v1|damp_x0.5] ep 19 success=False steps=60 inf=30.0s sim=1.8s total=32.9s
[octo-small|PutCarrotOnPlateInScene-v1|damp_x0.5] ep 20 success=False steps=60 inf=31.3s sim=1.9s total=34.2s
[octo-small|PutCarrotOnPlateInScene-v1|damp_x0.5] ep 21 success=False steps=60 inf=30.2s sim=1.8s total=33.1s
[octo-small|PutCarrotOnPlateInScene-v1|damp_x0.5] ep 22 success=True steps=60 inf=29.7s sim=1.9s total=32.6s
[octo-small|PutCarrotOnPlateInScene-v1|damp_x0.5] ep 23 success=False steps=60 inf=29.6s sim=1.8s total=32.5s
== damp_x0.5: 2/24 success
[octo-small|PutCarrotOnPlateInScene-v1|damp_x2.0] ep 0 success=True steps=60 inf=30.0s sim=2.0s total=33.0s
[octo-small|PutCarrotOnPlateInScene-v1|damp_x2.0] ep 1 success=False steps=60 inf=31.3s sim=1.8s total=34.2s
[octo-small|PutCarrotOnPlateInScene-v1|damp_x2.0] ep 2 success=False steps=60 inf=33.8s sim=2.1s total=37.0s
[octo-small|PutCarrotOnPlateInScene-v1|damp_x2.0] ep 3 success=False steps=60 inf=32.5s sim=2.0s total=35.6s
[octo-small|PutCarrotOnPlateInScene-v1|damp_x2.0] ep 4 success=False steps=60 inf=33.8s sim=2.1s total=37.1s
[octo-small|PutCarrotOnPlateInScene-v1|damp_x2.0] ep 5 success=False steps=60 inf=29.7s sim=1.8s total=32.5s
[octo-small|PutCarrotOnPlateInScene-v1|damp_x2.0] ep 6 success=False steps=60 inf=32.8s sim=1.8s total=35.7s
[octo-small|PutCarrotOnPlateInScene-v1|damp_x2.0] ep 7 success=False steps=60 inf=34.5s sim=2.5s total=48.9s
