==== Fri 09/18/2026  7:23:48.78 start octo-base PutCarrotOnPlateInScene-v1
[octo-base|PutCarrotOnPlateInScene-v1|nominal] ep 0 success=False steps=60 inf=5.8s sim=1.3s total=8.4s
[octo-base|PutCarrotOnPlateInScene-v1|nominal] ep 1 success=False steps=60 inf=5.2s sim=1.5s total=8.3s
[octo-base|PutCarrotOnPlateInScene-v1|nominal] ep 2 success=False steps=60 inf=6.0s sim=1.3s total=8.4s
[octo-base|PutCarrotOnPlateInScene-v1|nominal] ep 3 success=False steps=60 inf=5.5s sim=1.5s total=8.3s
[octo-base|PutCarrotOnPlateInScene-v1|nominal] ep 4 success=False steps=60 inf=5.7s sim=1.6s total=8.6s
[octo-base|PutCarrotOnPlateInScene-v1|nominal] ep 5 success=False steps=60 inf=5.8s sim=1.5s total=8.5s
[octo-base|PutCarrotOnPlateInScene-v1|nominal] ep 6 success=False steps=60 inf=5.8s sim=1.4s total=8.4s
[octo-base|PutCarrotOnPlateInScene-v1|nominal] ep 7 success=False steps=60 inf=6.3s sim=1.5s total=9.1s
[octo-base|PutCarrotOnPlateInScene-v1|nominal] ep 8 success=False steps=60 inf=6.4s sim=1.3s total=9.1s
[octo-base|PutCarrotOnPlateInScene-v1|nominal] ep 9 success=False steps=60 inf=6.8s sim=1.5s total=9.3s
[octo-base|PutCarrotOnPlateInScene-v1|nominal] ep 10 success=False steps=60 inf=6.4s sim=1.5s total=9.3s
[octo-base|PutCarrotOnPlateInScene-v1|nominal] ep 11 success=False steps=60 inf=6.3s sim=1.7s total=9.5s
[octo-base|PutCarrotOnPlateInScene-v1|nominal] ep 12 success=False steps=60 inf=6.2s sim=1.7s total=9.5s
[octo-base|PutCarrotOnPlateInScene-v1|nominal] ep 13 success=False steps=60 inf=6.3s sim=1.7s total=9.7s
[octo-base|PutCarrotOnPlateInScene-v1|nominal] ep 14 success=True steps=60 inf=6.7s sim=1.7s total=9.8s
[octo-base|PutCarrotOnPlateInScene-v1|nominal] ep 15 success=False steps=60 inf=6.3s sim=1.7s total=9.5s
[octo-base|PutCarrotOnPlateInScene-v1|nominal] ep 16 success=True steps=60 inf=6.2s sim=1.8s total=9.5s
[octo-base|PutCarrotOnPlateInScene-v1|nominal] ep 17 success=False steps=60 inf=6.6s sim=1.7s total=9.8s
[octo-base|PutCarrotOnPlateInScene-v1|nominal] ep 18 success=False steps=60 inf=6.5s sim=1.8s total=9.9s
[octo-base|PutCarrotOnPlateInScene-v1|nominal] ep 19 success=False steps=60 inf=6.8s sim=1.9s total=10.3s
[octo-base|PutCarrotOnPlateInScene-v1|nominal] ep 20 success=False steps=60 inf=6.9s sim=1.8s total=10.2s
[octo-base|PutCarrotOnPlateInScene-v1|nominal] ep 21 success=False steps=60 inf=6.7s sim=1.9s total=9.9s
[octo-base|PutCarrotOnPlateInScene-v1|nominal] ep 22 success=False steps=60 inf=6.5s sim=1.8s total=9.9s
[octo-base|PutCarrotOnPlateInScene-v1|nominal] ep 23 success=False steps=60 inf=6.9s sim=1.7s total=10.1s
== nominal: 2/24 success
[octo-base|PutCarrotOnPlateInScene-v1|stiff_x0.5] ep 0 success=False steps=60 inf=6.8s sim=1.8s total=10.2s
[octo-base|PutCarrotOnPlateInScene-v1|stiff_x0.5] ep 1 success=False steps=60 inf=6.8s sim=1.8s total=10.1s
[octo-base|PutCarrotOnPlateInScene-v1|stiff_x0.5] ep 2 success=False steps=60 inf=6.7s sim=1.8s total=10.1s
[octo-base|PutCarrotOnPlateInScene-v1|stiff_x0.5] ep 3 success=True steps=60 inf=6.3s sim=1.9s total=9.9s
[octo-base|PutCarrotOnPlateInScene-v1|stiff_x0.5] ep 4 success=True steps=60 inf=5.9s sim=2.0s total=9.8s
[octo-base|PutCarrotOnPlateInScene-v1|stiff_x0.5] ep 5 success=False steps=60 inf=6.3s sim=2.0s total=9.9s
[octo-base|PutCarrotOnPlateInScene-v1|stiff_x0.5] ep 6 success=False steps=60 inf=6.2s sim=1.9s total=9.7s
[octo-base|PutCarrotOnPlateInScene-v1|stiff_x0.5] ep 7 success=False steps=60 inf=6.7s sim=1.9s total=9.8s
[octo-base|PutCarrotOnPlateInScene-v1|stiff_x0.5] ep 8 success=False steps=60 inf=7.2s sim=1.6s total=10.2s
[octo-base|PutCarrotOnPlateInScene-v1|stiff_x0.5] ep 9 success=False steps=60 inf=6.8s sim=1.8s total=10.2s
[octo-base|PutCarrotOnPlateInScene-v1|stiff_x0.5] ep 10 success=False steps=60 inf=7.2s sim=1.7s total=10.2s
[octo-base|PutCarrotOnPlateInScene-v1|stiff_x0.5] ep 11 success=True steps=60 inf=6.9s sim=1.7s total=10.1s
[octo-base|PutCarrotOnPlateInScene-v1|stiff_x0.5] ep 12 success=False steps=60 inf=6.9s sim=1.9s total=10.3s
[octo-base|PutCarrotOnPlateInScene-v1|stiff_x0.5] ep 13 success=False steps=60 inf=6.9s sim=1.8s total=10.2s
[octo-base|PutCarrotOnPlateInScene-v1|stiff_x0.5] ep 14 success=False steps=60 inf=6.6s sim=1.8s total=10.1s
[octo-base|PutCarrotOnPlateInScene-v1|stiff_x0.5] ep 15 success=False steps=60 inf=6.9s sim=1.8s total=10.0s
[octo-base|PutCarrotOnPlateInScene-v1|stiff_x0.5] ep 16 success=False steps=60 inf=6.7s sim=1.9s total=10.0s
[octo-base|PutCarrotOnPlateInScene-v1|stiff_x0.5] ep 17 success=False steps=60 inf=6.9s sim=1.8s total=10.4s
[octo-base|PutCarrotOnPlateInScene-v1|stiff_x0.5] ep 18 success=False steps=60 inf=6.9s sim=1.8s total=10.1s
[octo-base|PutCarrotOnPlateInScene-v1|stiff_x0.5] ep 19 success=False steps=60 inf=6.9s sim=1.8s total=10.3s
[octo-base|PutCarrotOnPlateInScene-v1|stiff_x0.5] ep 20 success=False steps=60 inf=6.6s sim=1.8s total=10.1s
[octo-base|PutCarrotOnPlateInScene-v1|stiff_x0.5] ep 21 success=False steps=60 inf=7.3s sim=1.7s total=10.5s
[octo-base|PutCarrotOnPlateInScene-v1|stiff_x0.5] ep 22 success=False steps=60 inf=6.7s sim=1.9s total=10.1s
[octo-base|PutCarrotOnPlateInScene-v1|stiff_x0.5] ep 23 success=False steps=60 inf=6.9s sim=1.6s total=10.2s
== stiff_x0.5: 3/24 success
[octo-base|PutCarrotOnPlateInScene-v1|stiff_x2.0] ep 0 success=False steps=60 inf=6.9s sim=1.7s total=10.1s
[octo-base|PutCarrotOnPlateInScene-v1|stiff_x2.0] ep 1 success=False steps=60 inf=7.1s sim=1.7s total=10.2s
[octo-base|PutCarrotOnPlateInScene-v1|stiff_x2.0] ep 2 success=False steps=60 inf=6.9s sim=1.8s total=10.3s
[octo-base|PutCarrotOnPlateInScene-v1|stiff_x2.0] ep 3 success=False steps=60 inf=6.7s sim=1.9s total=10.0s
[octo-base|PutCarrotOnPlateInScene-v1|stiff_x2.0] ep 4 success=False steps=60 inf=7.4s sim=1.6s total=10.4s
[octo-base|PutCarrotOnPlateInScene-v1|stiff_x2.0] ep 5 success=False steps=60 inf=6.8s sim=1.9s total=10.2s
[octo-base|PutCarrotOnPlateInScene-v1|stiff_x2.0] ep 6 success=False steps=60 inf=6.6s sim=1.9s total=10.0s
[octo-base|PutCarrotOnPlateInScene-v1|stiff_x2.0] ep 7 success=False steps=60 inf=6.6s sim=1.7s total=9.9s
[octo-base|PutCarrotOnPlateInScene-v1|stiff_x2.0] ep 8 success=False steps=60 inf=7.1s sim=1.4s total=9.9s
[octo-base|PutCarrotOnPlateInScene-v1|stiff_x2.0] ep 9 success=False steps=60 inf=6.9s sim=1.5s total=9.9s
[octo-base|PutCarrotOnPlateInScene-v1|stiff_x2.0] ep 10 success=False steps=60 inf=7.2s sim=1.4s total=10.0s
[octo-base|PutCarrotOnPlateInScene-v1|stiff_x2.0] ep 11 success=False steps=60 inf=7.0s sim=1.6s total=10.2s
[octo-base|PutCarrotOnPlateInScene-v1|stiff_x2.0] ep 12 success=False steps=60 inf=6.8s sim=1.5s total=9.9s
[octo-base|PutCarrotOnPlateInScene-v1|stiff_x2.0] ep 13 success=False steps=60 inf=7.0s sim=1.6s total=10.0s
[octo-base|PutCarrotOnPlateInScene-v1|stiff_x2.0] ep 14 success=True steps=60 inf=7.0s sim=1.6s total=10.1s
[octo-base|PutCarrotOnPlateInScene-v1|stiff_x2.0] ep 15 success=False steps=60 inf=6.9s sim=1.6s total=9.9s
[octo-base|PutCarrotOnPlateInScene-v1|stiff_x2.0] ep 16 success=True steps=60 inf=7.1s sim=1.5s total=10.1s
[octo-base|PutCarrotOnPlateInScene-v1|stiff_x2.0] ep 17 success=False steps=60 inf=7.1s sim=1.5s total=9.9s
[octo-base|PutCarrotOnPlateInScene-v1|stiff_x2.0] ep 18 success=False steps=60 inf=7.1s sim=1.7s total=10.4s
[octo-base|PutCarrotOnPlateInScene-v1|stiff_x2.0] ep 19 success=False steps=60 inf=7.3s sim=1.7s total=10.9s
[octo-base|PutCarrotOnPlateInScene-v1|stiff_x2.0] ep 20 success=False steps=60 inf=7.6s sim=1.8s total=11.0s
[octo-base|PutCarrotOnPlateInScene-v1|stiff_x2.0] ep 21 success=False steps=60 inf=7.9s sim=1.7s total=11.2s
[octo-base|PutCarrotOnPlateInScene-v1|stiff_x2.0] ep 22 success=True steps=60 inf=13.0s sim=2.7s total=17.6s
[octo-base|PutCarrotOnPlateInScene-v1|stiff_x2.0] ep 23 success=False steps=60 inf=12.4s sim=2.8s total=17.1s
== stiff_x2.0: 3/24 success
[octo-base|PutCarrotOnPlateInScene-v1|damp_x0.5] ep 0 success=False steps=60 inf=7.3s sim=1.8s total=11.0s
[octo-base|PutCarrotOnPlateInScene-v1|damp_x0.5] ep 1 success=False steps=60 inf=16.5s sim=3.1s total=22.8s
[octo-base|PutCarrotOnPlateInScene-v1|damp_x0.5] ep 2 success=False steps=60 inf=8.1s sim=1.7s total=11.3s
[octo-base|PutCarrotOnPlateInScene-v1|damp_x0.5] ep 3 success=False steps=60 inf=7.3s sim=1.7s total=10.6s
[octo-base|PutCarrotOnPlateInScene-v1|damp_x0.5] ep 4 success=False steps=60 inf=7.3s sim=1.4s total=10.2s
[octo-base|PutCarrotOnPlateInScene-v1|damp_x0.5] ep 5 success=False steps=60 inf=7.0s sim=1.6s total=10.2s
[octo-base|PutCarrotOnPlateInScene-v1|damp_x0.5] ep 6 success=True steps=60 inf=6.8s sim=2.4s total=10.9s
[octo-base|PutCarrotOnPlateInScene-v1|damp_x0.5] ep 7 success=False steps=60 inf=9.2s sim=2.1s total=13.0s
[octo-base|PutCarrotOnPlateInScene-v1|damp_x0.5] ep 8 success=False steps=60 inf=12.7s sim=1.9s total=16.5s
[octo-base|PutCarrotOnPlateInScene-v1|damp_x0.5] ep 9 success=False steps=60 inf=13.7s sim=1.9s total=17.3s
[octo-base|PutCarrotOnPlateInScene-v1|damp_x0.5] ep 10 success=False steps=60 inf=13.3s sim=1.9s total=17.2s
[octo-base|PutCarrotOnPlateInScene-v1|damp_x0.5] ep 11 success=False steps=60 inf=12.8s sim=2.1s total=16.7s
[octo-base|PutCarrotOnPlateInScene-v1|damp_x0.5] ep 12 success=False steps=60 inf=12.6s sim=2.1s total=16.5s
[octo-base|PutCarrotOnPlateInScene-v1|damp_x0.5] ep 13 success=False steps=60 inf=12.6s sim=2.0s total=16.6s
[octo-base|PutCarrotOnPlateInScene-v1|damp_x0.5] ep 14 success=True steps=60 inf=13.1s sim=2.0s total=16.9s
[octo-base|PutCarrotOnPlateInScene-v1|damp_x0.5] ep 15 success=False steps=60 inf=12.2s sim=2.2s total=16.3s
[octo-base|PutCarrotOnPlateInScene-v1|damp_x0.5] ep 16 success=True steps=60 inf=12.4s sim=2.1s total=16.2s
[octo-base|PutCarrotOnPlateInScene-v1|damp_x0.5] ep 17 success=False steps=60 inf=13.4s sim=1.9s total=17.1s
[octo-base|PutCarrotOnPlateInScene-v1|damp_x0.5] ep 18 success=False steps=60 inf=12.0s sim=2.2s total=16.1s
[octo-base|PutCarrotOnPlateInScene-v1|damp_x0.5] ep 19 success=False steps=60 inf=13.0s sim=2.0s total=17.3s
[octo-base|PutCarrotOnPlateInScene-v1|damp_x0.5] ep 20 success=False steps=60 inf=12.9s sim=2.0s total=16.8s
[octo-base|PutCarrotOnPlateInScene-v1|damp_x0.5] ep 21 success=False steps=60 inf=13.2s sim=2.0s total=16.9s
[octo-base|PutCarrotOnPlateInScene-v1|damp_x0.5] ep 22 success=True steps=60 inf=13.6s sim=1.7s total=17.4s
[octo-base|PutCarrotOnPlateInScene-v1|damp_x0.5] ep 23 success=False steps=60 inf=12.5s sim=1.9s total=16.1s
== damp_x0.5: 4/24 success
[octo-base|PutCarrotOnPlateInScene-v1|damp_x2.0] ep 0 success=False steps=60 inf=12.4s sim=2.1s total=16.3s
[octo-base|PutCarrotOnPlateInScene-v1|damp_x2.0] ep 1 success=False steps=60 inf=12.7s sim=2.0s total=16.7s
[octo-base|PutCarrotOnPlateInScene-v1|damp_x2.0] ep 2 success=False steps=60 inf=12.1s sim=2.1s total=16.0s
[octo-base|PutCarrotOnPlateInScene-v1|damp_x2.0] ep 3 success=False steps=60 inf=12.7s sim=2.0s total=16.4s
[octo-base|PutCarrotOnPlateInScene-v1|damp_x2.0] ep 4 success=False steps=60 inf=13.1s sim=1.9s total=17.0s
[octo-base|PutCarrotOnPlateInScene-v1|damp_x2.0] ep 5 success=False steps=60 inf=12.5s sim=2.2s total=16.4s
[octo-base|PutCarrotOnPlateInScene-v1|damp_x2.0] ep 6 success=False steps=60 inf=12.0s sim=2.1s total=15.8s
[octo-base|PutCarrotOnPlateInScene-v1|damp_x2.0] ep 7 success=False steps=60 inf=12.7s sim=2.0s total=16.6s
[octo-base|PutCarrotOnPlateInScene-v1|damp_x2.0] ep 8 success=False steps=60 inf=12.4s sim=1.9s total=16.1s
[octo-base|PutCarrotOnPlateInScene-v1|damp_x2.0] ep 9 success=False steps=60 inf=12.9s sim=1.9s total=16.5s
[octo-base|PutCarrotOnPlateInScene-v1|damp_x2.0] ep 10 success=False steps=60 inf=12.4s sim=1.8s total=16.1s
[octo-base|PutCarrotOnPlateInScene-v1|damp_x2.0] ep 11 success=True steps=60 inf=12.7s sim=1.9s total=16.4s
[octo-base|PutCarrotOnPlateInScene-v1|damp_x2.0] ep 12 success=False steps=60 inf=12.8s sim=2.1s total=16.6s
[octo-base|PutCarrotOnPlateInScene-v1|damp_x2.0] ep 13 success=False steps=60 inf=12.1s sim=2.3s total=16.2s
[octo-base|PutCarrotOnPlateInScene-v1|damp_x2.0] ep 14 success=False steps=60 inf=13.1s sim=1.9s total=16.7s
[octo-base|PutCarrotOnPlateInScene-v1|damp_x2.0] ep 15 success=False steps=60 inf=12.5s sim=2.0s total=16.2s
[octo-base|PutCarrotOnPlateInScene-v1|damp_x2.0] ep 16 success=False steps=60 inf=13.1s sim=2.0s total=16.8s
[octo-base|PutCarrotOnPlateInScene-v1|damp_x2.0] ep 17 success=False steps=60 inf=13.4s sim=1.9s total=17.2s
[octo-base|PutCarrotOnPlateInScene-v1|damp_x2.0] ep 18 success=False steps=60 inf=13.7s sim=1.8s total=17.2s
[octo-base|PutCarrotOnPlateInScene-v1|damp_x2.0] ep 19 success=False steps=60 inf=12.5s sim=2.2s total=16.5s
[octo-base|PutCarrotOnPlateInScene-v1|damp_x2.0] ep 20 success=False steps=60 inf=12.8s sim=2.0s total=16.7s
[octo-base|PutCarrotOnPlateInScene-v1|damp_x2.0] ep 21 success=False steps=60 inf=13.2s sim=2.0s total=16.9s
[octo-base|PutCarrotOnPlateInScene-v1|damp_x2.0] ep 22 success=True steps=60 inf=12.9s sim=2.1s total=16.8s
[octo-base|PutCarrotOnPlateInScene-v1|damp_x2.0] ep 23 success=False steps=60 inf=12.6s sim=2.0s total=16.3s
== damp_x2.0: 2/24 success
[octo-base|PutCarrotOnPlateInScene-v1|force_x0.5] ep 0 success=False steps=60 inf=12.5s sim=2.0s total=16.1s
[octo-base|PutCarrotOnPlateInScene-v1|force_x0.5] ep 1 success=False steps=60 inf=13.0s sim=2.0s total=16.9s
[octo-base|PutCarrotOnPlateInScene-v1|force_x0.5] ep 2 success=False steps=60 inf=12.5s sim=1.9s total=16.2s
[octo-base|PutCarrotOnPlateInScene-v1|force_x0.5] ep 3 success=False steps=60 inf=13.4s sim=2.1s total=17.2s
[octo-base|PutCarrotOnPlateInScene-v1|force_x0.5] ep 4 success=False steps=60 inf=12.5s sim=2.1s total=16.4s
[octo-base|PutCarrotOnPlateInScene-v1|force_x0.5] ep 5 success=False steps=60 inf=13.5s sim=1.8s total=17.1s
[octo-base|PutCarrotOnPlateInScene-v1|force_x0.5] ep 6 success=False steps=60 inf=12.5s sim=2.1s total=16.4s
[octo-base|PutCarrotOnPlateInScene-v1|force_x0.5] ep 7 success=False steps=60 inf=13.5s sim=2.1s total=17.3s
[octo-base|PutCarrotOnPlateInScene-v1|force_x0.5] ep 8 success=False steps=60 inf=13.3s sim=1.9s total=17.0s
[octo-base|PutCarrotOnPlateInScene-v1|force_x0.5] ep 9 success=False steps=60 inf=14.3s sim=1.8s total=17.9s
[octo-base|PutCarrotOnPlateInScene-v1|force_x0.5] ep 10 success=False steps=60 inf=12.7s sim=2.0s total=16.4s
[octo-base|PutCarrotOnPlateInScene-v1|force_x0.5] ep 11 success=False steps=60 inf=13.6s sim=2.1s total=17.3s
[octo-base|PutCarrotOnPlateInScene-v1|force_x0.5] ep 12 success=False steps=60 inf=12.8s sim=2.0s total=16.7s
[octo-base|PutCarrotOnPlateInScene-v1|force_x0.5] ep 13 success=False steps=60 inf=13.4s sim=1.9s total=16.9s
[octo-base|PutCarrotOnPlateInScene-v1|force_x0.5] ep 14 success=True steps=60 inf=13.1s sim=1.9s total=16.9s
[octo-base|PutCarrotOnPlateInScene-v1|force_x0.5] ep 15 success=False steps=60 inf=12.8s sim=1.9s total=16.5s
[octo-base|PutCarrotOnPlateInScene-v1|force_x0.5] ep 16 success=True steps=60 inf=12.3s sim=2.1s total=16.4s
[octo-base|PutCarrotOnPlateInScene-v1|force_x0.5] ep 17 success=False steps=60 inf=11.8s sim=2.4s total=15.9s
[octo-base|PutCarrotOnPlateInScene-v1|force_x0.5] ep 18 success=False steps=60 inf=14.4s sim=2.1s total=17.9s
[octo-base|PutCarrotOnPlateInScene-v1|force_x0.5] ep 19 success=False steps=60 inf=13.3s sim=2.1s total=17.6s
[octo-base|PutCarrotOnPlateInScene-v1|force_x0.5] ep 20 success=False steps=60 inf=14.5s sim=2.0s total=18.5s
[octo-base|PutCarrotOnPlateInScene-v1|force_x0.5] ep 21 success=False steps=60 inf=13.3s sim=2.1s total=17.4s
[octo-base|PutCarrotOnPlateInScene-v1|force_x0.5] ep 22 success=False steps=60 inf=13.3s sim=2.1s total=16.9s
[octo-base|PutCarrotOnPlateInScene-v1|force_x0.5] ep 23 success=False steps=60 inf=13.5s sim=2.1s total=17.2s
== force_x0.5: 2/24 success
[octo-base|PutCarrotOnPlateInScene-v1|delay_1] ep 0 success=False steps=60 inf=13.7s sim=2.1s total=17.6s
[octo-base|PutCarrotOnPlateInScene-v1|delay_1] ep 1 success=False steps=60 inf=13.4s sim=2.3s total=17.6s
[octo-base|PutCarrotOnPlateInScene-v1|delay_1] ep 2 success=False steps=60 inf=14.0s sim=2.1s total=17.9s
[octo-base|PutCarrotOnPlateInScene-v1|delay_1] ep 3 success=False steps=60 inf=12.4s sim=2.2s total=16.5s
[octo-base|PutCarrotOnPlateInScene-v1|delay_1] ep 4 success=False steps=60 inf=12.4s sim=2.2s total=16.4s
[octo-base|PutCarrotOnPlateInScene-v1|delay_1] ep 5 success=True steps=60 inf=14.7s sim=2.2s total=18.9s
[octo-base|PutCarrotOnPlateInScene-v1|delay_1] ep 6 success=False steps=60 inf=12.4s sim=2.6s total=17.0s
[octo-base|PutCarrotOnPlateInScene-v1|delay_1] ep 7 success=False steps=60 inf=13.8s sim=2.3s total=17.9s
[octo-base|PutCarrotOnPlateInScene-v1|delay_1] ep 8 success=False steps=60 inf=13.6s sim=1.8s total=17.2s
[octo-base|PutCarrotOnPlateInScene-v1|delay_1] ep 9 success=False steps=60 inf=11.5s sim=1.7s total=14.9s
[octo-base|PutCarrotOnPlateInScene-v1|delay_1] ep 10 success=False steps=60 inf=11.3s sim=1.7s total=14.6s
[octo-base|PutCarrotOnPlateInScene-v1|delay_1] ep 11 success=True steps=60 inf=11.3s sim=1.8s total=14.8s
[octo-base|PutCarrotOnPlateInScene-v1|delay_1] ep 12 success=False steps=60 inf=13.2s sim=2.0s total=17.1s
[octo-base|PutCarrotOnPlateInScene-v1|delay_1] ep 13 success=False steps=60 inf=10.0s sim=1.9s total=13.6s
[octo-base|PutCarrotOnPlateInScene-v1|delay_1] ep 14 success=False steps=60 inf=10.5s sim=1.6s total=13.9s
[octo-base|PutCarrotOnPlateInScene-v1|delay_1] ep 15 success=False steps=60 inf=10.1s sim=1.9s total=13.6s
[octo-base|PutCarrotOnPlateInScene-v1|delay_1] ep 16 success=False steps=60 inf=10.7s sim=1.7s total=14.1s
[octo-base|PutCarrotOnPlateInScene-v1|delay_1] ep 17 success=False steps=60 inf=10.7s sim=1.8s total=14.2s
[octo-base|PutCarrotOnPlateInScene-v1|delay_1] ep 18 success=False steps=60 inf=10.6s sim=1.9s total=14.2s
[octo-base|PutCarrotOnPlateInScene-v1|delay_1] ep 19 success=False steps=60 inf=10.6s sim=1.9s total=14.5s
[octo-base|PutCarrotOnPlateInScene-v1|delay_1] ep 20 success=False steps=60 inf=10.4s sim=1.9s total=14.0s
[octo-base|PutCarrotOnPlateInScene-v1|delay_1] ep 21 success=False steps=60 inf=11.0s sim=1.7s total=14.3s
[octo-base|PutCarrotOnPlateInScene-v1|delay_1] ep 22 success=False steps=60 inf=10.8s sim=1.8s total=14.5s
[octo-base|PutCarrotOnPlateInScene-v1|delay_1] ep 23 success=False steps=60 inf=10.8s sim=1.9s total=14.5s
== delay_1: 2/24 success
==== Fri 09/18/2026  7:23:48.78 end octo-base PutCarrotOnPlateInScene-v1 exit 0
==== Fri 09/18/2026  7:23:48.78 start octo-base PutSpoonOnTableClothInScene-v1
[octo-base|PutSpoonOnTableClothInScene-v1|nominal] ep 0 success=False steps=60 inf=12.7s sim=2.2s total=16.9s
[octo-base|PutSpoonOnTableClothInScene-v1|nominal] ep 1 success=False steps=60 inf=13.9s sim=2.0s total=17.8s
[octo-base|PutSpoonOnTableClothInScene-v1|nominal] ep 2 success=True steps=60 inf=14.2s sim=2.2s total=18.4s
[octo-base|PutSpoonOnTableClothInScene-v1|nominal] ep 3 success=False steps=60 inf=13.3s sim=2.2s total=17.4s
[octo-base|PutSpoonOnTableClothInScene-v1|nominal] ep 4 success=True steps=60 inf=13.6s sim=2.1s total=17.5s
[octo-base|PutSpoonOnTableClothInScene-v1|nominal] ep 5 success=False steps=60 inf=11.7s sim=2.9s total=16.4s
[octo-base|PutSpoonOnTableClothInScene-v1|nominal] ep 6 success=False steps=60 inf=13.2s sim=2.3s total=17.5s
[octo-base|PutSpoonOnTableClothInScene-v1|nominal] ep 7 success=False steps=60 inf=13.3s sim=2.0s total=17.1s
[octo-base|PutSpoonOnTableClothInScene-v1|nominal] ep 8 success=False steps=60 inf=12.7s sim=2.3s total=16.9s
[octo-base|PutSpoonOnTableClothInScene-v1|nominal] ep 9 success=False steps=60 inf=13.5s sim=2.6s total=17.9s
[octo-base|PutSpoonOnTableClothInScene-v1|nominal] ep 10 success=False steps=60 inf=12.9s sim=2.1s total=16.9s
[octo-base|PutSpoonOnTableClothInScene-v1|nominal] ep 11 success=False steps=60 inf=12.7s sim=2.1s total=16.7s
[octo-base|PutSpoonOnTableClothInScene-v1|nominal] ep 12 success=False steps=60 inf=12.5s sim=2.0s total=16.5s
[octo-base|PutSpoonOnTableClothInScene-v1|nominal] ep 13 success=False steps=60 inf=12.9s sim=2.1s total=16.9s
[octo-base|PutSpoonOnTableClothInScene-v1|nominal] ep 14 success=False steps=60 inf=13.9s sim=2.0s total=17.8s
[octo-base|PutSpoonOnTableClothInScene-v1|nominal] ep 15 success=False steps=60 inf=12.1s sim=2.4s total=16.4s
[octo-base|PutSpoonOnTableClothInScene-v1|nominal] ep 16 success=False steps=60 inf=12.0s sim=2.5s total=16.4s
[octo-base|PutSpoonOnTableClothInScene-v1|nominal] ep 17 success=False steps=60 inf=12.9s sim=2.3s total=17.2s
[octo-base|PutSpoonOnTableClothInScene-v1|nominal] ep 18 success=False steps=60 inf=12.2s sim=2.3s total=16.2s
[octo-base|PutSpoonOnTableClothInScene-v1|nominal] ep 19 success=False steps=60 inf=13.9s sim=2.1s total=18.0s
[octo-base|PutSpoonOnTableClothInScene-v1|nominal] ep 20 success=False steps=60 inf=13.2s sim=2.0s total=17.3s
[octo-base|PutSpoonOnTableClothInScene-v1|nominal] ep 21 success=False steps=60 inf=13.8s sim=2.0s total=17.7s
[octo-base|PutSpoonOnTableClothInScene-v1|nominal] ep 22 success=False steps=60 inf=13.4s sim=2.1s total=17.3s
[octo-base|PutSpoonOnTableClothInScene-v1|nominal] ep 23 success=False steps=60 inf=14.2s sim=2.2s total=18.5s
== nominal: 2/24 success
[octo-base|PutSpoonOnTableClothInScene-v1|stiff_x0.5] ep 0 success=False steps=60 inf=13.9s sim=2.2s total=18.0s
[octo-base|PutSpoonOnTableClothInScene-v1|stiff_x0.5] ep 1 success=False steps=60 inf=14.7s sim=2.1s total=18.9s
[octo-base|PutSpoonOnTableClothInScene-v1|stiff_x0.5] ep 2 success=False steps=60 inf=14.6s sim=2.1s total=18.6s
[octo-base|PutSpoonOnTableClothInScene-v1|stiff_x0.5] ep 3 success=False steps=60 inf=13.9s sim=2.2s total=18.0s
[octo-base|PutSpoonOnTableClothInScene-v1|stiff_x0.5] ep 4 success=False steps=60 inf=12.5s sim=2.2s total=16.5s
[octo-base|PutSpoonOnTableClothInScene-v1|stiff_x0.5] ep 5 success=False steps=60 inf=12.8s sim=3.2s total=17.9s
[octo-base|PutSpoonOnTableClothInScene-v1|stiff_x0.5] ep 6 success=True steps=60 inf=14.3s sim=2.1s total=18.9s
[octo-base|PutSpoonOnTableClothInScene-v1|stiff_x0.5] ep 7 success=False steps=60 inf=14.7s sim=2.1s total=18.7s
[octo-base|PutSpoonOnTableClothInScene-v1|stiff_x0.5] ep 8 success=False steps=60 inf=12.7s sim=2.4s total=17.1s
[octo-base|PutSpoonOnTableClothInScene-v1|stiff_x0.5] ep 9 success=False steps=60 inf=14.6s sim=2.6s total=19.1s
[octo-base|PutSpoonOnTableClothInScene-v1|stiff_x0.5] ep 10 success=False steps=60 inf=14.5s sim=2.3s total=18.7s
[octo-base|PutSpoonOnTableClothInScene-v1|stiff_x0.5] ep 11 success=False steps=60 inf=13.9s sim=2.3s total=18.1s
[octo-base|PutSpoonOnTableClothInScene-v1|stiff_x0.5] ep 12 success=False steps=60 inf=14.4s sim=1.9s total=18.3s
[octo-base|PutSpoonOnTableClothInScene-v1|stiff_x0.5] ep 13 success=False steps=60 inf=13.5s sim=2.2s total=17.6s
[octo-base|PutSpoonOnTableClothInScene-v1|stiff_x0.5] ep 14 success=False steps=60 inf=14.4s sim=2.0s total=18.2s
[octo-base|PutSpoonOnTableClothInScene-v1|stiff_x0.5] ep 15 success=False steps=60 inf=13.1s sim=2.4s total=17.4s
[octo-base|PutSpoonOnTableClothInScene-v1|stiff_x0.5] ep 16 success=True steps=60 inf=14.5s sim=2.0s total=18.5s
[octo-base|PutSpoonOnTableClothInScene-v1|stiff_x0.5] ep 17 success=True steps=60 inf=13.5s sim=2.3s total=17.6s
[octo-base|PutSpoonOnTableClothInScene-v1|stiff_x0.5] ep 18 success=False steps=60 inf=13.9s sim=2.0s total=17.8s
[octo-base|PutSpoonOnTableClothInScene-v1|stiff_x0.5] ep 19 success=False steps=60 inf=14.5s sim=2.1s total=18.4s
[octo-base|PutSpoonOnTableClothInScene-v1|stiff_x0.5] ep 20 success=False steps=60 inf=12.9s sim=2.4s total=17.1s
[octo-base|PutSpoonOnTableClothInScene-v1|stiff_x0.5] ep 21 success=False steps=60 inf=14.2s sim=2.2s total=18.3s
[octo-base|PutSpoonOnTableClothInScene-v1|stiff_x0.5] ep 22 success=False steps=60 inf=14.4s sim=2.0s total=18.3s
[octo-base|PutSpoonOnTableClothInScene-v1|stiff_x0.5] ep 23 success=False steps=60 inf=14.1s sim=2.2s total=18.3s
== stiff_x0.5: 3/24 success
[octo-base|PutSpoonOnTableClothInScene-v1|stiff_x2.0] ep 0 success=False steps=60 inf=14.1s sim=2.0s total=18.0s
[octo-base|PutSpoonOnTableClothInScene-v1|stiff_x2.0] ep 1 success=False steps=60 inf=14.7s sim=1.9s total=18.5s
[octo-base|PutSpoonOnTableClothInScene-v1|stiff_x2.0] ep 2 success=False steps=60 inf=14.0s sim=2.1s total=18.1s
[octo-base|PutSpoonOnTableClothInScene-v1|stiff_x2.0] ep 3 success=False steps=60 inf=13.9s sim=2.2s total=18.3s
[octo-base|PutSpoonOnTableClothInScene-v1|stiff_x2.0] ep 4 success=False steps=60 inf=13.2s sim=2.3s total=17.8s
[octo-base|PutSpoonOnTableClothInScene-v1|stiff_x2.0] ep 5 success=False steps=60 inf=13.6s sim=2.0s total=17.6s
[octo-base|PutSpoonOnTableClothInScene-v1|stiff_x2.0] ep 6 success=True steps=60 inf=14.3s sim=2.1s total=18.2s
[octo-base|PutSpoonOnTableClothInScene-v1|stiff_x2.0] ep 7 success=False steps=60 inf=14.0s sim=2.0s total=18.1s
[octo-base|PutSpoonOnTableClothInScene-v1|stiff_x2.0] ep 8 success=False steps=60 inf=13.9s sim=2.1s total=17.8s
[octo-base|PutSpoonOnTableClothInScene-v1|stiff_x2.0] ep 9 success=False steps=60 inf=14.3s sim=2.0s total=18.3s
[octo-base|PutSpoonOnTableClothInScene-v1|stiff_x2.0] ep 10 success=False steps=60 inf=14.4s sim=2.0s total=18.2s
[octo-base|PutSpoonOnTableClothInScene-v1|stiff_x2.0] ep 11 success=False steps=60 inf=14.1s sim=2.0s total=18.2s
[octo-base|PutSpoonOnTableClothInScene-v1|stiff_x2.0] ep 12 success=False steps=60 inf=14.2s sim=1.9s total=18.0s
[octo-base|PutSpoonOnTableClothInScene-v1|stiff_x2.0] ep 13 success=False steps=60 inf=13.4s sim=2.0s total=17.4s
[octo-base|PutSpoonOnTableClothInScene-v1|stiff_x2.0] ep 14 success=False steps=60 inf=13.9s sim=2.0s total=17.9s
[octo-base|PutSpoonOnTableClothInScene-v1|stiff_x2.0] ep 15 success=False steps=60 inf=13.9s sim=2.2s total=18.0s
[octo-base|PutSpoonOnTableClothInScene-v1|stiff_x2.0] ep 16 success=False steps=60 inf=13.4s sim=2.3s total=17.7s
[octo-base|PutSpoonOnTableClothInScene-v1|stiff_x2.0] ep 17 success=False steps=60 inf=14.2s sim=2.1s total=18.1s
[octo-base|PutSpoonOnTableClothInScene-v1|stiff_x2.0] ep 18 success=False steps=60 inf=14.0s sim=1.9s total=17.8s
[octo-base|PutSpoonOnTableClothInScene-v1|stiff_x2.0] ep 19 success=False steps=60 inf=14.5s sim=2.3s total=18.7s
[octo-base|PutSpoonOnTableClothInScene-v1|stiff_x2.0] ep 20 success=False steps=60 inf=14.0s sim=1.9s total=18.0s
[octo-base|PutSpoonOnTableClothInScene-v1|stiff_x2.0] ep 21 success=False steps=60 inf=14.2s sim=2.1s total=18.1s
[octo-base|PutSpoonOnTableClothInScene-v1|stiff_x2.0] ep 22 success=False steps=60 inf=13.8s sim=1.9s total=17.8s
[octo-base|PutSpoonOnTableClothInScene-v1|stiff_x2.0] ep 23 success=False steps=60 inf=13.9s sim=2.2s total=18.0s
== stiff_x2.0: 1/24 success
[octo-base|PutSpoonOnTableClothInScene-v1|damp_x0.5] ep 0 success=False steps=60 inf=13.4s sim=2.1s total=17.5s
[octo-base|PutSpoonOnTableClothInScene-v1|damp_x0.5] ep 1 success=False steps=60 inf=13.7s sim=2.1s total=17.6s
[octo-base|PutSpoonOnTableClothInScene-v1|damp_x0.5] ep 2 success=True steps=60 inf=14.1s sim=2.2s total=18.2s
[octo-base|PutSpoonOnTableClothInScene-v1|damp_x0.5] ep 3 success=False steps=60 inf=13.9s sim=2.2s total=18.0s
[octo-base|PutSpoonOnTableClothInScene-v1|damp_x0.5] ep 4 success=False steps=60 inf=13.7s sim=2.4s total=17.9s
[octo-base|PutSpoonOnTableClothInScene-v1|damp_x0.5] ep 5 success=False steps=60 inf=13.2s sim=2.2s total=17.4s
[octo-base|PutSpoonOnTableClothInScene-v1|damp_x0.5] ep 6 success=True steps=60 inf=13.5s sim=2.4s total=17.9s
[octo-base|PutSpoonOnTableClothInScene-v1|damp_x0.5] ep 7 success=False steps=60 inf=13.7s sim=1.8s total=17.4s
[octo-base|PutSpoonOnTableClothInScene-v1|damp_x0.5] ep 8 success=False steps=60 inf=13.8s sim=2.1s total=18.0s
[octo-base|PutSpoonOnTableClothInScene-v1|damp_x0.5] ep 9 success=False steps=60 inf=14.6s sim=2.4s total=18.9s
[octo-base|PutSpoonOnTableClothInScene-v1|damp_x0.5] ep 10 success=False steps=60 inf=13.4s sim=2.1s total=17.6s
[octo-base|PutSpoonOnTableClothInScene-v1|damp_x0.5] ep 11 success=False steps=60 inf=14.1s sim=2.1s total=18.3s
[octo-base|PutSpoonOnTableClothInScene-v1|damp_x0.5] ep 12 success=False steps=60 inf=13.6s sim=2.1s total=17.7s
[octo-base|PutSpoonOnTableClothInScene-v1|damp_x0.5] ep 13 success=False steps=60 inf=13.5s sim=2.1s total=17.5s
[octo-base|PutSpoonOnTableClothInScene-v1|damp_x0.5] ep 14 success=False steps=60 inf=12.5s sim=2.1s total=16.3s
[octo-base|PutSpoonOnTableClothInScene-v1|damp_x0.5] ep 15 success=False steps=60 inf=11.9s sim=2.0s total=15.7s
[octo-base|PutSpoonOnTableClothInScene-v1|damp_x0.5] ep 16 success=False steps=60 inf=11.8s sim=1.9s total=15.4s
[octo-base|PutSpoonOnTableClothInScene-v1|damp_x0.5] ep 17 success=False steps=60 inf=11.9s sim=1.8s total=15.6s
[octo-base|PutSpoonOnTableClothInScene-v1|damp_x0.5] ep 18 success=False steps=60 inf=11.9s sim=1.8s total=15.4s
[octo-base|PutSpoonOnTableClothInScene-v1|damp_x0.5] ep 19 success=False steps=60 inf=12.2s sim=1.8s total=15.6s
[octo-base|PutSpoonOnTableClothInScene-v1|damp_x0.5] ep 20 success=False steps=60 inf=10.7s sim=2.1s total=14.8s
[octo-base|PutSpoonOnTableClothInScene-v1|damp_x0.5] ep 21 success=False steps=60 inf=11.7s sim=1.9s total=15.6s
[octo-base|PutSpoonOnTableClothInScene-v1|damp_x0.5] ep 22 success=False steps=60 inf=11.8s sim=1.8s total=15.2s
[octo-base|PutSpoonOnTableClothInScene-v1|damp_x0.5] ep 23 success=False steps=60 inf=11.9s sim=1.9s total=15.7s
== damp_x0.5: 2/24 success
[octo-base|PutSpoonOnTableClothInScene-v1|damp_x2.0] ep 0 success=False steps=60 inf=11.6s sim=1.7s total=15.0s
[octo-base|PutSpoonOnTableClothInScene-v1|damp_x2.0] ep 1 success=False steps=60 inf=12.1s sim=1.7s total=15.6s
[octo-base|PutSpoonOnTableClothInScene-v1|damp_x2.0] ep 2 success=False steps=60 inf=11.7s sim=1.8s total=15.4s
[octo-base|PutSpoonOnTableClothInScene-v1|damp_x2.0] ep 3 success=False steps=60 inf=11.5s sim=2.0s total=15.3s
[octo-base|PutSpoonOnTableClothInScene-v1|damp_x2.0] ep 4 success=False steps=60 inf=11.3s sim=1.7s total=14.9s
[octo-base|PutSpoonOnTableClothInScene-v1|damp_x2.0] ep 5 success=False steps=60 inf=8.5s sim=2.3s total=12.3s
[octo-base|PutSpoonOnTableClothInScene-v1|damp_x2.0] ep 6 success=True steps=60 inf=8.1s sim=1.8s total=11.5s
[octo-base|PutSpoonOnTableClothInScene-v1|damp_x2.0] ep 7 success=False steps=60 inf=8.2s sim=1.9s total=11.7s
[octo-base|PutSpoonOnTableClothInScene-v1|damp_x2.0] ep 8 success=False steps=60 inf=8.1s sim=1.7s total=11.5s
[octo-base|PutSpoonOnTableClothInScene-v1|damp_x2.0] ep 9 success=False steps=60 inf=7.9s sim=1.8s total=11.5s
[octo-base|PutSpoonOnTableClothInScene-v1|damp_x2.0] ep 10 success=False steps=60 inf=8.4s sim=1.7s total=11.7s
[octo-base|PutSpoonOnTableClothInScene-v1|damp_x2.0] ep 11 success=False steps=60 inf=8.1s sim=1.9s total=11.6s
[octo-base|PutSpoonOnTableClothInScene-v1|damp_x2.0] ep 12 success=False steps=60 inf=8.2s sim=1.7s total=11.5s
[octo-base|PutSpoonOnTableClothInScene-v1|damp_x2.0] ep 13 success=False steps=60 inf=8.4s sim=1.7s total=11.6s
[octo-base|PutSpoonOnTableClothInScene-v1|damp_x2.0] ep 14 success=False steps=60 inf=8.3s sim=1.7s total=11.8s
[octo-base|PutSpoonOnTableClothInScene-v1|damp_x2.0] ep 15 success=False steps=60 inf=8.2s sim=1.7s total=11.7s
[octo-base|PutSpoonOnTableClothInScene-v1|damp_x2.0] ep 16 success=False steps=60 inf=8.2s sim=1.8s total=11.6s
[octo-base|PutSpoonOnTableClothInScene-v1|damp_x2.0] ep 17 success=False steps=60 inf=8.3s sim=1.8s total=11.7s
[octo-base|PutSpoonOnTableClothInScene-v1|damp_x2.0] ep 18 success=False steps=60 inf=8.1s sim=1.7s total=11.4s
[octo-base|PutSpoonOnTableClothInScene-v1|damp_x2.0] ep 19 success=False steps=60 inf=8.2s sim=1.7s total=11.3s
[octo-base|PutSpoonOnTableClothInScene-v1|damp_x2.0] ep 20 success=False steps=60 inf=8.9s sim=1.8s total=11.8s
[octo-base|PutSpoonOnTableClothInScene-v1|damp_x2.0] ep 21 success=False steps=60 inf=8.0s sim=1.7s total=11.1s
[octo-base|PutSpoonOnTableClothInScene-v1|damp_x2.0] ep 22 success=False steps=60 inf=7.8s sim=1.6s total=11.2s
[octo-base|PutSpoonOnTableClothInScene-v1|damp_x2.0] ep 23 success=False steps=60 inf=8.0s sim=1.8s total=11.3s
== damp_x2.0: 1/24 success
[octo-base|PutSpoonOnTableClothInScene-v1|force_x0.5] ep 0 success=False steps=60 inf=8.0s sim=1.7s total=11.4s
[octo-base|PutSpoonOnTableClothInScene-v1|force_x0.5] ep 1 success=False steps=60 inf=8.2s sim=1.7s total=11.5s
[octo-base|PutSpoonOnTableClothInScene-v1|force_x0.5] ep 2 success=True steps=60 inf=8.0s sim=2.0s total=11.6s
[octo-base|PutSpoonOnTableClothInScene-v1|force_x0.5] ep 3 success=False steps=60 inf=8.3s sim=1.8s total=11.6s
[octo-base|PutSpoonOnTableClothInScene-v1|force_x0.5] ep 4 success=True steps=60 inf=8.2s sim=1.8s total=11.6s
[octo-base|PutSpoonOnTableClothInScene-v1|force_x0.5] ep 5 success=False steps=60 inf=8.3s sim=1.9s total=11.7s
[octo-base|PutSpoonOnTableClothInScene-v1|force_x0.5] ep 6 success=False steps=60 inf=8.4s sim=1.7s total=11.2s
[octo-base|PutSpoonOnTableClothInScene-v1|force_x0.5] ep 7 success=False steps=60 inf=7.7s sim=1.6s total=11.1s
[octo-base|PutSpoonOnTableClothInScene-v1|force_x0.5] ep 8 success=False steps=60 inf=8.0s sim=1.7s total=11.8s
[octo-base|PutSpoonOnTableClothInScene-v1|force_x0.5] ep 9 success=False steps=60 inf=8.6s sim=1.8s total=11.6s
[octo-base|PutSpoonOnTableClothInScene-v1|force_x0.5] ep 10 success=False steps=60 inf=8.4s sim=1.7s total=11.5s
[octo-base|PutSpoonOnTableClothInScene-v1|force_x0.5] ep 11 success=False steps=60 inf=9.0s sim=1.8s total=12.1s
[octo-base|PutSpoonOnTableClothInScene-v1|force_x0.5] ep 12 success=False steps=60 inf=7.5s sim=2.4s total=11.7s
[octo-base|PutSpoonOnTableClothInScene-v1|force_x0.5] ep 13 success=False steps=60 inf=8.2s sim=2.1s total=12.0s
[octo-base|PutSpoonOnTableClothInScene-v1|force_x0.5] ep 14 success=False steps=60 inf=8.0s sim=2.2s total=11.9s
[octo-base|PutSpoonOnTableClothInScene-v1|force_x0.5] ep 15 success=False steps=60 inf=7.7s sim=2.3s total=11.5s
[octo-base|PutSpoonOnTableClothInScene-v1|force_x0.5] ep 16 success=False steps=60 inf=7.4s sim=2.3s total=11.6s
[octo-base|PutSpoonOnTableClothInScene-v1|force_x0.5] ep 17 success=False steps=60 inf=8.1s sim=2.1s total=11.9s
[octo-base|PutSpoonOnTableClothInScene-v1|force_x0.5] ep 18 success=False steps=60 inf=8.3s sim=1.8s total=11.9s
[octo-base|PutSpoonOnTableClothInScene-v1|force_x0.5] ep 19 success=False steps=60 inf=8.7s sim=2.1s total=12.5s
[octo-base|PutSpoonOnTableClothInScene-v1|force_x0.5] ep 20 success=False steps=60 inf=7.0s sim=1.6s total=10.0s
[octo-base|PutSpoonOnTableClothInScene-v1|force_x0.5] ep 21 success=False steps=60 inf=7.7s sim=1.8s total=11.0s
[octo-base|PutSpoonOnTableClothInScene-v1|force_x0.5] ep 22 success=False steps=60 inf=8.1s sim=1.7s total=11.5s
[octo-base|PutSpoonOnTableClothInScene-v1|force_x0.5] ep 23 success=False steps=60 inf=8.3s sim=1.9s total=11.6s
== force_x0.5: 2/24 success
[octo-base|PutSpoonOnTableClothInScene-v1|delay_1] ep 0 success=False steps=60 inf=8.1s sim=1.7s total=11.4s
[octo-base|PutSpoonOnTableClothInScene-v1|delay_1] ep 1 success=False steps=60 inf=7.8s sim=1.8s total=11.3s
[octo-base|PutSpoonOnTableClothInScene-v1|delay_1] ep 2 success=False steps=60 inf=8.3s sim=3.1s total=13.4s
[octo-base|PutSpoonOnTableClothInScene-v1|delay_1] ep 3 success=False steps=60 inf=7.2s sim=2.9s total=12.1s
[octo-base|PutSpoonOnTableClothInScene-v1|delay_1] ep 4 success=True steps=60 inf=7.6s sim=3.1s total=12.7s
[octo-base|PutSpoonOnTableClothInScene-v1|delay_1] ep 5 success=False steps=60 inf=7.9s sim=3.0s total=12.8s
[octo-base|PutSpoonOnTableClothInScene-v1|delay_1] ep 6 success=False steps=60 inf=6.8s sim=2.4s total=11.4s
[octo-base|PutSpoonOnTableClothInScene-v1|delay_1] ep 7 success=False steps=60 inf=7.3s sim=2.8s total=11.9s
[octo-base|PutSpoonOnTableClothInScene-v1|delay_1] ep 8 success=False steps=60 inf=8.5s sim=2.1s total=12.2s
[octo-base|PutSpoonOnTableClothInScene-v1|delay_1] ep 9 success=False steps=60 inf=8.5s sim=1.9s total=11.9s
[octo-base|PutSpoonOnTableClothInScene-v1|delay_1] ep 10 success=True steps=60 inf=9.0s sim=1.9s total=12.4s
[octo-base|PutSpoonOnTableClothInScene-v1|delay_1] ep 11 success=False steps=60 inf=8.4s sim=1.9s total=12.0s
[octo-base|PutSpoonOnTableClothInScene-v1|delay_1] ep 12 success=False steps=60 inf=8.2s sim=1.8s total=11.6s
[octo-base|PutSpoonOnTableClothInScene-v1|delay_1] ep 13 success=False steps=60 inf=8.0s sim=1.8s total=11.3s
[octo-base|PutSpoonOnTableClothInScene-v1|delay_1] ep 14 success=False steps=60 inf=8.6s sim=1.7s total=11.8s
[octo-base|PutSpoonOnTableClothInScene-v1|delay_1] ep 15 success=False steps=60 inf=8.5s sim=1.8s total=12.0s
[octo-base|PutSpoonOnTableClothInScene-v1|delay_1] ep 16 success=False steps=60 inf=8.4s sim=1.8s total=11.9s
[octo-base|PutSpoonOnTableClothInScene-v1|delay_1] ep 17 success=False steps=60 inf=8.7s sim=2.0s total=12.2s
[octo-base|PutSpoonOnTableClothInScene-v1|delay_1] ep 18 success=True steps=60 inf=9.0s sim=1.9s total=12.5s
[octo-base|PutSpoonOnTableClothInScene-v1|delay_1] ep 19 success=False steps=60 inf=8.4s sim=1.8s total=11.9s
[octo-base|PutSpoonOnTableClothInScene-v1|delay_1] ep 20 success=False steps=60 inf=8.5s sim=1.9s total=12.1s
[octo-base|PutSpoonOnTableClothInScene-v1|delay_1] ep 21 success=False steps=60 inf=8.3s sim=1.8s total=11.5s
[octo-base|PutSpoonOnTableClothInScene-v1|delay_1] ep 22 success=True steps=60 inf=7.8s sim=1.9s total=11.5s
[octo-base|PutSpoonOnTableClothInScene-v1|delay_1] ep 23 success=False steps=60 inf=7.9s sim=1.9s total=11.4s
== delay_1: 4/24 success
==== Fri 09/18/2026  7:23:48.78 end octo-base PutSpoonOnTableClothInScene-v1 exit 0
==== Fri 09/18/2026  7:23:48.78 start octo-base PutEggplantInBasketScene-v1
[octo-base|PutEggplantInBasketScene-v1|nominal] ep 0 success=False steps=120 inf=17.1s sim=4.8s total=25.1s
[octo-base|PutEggplantInBasketScene-v1|nominal] ep 1 success=False steps=120 inf=17.4s sim=5.5s total=26.2s
[octo-base|PutEggplantInBasketScene-v1|nominal] ep 2 success=True steps=120 inf=17.9s sim=3.8s total=25.0s
[octo-base|PutEggplantInBasketScene-v1|nominal] ep 3 success=False steps=120 inf=16.6s sim=5.1s total=24.6s
[octo-base|PutEggplantInBasketScene-v1|nominal] ep 4 success=False steps=120 inf=16.7s sim=4.4s total=24.6s
[octo-base|PutEggplantInBasketScene-v1|nominal] ep 5 success=True steps=120 inf=16.4s sim=4.6s total=24.0s
[octo-base|PutEggplantInBasketScene-v1|nominal] ep 6 success=False steps=120 inf=20.0s sim=5.5s total=29.0s
[octo-base|PutEggplantInBasketScene-v1|nominal] ep 7 success=False steps=120 inf=27.3s sim=5.0s total=35.9s
[octo-base|PutEggplantInBasketScene-v1|nominal] ep 8 success=True steps=120 inf=26.1s sim=4.5s total=34.1s
[octo-base|PutEggplantInBasketScene-v1|nominal] ep 9 success=False steps=120 inf=26.6s sim=5.3s total=35.3s
[octo-base|PutEggplantInBasketScene-v1|nominal] ep 10 success=False steps=120 inf=25.3s sim=4.6s total=33.5s
[octo-base|PutEggplantInBasketScene-v1|nominal] ep 11 success=False steps=120 inf=26.9s sim=5.7s total=36.2s
[octo-base|PutEggplantInBasketScene-v1|nominal] ep 12 success=False steps=120 inf=25.6s sim=7.2s total=36.7s
[octo-base|PutEggplantInBasketScene-v1|nominal] ep 13 success=False steps=120 inf=26.9s sim=5.5s total=36.2s
[octo-base|PutEggplantInBasketScene-v1|nominal] ep 14 success=False steps=120 inf=25.9s sim=7.0s total=36.6s
[octo-base|PutEggplantInBasketScene-v1|nominal] ep 15 success=False steps=120 inf=26.0s sim=5.5s total=35.2s
[octo-base|PutEggplantInBasketScene-v1|nominal] ep 16 success=True steps=120 inf=26.9s sim=5.5s total=35.8s
[octo-base|PutEggplantInBasketScene-v1|nominal] ep 17 success=False steps=120 inf=26.3s sim=4.5s total=34.6s
[octo-base|PutEggplantInBasketScene-v1|nominal] ep 18 success=True steps=120 inf=26.4s sim=4.1s total=34.2s
[octo-base|PutEggplantInBasketScene-v1|nominal] ep 19 success=False steps=120 inf=26.9s sim=4.8s total=34.7s
[octo-base|PutEggplantInBasketScene-v1|nominal] ep 20 success=False steps=120 inf=26.4s sim=4.8s total=34.7s
[octo-base|PutEggplantInBasketScene-v1|nominal] ep 21 success=True steps=120 inf=26.9s sim=5.4s total=35.6s
[octo-base|PutEggplantInBasketScene-v1|nominal] ep 22 success=False steps=120 inf=25.3s sim=4.2s total=33.2s
[octo-base|PutEggplantInBasketScene-v1|nominal] ep 23 success=False steps=120 inf=26.3s sim=5.7s total=35.9s
== nominal: 6/24 success
[octo-base|PutEggplantInBasketScene-v1|stiff_x0.5] ep 0 success=True steps=120 inf=27.3s sim=5.4s total=36.1s
[octo-base|PutEggplantInBasketScene-v1|stiff_x0.5] ep 1 success=False steps=120 inf=27.0s sim=4.4s total=34.8s
[octo-base|PutEggplantInBasketScene-v1|stiff_x0.5] ep 2 success=False steps=120 inf=26.3s sim=5.0s total=34.7s
[octo-base|PutEggplantInBasketScene-v1|stiff_x0.5] ep 3 success=False steps=120 inf=25.6s sim=4.0s total=33.4s
[octo-base|PutEggplantInBasketScene-v1|stiff_x0.5] ep 4 success=False steps=120 inf=25.9s sim=5.8s total=35.2s
[octo-base|PutEggplantInBasketScene-v1|stiff_x0.5] ep 5 success=True steps=120 inf=26.5s sim=4.9s total=34.9s
[octo-base|PutEggplantInBasketScene-v1|stiff_x0.5] ep 6 success=False steps=120 inf=26.1s sim=5.6s total=35.2s
[octo-base|PutEggplantInBasketScene-v1|stiff_x0.5] ep 7 success=False steps=120 inf=25.6s sim=5.6s total=34.8s
[octo-base|PutEggplantInBasketScene-v1|stiff_x0.5] ep 8 success=True steps=120 inf=26.5s sim=4.1s total=34.5s
[octo-base|PutEggplantInBasketScene-v1|stiff_x0.5] ep 9 success=False steps=120 inf=25.8s sim=4.4s total=33.7s
[octo-base|PutEggplantInBasketScene-v1|stiff_x0.5] ep 10 success=False steps=120 inf=25.9s sim=4.9s total=34.3s
[octo-base|PutEggplantInBasketScene-v1|stiff_x0.5] ep 11 success=False steps=120 inf=26.4s sim=5.2s total=35.4s
[octo-base|PutEggplantInBasketScene-v1|stiff_x0.5] ep 12 success=False steps=120 inf=26.8s sim=4.8s total=35.2s
[octo-base|PutEggplantInBasketScene-v1|stiff_x0.5] ep 13 success=True steps=120 inf=26.3s sim=5.1s total=35.4s
[octo-base|PutEggplantInBasketScene-v1|stiff_x0.5] ep 14 success=True steps=120 inf=26.4s sim=5.9s total=35.9s
[octo-base|PutEggplantInBasketScene-v1|stiff_x0.5] ep 15 success=False steps=120 inf=25.2s sim=5.6s total=34.0s
[octo-base|PutEggplantInBasketScene-v1|stiff_x0.5] ep 16 success=False steps=120 inf=27.1s sim=4.4s total=35.2s
[octo-base|PutEggplantInBasketScene-v1|stiff_x0.5] ep 17 success=True steps=120 inf=25.7s sim=6.1s total=35.6s
[octo-base|PutEggplantInBasketScene-v1|stiff_x0.5] ep 18 success=False steps=120 inf=27.3s sim=4.1s total=34.8s
[octo-base|PutEggplantInBasketScene-v1|stiff_x0.5] ep 19 success=False steps=120 inf=26.6s sim=5.6s total=35.5s
[octo-base|PutEggplantInBasketScene-v1|stiff_x0.5] ep 20 success=False steps=120 inf=24.7s sim=4.4s total=32.6s
[octo-base|PutEggplantInBasketScene-v1|stiff_x0.5] ep 21 success=True steps=120 inf=25.7s sim=5.4s total=34.5s
[octo-base|PutEggplantInBasketScene-v1|stiff_x0.5] ep 22 success=True steps=120 inf=25.0s sim=3.9s total=32.5s
[octo-base|PutEggplantInBasketScene-v1|stiff_x0.5] ep 23 success=False steps=120 inf=25.1s sim=5.9s total=34.5s
== stiff_x0.5: 8/24 success
[octo-base|PutEggplantInBasketScene-v1|stiff_x2.0] ep 0 success=False steps=120 inf=25.7s sim=5.1s total=34.1s
[octo-base|PutEggplantInBasketScene-v1|stiff_x2.0] ep 1 success=True steps=120 inf=26.3s sim=3.8s total=33.6s
[octo-base|PutEggplantInBasketScene-v1|stiff_x2.0] ep 2 success=True steps=120 inf=25.6s sim=6.4s total=35.7s
[octo-base|PutEggplantInBasketScene-v1|stiff_x2.0] ep 3 success=False steps=120 inf=26.2s sim=5.3s total=35.3s
[octo-base|PutEggplantInBasketScene-v1|stiff_x2.0] ep 4 success=False steps=120 inf=24.6s sim=5.4s total=33.6s
[octo-base|PutEggplantInBasketScene-v1|stiff_x2.0] ep 5 success=True steps=120 inf=26.2s sim=6.8s total=36.4s
[octo-base|PutEggplantInBasketScene-v1|stiff_x2.0] ep 6 success=False steps=120 inf=25.9s sim=7.0s total=36.0s
[octo-base|PutEggplantInBasketScene-v1|stiff_x2.0] ep 7 success=False steps=120 inf=26.5s sim=5.3s total=34.9s
[octo-base|PutEggplantInBasketScene-v1|stiff_x2.0] ep 8 success=True steps=120 inf=24.0s sim=4.1s total=31.3s
[octo-base|PutEggplantInBasketScene-v1|stiff_x2.0] ep 9 success=True steps=120 inf=26.4s sim=5.2s total=35.2s
[octo-base|PutEggplantInBasketScene-v1|stiff_x2.0] ep 10 success=False steps=120 inf=28.2s sim=5.0s total=36.4s
[octo-base|PutEggplantInBasketScene-v1|stiff_x2.0] ep 11 success=False steps=120 inf=27.4s sim=6.1s total=36.5s
[octo-base|PutEggplantInBasketScene-v1|stiff_x2.0] ep 12 success=False steps=120 inf=26.8s sim=5.5s total=35.9s
[octo-base|PutEggplantInBasketScene-v1|stiff_x2.0] ep 13 success=True steps=120 inf=26.6s sim=5.5s total=35.6s
[octo-base|PutEggplantInBasketScene-v1|stiff_x2.0] ep 14 success=False steps=120 inf=27.7s sim=5.5s total=36.8s
[octo-base|PutEggplantInBasketScene-v1|stiff_x2.0] ep 15 success=False steps=120 inf=28.3s sim=4.9s total=36.9s
[octo-base|PutEggplantInBasketScene-v1|stiff_x2.0] ep 16 success=True steps=120 inf=27.6s sim=4.3s total=35.6s
[octo-base|PutEggplantInBasketScene-v1|stiff_x2.0] ep 17 success=True steps=120 inf=27.2s sim=4.3s total=34.8s
[octo-base|PutEggplantInBasketScene-v1|stiff_x2.0] ep 18 success=True steps=120 inf=26.7s sim=7.5s total=37.9s
[octo-base|PutEggplantInBasketScene-v1|stiff_x2.0] ep 19 success=False steps=120 inf=27.4s sim=6.8s total=38.0s
[octo-base|PutEggplantInBasketScene-v1|stiff_x2.0] ep 20 success=False steps=120 inf=26.2s sim=6.8s total=36.8s
[octo-base|PutEggplantInBasketScene-v1|stiff_x2.0] ep 21 success=True steps=120 inf=26.8s sim=4.6s total=35.2s
[octo-base|PutEggplantInBasketScene-v1|stiff_x2.0] ep 22 success=True steps=120 inf=27.0s sim=4.2s total=34.8s
[octo-base|PutEggplantInBasketScene-v1|stiff_x2.0] ep 23 success=False steps=120 inf=27.4s sim=5.1s total=36.3s
== stiff_x2.0: 11/24 success
[octo-base|PutEggplantInBasketScene-v1|damp_x0.5] ep 0 success=False steps=120 inf=28.4s sim=5.2s total=37.2s
[octo-base|PutEggplantInBasketScene-v1|damp_x0.5] ep 1 success=True steps=120 inf=26.0s sim=4.8s total=34.7s
[octo-base|PutEggplantInBasketScene-v1|damp_x0.5] ep 2 success=True steps=120 inf=26.1s sim=6.7s total=36.4s
[octo-base|PutEggplantInBasketScene-v1|damp_x0.5] ep 3 success=False steps=120 inf=26.4s sim=6.0s total=36.1s
[octo-base|PutEggplantInBasketScene-v1|damp_x0.5] ep 4 success=False steps=120 inf=28.0s sim=5.0s total=36.8s
[octo-base|PutEggplantInBasketScene-v1|damp_x0.5] ep 5 success=True steps=120 inf=26.8s sim=6.1s total=36.7s
[octo-base|PutEggplantInBasketScene-v1|damp_x0.5] ep 6 success=False steps=120 inf=27.1s sim=5.6s total=36.4s
[octo-base|PutEggplantInBasketScene-v1|damp_x0.5] ep 7 success=False steps=120 inf=26.1s sim=6.4s total=36.1s
[octo-base|PutEggplantInBasketScene-v1|damp_x0.5] ep 8 success=False steps=120 inf=27.3s sim=5.2s total=36.2s
[octo-base|PutEggplantInBasketScene-v1|damp_x0.5] ep 9 success=True steps=120 inf=27.2s sim=6.0s total=37.0s
[octo-base|PutEggplantInBasketScene-v1|damp_x0.5] ep 10 success=False steps=120 inf=27.1s sim=4.8s total=35.5s
[octo-base|PutEggplantInBasketScene-v1|damp_x0.5] ep 11 success=False steps=120 inf=27.0s sim=5.1s total=35.7s
[octo-base|PutEggplantInBasketScene-v1|damp_x0.5] ep 12 success=False steps=120 inf=27.6s sim=4.8s total=36.0s
[octo-base|PutEggplantInBasketScene-v1|damp_x0.5] ep 13 success=False steps=120 inf=26.4s sim=6.7s total=36.6s
[octo-base|PutEggplantInBasketScene-v1|damp_x0.5] ep 14 success=False steps=120 inf=27.4s sim=5.5s total=36.5s
[octo-base|PutEggplantInBasketScene-v1|damp_x0.5] ep 15 success=False steps=120 inf=27.1s sim=5.4s total=36.1s
[octo-base|PutEggplantInBasketScene-v1|damp_x0.5] ep 16 success=True steps=120 inf=27.1s sim=4.2s total=35.1s
[octo-base|PutEggplantInBasketScene-v1|damp_x0.5] ep 17 success=True steps=120 inf=27.0s sim=4.0s total=34.6s
[octo-base|PutEggplantInBasketScene-v1|damp_x0.5] ep 18 success=True steps=120 inf=26.2s sim=4.3s total=34.3s
[octo-base|PutEggplantInBasketScene-v1|damp_x0.5] ep 19 success=False steps=120 inf=27.3s sim=5.2s total=35.9s
[octo-base|PutEggplantInBasketScene-v1|damp_x0.5] ep 20 success=True steps=120 inf=26.6s sim=4.3s total=34.7s
[octo-base|PutEggplantInBasketScene-v1|damp_x0.5] ep 21 success=True steps=120 inf=26.8s sim=5.2s total=35.6s
[octo-base|PutEggplantInBasketScene-v1|damp_x0.5] ep 22 success=False steps=120 inf=26.3s sim=4.5s total=34.5s
[octo-base|PutEggplantInBasketScene-v1|damp_x0.5] ep 23 success=False steps=120 inf=25.8s sim=5.9s total=35.3s
== damp_x0.5: 9/24 success
[octo-base|PutEggplantInBasketScene-v1|damp_x2.0] ep 0 success=True steps=120 inf=25.8s sim=6.8s total=36.4s
[octo-base|PutEggplantInBasketScene-v1|damp_x2.0] ep 1 success=False steps=120 inf=26.5s sim=4.4s total=34.6s
[octo-base|PutEggplantInBasketScene-v1|damp_x2.0] ep 2 success=False steps=120 inf=26.8s sim=5.4s total=35.9s
[octo-base|PutEggplantInBasketScene-v1|damp_x2.0] ep 3 success=False steps=120 inf=26.3s sim=5.3s total=35.8s
[octo-base|PutEggplantInBasketScene-v1|damp_x2.0] ep 4 success=False steps=120 inf=25.7s sim=5.5s total=35.2s
[octo-base|PutEggplantInBasketScene-v1|damp_x2.0] ep 5 success=False steps=120 inf=27.5s sim=5.1s total=36.6s
[octo-base|PutEggplantInBasketScene-v1|damp_x2.0] ep 6 success=False steps=120 inf=27.5s sim=5.2s total=36.6s
[octo-base|PutEggplantInBasketScene-v1|damp_x2.0] ep 7 success=False steps=120 inf=27.8s sim=4.8s total=36.6s
[octo-base|PutEggplantInBasketScene-v1|damp_x2.0] ep 8 success=True steps=120 inf=26.7s sim=4.6s total=35.1s
[octo-base|PutEggplantInBasketScene-v1|damp_x2.0] ep 9 success=True steps=120 inf=24.6s sim=4.7s total=32.9s
[octo-base|PutEggplantInBasketScene-v1|damp_x2.0] ep 10 success=False steps=120 inf=24.9s sim=5.2s total=33.8s
[octo-base|PutEggplantInBasketScene-v1|damp_x2.0] ep 11 success=False steps=120 inf=26.2s sim=5.6s total=35.6s
[octo-base|PutEggplantInBasketScene-v1|damp_x2.0] ep 12 success=False steps=120 inf=24.9s sim=5.4s total=34.1s
[octo-base|PutEggplantInBasketScene-v1|damp_x2.0] ep 13 success=False steps=120 inf=25.4s sim=5.2s total=34.2s
[octo-base|PutEggplantInBasketScene-v1|damp_x2.0] ep 14 success=False steps=120 inf=25.9s sim=5.4s total=35.2s
[octo-base|PutEggplantInBasketScene-v1|damp_x2.0] ep 15 success=False steps=120 inf=26.1s sim=6.1s total=36.2s
[octo-base|PutEggplantInBasketScene-v1|damp_x2.0] ep 16 success=False steps=120 inf=26.4s sim=5.0s total=35.4s
[octo-base|PutEggplantInBasketScene-v1|damp_x2.0] ep 17 success=True steps=120 inf=25.8s sim=6.1s total=35.8s
[octo-base|PutEggplantInBasketScene-v1|damp_x2.0] ep 18 success=False steps=120 inf=27.3s sim=5.0s total=35.9s
[octo-base|PutEggplantInBasketScene-v1|damp_x2.0] ep 19 success=False steps=120 inf=26.6s sim=6.6s total=36.9s
[octo-base|PutEggplantInBasketScene-v1|damp_x2.0] ep 20 success=True steps=120 inf=24.2s sim=5.1s total=32.8s
[octo-base|PutEggplantInBasketScene-v1|damp_x2.0] ep 21 success=True steps=120 inf=26.5s sim=4.6s total=34.6s
[octo-base|PutEggplantInBasketScene-v1|damp_x2.0] ep 22 success=True steps=120 inf=25.3s sim=4.3s total=33.3s
[octo-base|PutEggplantInBasketScene-v1|damp_x2.0] ep 23 success=False steps=120 inf=26.4s sim=5.6s total=35.8s
== damp_x2.0: 7/24 success
[octo-base|PutEggplantInBasketScene-v1|force_x0.5] ep 0 success=False steps=120 inf=23.2s sim=6.3s total=33.5s
[octo-base|PutEggplantInBasketScene-v1|force_x0.5] ep 1 success=False steps=120 inf=24.8s sim=4.7s total=33.1s
[octo-base|PutEggplantInBasketScene-v1|force_x0.5] ep 2 success=True steps=120 inf=26.1s sim=6.1s total=36.2s
[octo-base|PutEggplantInBasketScene-v1|force_x0.5] ep 3 success=False steps=120 inf=25.6s sim=5.0s total=34.2s
[octo-base|PutEggplantInBasketScene-v1|force_x0.5] ep 4 success=False steps=120 inf=26.3s sim=6.2s total=36.6s
[octo-base|PutEggplantInBasketScene-v1|force_x0.5] ep 5 success=False steps=120 inf=26.2s sim=4.4s total=34.4s
[octo-base|PutEggplantInBasketScene-v1|force_x0.5] ep 6 success=False steps=120 inf=26.0s sim=5.2s total=35.1s
[octo-base|PutEggplantInBasketScene-v1|force_x0.5] ep 7 success=True steps=120 inf=25.6s sim=5.9s total=35.5s
[octo-base|PutEggplantInBasketScene-v1|force_x0.5] ep 8 success=True steps=120 inf=24.3s sim=4.7s total=32.6s
[octo-base|PutEggplantInBasketScene-v1|force_x0.5] ep 9 success=False steps=120 inf=25.2s sim=4.9s total=33.8s
[octo-base|PutEggplantInBasketScene-v1|force_x0.5] ep 10 success=False steps=120 inf=23.8s sim=4.7s total=32.1s
[octo-base|PutEggplantInBasketScene-v1|force_x0.5] ep 11 success=False steps=120 inf=24.0s sim=5.4s total=32.9s
[octo-base|PutEggplantInBasketScene-v1|force_x0.5] ep 12 success=False steps=120 inf=23.4s sim=5.1s total=32.0s
[octo-base|PutEggplantInBasketScene-v1|force_x0.5] ep 13 success=True steps=120 inf=24.7s sim=6.0s total=34.3s
[octo-base|PutEggplantInBasketScene-v1|force_x0.5] ep 14 success=False steps=120 inf=22.5s sim=5.5s total=31.7s
[octo-base|PutEggplantInBasketScene-v1|force_x0.5] ep 15 success=False steps=120 inf=24.3s sim=4.2s total=32.3s
[octo-base|PutEggplantInBasketScene-v1|force_x0.5] ep 16 success=True steps=120 inf=23.3s sim=5.0s total=32.2s
[octo-base|PutEggplantInBasketScene-v1|force_x0.5] ep 17 success=True steps=120 inf=24.5s sim=4.2s total=32.6s
[octo-base|PutEggplantInBasketScene-v1|force_x0.5] ep 18 success=True steps=120 inf=22.1s sim=4.3s total=29.8s
[octo-base|PutEggplantInBasketScene-v1|force_x0.5] ep 19 success=False steps=120 inf=24.6s sim=5.7s total=33.8s
[octo-base|PutEggplantInBasketScene-v1|force_x0.5] ep 20 success=False steps=120 inf=23.8s sim=3.9s total=31.4s
[octo-base|PutEggplantInBasketScene-v1|force_x0.5] ep 21 success=True steps=120 inf=24.6s sim=4.3s total=32.4s
[octo-base|PutEggplantInBasketScene-v1|force_x0.5] ep 22 success=True steps=120 inf=24.2s sim=4.4s total=32.1s
[octo-base|PutEggplantInBasketScene-v1|force_x0.5] ep 23 success=False steps=120 inf=24.1s sim=4.9s total=32.6s
== force_x0.5: 9/24 success
[octo-base|PutEggplantInBasketScene-v1|delay_1] ep 0 success=False steps=120 inf=23.9s sim=5.5s total=33.0s
[octo-base|PutEggplantInBasketScene-v1|delay_1] ep 1 success=False steps=120 inf=24.9s sim=4.9s total=33.7s
[octo-base|PutEggplantInBasketScene-v1|delay_1] ep 2 success=False steps=120 inf=24.6s sim=4.0s total=32.3s
[octo-base|PutEggplantInBasketScene-v1|delay_1] ep 3 success=False steps=120 inf=23.2s sim=5.8s total=32.8s
[octo-base|PutEggplantInBasketScene-v1|delay_1] ep 4 success=False steps=120 inf=22.0s sim=5.2s total=31.0s
[octo-base|PutEggplantInBasketScene-v1|delay_1] ep 5 success=True steps=120 inf=25.0s sim=4.8s total=33.8s
[octo-base|PutEggplantInBasketScene-v1|delay_1] ep 6 success=False steps=120 inf=23.8s sim=5.5s total=33.0s
[octo-base|PutEggplantInBasketScene-v1|delay_1] ep 7 success=True steps=120 inf=25.6s sim=5.6s total=35.0s
[octo-base|PutEggplantInBasketScene-v1|delay_1] ep 8 success=False steps=120 inf=24.3s sim=4.7s total=32.9s
[octo-base|PutEggplantInBasketScene-v1|delay_1] ep 9 success=False steps=120 inf=26.6s sim=4.9s total=34.4s
[octo-base|PutEggplantInBasketScene-v1|delay_1] ep 10 success=False steps=120 inf=25.3s sim=5.1s total=34.2s
[octo-base|PutEggplantInBasketScene-v1|delay_1] ep 11 success=False steps=120 inf=24.3s sim=5.4s total=33.2s
[octo-base|PutEggplantInBasketScene-v1|delay_1] ep 12 success=False steps=120 inf=24.0s sim=5.3s total=33.2s
[octo-base|PutEggplantInBasketScene-v1|delay_1] ep 13 success=False steps=120 inf=22.9s sim=4.9s total=31.4s
[octo-base|PutEggplantInBasketScene-v1|delay_1] ep 14 success=True steps=120 inf=24.7s sim=5.3s total=33.6s
[octo-base|PutEggplantInBasketScene-v1|delay_1] ep 15 success=False steps=120 inf=26.0s sim=4.5s total=34.1s
[octo-base|PutEggplantInBasketScene-v1|delay_1] ep 16 success=False steps=120 inf=25.2s sim=5.0s total=33.5s
[octo-base|PutEggplantInBasketScene-v1|delay_1] ep 17 success=False steps=120 inf=24.2s sim=4.6s total=32.3s
[octo-base|PutEggplantInBasketScene-v1|delay_1] ep 18 success=False steps=120 inf=24.8s sim=5.1s total=33.5s
[octo-base|PutEggplantInBasketScene-v1|delay_1] ep 19 success=False steps=120 inf=24.1s sim=5.5s total=33.2s
[octo-base|PutEggplantInBasketScene-v1|delay_1] ep 20 success=False steps=120 inf=24.7s sim=6.0s total=34.2s
[octo-base|PutEggplantInBasketScene-v1|delay_1] ep 21 success=True steps=120 inf=22.3s sim=5.1s total=31.3s
[octo-base|PutEggplantInBasketScene-v1|delay_1] ep 22 success=True steps=120 inf=22.9s sim=4.5s total=30.8s
[octo-base|PutEggplantInBasketScene-v1|delay_1] ep 23 success=False steps=120 inf=25.4s sim=5.0s total=34.5s
== delay_1: 5/24 success
==== Fri 09/18/2026  7:23:48.78 end octo-base PutEggplantInBasketScene-v1 exit 0
==== Fri 09/18/2026  7:23:48.78 start octo-base StackGreenCubeOnYellowCubeBakedTexInScene-v1
[octo-base|StackGreenCubeOnYellowCubeBakedTexInScene-v1|nominal] ep 0 success=False steps=60 inf=11.6s sim=1.9s total=15.5s
[octo-base|StackGreenCubeOnYellowCubeBakedTexInScene-v1|nominal] ep 1 success=False steps=60 inf=11.5s sim=2.0s total=15.2s
[octo-base|StackGreenCubeOnYellowCubeBakedTexInScene-v1|nominal] ep 2 success=False steps=60 inf=11.5s sim=2.0s total=15.1s
[octo-base|StackGreenCubeOnYellowCubeBakedTexInScene-v1|nominal] ep 3 success=False steps=60 inf=10.9s sim=2.2s total=14.8s
[octo-base|StackGreenCubeOnYellowCubeBakedTexInScene-v1|nominal] ep 4 success=False steps=60 inf=11.5s sim=2.0s total=15.5s
[octo-base|StackGreenCubeOnYellowCubeBakedTexInScene-v1|nominal] ep 5 success=False steps=60 inf=10.9s sim=2.1s total=14.8s
[octo-base|StackGreenCubeOnYellowCubeBakedTexInScene-v1|nominal] ep 6 success=False steps=60 inf=10.6s sim=2.2s total=14.6s
[octo-base|StackGreenCubeOnYellowCubeBakedTexInScene-v1|nominal] ep 7 success=False steps=60 inf=11.2s sim=2.0s total=14.8s
[octo-base|StackGreenCubeOnYellowCubeBakedTexInScene-v1|nominal] ep 8 success=False steps=60 inf=11.5s sim=2.1s total=15.5s
[octo-base|StackGreenCubeOnYellowCubeBakedTexInScene-v1|nominal] ep 9 success=False steps=60 inf=12.0s sim=2.0s total=15.8s
[octo-base|StackGreenCubeOnYellowCubeBakedTexInScene-v1|nominal] ep 10 success=False steps=60 inf=11.6s sim=2.1s total=15.6s
[octo-base|StackGreenCubeOnYellowCubeBakedTexInScene-v1|nominal] ep 11 success=False steps=60 inf=11.8s sim=2.1s total=15.7s
[octo-base|StackGreenCubeOnYellowCubeBakedTexInScene-v1|nominal] ep 12 success=False steps=60 inf=11.7s sim=1.9s total=15.2s
[octo-base|StackGreenCubeOnYellowCubeBakedTexInScene-v1|nominal] ep 13 success=False steps=60 inf=10.8s sim=2.0s total=14.5s
[octo-base|StackGreenCubeOnYellowCubeBakedTexInScene-v1|nominal] ep 14 success=False steps=60 inf=12.1s sim=1.9s total=15.6s
[octo-base|StackGreenCubeOnYellowCubeBakedTexInScene-v1|nominal] ep 15 success=False steps=60 inf=11.1s sim=1.9s total=14.7s
[octo-base|StackGreenCubeOnYellowCubeBakedTexInScene-v1|nominal] ep 16 success=False steps=60 inf=11.6s sim=1.8s total=15.3s
[octo-base|StackGreenCubeOnYellowCubeBakedTexInScene-v1|nominal] ep 17 success=False steps=60 inf=12.7s sim=1.8s total=16.4s
[octo-base|StackGreenCubeOnYellowCubeBakedTexInScene-v1|nominal] ep 18 success=False steps=60 inf=11.9s sim=1.9s total=15.6s
[octo-base|StackGreenCubeOnYellowCubeBakedTexInScene-v1|nominal] ep 19 success=False steps=60 inf=11.3s sim=2.0s total=15.0s
[octo-base|StackGreenCubeOnYellowCubeBakedTexInScene-v1|nominal] ep 20 success=False steps=60 inf=11.7s sim=2.0s total=15.6s
[octo-base|StackGreenCubeOnYellowCubeBakedTexInScene-v1|nominal] ep 21 success=False steps=60 inf=11.7s sim=1.9s total=15.4s
[octo-base|StackGreenCubeOnYellowCubeBakedTexInScene-v1|nominal] ep 22 success=False steps=60 inf=11.2s sim=2.0s total=14.8s
[octo-base|StackGreenCubeOnYellowCubeBakedTexInScene-v1|nominal] ep 23 success=False steps=60 inf=11.0s sim=2.0s total=14.8s
== nominal: 0/24 success
[octo-base|StackGreenCubeOnYellowCubeBakedTexInScene-v1|stiff_x0.5] ep 0 success=False steps=60 inf=11.3s sim=1.9s total=15.1s
[octo-base|StackGreenCubeOnYellowCubeBakedTexInScene-v1|stiff_x0.5] ep 1 success=False steps=60 inf=12.8s sim=1.8s total=16.3s
[octo-base|StackGreenCubeOnYellowCubeBakedTexInScene-v1|stiff_x0.5] ep 2 success=False steps=60 inf=11.5s sim=2.0s total=15.1s
[octo-base|StackGreenCubeOnYellowCubeBakedTexInScene-v1|stiff_x0.5] ep 3 success=False steps=60 inf=11.6s sim=2.1s total=15.5s
[octo-base|StackGreenCubeOnYellowCubeBakedTexInScene-v1|stiff_x0.5] ep 4 success=False steps=60 inf=12.1s sim=1.9s total=16.0s
[octo-base|StackGreenCubeOnYellowCubeBakedTexInScene-v1|stiff_x0.5] ep 5 success=False steps=60 inf=12.1s sim=2.0s total=15.9s
[octo-base|StackGreenCubeOnYellowCubeBakedTexInScene-v1|stiff_x0.5] ep 6 success=False steps=60 inf=11.3s sim=2.0s total=15.1s
[octo-base|StackGreenCubeOnYellowCubeBakedTexInScene-v1|stiff_x0.5] ep 7 success=False steps=60 inf=11.4s sim=2.2s total=15.3s
[octo-base|StackGreenCubeOnYellowCubeBakedTexInScene-v1|stiff_x0.5] ep 8 success=False steps=60 inf=11.4s sim=2.1s total=15.4s
[octo-base|StackGreenCubeOnYellowCubeBakedTexInScene-v1|stiff_x0.5] ep 9 success=False steps=60 inf=12.2s sim=2.0s total=15.9s
[octo-base|StackGreenCubeOnYellowCubeBakedTexInScene-v1|stiff_x0.5] ep 10 success=False steps=60 inf=11.8s sim=1.9s total=15.5s
[octo-base|StackGreenCubeOnYellowCubeBakedTexInScene-v1|stiff_x0.5] ep 11 success=False steps=60 inf=11.5s sim=2.1s total=15.2s
[octo-base|StackGreenCubeOnYellowCubeBakedTexInScene-v1|stiff_x0.5] ep 12 success=False steps=60 inf=10.9s sim=2.0s total=14.7s
[octo-base|StackGreenCubeOnYellowCubeBakedTexInScene-v1|stiff_x0.5] ep 13 success=False steps=60 inf=12.5s sim=1.6s total=16.0s
[octo-base|StackGreenCubeOnYellowCubeBakedTexInScene-v1|stiff_x0.5] ep 14 success=False steps=60 inf=12.3s sim=1.8s total=15.6s
[octo-base|StackGreenCubeOnYellowCubeBakedTexInScene-v1|stiff_x0.5] ep 15 success=False steps=60 inf=12.0s sim=1.9s total=15.5s
[octo-base|StackGreenCubeOnYellowCubeBakedTexInScene-v1|stiff_x0.5] ep 16 success=False steps=60 inf=11.6s sim=1.8s total=15.3s
[octo-base|StackGreenCubeOnYellowCubeBakedTexInScene-v1|stiff_x0.5] ep 17 success=False steps=60 inf=11.4s sim=2.0s total=15.1s
[octo-base|StackGreenCubeOnYellowCubeBakedTexInScene-v1|stiff_x0.5] ep 18 success=False steps=60 inf=11.1s sim=2.2s total=15.2s
[octo-base|StackGreenCubeOnYellowCubeBakedTexInScene-v1|stiff_x0.5] ep 19 success=False steps=60 inf=10.7s sim=2.1s total=14.5s
[octo-base|StackGreenCubeOnYellowCubeBakedTexInScene-v1|stiff_x0.5] ep 20 success=False steps=60 inf=11.3s sim=2.0s total=15.1s
[octo-base|StackGreenCubeOnYellowCubeBakedTexInScene-v1|stiff_x0.5] ep 21 success=False steps=60 inf=12.3s sim=1.9s total=16.0s
[octo-base|StackGreenCubeOnYellowCubeBakedTexInScene-v1|stiff_x0.5] ep 22 success=False steps=60 inf=12.5s sim=1.8s total=16.1s
[octo-base|StackGreenCubeOnYellowCubeBakedTexInScene-v1|stiff_x0.5] ep 23 success=False steps=60 inf=11.1s sim=1.9s total=14.6s
== stiff_x0.5: 0/24 success
[octo-base|StackGreenCubeOnYellowCubeBakedTexInScene-v1|stiff_x2.0] ep 0 success=False steps=60 inf=11.8s sim=1.8s total=15.5s
[octo-base|StackGreenCubeOnYellowCubeBakedTexInScene-v1|stiff_x2.0] ep 1 success=False steps=60 inf=11.2s sim=1.9s total=15.0s
[octo-base|StackGreenCubeOnYellowCubeBakedTexInScene-v1|stiff_x2.0] ep 2 success=False steps=60 inf=13.0s sim=1.8s total=16.5s
[octo-base|StackGreenCubeOnYellowCubeBakedTexInScene-v1|stiff_x2.0] ep 3 success=False steps=60 inf=11.5s sim=2.1s total=15.5s
[octo-base|StackGreenCubeOnYellowCubeBakedTexInScene-v1|stiff_x2.0] ep 4 success=False steps=60 inf=11.7s sim=2.1s total=15.5s
[octo-base|StackGreenCubeOnYellowCubeBakedTexInScene-v1|stiff_x2.0] ep 5 success=False steps=60 inf=12.4s sim=1.9s total=16.0s
[octo-base|StackGreenCubeOnYellowCubeBakedTexInScene-v1|stiff_x2.0] ep 6 success=False steps=60 inf=12.5s sim=1.9s total=16.2s
[octo-base|StackGreenCubeOnYellowCubeBakedTexInScene-v1|stiff_x2.0] ep 7 success=False steps=60 inf=11.8s sim=1.9s total=15.3s
[octo-base|StackGreenCubeOnYellowCubeBakedTexInScene-v1|stiff_x2.0] ep 8 success=False steps=60 inf=11.4s sim=1.9s total=15.1s
[octo-base|StackGreenCubeOnYellowCubeBakedTexInScene-v1|stiff_x2.0] ep 9 success=False steps=60 inf=12.5s sim=1.9s total=16.1s
[octo-base|StackGreenCubeOnYellowCubeBakedTexInScene-v1|stiff_x2.0] ep 10 success=False steps=60 inf=11.7s sim=1.9s total=15.4s
[octo-base|StackGreenCubeOnYellowCubeBakedTexInScene-v1|stiff_x2.0] ep 11 success=False steps=60 inf=10.2s sim=1.9s total=13.7s
[octo-base|StackGreenCubeOnYellowCubeBakedTexInScene-v1|stiff_x2.0] ep 12 success=False steps=60 inf=11.5s sim=1.8s total=15.0s
[octo-base|StackGreenCubeOnYellowCubeBakedTexInScene-v1|stiff_x2.0] ep 13 success=False steps=60 inf=11.4s sim=1.8s total=15.1s
[octo-base|StackGreenCubeOnYellowCubeBakedTexInScene-v1|stiff_x2.0] ep 14 success=False steps=60 inf=11.5s sim=2.0s total=15.2s
[octo-base|StackGreenCubeOnYellowCubeBakedTexInScene-v1|stiff_x2.0] ep 15 success=False steps=60 inf=12.3s sim=1.9s total=16.0s
[octo-base|StackGreenCubeOnYellowCubeBakedTexInScene-v1|stiff_x2.0] ep 16 success=False steps=60 inf=11.4s sim=1.8s total=14.9s
[octo-base|StackGreenCubeOnYellowCubeBakedTexInScene-v1|stiff_x2.0] ep 17 success=False steps=60 inf=11.2s sim=1.9s total=14.7s
[octo-base|StackGreenCubeOnYellowCubeBakedTexInScene-v1|stiff_x2.0] ep 18 success=False steps=60 inf=11.1s sim=2.1s total=14.9s
[octo-base|StackGreenCubeOnYellowCubeBakedTexInScene-v1|stiff_x2.0] ep 19 success=False steps=60 inf=12.1s sim=1.9s total=15.8s
[octo-base|StackGreenCubeOnYellowCubeBakedTexInScene-v1|stiff_x2.0] ep 20 success=False steps=60 inf=11.4s sim=1.9s total=15.2s
[octo-base|StackGreenCubeOnYellowCubeBakedTexInScene-v1|stiff_x2.0] ep 21 success=False steps=60 inf=11.6s sim=1.9s total=15.3s
[octo-base|StackGreenCubeOnYellowCubeBakedTexInScene-v1|stiff_x2.0] ep 22 success=False steps=60 inf=11.9s sim=2.0s total=15.6s
[octo-base|StackGreenCubeOnYellowCubeBakedTexInScene-v1|stiff_x2.0] ep 23 success=False steps=60 inf=11.9s sim=1.9s total=15.6s
== stiff_x2.0: 0/24 success
[octo-base|StackGreenCubeOnYellowCubeBakedTexInScene-v1|damp_x0.5] ep 0 success=False steps=60 inf=11.6s sim=1.8s total=15.3s
[octo-base|StackGreenCubeOnYellowCubeBakedTexInScene-v1|damp_x0.5] ep 1 success=False steps=60 inf=12.6s sim=2.0s total=16.4s
[octo-base|StackGreenCubeOnYellowCubeBakedTexInScene-v1|damp_x0.5] ep 2 success=False steps=60 inf=12.3s sim=1.9s total=15.9s
[octo-base|StackGreenCubeOnYellowCubeBakedTexInScene-v1|damp_x0.5] ep 3 success=False steps=60 inf=10.8s sim=2.3s total=14.9s
[octo-base|StackGreenCubeOnYellowCubeBakedTexInScene-v1|damp_x0.5] ep 4 success=False steps=60 inf=11.8s sim=1.8s total=15.3s
[octo-base|StackGreenCubeOnYellowCubeBakedTexInScene-v1|damp_x0.5] ep 5 success=False steps=60 inf=10.9s sim=2.1s total=14.9s
[octo-base|StackGreenCubeOnYellowCubeBakedTexInScene-v1|damp_x0.5] ep 6 success=False steps=60 inf=11.1s sim=1.9s total=14.6s
[octo-base|StackGreenCubeOnYellowCubeBakedTexInScene-v1|damp_x0.5] ep 7 success=False steps=60 inf=9.5s sim=1.7s total=13.0s
[octo-base|StackGreenCubeOnYellowCubeBakedTexInScene-v1|damp_x0.5] ep 8 success=False steps=60 inf=10.4s sim=1.8s total=14.0s
[octo-base|StackGreenCubeOnYellowCubeBakedTexInScene-v1|damp_x0.5] ep 9 success=False steps=60 inf=9.4s sim=1.8s total=12.8s
[octo-base|StackGreenCubeOnYellowCubeBakedTexInScene-v1|damp_x0.5] ep 10 success=False steps=60 inf=9.1s sim=1.8s total=12.5s
[octo-base|StackGreenCubeOnYellowCubeBakedTexInScene-v1|damp_x0.5] ep 11 success=False steps=60 inf=9.2s sim=1.8s total=12.9s
[octo-base|StackGreenCubeOnYellowCubeBakedTexInScene-v1|damp_x0.5] ep 12 success=False steps=60 inf=9.5s sim=1.6s total=12.8s
[octo-base|StackGreenCubeOnYellowCubeBakedTexInScene-v1|damp_x0.5] ep 13 success=False steps=60 inf=9.3s sim=1.6s total=12.5s
[octo-base|StackGreenCubeOnYellowCubeBakedTexInScene-v1|damp_x0.5] ep 14 success=False steps=60 inf=8.9s sim=1.7s total=12.1s
[octo-base|StackGreenCubeOnYellowCubeBakedTexInScene-v1|damp_x0.5] ep 15 success=False steps=60 inf=8.2s sim=1.6s total=11.4s
[octo-base|StackGreenCubeOnYellowCubeBakedTexInScene-v1|damp_x0.5] ep 16 success=False steps=60 inf=8.7s sim=1.6s total=12.0s
[octo-base|StackGreenCubeOnYellowCubeBakedTexInScene-v1|damp_x0.5] ep 17 success=False steps=60 inf=10.0s sim=1.6s total=13.2s
[octo-base|StackGreenCubeOnYellowCubeBakedTexInScene-v1|damp_x0.5] ep 18 success=False steps=60 inf=9.3s sim=1.8s total=12.9s
[octo-base|StackGreenCubeOnYellowCubeBakedTexInScene-v1|damp_x0.5] ep 19 success=False steps=60 inf=9.7s sim=1.7s total=12.8s
[octo-base|StackGreenCubeOnYellowCubeBakedTexInScene-v1|damp_x0.5] ep 20 success=False steps=60 inf=9.5s sim=1.7s total=12.8s
[octo-base|StackGreenCubeOnYellowCubeBakedTexInScene-v1|damp_x0.5] ep 21 success=False steps=60 inf=10.0s sim=1.6s total=13.4s
[octo-base|StackGreenCubeOnYellowCubeBakedTexInScene-v1|damp_x0.5] ep 22 success=False steps=60 inf=9.8s sim=1.7s total=13.1s
[octo-base|StackGreenCubeOnYellowCubeBakedTexInScene-v1|damp_x0.5] ep 23 success=False steps=60 inf=8.9s sim=1.7s total=12.4s
== damp_x0.5: 0/24 success
[octo-base|StackGreenCubeOnYellowCubeBakedTexInScene-v1|damp_x2.0] ep 0 success=False steps=60 inf=9.2s sim=1.7s total=12.5s
[octo-base|StackGreenCubeOnYellowCubeBakedTexInScene-v1|damp_x2.0] ep 1 success=False steps=60 inf=9.5s sim=1.8s total=13.0s
[octo-base|StackGreenCubeOnYellowCubeBakedTexInScene-v1|damp_x2.0] ep 2 success=False steps=60 inf=9.6s sim=1.7s total=13.1s
[octo-base|StackGreenCubeOnYellowCubeBakedTexInScene-v1|damp_x2.0] ep 3 success=False steps=60 inf=9.3s sim=2.0s total=12.9s
[octo-base|StackGreenCubeOnYellowCubeBakedTexInScene-v1|damp_x2.0] ep 4 success=False steps=60 inf=9.7s sim=1.7s total=13.1s
[octo-base|StackGreenCubeOnYellowCubeBakedTexInScene-v1|damp_x2.0] ep 5 success=False steps=60 inf=10.0s sim=1.8s total=13.4s
[octo-base|StackGreenCubeOnYellowCubeBakedTexInScene-v1|damp_x2.0] ep 6 success=False steps=60 inf=9.9s sim=1.6s total=13.1s
[octo-base|StackGreenCubeOnYellowCubeBakedTexInScene-v1|damp_x2.0] ep 7 success=False steps=60 inf=10.3s sim=1.6s total=13.6s
[octo-base|StackGreenCubeOnYellowCubeBakedTexInScene-v1|damp_x2.0] ep 8 success=False steps=60 inf=10.0s sim=1.7s total=13.4s
[octo-base|StackGreenCubeOnYellowCubeBakedTexInScene-v1|damp_x2.0] ep 9 success=False steps=60 inf=9.0s sim=1.8s total=12.3s
[octo-base|StackGreenCubeOnYellowCubeBakedTexInScene-v1|damp_x2.0] ep 10 success=False steps=60 inf=10.1s sim=1.6s total=13.4s
[octo-base|StackGreenCubeOnYellowCubeBakedTexInScene-v1|damp_x2.0] ep 11 success=False steps=60 inf=9.9s sim=1.8s total=13.4s
[octo-base|StackGreenCubeOnYellowCubeBakedTexInScene-v1|damp_x2.0] ep 12 success=False steps=60 inf=9.5s sim=1.6s total=12.8s
[octo-base|StackGreenCubeOnYellowCubeBakedTexInScene-v1|damp_x2.0] ep 13 success=False steps=60 inf=9.4s sim=1.5s total=12.6s
[octo-base|StackGreenCubeOnYellowCubeBakedTexInScene-v1|damp_x2.0] ep 14 success=False steps=60 inf=9.0s sim=1.8s total=12.3s
[octo-base|StackGreenCubeOnYellowCubeBakedTexInScene-v1|damp_x2.0] ep 15 success=False steps=60 inf=9.7s sim=1.7s total=12.9s
[octo-base|StackGreenCubeOnYellowCubeBakedTexInScene-v1|damp_x2.0] ep 16 success=False steps=60 inf=9.5s sim=1.6s total=12.7s
[octo-base|StackGreenCubeOnYellowCubeBakedTexInScene-v1|damp_x2.0] ep 17 success=False steps=60 inf=9.7s sim=1.6s total=13.0s
[octo-base|StackGreenCubeOnYellowCubeBakedTexInScene-v1|damp_x2.0] ep 18 success=False steps=60 inf=9.6s sim=1.7s total=13.0s
[octo-base|StackGreenCubeOnYellowCubeBakedTexInScene-v1|damp_x2.0] ep 19 success=False steps=60 inf=9.9s sim=1.6s total=13.3s
[octo-base|StackGreenCubeOnYellowCubeBakedTexInScene-v1|damp_x2.0] ep 20 success=False steps=60 inf=9.4s sim=1.7s total=12.8s
[octo-base|StackGreenCubeOnYellowCubeBakedTexInScene-v1|damp_x2.0] ep 21 success=False steps=60 inf=9.7s sim=1.5s total=12.9s
[octo-base|StackGreenCubeOnYellowCubeBakedTexInScene-v1|damp_x2.0] ep 22 success=False steps=60 inf=9.9s sim=1.8s total=13.3s
[octo-base|StackGreenCubeOnYellowCubeBakedTexInScene-v1|damp_x2.0] ep 23 success=False steps=60 inf=9.2s sim=1.7s total=12.5s
== damp_x2.0: 0/24 success
[octo-base|StackGreenCubeOnYellowCubeBakedTexInScene-v1|force_x0.5] ep 0 success=False steps=60 inf=9.7s sim=1.6s total=13.1s
[octo-base|StackGreenCubeOnYellowCubeBakedTexInScene-v1|force_x0.5] ep 1 success=False steps=60 inf=9.7s sim=1.7s total=13.0s
[octo-base|StackGreenCubeOnYellowCubeBakedTexInScene-v1|force_x0.5] ep 2 success=False steps=60 inf=9.9s sim=1.6s total=13.3s
[octo-base|StackGreenCubeOnYellowCubeBakedTexInScene-v1|force_x0.5] ep 3 success=False steps=60 inf=9.4s sim=1.8s total=12.8s
[octo-base|StackGreenCubeOnYellowCubeBakedTexInScene-v1|force_x0.5] ep 4 success=False steps=60 inf=9.5s sim=1.8s total=12.9s
[octo-base|StackGreenCubeOnYellowCubeBakedTexInScene-v1|force_x0.5] ep 5 success=False steps=60 inf=9.4s sim=1.8s total=12.8s
[octo-base|StackGreenCubeOnYellowCubeBakedTexInScene-v1|force_x0.5] ep 6 success=False steps=60 inf=9.4s sim=1.6s total=12.7s
[octo-base|StackGreenCubeOnYellowCubeBakedTexInScene-v1|force_x0.5] ep 7 success=False steps=60 inf=9.4s sim=1.8s total=12.9s
[octo-base|StackGreenCubeOnYellowCubeBakedTexInScene-v1|force_x0.5] ep 8 success=False steps=60 inf=9.6s sim=1.7s total=13.1s
[octo-base|StackGreenCubeOnYellowCubeBakedTexInScene-v1|force_x0.5] ep 9 success=False steps=60 inf=9.4s sim=1.8s total=12.8s
[octo-base|StackGreenCubeOnYellowCubeBakedTexInScene-v1|force_x0.5] ep 10 success=False steps=60 inf=9.5s sim=1.8s total=13.0s
[octo-base|StackGreenCubeOnYellowCubeBakedTexInScene-v1|force_x0.5] ep 11 success=False steps=60 inf=10.0s sim=1.7s total=13.5s
[octo-base|StackGreenCubeOnYellowCubeBakedTexInScene-v1|force_x0.5] ep 12 success=False steps=60 inf=9.9s sim=1.6s total=13.1s
[octo-base|StackGreenCubeOnYellowCubeBakedTexInScene-v1|force_x0.5] ep 13 success=False steps=60 inf=9.1s sim=1.6s total=12.4s
[octo-base|StackGreenCubeOnYellowCubeBakedTexInScene-v1|force_x0.5] ep 14 success=False steps=60 inf=9.7s sim=1.6s total=13.1s
[octo-base|StackGreenCubeOnYellowCubeBakedTexInScene-v1|force_x0.5] ep 15 success=False steps=60 inf=9.8s sim=1.7s total=13.1s
[octo-base|StackGreenCubeOnYellowCubeBakedTexInScene-v1|force_x0.5] ep 16 success=False steps=60 inf=9.6s sim=1.6s total=12.9s
[octo-base|StackGreenCubeOnYellowCubeBakedTexInScene-v1|force_x0.5] ep 17 success=False steps=60 inf=10.0s sim=1.6s total=13.2s
[octo-base|StackGreenCubeOnYellowCubeBakedTexInScene-v1|force_x0.5] ep 18 success=False steps=60 inf=9.6s sim=1.6s total=12.7s
[octo-base|StackGreenCubeOnYellowCubeBakedTexInScene-v1|force_x0.5] ep 19 success=False steps=60 inf=9.3s sim=1.7s total=12.9s
[octo-base|StackGreenCubeOnYellowCubeBakedTexInScene-v1|force_x0.5] ep 20 success=False steps=60 inf=10.2s sim=1.6s total=13.2s
[octo-base|StackGreenCubeOnYellowCubeBakedTexInScene-v1|force_x0.5] ep 21 success=False steps=60 inf=9.7s sim=1.7s total=13.2s
[octo-base|StackGreenCubeOnYellowCubeBakedTexInScene-v1|force_x0.5] ep 22 success=False steps=60 inf=9.7s sim=1.6s total=12.9s
[octo-base|StackGreenCubeOnYellowCubeBakedTexInScene-v1|force_x0.5] ep 23 success=False steps=60 inf=9.9s sim=1.6s total=13.0s
== force_x0.5: 0/24 success
[octo-base|StackGreenCubeOnYellowCubeBakedTexInScene-v1|delay_1] ep 0 success=False steps=60 inf=9.8s sim=1.7s total=13.3s
[octo-base|StackGreenCubeOnYellowCubeBakedTexInScene-v1|delay_1] ep 1 success=False steps=60 inf=10.0s sim=1.6s total=13.3s
[octo-base|StackGreenCubeOnYellowCubeBakedTexInScene-v1|delay_1] ep 2 success=False steps=60 inf=9.5s sim=1.8s total=12.9s
[octo-base|StackGreenCubeOnYellowCubeBakedTexInScene-v1|delay_1] ep 3 success=False steps=60 inf=9.6s sim=1.9s total=13.1s
[octo-base|StackGreenCubeOnYellowCubeBakedTexInScene-v1|delay_1] ep 4 success=False steps=60 inf=9.8s sim=1.7s total=13.2s
[octo-base|StackGreenCubeOnYellowCubeBakedTexInScene-v1|delay_1] ep 5 success=False steps=60 inf=9.8s sim=1.7s total=13.3s
[octo-base|StackGreenCubeOnYellowCubeBakedTexInScene-v1|delay_1] ep 6 success=False steps=60 inf=9.8s sim=1.7s total=13.2s
[octo-base|StackGreenCubeOnYellowCubeBakedTexInScene-v1|delay_1] ep 7 success=False steps=60 inf=9.9s sim=1.7s total=13.3s
[octo-base|StackGreenCubeOnYellowCubeBakedTexInScene-v1|delay_1] ep 8 success=False steps=60 inf=10.9s sim=1.7s total=14.4s
[octo-base|StackGreenCubeOnYellowCubeBakedTexInScene-v1|delay_1] ep 9 success=False steps=60 inf=9.8s sim=1.7s total=13.1s
[octo-base|StackGreenCubeOnYellowCubeBakedTexInScene-v1|delay_1] ep 10 success=False steps=60 inf=9.8s sim=1.8s total=13.1s
[octo-base|StackGreenCubeOnYellowCubeBakedTexInScene-v1|delay_1] ep 11 success=False steps=60 inf=9.4s sim=1.7s total=12.8s
[octo-base|StackGreenCubeOnYellowCubeBakedTexInScene-v1|delay_1] ep 12 success=False steps=60 inf=9.5s sim=1.7s total=12.8s
[octo-base|StackGreenCubeOnYellowCubeBakedTexInScene-v1|delay_1] ep 13 success=False steps=60 inf=9.8s sim=1.5s total=13.1s
[octo-base|StackGreenCubeOnYellowCubeBakedTexInScene-v1|delay_1] ep 14 success=False steps=60 inf=9.6s sim=1.7s total=13.0s
[octo-base|StackGreenCubeOnYellowCubeBakedTexInScene-v1|delay_1] ep 15 success=False steps=60 inf=9.4s sim=1.7s total=12.8s
[octo-base|StackGreenCubeOnYellowCubeBakedTexInScene-v1|delay_1] ep 16 success=False steps=60 inf=9.2s sim=1.6s total=12.4s
[octo-base|StackGreenCubeOnYellowCubeBakedTexInScene-v1|delay_1] ep 17 success=False steps=60 inf=7.2s sim=1.5s total=10.2s
[octo-base|StackGreenCubeOnYellowCubeBakedTexInScene-v1|delay_1] ep 18 success=False steps=60 inf=7.7s sim=1.6s total=11.0s
[octo-base|StackGreenCubeOnYellowCubeBakedTexInScene-v1|delay_1] ep 19 success=False steps=60 inf=7.0s sim=1.6s total=10.2s
[octo-base|StackGreenCubeOnYellowCubeBakedTexInScene-v1|delay_1] ep 20 success=False steps=60 inf=7.2s sim=1.5s total=10.3s
[octo-base|StackGreenCubeOnYellowCubeBakedTexInScene-v1|delay_1] ep 21 success=False steps=60 inf=7.2s sim=1.5s total=10.3s
[octo-base|StackGreenCubeOnYellowCubeBakedTexInScene-v1|delay_1] ep 22 success=False steps=60 inf=7.2s sim=1.6s total=10.1s
[octo-base|StackGreenCubeOnYellowCubeBakedTexInScene-v1|delay_1] ep 23 success=False steps=60 inf=7.1s sim=1.6s total=10.2s
== delay_1: 0/24 success
==== Fri 09/18/2026  7:23:48.78 end octo-base StackGreenCubeOnYellowCubeBakedTexInScene-v1 exit 0
SWEEP_DONE octo-base
