    217s flat           d0=0.00 n= 24 truth=[-0.00,+0.00] point:0.93/0.05/0.05 union:1.00/0.00/0.00 gp_sim:1.00/0.00/0.00 gated:1.00/0.00/0.00
    217s flat           d0=0.00 n= 48 truth=[-0.00,+0.00] point:0.93/0.05/0.05 union:1.00/0.00/0.00 gp_sim:1.00/0.00/0.00 gated:1.00/0.00/0.00
    217s flat           d0=0.00 n= 96 truth=[-0.00,+0.00] point:0.94/0.05/0.05 union:1.00/0.00/0.00 gp_sim:1.00/0.00/0.00 gated:1.00/0.00/0.00
    218s flat           d0=0.10 n= 24 truth=[+0.10,+0.10] point:0.94/0.00/0.10 union:1.00/0.00/0.00 gp_sim:1.00/0.00/0.00 gated:1.00/0.00/0.00
    218s flat           d0=0.10 n= 48 truth=[+0.10,+0.10] point:0.95/0.00/0.19 union:1.00/0.00/0.00 gp_sim:1.00/0.00/0.00 gated:1.00/0.00/0.00
    218s flat           d0=0.10 n= 96 truth=[+0.10,+0.10] point:0.96/0.00/0.33 union:1.00/0.00/0.00 gp_sim:1.00/0.00/0.00 gated:1.00/0.00/0.00
    391s flat           d0=0.20 n= 24 truth=[+0.20,+0.20] point:0.92/0.00/0.24 union:1.00/0.00/0.00 gp_sim:1.00/0.00/0.00 gated:1.00/0.00/0.01
    394s flat           d0=0.20 n= 48 truth=[+0.20,+0.20] point:0.92/0.00/0.62 union:1.00/0.00/0.09 gp_sim:1.00/0.00/0.06 gated:1.00/0.00/0.06
    396s flat           d0=0.20 n= 96 truth=[+0.20,+0.20] point:0.95/0.00/0.85 union:1.00/0.00/0.46 gp_sim:1.00/0.00/0.04 gated:1.00/0.00/0.07
    415s flat           d0=0.30 n= 24 truth=[+0.30,+0.30] point:0.92/0.00/0.61 union:1.00/0.00/0.06 gp_sim:1.00/0.00/0.25 gated:1.00/0.00/0.23
    419s flat           d0=0.30 n= 48 truth=[+0.30,+0.30] point:0.92/0.00/0.89 union:1.00/0.00/0.55 gp_sim:1.00/0.00/0.39 gated:1.00/0.00/0.41
    419s flat           d0=0.30 n= 96 truth=[+0.30,+0.30] point:0.97/0.00/1.00 union:1.00/0.00/0.98 gp_sim:1.00/0.00/0.47 gated:1.00/0.00/0.60
    579s linear         d0=0.00 n= 24 truth=[-0.10,+0.10] point:0.69/0.03/0.03 union:1.00/0.00/0.00 gp_sim:0.96/0.00/0.00 gated:0.96/0.00/0.00
    579s linear         d0=0.00 n= 48 truth=[-0.10,+0.10] point:0.57/0.04/0.04 union:1.00/0.00/0.00 gp_sim:0.97/0.00/0.00 gated:0.98/0.00/0.00
    579s linear         d0=0.00 n= 96 truth=[-0.10,+0.10] point:0.26/0.03/0.03 union:0.99/0.00/0.00 gp_sim:1.00/0.00/0.00 gated:1.00/0.00/0.00
    593s linear         d0=0.10 n= 24 truth=[-0.00,+0.20] point:0.67/0.13/0.13 union:1.00/0.00/0.00 gp_sim:0.98/0.00/0.00 gated:0.98/0.00/0.00
    593s linear         d0=0.10 n= 48 truth=[-0.00,+0.20] point:0.53/0.21/0.21 union:1.00/0.00/0.00 gp_sim:0.98/0.00/0.00 gated:0.98/0.00/0.00
    593s linear         d0=0.10 n= 96 truth=[-0.00,+0.20] point:0.24/0.36/0.36 union:1.00/0.00/0.00 gp_sim:0.98/0.00/0.00 gated:0.99/0.00/0.00
    722s linear         d0=0.20 n= 24 truth=[+0.10,+0.30] point:0.72/0.00/0.31 union:1.00/0.00/0.00 gp_sim:0.97/0.00/0.01 gated:0.97/0.00/0.01
    743s linear         d0=0.20 n= 48 truth=[+0.10,+0.30] point:0.57/0.00/0.57 union:1.00/0.00/0.04 gp_sim:0.96/0.00/0.01 gated:0.98/0.00/0.01
    743s linear         d0=0.20 n= 96 truth=[+0.10,+0.30] point:0.28/0.00/0.90 union:0.99/0.00/0.25 gp_sim:0.99/0.00/0.00 gated:0.99/0.00/0.03
    759s linear         d0=0.30 n= 24 truth=[+0.20,+0.40] point:0.71/0.00/0.61 union:1.00/0.00/0.07 gp_sim:0.97/0.00/0.26 gated:0.97/0.00/0.23
    765s linear         d0=0.30 n= 48 truth=[+0.20,+0.40] point:0.53/0.00/0.88 union:1.00/0.00/0.46 gp_sim:0.95/0.00/0.30 gated:0.95/0.00/0.33
    765s linear         d0=0.30 n= 96 truth=[+0.20,+0.40] point:0.25/0.00/0.99 union:1.00/0.00/0.90 gp_sim:0.99/0.00/0.30 gated:0.99/0.00/0.52
    905s dip_sampled    d0=0.00 n= 24 truth=[-0.25,-0.00] point:0.43/0.02/0.04 union:0.99/0.00/0.00 gp_sim:0.99/0.00/0.00 gated:0.99/0.00/0.00
    905s dip_sampled    d0=0.00 n= 48 truth=[-0.25,-0.00] point:0.17/0.03/0.05 union:0.98/0.00/0.00 gp_sim:0.97/0.00/0.00 gated:0.96/0.00/0.00
    905s dip_sampled    d0=0.00 n= 96 truth=[-0.25,-0.00] point:0.00/0.03/0.07 union:0.98/0.00/0.00 gp_sim:1.00/0.00/0.00 gated:0.99/0.00/0.00
    935s dip_sampled    d0=0.10 n= 24 truth=[-0.15,+0.10] point:0.47/0.09/0.09 union:0.99/0.00/0.00 gp_sim:0.99/0.00/0.00 gated:0.98/0.00/0.00
    935s dip_sampled    d0=0.10 n= 48 truth=[-0.15,+0.10] point:0.18/0.21/0.21 union:1.00/0.00/0.00 gp_sim:0.99/0.00/0.00 gated:0.98/0.00/0.00
    935s dip_sampled    d0=0.10 n= 96 truth=[-0.15,+0.10] point:0.00/0.32/0.32 union:0.99/0.00/0.00 gp_sim:1.00/0.00/0.00 gated:1.00/0.00/0.00
   1045s dip_sampled    d0=0.20 n= 24 truth=[-0.05,+0.20] point:0.45/0.26/0.26 union:1.00/0.00/0.00 gp_sim:0.99/0.00/0.00 gated:0.99/0.00/0.00
   1046s dip_sampled    d0=0.20 n= 48 truth=[-0.05,+0.20] point:0.17/0.56/0.56 union:0.98/0.00/0.00 gp_sim:0.98/0.00/0.00 gated:0.99/0.00/0.00
   1046s dip_sampled    d0=0.20 n= 96 truth=[-0.05,+0.20] point:0.00/0.88/0.88 union:0.98/0.00/0.00 gp_sim:1.00/0.00/0.00 gated:0.99/0.00/0.00
   1094s dip_sampled    d0=0.30 n= 24 truth=[+0.05,+0.30] point:0.51/0.00/0.63 union:1.00/0.00/0.02 gp_sim:0.98/0.00/0.09 gated:0.98/0.00/0.09
   1094s dip_sampled    d0=0.30 n= 48 truth=[+0.05,+0.30] point:0.16/0.00/0.92 union:0.99/0.00/0.03 gp_sim:0.98/0.00/0.09 gated:0.98/0.00/0.10
   1094s dip_sampled    d0=0.30 n= 96 truth=[+0.05,+0.30] point:0.00/0.00/1.00 union:0.99/0.00/0.11 gp_sim:1.00/0.00/0.05 gated:0.99/0.00/0.08
   1213s dip_unsampled  d0=0.00 n= 24 truth=[-0.25,-0.00] point:0.40/0.01/0.03 union:0.95/0.00/0.00 gp_sim:0.96/0.00/0.00 gated:0.95/0.00/0.00
   1232s dip_unsampled  d0=0.00 n= 48 truth=[-0.25,-0.00] point:0.15/0.01/0.02 union:0.75/0.00/0.00 gp_sim:0.96/0.00/0.00 gated:0.95/0.00/0.00
   1232s dip_unsampled  d0=0.00 n= 96 truth=[-0.25,-0.00] point:0.01/0.03/0.04 union:0.22/0.00/0.00 gp_sim:0.98/0.00/0.00 gated:0.89/0.00/0.00
   1254s dip_unsampled  d0=0.10 n= 24 truth=[-0.15,+0.10] point:0.46/0.10/0.10 union:0.98/0.00/0.00 gp_sim:0.97/0.00/0.00 gated:0.97/0.00/0.00
   1270s dip_unsampled  d0=0.10 n= 48 truth=[-0.15,+0.10] point:0.14/0.18/0.18 union:0.78/0.00/0.00 gp_sim:0.91/0.00/0.00 gated:0.90/0.00/0.00
   1270s dip_unsampled  d0=0.10 n= 96 truth=[-0.15,+0.10] point:0.00/0.31/0.31 union:0.29/0.00/0.00 gp_sim:0.97/0.00/0.00 gated:0.89/0.00/0.00
   1377s dip_unsampled  d0=0.20 n= 24 truth=[-0.05,+0.20] point:0.37/0.33/0.33 union:0.97/0.00/0.00 gp_sim:0.97/0.00/0.00 gated:0.97/0.01/0.01
   1383s dip_unsampled  d0=0.20 n= 48 truth=[-0.05,+0.20] point:0.16/0.60/0.60 union:0.90/0.01/0.01 gp_sim:0.96/0.00/0.00 gated:0.97/0.00/0.00
   1383s dip_unsampled  d0=0.20 n= 96 truth=[-0.05,+0.20] point:0.00/0.85/0.85 union:0.29/0.17/0.17 gp_sim:0.98/0.00/0.00 gated:0.89/0.01/0.01
   1426s dip_unsampled  d0=0.30 n= 24 truth=[+0.05,+0.30] point:0.49/0.00/0.62 union:0.99/0.00/0.03 gp_sim:0.96/0.00/0.17 gated:0.96/0.00/0.13
   1430s dip_unsampled  d0=0.30 n= 48 truth=[+0.05,+0.30] point:0.19/0.00/0.89 union:0.85/0.00/0.35 gp_sim:0.92/0.00/0.20 gated:0.91/0.00/0.21
   1430s dip_unsampled  d0=0.30 n= 96 truth=[+0.05,+0.30] point:0.00/0.00/1.00 union:0.34/0.00/0.88 gp_sim:0.98/0.00/0.13 gated:0.91/0.00/0.27
TRACK_S_DONE results\benchmark\track_s
