E:\research\the_world\.venv-windows-ms3\Lib\site-packages\sapien\wrapper\pinocchio_model.py:299: UserWarning: pinnochio package is not installed, robotics functionalities will not be available
  warnings.warn(
{
  "experiment": "independent_native_task_pilot",
  "args": {
    "env_id": "PickCube-v1",
    "mode": "pd_joint_delta_pos",
    "num_envs": 256,
    "setting": "gain_half",
    "seed_start": 2026092500,
    "output": "full_grid/PickCube-v1_pd_joint_delta_pos_gain_half.json"
  },
  "versions": {
    "mani_skill": "3.0.1",
    "sapien": "3.0.3",
    "torch": "2.7.1+cu128",
    "gymnasium": "1.3.0",
    "numpy": "1.26.4"
  },
  "platform": "Windows-10-10.0.26200-SP0",
  "checkpoint_sha256": "78959417279892d73e4ed5930a6d8de8626a24eee0ec553dfc6af61391b0b356",
  "script_sha256": "8a4ce14d3fd7aa2e5476c857781a599252b116e53d3f5916d8ba76facacd90fd",
  "nominal_arm_gains": {
    "stiffness": 1000.0,
    "damping": 100.0,
    "force_limit": 100.0
  },
  "applied_arm_gains": {
    "stiffness": 500.0,
    "damping": 50.0,
    "force_limit": 100.0
  },
  "policy_execution": "deterministic actor mean; no action noise",
  "simulator": "native GPU PhysX",
  "elapsed_seconds": 1.9367420673370361,
  "success_at_end": 242,
  "success_once": 246
}
