E:\research\the_world\.venv-windows-ms3\Lib\site-packages\sapien\wrapper\pinocchio_model.py:299: UserWarning: pinnochio package is not installed, robotics functionalities will not be available
  warnings.warn(
{
  "experiment": "independent_native_task_pilot",
  "args": {
    "env_id": "PushCube-v1",
    "mode": "pd_joint_delta_pos",
    "num_envs": 256,
    "setting": "gain_double",
    "seed_start": 2026092500,
    "output": "full_grid/PushCube-v1_pd_joint_delta_pos_gain_double.json"
  },
  "versions": {
    "mani_skill": "3.0.1",
    "sapien": "3.0.3",
    "torch": "2.7.1+cu128",
    "gymnasium": "1.3.0",
    "numpy": "1.26.4"
  },
  "platform": "Windows-10-10.0.26200-SP0",
  "checkpoint_sha256": "3651c85eb5635e80aa39c5775fb238f0f5b0ae85a5eefb75dcf4ed6226e56d2a",
  "script_sha256": "2d012d22ffbeee552d1d64c6eb0245cebfa24d8c3163606afd8689b1b7fcb4ea",
  "nominal_arm_gains": {
    "stiffness": 1000.0,
    "damping": 100.0,
    "force_limit": 100.0
  },
  "applied_arm_gains": {
    "stiffness": 2000.0,
    "damping": 200.0,
    "force_limit": 100.0
  },
  "policy_execution": "deterministic actor mean; no action noise",
  "simulator": "native GPU PhysX",
  "elapsed_seconds": 2.7198598384857178,
  "success_at_end": 8,
  "success_once": 254
}
