Using Python 3.11.16 environment at: .venv-windows-ms3
Resolved 86 packages in 697ms
   Building simpler-env @ file:///E:/research/the_world/third_party/SimplerEnv-ms3
      Built simpler-env @ file:///E:/research/the_world/third_party/SimplerEnv-ms3
Downloading pygments (1.2MiB)
Downloading jedi (4.7MiB)
Downloading imageio-ffmpeg (29.8MiB)
Downloading fonttools (2.4MiB)
Downloading scipy (34.9MiB)
Downloading hf-xet (3.8MiB)
Downloading matplotlib (8.9MiB)
Downloading sympy (6.0MiB)
Downloading mkl (217.9MiB)
Downloading h5py (3.0MiB)
Downloading mani-skill (97.0MiB)
Downloading intel-openmp (3.4MiB)
Downloading torch (152.4MiB)
 Downloaded pygments
 Downloaded fonttools
 Downloaded h5py
 Downloaded intel-openmp
 Downloaded hf-xet
 Downloaded jedi
 Downloaded sympy
 Downloaded matplotlib
 Downloaded imageio-ffmpeg
 Downloaded scipy
 Downloaded mani-skill
 Downloaded torch
 Downloaded mkl
Prepared 71 packages in 44.87s
Installed 71 packages in 1.48s
 + absl-py==2.5.0
 + anyio==4.15.1
 + arm-pytorch-utilities==0.5.0
 + asttokens==3.0.2
 + click==8.5.0
 + cloudpickle==3.1.2
 + colorama==0.4.6
 + contourpy==1.3.3
 + cycler==0.12.1
 + dacite==1.9.2
 + defusedxml==0.7.1
 + docstring-parser==0.18.0
 + executing==2.2.1
 + farama-notifications==0.0.6
 + filelock==4.0.0
 + fonttools==4.65.0
 + fsspec==2026.7.0
 + gitdb==4.0.12
 + gitpython==3.1.62
 + gymnasium==1.3.0
 + h11==0.16.0
 + h5py==3.16.0
 + hf-xet==1.6.0
 + httpcore==1.0.9
 + httpx==0.28.1
 + huggingface-hub==1.32.0
 + imageio==2.37.4
 + imageio-ffmpeg==0.6.0
 + intel-openmp==2021.4.0
 + ipython==9.17.1
 + ipython-pygments-lexers==1.1.1
 + jedi==0.20.0
 + jinja2==3.1.6
 + kiwisolver==1.5.1
 + mani-skill==3.0.1
 + markdown-it-py==4.2.0
 + markupsafe==3.0.3
 + matplotlib==3.11.2
 + matplotlib-inline==0.2.2
 + mdurl==0.1.2
 + mkl==2021.4.0
 + mpmath==1.3.0
 + nvidia-ml-py==13.610.43
 + packaging==26.3
 + parso==0.8.7
 + prompt-toolkit==3.0.53
 + psutil==7.2.2
 + pure-eval==0.2.4
 + pygments==2.21.0
 + pyparsing==3.3.2
 + python-dateutil==2.9.0.post0
 + pytorch-kinematics==0.7.6
 + pytorch-seed==0.2.0
 + pyyaml==6.0.3
 + rich==15.0.0
 + scipy==1.17.1
 + shtab==1.12.1
 + simpler-env==0.0.1 (from file:///E:/research/the_world/third_party/SimplerEnv-ms3)
 + six==1.17.0
 + smmap==5.0.3
 + stack-data==0.6.3
 + sympy==1.14.0
 + tabulate==0.10.0
 + tbb==2021.13.1
 + torch==2.3.1
 + tqdm==4.70.1
 + traitlets==5.16.1
 + trimesh==5.1.0
 + typing-extensions==4.16.0
 + tyro==0.8.5
 + wcwidth==0.8.4
