Using Python 3.11.16 environment at: .venv-windows-ms3
Resolved 13 packages in 5ms
   Building cmeel-urdfdom==3.1.1.1
   Building cmeel-zlib==1.3.2
   Building cmeel-boost==1.83.0
   Building cmeel-tinyxml==2.6.2.3
   Building cmeel-console-bridge==1.0.2.3
   Building cmeel-qhull==8.0.2.1
   Building cmeel-octomap==1.10.0
   Building eigenpy==3.5.1
WARN Fixing invalid version specifier by removing trailing comma (before: `>=2.6,!=3.0.*,!=3.1.*,!=3.2.*,!=3.3.*,`; after: `>=2.6,!=3.0.*,!=3.1.*,!=3.2.*,!=3.3.*`)
   Building hpp-fcl==2.4.4
   Building cmeel-assimp==5.4.3.1
  × Failed to build `cmeel-octomap==1.10.0`
  ├─▶ The build backend returned an error
  ╰─▶ Call to `cmeel.build_wheel` failed (exit code: 1)

      [stderr]
      Traceback (most recent call last):
        File "<string>", line 11, in <module>
        File
      "E:\research\the_world\.runtime\uv-cache-win\builds-v0\.tmpWibHBi\Lib\site-packages\cmeel\build.py",
      line 26, in build_wheel
          return build_impl(wheel_directory, editable=False)
                 ^^^^^^^^^^^^^^^^^^^^^^^^^^^^^^^^^^^^^^^^^^^
        File
      "E:\research\the_world\.runtime\uv-cache-win\builds-v0\.tmpWibHBi\Lib\site-packages\cmeel\impl.py",
      line 60, in build_impl
          patch()
        File
      "E:\research\the_world\.runtime\uv-cache-win\builds-v0\.tmpWibHBi\Lib\site-packages\cmeel\utils.py",
      line 59, in patch
          ret = run(cmd, capture_output=True, text=True)
                ^^^^^^^^^^^^^^^^^^^^^^^^^^^^^^^^^^^^^^^^
        File
      "E:\research\the_world\.runtime\python-win\cpython-3.11-windows-x86_64-none\Lib\subprocess.py",
      line 548, in run
          with Popen(*popenargs, **kwargs) as process:
               ^^^^^^^^^^^^^^^^^^^^^^^^^^^
        File
      "E:\research\the_world\.runtime\python-win\cpython-3.11-windows-x86_64-none\Lib\subprocess.py",
      line 1026, in __init__
          self._execute_child(args, executable, preexec_fn, close_fds,
        File
      "E:\research\the_world\.runtime\python-win\cpython-3.11-windows-x86_64-none\Lib\subprocess.py",
      line 1538, in _execute_child
          hp, ht, pid, tid = _winapi.CreateProcess(executable, args,
                             ^^^^^^^^^^^^^^^^^^^^^^^^^^^^^^^^^^^^^^^
      FileNotFoundError: [WinError 2] The system cannot find the file
      specified


hint: `cmeel-octomap` (v1.10.0) was included because `pin` (v2.7.0) depends on `hpp-fcl` (v2.4.4) which depends on `cmeel-octomap`
hint: Build failures usually indicate a problem with the package or the build environment
