E:\research\the_world\.venv-windows-ms3\Lib\site-packages\sapien\wrapper\pinocchio_model.py:299: UserWarning: pinnochio package is not installed, robotics functionalities will not be available
  warnings.warn(
E:\research\the_world\.venv-windows-ms3\Lib\site-packages\mani_skill\envs\tasks\digital_twins\bridge_dataset_eval\put_on_in_scene.py:197: UserWarning: Creating a tensor from a list of numpy.ndarrays is extremely slow. Please consider converting the list to a single numpy.ndarray with numpy.array() before converting to a tensor. (Triggered internally at C:\actions-runner\_work\pytorch\pytorch\pytorch\torch\csrc\utils\tensor_new.cpp:257.)
  quat_configs = torch.tensor(quat_configs)
2026-09-18 06:05:42,025 - mani_skill  - WARNING - Mimic targets dictionary is missing for controller config for widowx250s_bridgedataset_flat_table. Assuming the first joint is the control joint and the second joint is the mimic joint
2026-09-18 06:05:42,087 - mani_skill  - WARNING - No initial pose set for actor builder of baked_green_cube_3cm, setting to default pose q=[1,0,0,0], p=[0,0,0]. Not setting reasonable initial poses may slow down simulation, see https://github.com/haosulab/ManiSkill/issues/421.
2026-09-18 06:05:42,093 - mani_skill  - WARNING - No initial pose set for actor builder of baked_yellow_cube_3cm, setting to default pose q=[1,0,0,0], p=[0,0,0]. Not setting reasonable initial poses may slow down simulation, see https://github.com/haosulab/ManiSkill/issues/421.
{
  "env_id": "StackGreenCubeOnYellowCubeBakedTexInScene-v1",
  "steps": 10,
  "action_mode": "lift_probe",
  "seed": 20260918,
  "output_dir": "results/ms3_motion_probes/StackGreenCubeOnYellowCubeBakedTexInScene-v1",
  "status": "passed",
  "evidence": "simulator_smoke_only",
  "policy": "lift_probe_debug_only",
  "platform": "Windows-10-10.0.26200-SP0",
  "original_simpler_reproduction": false,
  "sim_backend": "cpu",
  "elapsed_seconds": 3.7436700999969617,
  "compatibility_adapter": {
    "ik": "upstream_torch_jacobian_solver_on_cpu",
    "pci_parser": "preserve_full_pci_address",
    "benchmark_equivalent": false
  },
  "versions": {
    "sapien": "3.0.3",
    "mani_skill": "3.0.1",
    "torch": "2.7.1+cu128",
    "gymnasium": "1.3.0",
    "numpy": "1.26.4"
  },
  "render_backend": "pci:0000:01:00.0",
  "render_device": "NVIDIA GeForce RTX 5060 Laptop GPU",
  "torch_cuda_available": true,
  "instruction": [
    "stack the green block on the yellow block"
  ],
  "action_shape": [
    7
  ],
  "image_shape": [
    480,
    640,
    3
  ],
  "completed_steps": 10,
  "step_wall_seconds": 0.15085749997524545,
  "final_info": {
    "elapsed_steps": [
      10
    ],
    "moved_correct_obj": [
      false
    ],
    "moved_wrong_obj": [
      false
    ],
    "is_src_obj_grasped": [
      false
    ],
    "consecutive_grasp": [
      false
    ],
    "src_on_target": [
      false
    ],
    "success": [
      false
    ]
  },
  "joint_displacement_norm": 0.2445867508649826
}
