[nominal] effective: {"stiffness_scale": 1.0, "damping_scale": 1.0, "force_scale": 1.0, "delay_steps": 0, "fric_scale": 1.0, "dens_scale": 1.0, "drives": {"stiffness": [1169.7891845703125, 730.0, 808.4601440429688, 1229.1298828125, 1272.2760009765625, 1056.3326416015625], "damping": [330.0, 180.0, 152.120361328125, 309.62152099609375, 201.04998779296875, 269.51458740234375], "force_limit": [200.0, 200.0, 100.0, 100.0, 100.0, 100.0]}, "obj_static_friction": 0.5, "obj_dynamic_friction": 0.5, "obj_mass": 0.020888807252049446}
[nominal] ep 0 success=1 steps=120 grip_closes=12 22.9s (inf 12.9s)
[nominal] ep 1 success=0 steps=120 grip_closes=1 23.9s (inf 12.6s)
[nominal] ep 2 success=0 steps=120 grip_closes=9 24.0s (inf 13.1s)
[nominal] ep 3 success=1 steps=120 grip_closes=9 24.4s (inf 13.2s)
[nominal] ep 4 success=0 steps=120 grip_closes=4 24.6s (inf 13.5s)
[nominal] ep 5 success=0 steps=120 grip_closes=4 25.6s (inf 14.9s)
[nominal] ep 6 success=1 steps=120 grip_closes=4 24.7s (inf 14.1s)
[nominal] ep 7 success=0 steps=120 grip_closes=5 25.4s (inf 13.9s)
[nominal] ep 8 success=1 steps=120 grip_closes=2 24.4s (inf 13.5s)
[nominal] ep 9 success=1 steps=120 grip_closes=7 25.5s (inf 14.1s)
[nominal] ep 10 success=1 steps=120 grip_closes=2 24.2s (inf 13.3s)
[nominal] ep 11 success=1 steps=120 grip_closes=2 25.8s (inf 16.4s)
[nominal] ep 12 success=0 steps=120 grip_closes=3 25.9s (inf 14.8s)
[nominal] ep 13 success=0 steps=120 grip_closes=1 24.8s (inf 13.8s)
[nominal] ep 14 success=0 steps=120 grip_closes=10 25.0s (inf 13.9s)
[nominal] ep 15 success=0 steps=120 grip_closes=6 25.2s (inf 13.5s)
[nominal] ep 16 success=0 steps=120 grip_closes=5 25.3s (inf 13.8s)
[nominal] ep 17 success=0 steps=120 grip_closes=5 25.7s (inf 14.1s)
[nominal] ep 18 success=1 steps=120 grip_closes=4 24.3s (inf 13.3s)
[nominal] ep 19 success=0 steps=120 grip_closes=4 25.2s (inf 14.0s)
[nominal] ep 20 success=0 steps=120 grip_closes=3 25.7s (inf 14.4s)
[nominal] ep 21 success=1 steps=120 grip_closes=7 25.1s (inf 14.4s)
[nominal] ep 22 success=0 steps=120 grip_closes=3 25.7s (inf 14.3s)
[nominal] ep 23 success=0 steps=120 grip_closes=5 25.1s (inf 13.9s)
[nominal] ep 24 success=0 steps=120 grip_closes=5 29.1s (inf 15.8s)
[nominal] ep 25 success=0 steps=120 grip_closes=3 28.2s (inf 15.0s)
[nominal] ep 26 success=0 steps=120 grip_closes=3 28.2s (inf 14.6s)
[nominal] ep 27 success=1 steps=120 grip_closes=4 28.2s (inf 16.5s)
[nominal] ep 28 success=0 steps=120 grip_closes=10 27.7s (inf 15.5s)
[nominal] ep 29 success=0 steps=120 grip_closes=6 25.5s (inf 14.0s)
[nominal] ep 30 success=1 steps=120 grip_closes=6 27.1s (inf 15.2s)
[nominal] ep 31 success=1 steps=120 grip_closes=12 25.3s (inf 13.6s)
[nominal] ep 32 success=0 steps=120 grip_closes=9 24.7s (inf 13.1s)
[nominal] ep 33 success=1 steps=120 grip_closes=8 25.6s (inf 15.5s)
[nominal] ep 34 success=1 steps=120 grip_closes=6 24.8s (inf 14.3s)
[nominal] ep 35 success=0 steps=120 grip_closes=5 25.3s (inf 13.8s)
[nominal] ep 36 success=0 steps=120 grip_closes=3 25.9s (inf 14.0s)
[nominal] ep 37 success=0 steps=120 grip_closes=7 25.4s (inf 13.4s)
[nominal] ep 38 success=1 steps=120 grip_closes=3 25.1s (inf 14.5s)
[nominal] ep 39 success=0 steps=120 grip_closes=0 25.3s (inf 13.7s)
[nominal] ep 40 success=0 steps=120 grip_closes=9 25.6s (inf 14.0s)
[nominal] ep 41 success=0 steps=120 grip_closes=6 25.6s (inf 13.9s)
[nominal] ep 42 success=1 steps=120 grip_closes=5 24.9s (inf 13.9s)
[nominal] ep 43 success=0 steps=120 grip_closes=1 25.7s (inf 14.0s)
[nominal] ep 44 success=0 steps=120 grip_closes=6 24.7s (inf 13.8s)
[nominal] ep 45 success=1 steps=120 grip_closes=4 24.4s (inf 13.7s)
[nominal] ep 46 success=0 steps=120 grip_closes=2 25.3s (inf 13.7s)
[nominal] ep 47 success=1 steps=120 grip_closes=7 25.1s (inf 13.7s)
[nominal] n=48 success_rate=0.375
[2026-09-19 06:37:27.676] [svulkan2] [warning] A second renderer will share the same internal context with the first one. Arguments passed to constructor will be ignored.
[iso_x0.25] effective: {"stiffness_scale": 0.25, "damping_scale": 0.25, "force_scale": 1.0, "delay_steps": 0, "fric_scale": 1.0, "dens_scale": 1.0, "drives": {"stiffness": [292.4472961425781, 182.5, 202.1150360107422, 307.282470703125, 318.0690002441406, 264.0831604003906], "damping": [82.5, 45.0, 38.03009033203125, 77.40538024902344, 50.26249694824219, 67.37864685058594], "force_limit": [200.0, 200.0, 100.0, 100.0, 100.0, 100.0]}, "obj_static_friction": 0.5, "obj_dynamic_friction": 0.5, "obj_mass": 0.020888807252049446}
[iso_x0.25] ep 0 success=1 steps=120 grip_closes=7 24.2s (inf 12.8s)
[iso_x0.25] ep 1 success=0 steps=120 grip_closes=9 25.3s (inf 13.4s)
[iso_x0.25] ep 2 success=0 steps=120 grip_closes=1 25.1s (inf 13.4s)
[iso_x0.25] ep 3 success=1 steps=120 grip_closes=7 28.2s (inf 15.1s)
[iso_x0.25] ep 4 success=0 steps=120 grip_closes=7 26.7s (inf 14.4s)
[iso_x0.25] ep 5 success=0 steps=120 grip_closes=5 25.5s (inf 14.1s)
[iso_x0.25] ep 6 success=1 steps=120 grip_closes=6 25.1s (inf 14.8s)
[iso_x0.25] ep 7 success=0 steps=120 grip_closes=10 24.9s (inf 13.2s)
[iso_x0.25] ep 8 success=0 steps=120 grip_closes=8 24.7s (inf 13.3s)
[iso_x0.25] ep 9 success=1 steps=120 grip_closes=9 25.5s (inf 14.4s)
[iso_x0.25] ep 10 success=0 steps=120 grip_closes=1 25.2s (inf 13.8s)
[iso_x0.25] ep 11 success=1 steps=120 grip_closes=9 26.3s (inf 16.0s)
[iso_x0.25] ep 12 success=0 steps=120 grip_closes=2 30.8s (inf 17.4s)
[iso_x0.25] ep 13 success=0 steps=120 grip_closes=1 31.1s (inf 17.7s)
[iso_x0.25] ep 14 success=0 steps=120 grip_closes=1 32.5s (inf 18.5s)
[iso_x0.25] ep 15 success=0 steps=120 grip_closes=6 37.9s (inf 23.1s)
[iso_x0.25] ep 16 success=0 steps=120 grip_closes=4 38.5s (inf 24.5s)
[iso_x0.25] ep 17 success=0 steps=120 grip_closes=2 39.5s (inf 24.8s)
[iso_x0.25] ep 18 success=0 steps=120 grip_closes=7 38.1s (inf 24.4s)
[iso_x0.25] ep 19 success=1 steps=120 grip_closes=5 37.4s (inf 24.4s)
[iso_x0.25] ep 20 success=0 steps=120 grip_closes=9 38.6s (inf 24.4s)
[iso_x0.25] ep 21 success=1 steps=120 grip_closes=8 37.7s (inf 24.6s)
[iso_x0.25] ep 22 success=0 steps=120 grip_closes=7 38.6s (inf 24.6s)
[iso_x0.25] ep 23 success=1 steps=120 grip_closes=3 37.3s (inf 24.4s)
[iso_x0.25] ep 24 success=0 steps=120 grip_closes=5 36.4s (inf 23.5s)
[iso_x0.25] ep 25 success=0 steps=120 grip_closes=2 38.3s (inf 24.5s)
[iso_x0.25] ep 26 success=0 steps=120 grip_closes=4 38.9s (inf 24.8s)
[iso_x0.25] ep 27 success=0 steps=120 grip_closes=6 38.0s (inf 24.3s)
[iso_x0.25] ep 28 success=1 steps=120 grip_closes=7 38.0s (inf 24.5s)
[iso_x0.25] ep 29 success=0 steps=120 grip_closes=8 38.4s (inf 24.8s)
[iso_x0.25] ep 30 success=1 steps=120 grip_closes=4 36.7s (inf 24.1s)
[iso_x0.25] ep 31 success=0 steps=120 grip_closes=2 38.2s (inf 24.4s)
[iso_x0.25] ep 32 success=1 steps=120 grip_closes=8 36.9s (inf 25.0s)
[iso_x0.25] ep 33 success=1 steps=120 grip_closes=4 37.4s (inf 24.9s)
[iso_x0.25] ep 34 success=0 steps=120 grip_closes=10 39.3s (inf 24.6s)
[iso_x0.25] ep 35 success=1 steps=120 grip_closes=5 37.2s (inf 24.3s)
[iso_x0.25] ep 36 success=0 steps=120 grip_closes=5 38.9s (inf 24.4s)
[iso_x0.25] ep 37 success=0 steps=120 grip_closes=0 37.9s (inf 24.4s)
[iso_x0.25] ep 38 success=1 steps=120 grip_closes=3 37.6s (inf 25.2s)
[iso_x0.25] ep 39 success=0 steps=120 grip_closes=3 38.8s (inf 24.7s)
[iso_x0.25] ep 40 success=0 steps=120 grip_closes=5 38.4s (inf 24.8s)
[iso_x0.25] ep 41 success=0 steps=120 grip_closes=1 38.8s (inf 24.6s)
[iso_x0.25] ep 42 success=1 steps=120 grip_closes=3 37.0s (inf 24.6s)
[iso_x0.25] ep 43 success=0 steps=120 grip_closes=7 39.1s (inf 24.6s)
[iso_x0.25] ep 44 success=0 steps=120 grip_closes=8 38.0s (inf 24.5s)
[iso_x0.25] ep 45 success=1 steps=120 grip_closes=5 37.4s (inf 24.5s)
[iso_x0.25] ep 46 success=0 steps=120 grip_closes=5 38.1s (inf 24.3s)
[iso_x0.25] ep 47 success=0 steps=120 grip_closes=8 38.4s (inf 24.3s)
[iso_x0.25] n=48 success_rate=0.333
[2026-09-19 07:05:07.191] [svulkan2] [warning] A second renderer will share the same internal context with the first one. Arguments passed to constructor will be ignored.
[iso_x4.0] effective: {"stiffness_scale": 4.0, "damping_scale": 4.0, "force_scale": 1.0, "delay_steps": 0, "fric_scale": 1.0, "dens_scale": 1.0, "drives": {"stiffness": [4679.15673828125, 2920.0, 3233.840576171875, 4916.51953125, 5089.10400390625, 4225.33056640625], "damping": [1320.0, 720.0, 608.4814453125, 1238.486083984375, 804.199951171875, 1078.058349609375], "force_limit": [200.0, 200.0, 100.0, 100.0, 100.0, 100.0]}, "obj_static_friction": 0.5, "obj_dynamic_friction": 0.5, "obj_mass": 0.020888807252049446}
[iso_x4.0] ep 0 success=1 steps=120 grip_closes=5 37.5s (inf 24.8s)
[iso_x4.0] ep 1 success=0 steps=120 grip_closes=0 38.5s (inf 24.5s)
[iso_x4.0] ep 2 success=0 steps=120 grip_closes=13 38.2s (inf 24.6s)
[iso_x4.0] ep 3 success=1 steps=120 grip_closes=6 37.1s (inf 24.4s)
[iso_x4.0] ep 4 success=0 steps=120 grip_closes=6 40.0s (inf 25.4s)
[iso_x4.0] ep 5 success=0 steps=120 grip_closes=1 38.6s (inf 24.9s)
[iso_x4.0] ep 6 success=1 steps=120 grip_closes=4 32.0s (inf 21.0s)
[iso_x4.0] ep 7 success=0 steps=120 grip_closes=2 38.0s (inf 24.0s)
[iso_x4.0] ep 8 success=1 steps=120 grip_closes=6 37.1s (inf 24.1s)
[iso_x4.0] ep 9 success=1 steps=120 grip_closes=7 37.1s (inf 24.0s)
[iso_x4.0] ep 10 success=0 steps=120 grip_closes=5 38.4s (inf 24.0s)
[iso_x4.0] ep 11 success=1 steps=120 grip_closes=7 36.3s (inf 23.8s)
[iso_x4.0] ep 12 success=0 steps=120 grip_closes=6 38.5s (inf 23.8s)
[iso_x4.0] ep 13 success=0 steps=120 grip_closes=2 36.9s (inf 22.8s)
[iso_x4.0] ep 14 success=0 steps=120 grip_closes=6 38.2s (inf 23.9s)
[iso_x4.0] ep 15 success=0 steps=120 grip_closes=6 39.7s (inf 23.5s)
[iso_x4.0] ep 16 success=0 steps=120 grip_closes=11 38.3s (inf 23.8s)
[iso_x4.0] ep 17 success=0 steps=120 grip_closes=10 37.7s (inf 23.9s)
[iso_x4.0] ep 18 success=1 steps=120 grip_closes=6 36.1s (inf 24.1s)
[iso_x4.0] ep 19 success=0 steps=120 grip_closes=10 37.6s (inf 23.8s)
[iso_x4.0] ep 20 success=0 steps=120 grip_closes=5 39.1s (inf 24.4s)
[iso_x4.0] ep 21 success=1 steps=120 grip_closes=9 36.6s (inf 23.8s)
[iso_x4.0] ep 22 success=0 steps=120 grip_closes=7 37.6s (inf 23.5s)
[iso_x4.0] ep 23 success=1 steps=120 grip_closes=7 36.4s (inf 23.4s)
[iso_x4.0] ep 24 success=0 steps=120 grip_closes=7 37.4s (inf 23.8s)
[iso_x4.0] ep 25 success=0 steps=120 grip_closes=7 37.5s (inf 24.0s)
[iso_x4.0] ep 26 success=0 steps=120 grip_closes=9 38.4s (inf 24.5s)
[iso_x4.0] ep 27 success=1 steps=120 grip_closes=6 36.1s (inf 23.9s)
[iso_x4.0] ep 28 success=0 steps=120 grip_closes=7 39.1s (inf 25.1s)
[iso_x4.0] ep 29 success=1 steps=120 grip_closes=2 37.6s (inf 25.0s)
[iso_x4.0] ep 30 success=1 steps=120 grip_closes=3 38.0s (inf 24.7s)
[iso_x4.0] ep 31 success=1 steps=120 grip_closes=7 39.0s (inf 24.4s)
[iso_x4.0] ep 32 success=1 steps=120 grip_closes=7 37.3s (inf 24.4s)
[iso_x4.0] ep 33 success=1 steps=120 grip_closes=7 37.4s (inf 24.2s)
[iso_x4.0] ep 34 success=1 steps=120 grip_closes=2 37.7s (inf 24.9s)
[iso_x4.0] ep 35 success=1 steps=120 grip_closes=3 37.0s (inf 23.9s)
[iso_x4.0] ep 36 success=0 steps=120 grip_closes=3 38.8s (inf 24.7s)
[iso_x4.0] ep 37 success=0 steps=120 grip_closes=5 39.0s (inf 24.6s)
[iso_x4.0] ep 38 success=1 steps=120 grip_closes=4 38.0s (inf 24.8s)
[iso_x4.0] ep 39 success=0 steps=120 grip_closes=7 37.2s (inf 24.0s)
[iso_x4.0] ep 40 success=0 steps=120 grip_closes=4 38.1s (inf 23.7s)
[iso_x4.0] ep 41 success=0 steps=120 grip_closes=2 38.6s (inf 24.6s)
[iso_x4.0] ep 42 success=1 steps=120 grip_closes=5 36.8s (inf 24.0s)
[iso_x4.0] ep 43 success=0 steps=120 grip_closes=1 38.2s (inf 24.2s)
[iso_x4.0] ep 44 success=0 steps=120 grip_closes=7 38.9s (inf 24.4s)
[iso_x4.0] ep 45 success=1 steps=120 grip_closes=6 37.9s (inf 24.7s)
[iso_x4.0] ep 46 success=1 steps=120 grip_closes=5 37.0s (inf 24.2s)
[iso_x4.0] ep 47 success=1 steps=120 grip_closes=4 36.8s (inf 24.0s)
[iso_x4.0] n=48 success_rate=0.458
[2026-09-19 07:35:19.460] [svulkan2] [warning] A second renderer will share the same internal context with the first one. Arguments passed to constructor will be ignored.
[force_x0.5] effective: {"stiffness_scale": 1.0, "damping_scale": 1.0, "force_scale": 0.5, "delay_steps": 0, "fric_scale": 1.0, "dens_scale": 1.0, "drives": {"stiffness": [1169.7891845703125, 730.0, 808.4601440429688, 1229.1298828125, 1272.2760009765625, 1056.3326416015625], "damping": [330.0, 180.0, 152.120361328125, 309.62152099609375, 201.04998779296875, 269.51458740234375], "force_limit": [100.0, 100.0, 50.0, 50.0, 50.0, 50.0]}, "obj_static_friction": 0.5, "obj_dynamic_friction": 0.5, "obj_mass": 0.020888807252049446}
[force_x0.5] ep 0 success=1 steps=120 grip_closes=13 33.8s (inf 21.8s)
[force_x0.5] ep 1 success=0 steps=120 grip_closes=8 35.8s (inf 22.5s)
[force_x0.5] ep 2 success=0 steps=120 grip_closes=4 38.9s (inf 24.5s)
[force_x0.5] ep 3 success=1 steps=120 grip_closes=11 38.2s (inf 24.6s)
[force_x0.5] ep 4 success=0 steps=120 grip_closes=8 39.2s (inf 24.5s)
[force_x0.5] ep 5 success=0 steps=120 grip_closes=2 37.9s (inf 24.6s)
[force_x0.5] ep 6 success=1 steps=120 grip_closes=5 37.2s (inf 24.2s)
[force_x0.5] ep 7 success=0 steps=120 grip_closes=4 39.3s (inf 24.2s)
[force_x0.5] ep 8 success=0 steps=120 grip_closes=4 38.0s (inf 25.0s)
[force_x0.5] ep 9 success=1 steps=120 grip_closes=7 37.2s (inf 24.1s)
[force_x0.5] ep 10 success=0 steps=120 grip_closes=10 38.6s (inf 24.5s)
[force_x0.5] ep 11 success=1 steps=120 grip_closes=3 36.3s (inf 24.0s)
[force_x0.5] ep 12 success=0 steps=120 grip_closes=5 38.9s (inf 24.9s)
[force_x0.5] ep 13 success=0 steps=120 grip_closes=3 38.1s (inf 24.8s)
[force_x0.5] ep 14 success=0 steps=120 grip_closes=0 38.4s (inf 24.5s)
[force_x0.5] ep 15 success=0 steps=120 grip_closes=6 38.2s (inf 24.5s)
[force_x0.5] ep 16 success=0 steps=120 grip_closes=2 38.4s (inf 24.6s)
[force_x0.5] ep 17 success=0 steps=120 grip_closes=10 38.3s (inf 24.3s)
[force_x0.5] ep 18 success=1 steps=120 grip_closes=4 37.2s (inf 24.4s)
[force_x0.5] ep 19 success=0 steps=120 grip_closes=11 38.0s (inf 24.1s)
[force_x0.5] ep 20 success=0 steps=120 grip_closes=8 38.7s (inf 24.7s)
[force_x0.5] ep 21 success=1 steps=120 grip_closes=4 36.9s (inf 24.2s)
[force_x0.5] ep 22 success=0 steps=120 grip_closes=3 38.0s (inf 23.9s)
[force_x0.5] ep 23 success=0 steps=120 grip_closes=8 39.2s (inf 24.7s)
[force_x0.5] ep 24 success=0 steps=120 grip_closes=6 37.9s (inf 24.4s)
[force_x0.5] ep 25 success=0 steps=120 grip_closes=8 38.6s (inf 24.6s)
[force_x0.5] ep 26 success=0 steps=120 grip_closes=6 38.3s (inf 24.4s)
[force_x0.5] ep 27 success=0 steps=120 grip_closes=4 38.1s (inf 24.3s)
[force_x0.5] ep 28 success=0 steps=120 grip_closes=1 37.7s (inf 24.0s)
[force_x0.5] ep 29 success=0 steps=120 grip_closes=7 37.3s (inf 24.5s)
[force_x0.5] ep 30 success=1 steps=120 grip_closes=4 37.6s (inf 24.4s)
[force_x0.5] ep 31 success=1 steps=120 grip_closes=5 39.4s (inf 25.0s)
[force_x0.5] ep 32 success=0 steps=120 grip_closes=4 39.1s (inf 24.7s)
[force_x0.5] ep 33 success=1 steps=120 grip_closes=6 37.1s (inf 24.5s)
[force_x0.5] ep 34 success=1 steps=120 grip_closes=6 37.1s (inf 24.6s)
[force_x0.5] ep 35 success=0 steps=120 grip_closes=8 38.8s (inf 24.7s)
[force_x0.5] ep 36 success=0 steps=120 grip_closes=6 38.3s (inf 24.5s)
[force_x0.5] ep 37 success=0 steps=120 grip_closes=0 38.7s (inf 24.3s)
[force_x0.5] ep 38 success=1 steps=120 grip_closes=3 36.9s (inf 24.5s)
[force_x0.5] ep 39 success=0 steps=120 grip_closes=5 38.0s (inf 24.2s)
[force_x0.5] ep 40 success=0 steps=120 grip_closes=9 38.8s (inf 24.6s)
[force_x0.5] ep 41 success=0 steps=120 grip_closes=10 37.5s (inf 24.3s)
[force_x0.5] ep 42 success=1 steps=120 grip_closes=3 35.7s (inf 23.7s)
[force_x0.5] ep 43 success=0 steps=120 grip_closes=3 32.4s (inf 21.0s)
[force_x0.5] ep 44 success=1 steps=120 grip_closes=8 37.7s (inf 24.4s)
[force_x0.5] ep 45 success=1 steps=120 grip_closes=4 37.0s (inf 24.4s)
[force_x0.5] ep 46 success=1 steps=120 grip_closes=10 36.6s (inf 24.1s)
[force_x0.5] ep 47 success=1 steps=120 grip_closes=5 37.4s (inf 24.4s)
[force_x0.5] n=48 success_rate=0.354
[2026-09-19 08:05:33.506] [svulkan2] [warning] A second renderer will share the same internal context with the first one. Arguments passed to constructor will be ignored.
[fric_x0.4] effective: {"stiffness_scale": 1.0, "damping_scale": 1.0, "force_scale": 1.0, "delay_steps": 0, "fric_scale": 0.4, "dens_scale": 1.0, "drives": {"stiffness": [1169.7891845703125, 730.0, 808.4601440429688, 1229.1298828125, 1272.2760009765625, 1056.3326416015625], "damping": [330.0, 180.0, 152.120361328125, 309.62152099609375, 201.04998779296875, 269.51458740234375], "force_limit": [200.0, 200.0, 100.0, 100.0, 100.0, 100.0]}, "obj_static_friction": 0.20000000298023224, "obj_dynamic_friction": 0.20000000298023224, "obj_mass": 0.020888807252049446}
[fric_x0.4] ep 0 success=1 steps=120 grip_closes=12 37.8s (inf 24.3s)
[fric_x0.4] ep 1 success=0 steps=120 grip_closes=0 38.0s (inf 24.3s)
[fric_x0.4] ep 2 success=0 steps=120 grip_closes=12 39.4s (inf 24.7s)
[fric_x0.4] ep 3 success=1 steps=120 grip_closes=13 38.1s (inf 24.4s)
[fric_x0.4] ep 4 success=0 steps=120 grip_closes=7 38.7s (inf 24.3s)
[fric_x0.4] ep 5 success=0 steps=120 grip_closes=8 37.3s (inf 24.1s)
[fric_x0.4] ep 6 success=1 steps=120 grip_closes=6 36.8s (inf 24.5s)
[fric_x0.4] ep 7 success=0 steps=120 grip_closes=3 38.7s (inf 24.7s)
[fric_x0.4] ep 8 success=0 steps=120 grip_closes=6 37.8s (inf 24.6s)
[fric_x0.4] ep 9 success=1 steps=120 grip_closes=4 37.2s (inf 24.8s)
[fric_x0.4] ep 10 success=1 steps=120 grip_closes=10 38.2s (inf 24.5s)
[fric_x0.4] ep 11 success=1 steps=120 grip_closes=5 36.6s (inf 24.3s)
[fric_x0.4] ep 12 success=0 steps=120 grip_closes=4 38.2s (inf 24.6s)
[fric_x0.4] ep 13 success=0 steps=120 grip_closes=7 37.9s (inf 24.4s)
[fric_x0.4] ep 14 success=0 steps=120 grip_closes=5 39.1s (inf 24.6s)
[fric_x0.4] ep 15 success=0 steps=120 grip_closes=1 37.8s (inf 24.2s)
[fric_x0.4] ep 16 success=0 steps=120 grip_closes=8 38.5s (inf 24.9s)
[fric_x0.4] ep 17 success=0 steps=120 grip_closes=6 40.3s (inf 24.7s)
[fric_x0.4] ep 18 success=1 steps=120 grip_closes=5 37.2s (inf 24.5s)
[fric_x0.4] ep 19 success=0 steps=120 grip_closes=7 38.8s (inf 24.4s)
[fric_x0.4] ep 20 success=1 steps=120 grip_closes=4 37.0s (inf 24.2s)
[fric_x0.4] ep 21 success=0 steps=120 grip_closes=10 38.5s (inf 24.4s)
[fric_x0.4] ep 22 success=0 steps=120 grip_closes=7 38.3s (inf 24.1s)
[fric_x0.4] ep 23 success=1 steps=120 grip_closes=4 37.0s (inf 25.3s)
[fric_x0.4] ep 24 success=1 steps=120 grip_closes=12 37.6s (inf 25.2s)
[fric_x0.4] ep 25 success=0 steps=120 grip_closes=3 38.3s (inf 25.2s)
[fric_x0.4] ep 26 success=0 steps=120 grip_closes=6 37.2s (inf 25.1s)
[fric_x0.4] ep 27 success=0 steps=120 grip_closes=14 38.3s (inf 25.2s)
[fric_x0.4] ep 28 success=0 steps=120 grip_closes=0 38.0s (inf 25.1s)
[fric_x0.4] ep 29 success=1 steps=120 grip_closes=2 36.9s (inf 25.6s)
[fric_x0.4] ep 30 success=1 steps=120 grip_closes=4 36.9s (inf 25.5s)
[fric_x0.4] ep 31 success=1 steps=120 grip_closes=8 37.7s (inf 25.0s)
[fric_x0.4] ep 32 success=1 steps=120 grip_closes=3 37.2s (inf 25.3s)
[fric_x0.4] ep 33 success=1 steps=120 grip_closes=7 37.3s (inf 25.0s)
[fric_x0.4] ep 34 success=0 steps=120 grip_closes=4 37.8s (inf 25.0s)
[fric_x0.4] ep 35 success=1 steps=120 grip_closes=10 37.5s (inf 25.0s)
[fric_x0.4] ep 36 success=0 steps=120 grip_closes=1 38.5s (inf 24.9s)
[fric_x0.4] ep 37 success=0 steps=120 grip_closes=3 38.0s (inf 24.3s)
[fric_x0.4] ep 38 success=1 steps=120 grip_closes=5 33.8s (inf 22.2s)
[fric_x0.4] ep 39 success=0 steps=120 grip_closes=6 38.5s (inf 24.6s)
[fric_x0.4] ep 40 success=0 steps=120 grip_closes=2 39.2s (inf 24.6s)
[fric_x0.4] ep 41 success=0 steps=120 grip_closes=4 39.1s (inf 24.7s)
[fric_x0.4] ep 42 success=1 steps=120 grip_closes=3 36.3s (inf 23.8s)
[fric_x0.4] ep 43 success=0 steps=120 grip_closes=4 38.8s (inf 24.4s)
[fric_x0.4] ep 44 success=0 steps=120 grip_closes=8 37.7s (inf 24.2s)
[fric_x0.4] ep 45 success=1 steps=120 grip_closes=5 38.0s (inf 24.8s)
[fric_x0.4] ep 46 success=0 steps=120 grip_closes=6 38.3s (inf 24.6s)
[fric_x0.4] ep 47 success=1 steps=120 grip_closes=3 37.0s (inf 24.2s)
[fric_x0.4] n=48 success_rate=0.417
[2026-09-19 08:35:53.235] [svulkan2] [warning] A second renderer will share the same internal context with the first one. Arguments passed to constructor will be ignored.
[dens_x0.5] effective: {"stiffness_scale": 1.0, "damping_scale": 1.0, "force_scale": 1.0, "delay_steps": 0, "fric_scale": 1.0, "dens_scale": 0.5, "drives": {"stiffness": [1169.7891845703125, 730.0, 808.4601440429688, 1229.1298828125, 1272.2760009765625, 1056.3326416015625], "damping": [330.0, 180.0, 152.120361328125, 309.62152099609375, 201.04998779296875, 269.51458740234375], "force_limit": [200.0, 200.0, 100.0, 100.0, 100.0, 100.0]}, "obj_static_friction": 0.5, "obj_dynamic_friction": 0.5, "obj_mass": 0.010444403626024723}
[dens_x0.5] ep 0 success=1 steps=120 grip_closes=9 37.9s (inf 24.3s)
[dens_x0.5] ep 1 success=0 steps=120 grip_closes=3 39.2s (inf 24.9s)
[dens_x0.5] ep 2 success=0 steps=120 grip_closes=7 39.0s (inf 24.8s)
[dens_x0.5] ep 3 success=1 steps=120 grip_closes=12 38.9s (inf 25.1s)
[dens_x0.5] ep 4 success=0 steps=120 grip_closes=4 38.7s (inf 24.8s)
[dens_x0.5] ep 5 success=1 steps=120 grip_closes=5 36.5s (inf 24.1s)
[dens_x0.5] ep 6 success=0 steps=120 grip_closes=11 38.4s (inf 24.4s)
[dens_x0.5] ep 7 success=0 steps=120 grip_closes=6 38.0s (inf 24.2s)
[dens_x0.5] ep 8 success=0 steps=120 grip_closes=13 38.4s (inf 24.8s)
[dens_x0.5] ep 9 success=1 steps=120 grip_closes=4 36.0s (inf 23.3s)
[dens_x0.5] ep 10 success=0 steps=120 grip_closes=2 38.3s (inf 24.4s)
[dens_x0.5] ep 11 success=1 steps=120 grip_closes=1 36.6s (inf 24.6s)
[dens_x0.5] ep 12 success=0 steps=120 grip_closes=2 38.5s (inf 25.1s)
[dens_x0.5] ep 13 success=0 steps=120 grip_closes=7 38.7s (inf 24.6s)
[dens_x0.5] ep 14 success=0 steps=120 grip_closes=2 38.3s (inf 24.6s)
[dens_x0.5] ep 15 success=0 steps=120 grip_closes=3 38.8s (inf 24.5s)
[dens_x0.5] ep 16 success=0 steps=120 grip_closes=1 38.4s (inf 24.8s)
[dens_x0.5] ep 17 success=0 steps=120 grip_closes=7 36.3s (inf 23.2s)
[dens_x0.5] ep 18 success=1 steps=120 grip_closes=14 37.3s (inf 23.8s)
[dens_x0.5] ep 19 success=0 steps=120 grip_closes=5 38.7s (inf 24.7s)
[dens_x0.5] ep 20 success=0 steps=120 grip_closes=1 38.2s (inf 24.6s)
[dens_x0.5] ep 21 success=1 steps=120 grip_closes=5 38.6s (inf 24.9s)
[dens_x0.5] ep 22 success=0 steps=120 grip_closes=8 39.7s (inf 25.0s)
[dens_x0.5] ep 23 success=0 steps=120 grip_closes=5 39.1s (inf 24.9s)
[dens_x0.5] ep 24 success=0 steps=120 grip_closes=5 38.4s (inf 25.0s)
[dens_x0.5] ep 25 success=0 steps=120 grip_closes=6 38.7s (inf 24.3s)
[dens_x0.5] ep 26 success=0 steps=120 grip_closes=6 39.0s (inf 24.5s)
[dens_x0.5] ep 27 success=0 steps=120 grip_closes=7 38.8s (inf 24.5s)
[dens_x0.5] ep 28 success=0 steps=120 grip_closes=6 39.4s (inf 25.0s)
[dens_x0.5] ep 29 success=0 steps=120 grip_closes=9 36.2s (inf 23.6s)
[dens_x0.5] ep 30 success=1 steps=120 grip_closes=3 35.4s (inf 23.3s)
[dens_x0.5] ep 31 success=1 steps=120 grip_closes=10 38.7s (inf 24.4s)
[dens_x0.5] ep 32 success=1 steps=120 grip_closes=5 37.4s (inf 24.8s)
[dens_x0.5] ep 33 success=1 steps=120 grip_closes=5 38.4s (inf 24.6s)
[dens_x0.5] ep 34 success=0 steps=120 grip_closes=9 39.1s (inf 25.1s)
[dens_x0.5] ep 35 success=0 steps=120 grip_closes=8 39.1s (inf 24.9s)
[dens_x0.5] ep 36 success=0 steps=120 grip_closes=5 38.4s (inf 24.4s)
[dens_x0.5] ep 37 success=0 steps=120 grip_closes=9 39.2s (inf 24.8s)
[dens_x0.5] ep 38 success=1 steps=120 grip_closes=4 37.6s (inf 24.6s)
[dens_x0.5] ep 39 success=1 steps=120 grip_closes=6 38.7s (inf 24.5s)
[dens_x0.5] ep 40 success=0 steps=120 grip_closes=9 40.3s (inf 26.0s)
[dens_x0.5] ep 41 success=0 steps=120 grip_closes=3 38.4s (inf 24.4s)
[dens_x0.5] ep 42 success=1 steps=120 grip_closes=1 37.2s (inf 24.6s)
[dens_x0.5] ep 43 success=0 steps=120 grip_closes=2 39.8s (inf 25.0s)
[dens_x0.5] ep 44 success=1 steps=120 grip_closes=5 37.6s (inf 25.0s)
[dens_x0.5] ep 45 success=1 steps=120 grip_closes=7 37.7s (inf 25.4s)
[dens_x0.5] ep 46 success=0 steps=120 grip_closes=2 38.5s (inf 25.6s)
[dens_x0.5] ep 47 success=0 steps=120 grip_closes=8 38.2s (inf 25.1s)
[dens_x0.5] n=48 success_rate=0.333
SWEEP_MS2_DONE /mnt/e/research/the_world/results/controller_sweep_ms2/octo-base/PutEggplantInBasketScene-v0
