[nominal] effective: {"stiffness_scale": 1.0, "damping_scale": 1.0, "force_scale": 1.0, "delay_steps": 0, "fric_scale": 1.0, "dens_scale": 1.0, "drives": {"stiffness": [1169.7891845703125, 730.0, 808.4601440429688, 1229.1298828125, 1272.2760009765625, 1056.3326416015625], "damping": [330.0, 180.0, 152.120361328125, 309.62152099609375, 201.04998779296875, 269.51458740234375], "force_limit": [200.0, 200.0, 100.0, 100.0, 100.0, 100.0]}, "obj_static_friction": 0.5, "obj_dynamic_friction": 0.5, "obj_mass": 0.020888807252049446}
[nominal] ep 0 success=1 steps=120 grip_closes=2 21.0s (inf 11.5s)
[nominal] ep 1 success=0 steps=120 grip_closes=8 22.2s (inf 11.5s)
[nominal] ep 2 success=1 steps=120 grip_closes=5 22.5s (inf 11.9s)
[nominal] ep 3 success=0 steps=120 grip_closes=3 22.9s (inf 11.0s)
[nominal] ep 4 success=0 steps=120 grip_closes=3 23.4s (inf 11.7s)
[nominal] ep 5 success=0 steps=120 grip_closes=1 24.4s (inf 12.2s)
[nominal] ep 6 success=1 steps=120 grip_closes=1 22.9s (inf 11.9s)
[nominal] ep 7 success=0 steps=120 grip_closes=2 24.3s (inf 11.9s)
[nominal] ep 8 success=1 steps=120 grip_closes=2 22.9s (inf 11.5s)
[nominal] ep 9 success=1 steps=120 grip_closes=2 23.0s (inf 11.7s)
[nominal] ep 10 success=1 steps=120 grip_closes=2 22.6s (inf 11.3s)
[nominal] ep 11 success=1 steps=120 grip_closes=2 23.1s (inf 10.8s)
[nominal] ep 12 success=0 steps=120 grip_closes=1 26.1s (inf 15.4s)
[nominal] ep 13 success=0 steps=120 grip_closes=3 24.3s (inf 12.6s)
[nominal] ep 14 success=0 steps=120 grip_closes=0 23.8s (inf 10.5s)
[nominal] ep 15 success=0 steps=120 grip_closes=2 24.4s (inf 12.3s)
[nominal] ep 16 success=0 steps=120 grip_closes=2 23.8s (inf 10.8s)
[nominal] ep 17 success=1 steps=120 grip_closes=1 22.9s (inf 11.2s)
[nominal] ep 18 success=0 steps=120 grip_closes=1 24.0s (inf 12.1s)
[nominal] ep 19 success=1 steps=120 grip_closes=3 22.8s (inf 11.2s)
[nominal] ep 20 success=0 steps=120 grip_closes=4 24.0s (inf 11.4s)
[nominal] ep 21 success=1 steps=120 grip_closes=2 23.2s (inf 12.0s)
[nominal] ep 22 success=0 steps=120 grip_closes=4 24.6s (inf 13.2s)
[nominal] ep 23 success=1 steps=120 grip_closes=1 23.0s (inf 11.2s)
[nominal] ep 24 success=1 steps=120 grip_closes=1 22.9s (inf 11.6s)
[nominal] ep 25 success=1 steps=120 grip_closes=3 24.8s (inf 13.2s)
[nominal] ep 26 success=0 steps=120 grip_closes=2 29.6s (inf 14.5s)
[nominal] ep 27 success=1 steps=120 grip_closes=3 23.8s (inf 11.9s)
[nominal] ep 28 success=0 steps=120 grip_closes=4 29.4s (inf 14.7s)
[nominal] ep 29 success=0 steps=120 grip_closes=2 27.2s (inf 14.0s)
[nominal] ep 30 success=1 steps=120 grip_closes=1 23.6s (inf 11.8s)
[nominal] ep 31 success=1 steps=120 grip_closes=2 24.4s (inf 11.2s)
[nominal] ep 32 success=0 steps=120 grip_closes=1 27.0s (inf 14.1s)
[nominal] ep 33 success=0 steps=120 grip_closes=10 23.9s (inf 10.8s)
[nominal] ep 34 success=0 steps=120 grip_closes=6 23.8s (inf 10.6s)
[nominal] ep 35 success=0 steps=120 grip_closes=7 25.4s (inf 14.1s)
[nominal] ep 36 success=0 steps=120 grip_closes=7 24.7s (inf 12.6s)
[nominal] ep 37 success=0 steps=120 grip_closes=0 23.9s (inf 11.4s)
[nominal] ep 38 success=0 steps=120 grip_closes=3 23.1s (inf 11.7s)
[nominal] ep 39 success=0 steps=120 grip_closes=7 23.6s (inf 10.9s)
[nominal] ep 40 success=0 steps=120 grip_closes=0 25.2s (inf 12.8s)
[nominal] ep 41 success=1 steps=120 grip_closes=1 22.6s (inf 11.1s)
[nominal] ep 42 success=1 steps=120 grip_closes=1 22.7s (inf 11.1s)
[nominal] ep 43 success=1 steps=120 grip_closes=1 22.6s (inf 11.7s)
[nominal] ep 44 success=0 steps=120 grip_closes=1 23.9s (inf 12.0s)
[nominal] ep 45 success=1 steps=120 grip_closes=1 22.7s (inf 11.4s)
[nominal] ep 46 success=0 steps=120 grip_closes=5 23.1s (inf 11.3s)
[nominal] ep 47 success=1 steps=120 grip_closes=1 24.6s (inf 12.7s)
[nominal] n=48 success_rate=0.438
[2026-09-19 06:36:17.420] [svulkan2] [warning] A second renderer will share the same internal context with the first one. Arguments passed to constructor will be ignored.
[iso_x0.25] effective: {"stiffness_scale": 0.25, "damping_scale": 0.25, "force_scale": 1.0, "delay_steps": 0, "fric_scale": 1.0, "dens_scale": 1.0, "drives": {"stiffness": [292.4472961425781, 182.5, 202.1150360107422, 307.282470703125, 318.0690002441406, 264.0831604003906], "damping": [82.5, 45.0, 38.03009033203125, 77.40538024902344, 50.26249694824219, 67.37864685058594], "force_limit": [200.0, 200.0, 100.0, 100.0, 100.0, 100.0]}, "obj_static_friction": 0.5, "obj_dynamic_friction": 0.5, "obj_mass": 0.020888807252049446}
[iso_x0.25] ep 0 success=1 steps=120 grip_closes=2 22.9s (inf 11.2s)
[iso_x0.25] ep 1 success=1 steps=120 grip_closes=2 22.9s (inf 11.2s)
[iso_x0.25] ep 2 success=0 steps=120 grip_closes=8 23.5s (inf 11.0s)
[iso_x0.25] ep 3 success=0 steps=120 grip_closes=3 23.5s (inf 10.3s)
[iso_x0.25] ep 4 success=0 steps=120 grip_closes=1 23.6s (inf 11.0s)
[iso_x0.25] ep 5 success=0 steps=120 grip_closes=6 24.1s (inf 12.0s)
[iso_x0.25] ep 6 success=1 steps=120 grip_closes=1 24.9s (inf 12.0s)
[iso_x0.25] ep 7 success=0 steps=120 grip_closes=8 27.4s (inf 13.5s)
[iso_x0.25] ep 8 success=1 steps=120 grip_closes=1 23.9s (inf 11.9s)
[iso_x0.25] ep 9 success=0 steps=120 grip_closes=6 24.6s (inf 13.3s)
[iso_x0.25] ep 10 success=0 steps=120 grip_closes=9 23.9s (inf 10.0s)
[iso_x0.25] ep 11 success=1 steps=120 grip_closes=1 22.7s (inf 11.2s)
[iso_x0.25] ep 12 success=0 steps=120 grip_closes=3 24.2s (inf 12.2s)
[iso_x0.25] ep 13 success=0 steps=120 grip_closes=7 23.6s (inf 11.2s)
[iso_x0.25] ep 14 success=0 steps=120 grip_closes=0 24.8s (inf 13.1s)
[iso_x0.25] ep 15 success=0 steps=120 grip_closes=6 28.0s (inf 14.6s)
[iso_x0.25] ep 16 success=0 steps=120 grip_closes=1 29.5s (inf 15.3s)
[iso_x0.25] ep 17 success=1 steps=120 grip_closes=3 31.5s (inf 16.4s)
[iso_x0.25] ep 18 success=1 steps=120 grip_closes=1 29.2s (inf 14.8s)
[iso_x0.25] ep 19 success=1 steps=120 grip_closes=1 33.2s (inf 16.3s)
[iso_x0.25] ep 20 success=0 steps=120 grip_closes=2 34.1s (inf 16.5s)
[iso_x0.25] ep 21 success=1 steps=120 grip_closes=3 33.6s (inf 16.1s)
[iso_x0.25] ep 22 success=0 steps=120 grip_closes=1 34.1s (inf 16.8s)
[iso_x0.25] ep 23 success=0 steps=120 grip_closes=4 33.7s (inf 16.2s)
[iso_x0.25] ep 24 success=1 steps=120 grip_closes=1 34.0s (inf 16.7s)
[iso_x0.25] ep 25 success=0 steps=120 grip_closes=3 33.2s (inf 16.4s)
[iso_x0.25] ep 26 success=1 steps=120 grip_closes=3 33.9s (inf 16.5s)
[iso_x0.25] ep 27 success=1 steps=120 grip_closes=4 33.7s (inf 16.3s)
[iso_x0.25] ep 28 success=0 steps=120 grip_closes=2 34.1s (inf 16.8s)
[iso_x0.25] ep 29 success=0 steps=120 grip_closes=3 34.1s (inf 17.4s)
[iso_x0.25] ep 30 success=1 steps=120 grip_closes=1 33.4s (inf 16.4s)
[iso_x0.25] ep 31 success=0 steps=120 grip_closes=2 33.7s (inf 16.5s)
[iso_x0.25] ep 32 success=0 steps=120 grip_closes=0 33.6s (inf 16.1s)
[iso_x0.25] ep 33 success=1 steps=120 grip_closes=1 33.4s (inf 16.0s)
[iso_x0.25] ep 34 success=0 steps=120 grip_closes=4 33.8s (inf 16.1s)
[iso_x0.25] ep 35 success=0 steps=120 grip_closes=3 35.5s (inf 15.7s)
[iso_x0.25] ep 36 success=0 steps=120 grip_closes=3 34.5s (inf 16.9s)
[iso_x0.25] ep 37 success=0 steps=120 grip_closes=0 33.5s (inf 15.5s)
[iso_x0.25] ep 38 success=0 steps=120 grip_closes=1 34.1s (inf 16.9s)
[iso_x0.25] ep 39 success=0 steps=120 grip_closes=1 34.4s (inf 17.3s)
[iso_x0.25] ep 40 success=1 steps=120 grip_closes=1 33.3s (inf 15.8s)
[iso_x0.25] ep 41 success=0 steps=120 grip_closes=7 34.3s (inf 16.2s)
[iso_x0.25] ep 42 success=1 steps=120 grip_closes=1 33.8s (inf 16.9s)
[iso_x0.25] ep 43 success=1 steps=120 grip_closes=1 33.2s (inf 16.1s)
[iso_x0.25] ep 44 success=0 steps=120 grip_closes=2 33.7s (inf 16.1s)
[iso_x0.25] ep 45 success=1 steps=120 grip_closes=1 34.9s (inf 17.9s)
[iso_x0.25] ep 46 success=0 steps=120 grip_closes=3 33.8s (inf 16.3s)
[iso_x0.25] ep 47 success=1 steps=120 grip_closes=1 33.8s (inf 16.2s)
[iso_x0.25] n=48 success_rate=0.396
[2026-09-19 07:00:40.966] [svulkan2] [warning] A second renderer will share the same internal context with the first one. Arguments passed to constructor will be ignored.
[iso_x4.0] effective: {"stiffness_scale": 4.0, "damping_scale": 4.0, "force_scale": 1.0, "delay_steps": 0, "fric_scale": 1.0, "dens_scale": 1.0, "drives": {"stiffness": [4679.15673828125, 2920.0, 3233.840576171875, 4916.51953125, 5089.10400390625, 4225.33056640625], "damping": [1320.0, 720.0, 608.4814453125, 1238.486083984375, 804.199951171875, 1078.058349609375], "force_limit": [200.0, 200.0, 100.0, 100.0, 100.0, 100.0]}, "obj_static_friction": 0.5, "obj_dynamic_friction": 0.5, "obj_mass": 0.020888807252049446}
[iso_x4.0] ep 0 success=1 steps=120 grip_closes=1 33.3s (inf 16.1s)
[iso_x4.0] ep 1 success=1 steps=120 grip_closes=3 33.9s (inf 16.6s)
[iso_x4.0] ep 2 success=1 steps=120 grip_closes=9 33.3s (inf 16.0s)
[iso_x4.0] ep 3 success=1 steps=120 grip_closes=1 33.5s (inf 16.5s)
[iso_x4.0] ep 4 success=0 steps=120 grip_closes=3 34.2s (inf 16.4s)
[iso_x4.0] ep 5 success=0 steps=120 grip_closes=2 34.1s (inf 16.7s)
[iso_x4.0] ep 6 success=1 steps=120 grip_closes=1 33.4s (inf 16.0s)
[iso_x4.0] ep 7 success=0 steps=120 grip_closes=7 32.7s (inf 15.7s)
[iso_x4.0] ep 8 success=1 steps=120 grip_closes=4 34.0s (inf 16.5s)
[iso_x4.0] ep 9 success=1 steps=120 grip_closes=4 33.5s (inf 15.9s)
[iso_x4.0] ep 10 success=0 steps=120 grip_closes=5 33.9s (inf 16.6s)
[iso_x4.0] ep 11 success=1 steps=120 grip_closes=6 33.9s (inf 16.1s)
[iso_x4.0] ep 12 success=0 steps=120 grip_closes=1 34.5s (inf 16.8s)
[iso_x4.0] ep 13 success=0 steps=120 grip_closes=3 34.0s (inf 16.4s)
[iso_x4.0] ep 14 success=0 steps=120 grip_closes=0 32.0s (inf 15.6s)
[iso_x4.0] ep 15 success=0 steps=120 grip_closes=6 31.5s (inf 14.9s)
[iso_x4.0] ep 16 success=0 steps=120 grip_closes=7 32.9s (inf 15.5s)
[iso_x4.0] ep 17 success=1 steps=120 grip_closes=1 33.2s (inf 16.3s)
[iso_x4.0] ep 18 success=1 steps=120 grip_closes=1 33.6s (inf 16.9s)
[iso_x4.0] ep 19 success=1 steps=120 grip_closes=1 32.0s (inf 15.5s)
[iso_x4.0] ep 20 success=0 steps=120 grip_closes=2 32.5s (inf 15.7s)
[iso_x4.0] ep 21 success=1 steps=120 grip_closes=2 33.1s (inf 15.1s)
[iso_x4.0] ep 22 success=0 steps=120 grip_closes=3 32.9s (inf 15.1s)
[iso_x4.0] ep 23 success=0 steps=120 grip_closes=2 33.4s (inf 15.8s)
[iso_x4.0] ep 24 success=1 steps=120 grip_closes=1 32.5s (inf 15.5s)
[iso_x4.0] ep 25 success=1 steps=120 grip_closes=3 35.4s (inf 16.8s)
[iso_x4.0] ep 26 success=0 steps=120 grip_closes=5 33.0s (inf 15.4s)
[iso_x4.0] ep 27 success=0 steps=120 grip_closes=3 32.3s (inf 15.0s)
[iso_x4.0] ep 28 success=1 steps=120 grip_closes=2 32.4s (inf 15.1s)
[iso_x4.0] ep 29 success=1 steps=120 grip_closes=2 31.8s (inf 15.3s)
[iso_x4.0] ep 30 success=1 steps=120 grip_closes=1 31.8s (inf 14.9s)
[iso_x4.0] ep 31 success=0 steps=120 grip_closes=1 32.8s (inf 15.1s)
[iso_x4.0] ep 32 success=1 steps=120 grip_closes=3 32.7s (inf 15.1s)
[iso_x4.0] ep 33 success=0 steps=120 grip_closes=4 32.7s (inf 15.2s)
[iso_x4.0] ep 34 success=0 steps=120 grip_closes=16 32.1s (inf 15.1s)
[iso_x4.0] ep 35 success=0 steps=120 grip_closes=2 32.6s (inf 15.4s)
[iso_x4.0] ep 36 success=0 steps=120 grip_closes=5 31.9s (inf 15.3s)
[iso_x4.0] ep 37 success=0 steps=120 grip_closes=0 33.0s (inf 15.2s)
[iso_x4.0] ep 38 success=1 steps=120 grip_closes=1 33.7s (inf 16.8s)
[iso_x4.0] ep 39 success=0 steps=120 grip_closes=5 33.5s (inf 17.0s)
[iso_x4.0] ep 40 success=0 steps=120 grip_closes=3 34.0s (inf 16.3s)
[iso_x4.0] ep 41 success=1 steps=120 grip_closes=1 34.3s (inf 17.1s)
[iso_x4.0] ep 42 success=1 steps=120 grip_closes=1 34.2s (inf 16.4s)
[iso_x4.0] ep 43 success=1 steps=120 grip_closes=1 33.2s (inf 15.9s)
[iso_x4.0] ep 44 success=0 steps=120 grip_closes=1 34.0s (inf 15.7s)
[iso_x4.0] ep 45 success=1 steps=120 grip_closes=1 33.6s (inf 16.2s)
[iso_x4.0] ep 46 success=1 steps=120 grip_closes=1 33.9s (inf 16.1s)
[iso_x4.0] ep 47 success=1 steps=120 grip_closes=1 34.0s (inf 15.9s)
[iso_x4.0] n=48 success_rate=0.521
[2026-09-19 07:27:18.566] [svulkan2] [warning] A second renderer will share the same internal context with the first one. Arguments passed to constructor will be ignored.
[force_x0.5] effective: {"stiffness_scale": 1.0, "damping_scale": 1.0, "force_scale": 0.5, "delay_steps": 0, "fric_scale": 1.0, "dens_scale": 1.0, "drives": {"stiffness": [1169.7891845703125, 730.0, 808.4601440429688, 1229.1298828125, 1272.2760009765625, 1056.3326416015625], "damping": [330.0, 180.0, 152.120361328125, 309.62152099609375, 201.04998779296875, 269.51458740234375], "force_limit": [100.0, 100.0, 50.0, 50.0, 50.0, 50.0]}, "obj_static_friction": 0.5, "obj_dynamic_friction": 0.5, "obj_mass": 0.020888807252049446}
[force_x0.5] ep 0 success=1 steps=120 grip_closes=2 34.0s (inf 15.6s)
[force_x0.5] ep 1 success=1 steps=120 grip_closes=2 33.4s (inf 16.1s)
[force_x0.5] ep 2 success=1 steps=120 grip_closes=2 33.0s (inf 15.6s)
[force_x0.5] ep 3 success=1 steps=120 grip_closes=1 33.6s (inf 16.4s)
[force_x0.5] ep 4 success=0 steps=120 grip_closes=1 33.8s (inf 15.5s)
[force_x0.5] ep 5 success=0 steps=120 grip_closes=6 34.5s (inf 16.1s)
[force_x0.5] ep 6 success=1 steps=120 grip_closes=1 33.5s (inf 16.5s)
[force_x0.5] ep 7 success=0 steps=120 grip_closes=5 34.0s (inf 16.0s)
[force_x0.5] ep 8 success=1 steps=120 grip_closes=2 34.5s (inf 16.0s)
[force_x0.5] ep 9 success=1 steps=120 grip_closes=3 33.1s (inf 15.6s)
[force_x0.5] ep 10 success=1 steps=120 grip_closes=2 33.5s (inf 16.0s)
[force_x0.5] ep 11 success=1 steps=120 grip_closes=2 33.8s (inf 15.8s)
[force_x0.5] ep 12 success=0 steps=120 grip_closes=2 34.4s (inf 16.5s)
[force_x0.5] ep 13 success=0 steps=120 grip_closes=6 34.1s (inf 16.5s)
[force_x0.5] ep 14 success=0 steps=120 grip_closes=1 32.2s (inf 15.3s)
[force_x0.5] ep 15 success=0 steps=120 grip_closes=5 30.7s (inf 14.6s)
[force_x0.5] ep 16 success=0 steps=120 grip_closes=11 34.3s (inf 16.1s)
[force_x0.5] ep 17 success=1 steps=120 grip_closes=1 33.5s (inf 16.3s)
[force_x0.5] ep 18 success=1 steps=120 grip_closes=1 33.7s (inf 16.4s)
[force_x0.5] ep 19 success=1 steps=120 grip_closes=1 33.5s (inf 16.1s)
[force_x0.5] ep 20 success=0 steps=120 grip_closes=0 33.7s (inf 15.9s)
[force_x0.5] ep 21 success=1 steps=120 grip_closes=5 33.4s (inf 16.3s)
[force_x0.5] ep 22 success=0 steps=120 grip_closes=3 33.3s (inf 16.2s)
[force_x0.5] ep 23 success=1 steps=120 grip_closes=1 33.6s (inf 15.8s)
[force_x0.5] ep 24 success=1 steps=120 grip_closes=1 31.8s (inf 15.0s)
[force_x0.5] ep 25 success=1 steps=120 grip_closes=2 32.2s (inf 15.2s)
[force_x0.5] ep 26 success=0 steps=120 grip_closes=1 33.1s (inf 15.9s)
[force_x0.5] ep 27 success=0 steps=120 grip_closes=8 34.5s (inf 17.4s)
[force_x0.5] ep 28 success=0 steps=120 grip_closes=6 33.8s (inf 16.2s)
[force_x0.5] ep 29 success=0 steps=120 grip_closes=5 34.2s (inf 16.8s)
[force_x0.5] ep 30 success=1 steps=120 grip_closes=1 33.2s (inf 16.0s)
[force_x0.5] ep 31 success=1 steps=120 grip_closes=2 33.5s (inf 16.4s)
[force_x0.5] ep 32 success=0 steps=120 grip_closes=4 33.5s (inf 16.0s)
[force_x0.5] ep 33 success=0 steps=120 grip_closes=6 33.4s (inf 16.0s)
[force_x0.5] ep 34 success=0 steps=120 grip_closes=5 33.4s (inf 16.0s)
[force_x0.5] ep 35 success=0 steps=120 grip_closes=7 33.6s (inf 16.2s)
[force_x0.5] ep 36 success=0 steps=120 grip_closes=2 33.4s (inf 15.7s)
[force_x0.5] ep 37 success=0 steps=120 grip_closes=0 34.2s (inf 16.5s)
[force_x0.5] ep 38 success=0 steps=120 grip_closes=7 33.7s (inf 16.2s)
[force_x0.5] ep 39 success=0 steps=120 grip_closes=7 33.6s (inf 16.6s)
[force_x0.5] ep 40 success=0 steps=120 grip_closes=5 33.8s (inf 16.2s)
[force_x0.5] ep 41 success=1 steps=120 grip_closes=1 33.4s (inf 16.1s)
[force_x0.5] ep 42 success=1 steps=120 grip_closes=1 33.7s (inf 15.9s)
[force_x0.5] ep 43 success=1 steps=120 grip_closes=1 33.3s (inf 16.3s)
[force_x0.5] ep 44 success=0 steps=120 grip_closes=1 33.1s (inf 15.8s)
[force_x0.5] ep 45 success=1 steps=120 grip_closes=1 33.4s (inf 16.1s)
[force_x0.5] ep 46 success=0 steps=120 grip_closes=4 33.4s (inf 15.9s)
[force_x0.5] ep 47 success=1 steps=120 grip_closes=1 33.7s (inf 16.2s)
[force_x0.5] n=48 success_rate=0.479
[2026-09-19 07:54:10.034] [svulkan2] [warning] A second renderer will share the same internal context with the first one. Arguments passed to constructor will be ignored.
[fric_x0.4] effective: {"stiffness_scale": 1.0, "damping_scale": 1.0, "force_scale": 1.0, "delay_steps": 0, "fric_scale": 0.4, "dens_scale": 1.0, "drives": {"stiffness": [1169.7891845703125, 730.0, 808.4601440429688, 1229.1298828125, 1272.2760009765625, 1056.3326416015625], "damping": [330.0, 180.0, 152.120361328125, 309.62152099609375, 201.04998779296875, 269.51458740234375], "force_limit": [200.0, 200.0, 100.0, 100.0, 100.0, 100.0]}, "obj_static_friction": 0.20000000298023224, "obj_dynamic_friction": 0.20000000298023224, "obj_mass": 0.020888807252049446}
[fric_x0.4] ep 0 success=1 steps=120 grip_closes=1 33.7s (inf 16.5s)
[fric_x0.4] ep 1 success=1 steps=120 grip_closes=1 33.2s (inf 16.0s)
[fric_x0.4] ep 2 success=1 steps=120 grip_closes=3 33.1s (inf 16.1s)
[fric_x0.4] ep 3 success=1 steps=120 grip_closes=1 33.3s (inf 15.7s)
[fric_x0.4] ep 4 success=0 steps=120 grip_closes=13 33.7s (inf 16.9s)
[fric_x0.4] ep 5 success=0 steps=120 grip_closes=6 34.1s (inf 17.1s)
[fric_x0.4] ep 6 success=1 steps=120 grip_closes=1 33.4s (inf 16.1s)
[fric_x0.4] ep 7 success=0 steps=120 grip_closes=2 33.4s (inf 16.0s)
[fric_x0.4] ep 8 success=1 steps=120 grip_closes=4 33.3s (inf 15.7s)
[fric_x0.4] ep 9 success=0 steps=120 grip_closes=4 33.8s (inf 16.5s)
[fric_x0.4] ep 10 success=0 steps=120 grip_closes=5 34.2s (inf 17.3s)
[fric_x0.4] ep 11 success=1 steps=120 grip_closes=2 33.2s (inf 16.3s)
[fric_x0.4] ep 12 success=0 steps=120 grip_closes=4 33.3s (inf 16.2s)
[fric_x0.4] ep 13 success=0 steps=120 grip_closes=2 33.4s (inf 16.1s)
[fric_x0.4] ep 14 success=0 steps=120 grip_closes=0 32.7s (inf 15.7s)
[fric_x0.4] ep 15 success=0 steps=120 grip_closes=1 27.8s (inf 15.0s)
[fric_x0.4] ep 16 success=0 steps=120 grip_closes=1 33.5s (inf 16.4s)
[fric_x0.4] ep 17 success=1 steps=120 grip_closes=2 33.6s (inf 16.0s)
[fric_x0.4] ep 18 success=1 steps=120 grip_closes=1 33.5s (inf 16.9s)
[fric_x0.4] ep 19 success=1 steps=120 grip_closes=1 33.7s (inf 17.1s)
[fric_x0.4] ep 20 success=0 steps=120 grip_closes=2 33.0s (inf 15.6s)
[fric_x0.4] ep 21 success=1 steps=120 grip_closes=1 33.2s (inf 16.5s)
[fric_x0.4] ep 22 success=0 steps=120 grip_closes=3 33.4s (inf 16.5s)
[fric_x0.4] ep 23 success=1 steps=120 grip_closes=3 33.3s (inf 16.1s)
[fric_x0.4] ep 24 success=1 steps=120 grip_closes=7 33.5s (inf 16.2s)
[fric_x0.4] ep 25 success=1 steps=120 grip_closes=9 34.1s (inf 16.5s)
[fric_x0.4] ep 26 success=1 steps=120 grip_closes=2 32.9s (inf 16.4s)
[fric_x0.4] ep 27 success=0 steps=120 grip_closes=3 33.7s (inf 16.5s)
[fric_x0.4] ep 28 success=0 steps=120 grip_closes=3 34.4s (inf 17.0s)
[fric_x0.4] ep 29 success=0 steps=120 grip_closes=1 33.8s (inf 15.8s)
[fric_x0.4] ep 30 success=1 steps=120 grip_closes=2 33.3s (inf 16.4s)
[fric_x0.4] ep 31 success=1 steps=120 grip_closes=1 33.7s (inf 16.4s)
[fric_x0.4] ep 32 success=1 steps=120 grip_closes=5 33.4s (inf 16.0s)
[fric_x0.4] ep 33 success=0 steps=120 grip_closes=2 33.9s (inf 16.6s)
[fric_x0.4] ep 34 success=0 steps=120 grip_closes=11 33.6s (inf 16.4s)
[fric_x0.4] ep 35 success=0 steps=120 grip_closes=9 34.2s (inf 15.7s)
[fric_x0.4] ep 36 success=0 steps=120 grip_closes=1 33.6s (inf 15.9s)
[fric_x0.4] ep 37 success=0 steps=120 grip_closes=1 33.2s (inf 16.2s)
[fric_x0.4] ep 38 success=0 steps=120 grip_closes=3 33.7s (inf 16.3s)
[fric_x0.4] ep 39 success=0 steps=120 grip_closes=3 33.3s (inf 15.8s)
[fric_x0.4] ep 40 success=0 steps=120 grip_closes=4 33.2s (inf 15.5s)
[fric_x0.4] ep 41 success=1 steps=120 grip_closes=2 33.7s (inf 16.3s)
[fric_x0.4] ep 42 success=1 steps=120 grip_closes=2 33.4s (inf 15.9s)
[fric_x0.4] ep 43 success=1 steps=120 grip_closes=5 33.4s (inf 15.9s)
[fric_x0.4] ep 44 success=0 steps=120 grip_closes=2 33.8s (inf 16.2s)
[fric_x0.4] ep 45 success=1 steps=120 grip_closes=1 32.9s (inf 16.1s)
[fric_x0.4] ep 46 success=0 steps=120 grip_closes=2 33.4s (inf 16.5s)
[fric_x0.4] ep 47 success=1 steps=120 grip_closes=1 34.4s (inf 18.0s)
[fric_x0.4] n=48 success_rate=0.479
[2026-09-19 08:20:56.175] [svulkan2] [warning] A second renderer will share the same internal context with the first one. Arguments passed to constructor will be ignored.
[dens_x0.5] effective: {"stiffness_scale": 1.0, "damping_scale": 1.0, "force_scale": 1.0, "delay_steps": 0, "fric_scale": 1.0, "dens_scale": 0.5, "drives": {"stiffness": [1169.7891845703125, 730.0, 808.4601440429688, 1229.1298828125, 1272.2760009765625, 1056.3326416015625], "damping": [330.0, 180.0, 152.120361328125, 309.62152099609375, 201.04998779296875, 269.51458740234375], "force_limit": [200.0, 200.0, 100.0, 100.0, 100.0, 100.0]}, "obj_static_friction": 0.5, "obj_dynamic_friction": 0.5, "obj_mass": 0.010444403626024723}
[dens_x0.5] ep 0 success=1 steps=120 grip_closes=2 33.7s (inf 16.5s)
[dens_x0.5] ep 1 success=0 steps=120 grip_closes=11 33.7s (inf 16.6s)
[dens_x0.5] ep 2 success=1 steps=120 grip_closes=4 34.1s (inf 17.1s)
[dens_x0.5] ep 3 success=0 steps=120 grip_closes=5 33.8s (inf 16.5s)
[dens_x0.5] ep 4 success=0 steps=120 grip_closes=5 34.0s (inf 16.7s)
[dens_x0.5] ep 5 success=0 steps=120 grip_closes=3 34.0s (inf 17.0s)
[dens_x0.5] ep 6 success=1 steps=120 grip_closes=1 34.2s (inf 16.6s)
[dens_x0.5] ep 7 success=0 steps=120 grip_closes=0 34.4s (inf 17.5s)
[dens_x0.5] ep 8 success=1 steps=120 grip_closes=6 33.9s (inf 16.9s)
[dens_x0.5] ep 9 success=0 steps=120 grip_closes=5 34.1s (inf 16.9s)
[dens_x0.5] ep 10 success=0 steps=120 grip_closes=4 33.8s (inf 16.5s)
[dens_x0.5] ep 11 success=1 steps=120 grip_closes=2 34.1s (inf 16.8s)
[dens_x0.5] ep 12 success=0 steps=120 grip_closes=0 33.9s (inf 16.9s)
[dens_x0.5] ep 13 success=0 steps=120 grip_closes=5 33.7s (inf 16.0s)
[dens_x0.5] ep 14 success=0 steps=120 grip_closes=1 33.5s (inf 16.1s)
[dens_x0.5] ep 15 success=0 steps=120 grip_closes=8 30.2s (inf 15.2s)
[dens_x0.5] ep 16 success=0 steps=120 grip_closes=5 32.6s (inf 16.1s)
[dens_x0.5] ep 17 success=1 steps=120 grip_closes=1 31.6s (inf 15.7s)
[dens_x0.5] ep 18 success=1 steps=120 grip_closes=1 31.6s (inf 16.0s)
[dens_x0.5] ep 19 success=1 steps=120 grip_closes=1 31.9s (inf 15.9s)
[dens_x0.5] ep 20 success=0 steps=120 grip_closes=5 32.8s (inf 15.9s)
[dens_x0.5] ep 21 success=1 steps=120 grip_closes=2 32.1s (inf 16.0s)
[dens_x0.5] ep 22 success=0 steps=120 grip_closes=5 32.7s (inf 16.0s)
[dens_x0.5] ep 23 success=1 steps=120 grip_closes=1 32.1s (inf 15.9s)
[dens_x0.5] ep 24 success=1 steps=120 grip_closes=3 32.0s (inf 16.1s)
[dens_x0.5] ep 25 success=1 steps=120 grip_closes=2 31.6s (inf 15.7s)
[dens_x0.5] ep 26 success=0 steps=120 grip_closes=4 32.5s (inf 16.2s)
[dens_x0.5] ep 27 success=0 steps=120 grip_closes=7 32.2s (inf 15.9s)
[dens_x0.5] ep 28 success=0 steps=120 grip_closes=5 32.0s (inf 15.7s)
[dens_x0.5] ep 29 success=1 steps=120 grip_closes=1 31.9s (inf 15.7s)
[dens_x0.5] ep 30 success=1 steps=120 grip_closes=1 32.0s (inf 15.9s)
[dens_x0.5] ep 31 success=1 steps=120 grip_closes=2 32.5s (inf 16.3s)
[dens_x0.5] ep 32 success=0 steps=120 grip_closes=1 32.3s (inf 15.9s)
[dens_x0.5] ep 33 success=0 steps=120 grip_closes=7 32.9s (inf 16.0s)
[dens_x0.5] ep 34 success=0 steps=120 grip_closes=8 32.5s (inf 16.4s)
[dens_x0.5] ep 35 success=0 steps=120 grip_closes=4 32.5s (inf 15.8s)
[dens_x0.5] ep 36 success=1 steps=120 grip_closes=6 32.1s (inf 16.1s)
[dens_x0.5] ep 37 success=0 steps=120 grip_closes=2 32.2s (inf 15.7s)
[dens_x0.5] ep 38 success=0 steps=120 grip_closes=1 32.6s (inf 15.6s)
[dens_x0.5] ep 39 success=0 steps=120 grip_closes=4 32.2s (inf 15.5s)
[dens_x0.5] ep 40 success=0 steps=120 grip_closes=0 32.7s (inf 15.9s)
[dens_x0.5] ep 41 success=1 steps=120 grip_closes=3 32.1s (inf 16.1s)
[dens_x0.5] ep 42 success=1 steps=120 grip_closes=1 32.2s (inf 16.1s)
[dens_x0.5] ep 43 success=1 steps=120 grip_closes=1 31.6s (inf 16.0s)
[dens_x0.5] ep 44 success=0 steps=120 grip_closes=1 32.3s (inf 16.2s)
[dens_x0.5] ep 45 success=1 steps=120 grip_closes=1 32.2s (inf 16.0s)
[dens_x0.5] ep 46 success=0 steps=120 grip_closes=4 31.7s (inf 15.7s)
[dens_x0.5] ep 47 success=1 steps=120 grip_closes=1 32.4s (inf 16.2s)
[dens_x0.5] n=48 success_rate=0.438
SWEEP_MS2_DONE /mnt/e/research/the_world/results/controller_sweep_ms2/octo-small/PutEggplantInBasketScene-v0
