[nominal] effective: {"stiffness_scale": 1.0, "damping_scale": 1.0, "force_scale": 1.0, "delay_steps": 0, "fric_scale": 1.0, "dens_scale": 1.0, "drives": {"stiffness": [1169.7891845703125, 730.0, 808.4601440429688, 1229.1298828125, 1272.2760009765625, 1056.3326416015625], "damping": [330.0, 180.0, 152.120361328125, 309.62152099609375, 201.04998779296875, 269.51458740234375], "force_limit": [200.0, 200.0, 100.0, 100.0, 100.0, 100.0]}, "obj_static_friction": 0.5, "obj_dynamic_friction": 0.5, "obj_mass": 0.043058477342128754}
[nominal] ep 0 success=1 steps=60 grip_closes=2 18.4s (inf 13.4s)
[nominal] ep 1 success=0 steps=60 grip_closes=2 17.6s (inf 12.8s)
[nominal] ep 2 success=0 steps=60 grip_closes=3 17.6s (inf 12.9s)
[nominal] ep 3 success=0 steps=60 grip_closes=3 17.3s (inf 12.7s)
[nominal] ep 4 success=0 steps=60 grip_closes=3 17.7s (inf 13.1s)
[nominal] ep 5 success=0 steps=60 grip_closes=2 17.8s (inf 12.7s)
[nominal] ep 6 success=0 steps=60 grip_closes=1 17.8s (inf 13.2s)
[nominal] ep 7 success=0 steps=60 grip_closes=0 17.4s (inf 12.9s)
[nominal] ep 8 success=1 steps=60 grip_closes=2 17.4s (inf 12.5s)
[nominal] ep 9 success=1 steps=60 grip_closes=2 17.6s (inf 12.8s)
[nominal] ep 10 success=0 steps=60 grip_closes=2 17.7s (inf 12.8s)
[nominal] ep 11 success=0 steps=60 grip_closes=5 17.5s (inf 12.5s)
[nominal] ep 12 success=0 steps=60 grip_closes=2 17.1s (inf 12.6s)
[nominal] ep 13 success=0 steps=60 grip_closes=2 17.6s (inf 12.9s)
[nominal] ep 14 success=0 steps=60 grip_closes=2 17.3s (inf 12.5s)
[nominal] ep 15 success=0 steps=60 grip_closes=1 17.5s (inf 12.7s)
[nominal] ep 16 success=0 steps=60 grip_closes=4 17.3s (inf 12.8s)
[nominal] ep 17 success=0 steps=60 grip_closes=3 17.1s (inf 12.4s)
[nominal] ep 18 success=0 steps=60 grip_closes=1 17.4s (inf 12.9s)
[nominal] ep 19 success=0 steps=60 grip_closes=5 16.9s (inf 12.4s)
[nominal] ep 20 success=0 steps=60 grip_closes=3 17.3s (inf 12.7s)
[nominal] ep 21 success=0 steps=60 grip_closes=3 17.2s (inf 12.5s)
[nominal] ep 22 success=1 steps=60 grip_closes=1 17.2s (inf 12.6s)
[nominal] ep 23 success=0 steps=60 grip_closes=4 16.9s (inf 12.3s)
[nominal] ep 24 success=1 steps=60 grip_closes=2 17.8s (inf 13.2s)
[nominal] ep 25 success=0 steps=60 grip_closes=4 17.3s (inf 12.3s)
[nominal] ep 26 success=1 steps=60 grip_closes=2 17.4s (inf 12.8s)
[nominal] ep 27 success=0 steps=60 grip_closes=4 17.5s (inf 12.7s)
[nominal] ep 28 success=1 steps=60 grip_closes=2 17.3s (inf 12.6s)
[nominal] ep 29 success=0 steps=60 grip_closes=6 17.3s (inf 12.7s)
[nominal] ep 30 success=1 steps=60 grip_closes=1 17.5s (inf 13.0s)
[nominal] ep 31 success=0 steps=60 grip_closes=4 17.4s (inf 12.8s)
[nominal] ep 32 success=1 steps=60 grip_closes=1 17.1s (inf 12.4s)
[nominal] ep 33 success=0 steps=60 grip_closes=2 17.6s (inf 12.7s)
[nominal] ep 34 success=0 steps=60 grip_closes=2 17.5s (inf 12.6s)
[nominal] ep 35 success=0 steps=60 grip_closes=1 17.4s (inf 12.5s)
[nominal] ep 36 success=0 steps=60 grip_closes=1 17.3s (inf 13.0s)
[nominal] ep 37 success=0 steps=60 grip_closes=0 17.3s (inf 12.9s)
[nominal] ep 38 success=0 steps=60 grip_closes=2 17.1s (inf 12.6s)
[nominal] ep 39 success=0 steps=60 grip_closes=7 17.2s (inf 12.8s)
[nominal] ep 40 success=0 steps=60 grip_closes=2 16.9s (inf 12.3s)
[nominal] ep 41 success=0 steps=60 grip_closes=3 17.4s (inf 12.9s)
[nominal] ep 42 success=0 steps=60 grip_closes=2 17.5s (inf 12.9s)
[nominal] ep 43 success=0 steps=60 grip_closes=4 17.3s (inf 12.5s)
[nominal] ep 44 success=0 steps=60 grip_closes=3 17.4s (inf 12.7s)
[nominal] ep 45 success=0 steps=60 grip_closes=3 17.6s (inf 12.9s)
[nominal] ep 46 success=0 steps=60 grip_closes=4 17.3s (inf 12.8s)
[nominal] ep 47 success=0 steps=60 grip_closes=2 17.6s (inf 12.9s)
[nominal] n=48 success_rate=0.188
[2026-09-19 09:20:45.513] [svulkan2] [warning] A second renderer will share the same internal context with the first one. Arguments passed to constructor will be ignored.
[iso_x0.25] effective: {"stiffness_scale": 0.25, "damping_scale": 0.25, "force_scale": 1.0, "delay_steps": 0, "fric_scale": 1.0, "dens_scale": 1.0, "drives": {"stiffness": [292.4472961425781, 182.5, 202.1150360107422, 307.282470703125, 318.0690002441406, 264.0831604003906], "damping": [82.5, 45.0, 38.03009033203125, 77.40538024902344, 50.26249694824219, 67.37864685058594], "force_limit": [200.0, 200.0, 100.0, 100.0, 100.0, 100.0]}, "obj_static_friction": 0.5, "obj_dynamic_friction": 0.5, "obj_mass": 0.043058477342128754}
[iso_x0.25] ep 0 success=1 steps=60 grip_closes=2 17.4s (inf 12.5s)
[iso_x0.25] ep 1 success=0 steps=60 grip_closes=2 15.3s (inf 11.2s)
[iso_x0.25] ep 2 success=1 steps=60 grip_closes=2 17.2s (inf 12.6s)
[iso_x0.25] ep 3 success=0 steps=60 grip_closes=2 17.3s (inf 12.9s)
[iso_x0.25] ep 4 success=0 steps=60 grip_closes=2 17.3s (inf 12.9s)
[iso_x0.25] ep 5 success=0 steps=60 grip_closes=2 17.2s (inf 12.6s)
[iso_x0.25] ep 6 success=0 steps=60 grip_closes=1 17.2s (inf 12.8s)
[iso_x0.25] ep 7 success=0 steps=60 grip_closes=0 17.2s (inf 13.1s)
[iso_x0.25] ep 8 success=0 steps=60 grip_closes=3 16.7s (inf 12.3s)
[iso_x0.25] ep 9 success=0 steps=60 grip_closes=3 17.5s (inf 12.8s)
[iso_x0.25] ep 10 success=0 steps=60 grip_closes=2 17.0s (inf 12.5s)
[iso_x0.25] ep 11 success=0 steps=60 grip_closes=2 17.4s (inf 12.5s)
[iso_x0.25] ep 12 success=0 steps=60 grip_closes=1 17.5s (inf 13.1s)
[iso_x0.25] ep 13 success=0 steps=60 grip_closes=2 17.1s (inf 12.7s)
[iso_x0.25] ep 14 success=0 steps=60 grip_closes=2 17.5s (inf 13.1s)
[iso_x0.25] ep 15 success=0 steps=60 grip_closes=1 17.3s (inf 12.5s)
[iso_x0.25] ep 16 success=0 steps=60 grip_closes=3 17.5s (inf 13.0s)
[iso_x0.25] ep 17 success=0 steps=60 grip_closes=3 17.1s (inf 12.5s)
[iso_x0.25] ep 18 success=0 steps=60 grip_closes=2 17.5s (inf 12.9s)
[iso_x0.25] ep 19 success=0 steps=60 grip_closes=3 17.4s (inf 12.9s)
[iso_x0.25] ep 20 success=0 steps=60 grip_closes=3 17.3s (inf 13.0s)
[iso_x0.25] ep 21 success=0 steps=60 grip_closes=5 16.9s (inf 12.2s)
[iso_x0.25] ep 22 success=1 steps=60 grip_closes=1 17.1s (inf 12.4s)
[iso_x0.25] ep 23 success=0 steps=60 grip_closes=3 17.3s (inf 12.8s)
[iso_x0.25] ep 24 success=1 steps=60 grip_closes=2 17.1s (inf 12.7s)
[iso_x0.25] ep 25 success=0 steps=60 grip_closes=4 17.3s (inf 12.7s)
[iso_x0.25] ep 26 success=1 steps=60 grip_closes=2 17.4s (inf 12.6s)
[iso_x0.25] ep 27 success=0 steps=60 grip_closes=5 17.8s (inf 13.0s)
[iso_x0.25] ep 28 success=1 steps=60 grip_closes=2 17.3s (inf 12.8s)
[iso_x0.25] ep 29 success=0 steps=60 grip_closes=4 17.5s (inf 12.7s)
[iso_x0.25] ep 30 success=0 steps=60 grip_closes=2 17.2s (inf 12.8s)
[iso_x0.25] ep 31 success=0 steps=60 grip_closes=1 17.2s (inf 12.7s)
[iso_x0.25] ep 32 success=1 steps=60 grip_closes=1 17.3s (inf 12.8s)
[iso_x0.25] ep 33 success=0 steps=60 grip_closes=2 17.5s (inf 12.8s)
[iso_x0.25] ep 34 success=0 steps=60 grip_closes=2 17.8s (inf 13.0s)
[iso_x0.25] ep 35 success=0 steps=60 grip_closes=4 17.7s (inf 12.8s)
[iso_x0.25] ep 36 success=0 steps=60 grip_closes=1 14.9s (inf 10.9s)
[iso_x0.25] ep 37 success=0 steps=60 grip_closes=0 14.9s (inf 10.9s)
[iso_x0.25] ep 38 success=0 steps=60 grip_closes=2 17.2s (inf 12.6s)
[iso_x0.25] ep 39 success=0 steps=60 grip_closes=5 17.2s (inf 12.7s)
[iso_x0.25] ep 40 success=0 steps=60 grip_closes=2 17.2s (inf 12.6s)
[iso_x0.25] ep 41 success=0 steps=60 grip_closes=4 17.6s (inf 12.9s)
[iso_x0.25] ep 42 success=0 steps=60 grip_closes=2 17.1s (inf 12.6s)
[iso_x0.25] ep 43 success=0 steps=60 grip_closes=4 17.1s (inf 12.5s)
[iso_x0.25] ep 44 success=0 steps=60 grip_closes=1 17.3s (inf 12.6s)
[iso_x0.25] ep 45 success=0 steps=60 grip_closes=5 17.4s (inf 12.7s)
[iso_x0.25] ep 46 success=0 steps=60 grip_closes=4 17.2s (inf 12.6s)
[iso_x0.25] ep 47 success=0 steps=60 grip_closes=2 18.1s (inf 12.9s)
[iso_x0.25] n=48 success_rate=0.146
[2026-09-19 09:34:32.655] [svulkan2] [warning] A second renderer will share the same internal context with the first one. Arguments passed to constructor will be ignored.
[iso_x4.0] effective: {"stiffness_scale": 4.0, "damping_scale": 4.0, "force_scale": 1.0, "delay_steps": 0, "fric_scale": 1.0, "dens_scale": 1.0, "drives": {"stiffness": [4679.15673828125, 2920.0, 3233.840576171875, 4916.51953125, 5089.10400390625, 4225.33056640625], "damping": [1320.0, 720.0, 608.4814453125, 1238.486083984375, 804.199951171875, 1078.058349609375], "force_limit": [200.0, 200.0, 100.0, 100.0, 100.0, 100.0]}, "obj_static_friction": 0.5, "obj_dynamic_friction": 0.5, "obj_mass": 0.043058477342128754}
[iso_x4.0] ep 0 success=1 steps=60 grip_closes=2 17.3s (inf 12.6s)
[iso_x4.0] ep 1 success=0 steps=60 grip_closes=2 17.4s (inf 12.7s)
[iso_x4.0] ep 2 success=0 steps=60 grip_closes=4 17.4s (inf 12.7s)
[iso_x4.0] ep 3 success=0 steps=60 grip_closes=5 17.4s (inf 12.9s)
[iso_x4.0] ep 4 success=0 steps=60 grip_closes=2 17.0s (inf 12.4s)
[iso_x4.0] ep 5 success=0 steps=60 grip_closes=3 17.3s (inf 12.8s)
[iso_x4.0] ep 6 success=0 steps=60 grip_closes=1 17.5s (inf 12.9s)
[iso_x4.0] ep 7 success=0 steps=60 grip_closes=0 17.0s (inf 12.8s)
[iso_x4.0] ep 8 success=0 steps=60 grip_closes=3 16.9s (inf 12.5s)
[iso_x4.0] ep 9 success=0 steps=60 grip_closes=4 18.0s (inf 13.1s)
[iso_x4.0] ep 10 success=0 steps=60 grip_closes=2 17.4s (inf 12.7s)
[iso_x4.0] ep 11 success=0 steps=60 grip_closes=2 17.3s (inf 12.5s)
[iso_x4.0] ep 12 success=0 steps=60 grip_closes=1 17.5s (inf 12.8s)
[iso_x4.0] ep 13 success=0 steps=60 grip_closes=3 17.7s (inf 13.1s)
[iso_x4.0] ep 14 success=0 steps=60 grip_closes=2 17.5s (inf 12.8s)
[iso_x4.0] ep 15 success=0 steps=60 grip_closes=1 17.6s (inf 12.7s)
[iso_x4.0] ep 16 success=0 steps=60 grip_closes=4 17.4s (inf 12.9s)
[iso_x4.0] ep 17 success=0 steps=60 grip_closes=2 17.3s (inf 12.6s)
[iso_x4.0] ep 18 success=0 steps=60 grip_closes=2 17.4s (inf 12.9s)
[iso_x4.0] ep 19 success=0 steps=60 grip_closes=3 17.2s (inf 12.7s)
[iso_x4.0] ep 20 success=0 steps=60 grip_closes=3 16.9s (inf 12.4s)
[iso_x4.0] ep 21 success=0 steps=60 grip_closes=5 17.2s (inf 12.6s)
[iso_x4.0] ep 22 success=1 steps=60 grip_closes=1 17.4s (inf 12.9s)
[iso_x4.0] ep 23 success=0 steps=60 grip_closes=5 17.4s (inf 12.8s)
[iso_x4.0] ep 24 success=0 steps=60 grip_closes=2 17.1s (inf 12.5s)
[iso_x4.0] ep 25 success=0 steps=60 grip_closes=4 17.2s (inf 12.6s)
[iso_x4.0] ep 26 success=0 steps=60 grip_closes=2 17.0s (inf 12.3s)
[iso_x4.0] ep 27 success=0 steps=60 grip_closes=8 17.2s (inf 12.6s)
[iso_x4.0] ep 28 success=0 steps=60 grip_closes=3 17.2s (inf 12.6s)
[iso_x4.0] ep 29 success=0 steps=60 grip_closes=6 17.4s (inf 12.8s)
[iso_x4.0] ep 30 success=1 steps=60 grip_closes=1 17.3s (inf 13.1s)
[iso_x4.0] ep 31 success=0 steps=60 grip_closes=5 17.5s (inf 12.6s)
[iso_x4.0] ep 32 success=1 steps=60 grip_closes=2 17.3s (inf 12.8s)
[iso_x4.0] ep 33 success=0 steps=60 grip_closes=2 17.7s (inf 13.0s)
[iso_x4.0] ep 34 success=0 steps=60 grip_closes=2 17.2s (inf 12.5s)
[iso_x4.0] ep 35 success=0 steps=60 grip_closes=4 17.4s (inf 12.4s)
[iso_x4.0] ep 36 success=0 steps=60 grip_closes=1 17.3s (inf 12.9s)
[iso_x4.0] ep 37 success=0 steps=60 grip_closes=0 17.3s (inf 13.1s)
[iso_x4.0] ep 38 success=0 steps=60 grip_closes=2 17.4s (inf 13.0s)
[iso_x4.0] ep 39 success=0 steps=60 grip_closes=4 17.4s (inf 12.9s)
[iso_x4.0] ep 40 success=0 steps=60 grip_closes=3 17.2s (inf 12.8s)
[iso_x4.0] ep 41 success=0 steps=60 grip_closes=3 17.7s (inf 13.1s)
[iso_x4.0] ep 42 success=0 steps=60 grip_closes=2 17.4s (inf 12.9s)
[iso_x4.0] ep 43 success=0 steps=60 grip_closes=5 17.3s (inf 12.7s)
[iso_x4.0] ep 44 success=0 steps=60 grip_closes=3 17.7s (inf 13.0s)
[iso_x4.0] ep 45 success=0 steps=60 grip_closes=6 17.4s (inf 12.8s)
[iso_x4.0] ep 46 success=0 steps=60 grip_closes=6 17.5s (inf 13.0s)
[iso_x4.0] ep 47 success=0 steps=60 grip_closes=2 15.3s (inf 10.8s)
[iso_x4.0] n=48 success_rate=0.083
[2026-09-19 09:48:25.954] [svulkan2] [warning] A second renderer will share the same internal context with the first one. Arguments passed to constructor will be ignored.
[force_x0.5] effective: {"stiffness_scale": 1.0, "damping_scale": 1.0, "force_scale": 0.5, "delay_steps": 0, "fric_scale": 1.0, "dens_scale": 1.0, "drives": {"stiffness": [1169.7891845703125, 730.0, 808.4601440429688, 1229.1298828125, 1272.2760009765625, 1056.3326416015625], "damping": [330.0, 180.0, 152.120361328125, 309.62152099609375, 201.04998779296875, 269.51458740234375], "force_limit": [100.0, 100.0, 50.0, 50.0, 50.0, 50.0]}, "obj_static_friction": 0.5, "obj_dynamic_friction": 0.5, "obj_mass": 0.043058477342128754}
[force_x0.5] ep 0 success=1 steps=60 grip_closes=2 17.1s (inf 12.3s)
[force_x0.5] ep 1 success=0 steps=60 grip_closes=2 17.4s (inf 13.0s)
[force_x0.5] ep 2 success=0 steps=60 grip_closes=3 17.6s (inf 13.1s)
[force_x0.5] ep 3 success=0 steps=60 grip_closes=4 17.2s (inf 12.7s)
[force_x0.5] ep 4 success=0 steps=60 grip_closes=2 17.4s (inf 12.8s)
[force_x0.5] ep 5 success=0 steps=60 grip_closes=3 17.3s (inf 12.8s)
[force_x0.5] ep 6 success=0 steps=60 grip_closes=1 17.1s (inf 12.7s)
[force_x0.5] ep 7 success=0 steps=60 grip_closes=0 16.8s (inf 12.8s)
[force_x0.5] ep 8 success=1 steps=60 grip_closes=2 17.4s (inf 12.7s)
[force_x0.5] ep 9 success=0 steps=60 grip_closes=3 17.3s (inf 12.8s)
[force_x0.5] ep 10 success=0 steps=60 grip_closes=2 17.4s (inf 12.6s)
[force_x0.5] ep 11 success=0 steps=60 grip_closes=2 17.3s (inf 12.6s)
[force_x0.5] ep 12 success=0 steps=60 grip_closes=2 17.3s (inf 12.9s)
[force_x0.5] ep 13 success=0 steps=60 grip_closes=2 17.1s (inf 12.7s)
[force_x0.5] ep 14 success=0 steps=60 grip_closes=2 17.2s (inf 12.7s)
[force_x0.5] ep 15 success=0 steps=60 grip_closes=2 17.1s (inf 12.7s)
[force_x0.5] ep 16 success=0 steps=60 grip_closes=3 17.4s (inf 12.8s)
[force_x0.5] ep 17 success=0 steps=60 grip_closes=2 17.5s (inf 12.9s)
[force_x0.5] ep 18 success=0 steps=60 grip_closes=2 17.2s (inf 12.7s)
[force_x0.5] ep 19 success=0 steps=60 grip_closes=1 17.2s (inf 12.4s)
[force_x0.5] ep 20 success=0 steps=60 grip_closes=2 17.0s (inf 12.3s)
[force_x0.5] ep 21 success=0 steps=60 grip_closes=3 17.8s (inf 12.9s)
[force_x0.5] ep 22 success=1 steps=60 grip_closes=1 17.4s (inf 12.8s)
[force_x0.5] ep 23 success=0 steps=60 grip_closes=3 17.4s (inf 12.8s)
[force_x0.5] ep 24 success=0 steps=60 grip_closes=2 17.1s (inf 12.5s)
[force_x0.5] ep 25 success=0 steps=60 grip_closes=3 16.9s (inf 12.3s)
[force_x0.5] ep 26 success=1 steps=60 grip_closes=3 17.6s (inf 13.2s)
[force_x0.5] ep 27 success=0 steps=60 grip_closes=11 17.5s (inf 12.8s)
[force_x0.5] ep 28 success=1 steps=60 grip_closes=2 17.4s (inf 12.8s)
[force_x0.5] ep 29 success=0 steps=60 grip_closes=5 17.1s (inf 12.6s)
[force_x0.5] ep 30 success=0 steps=60 grip_closes=1 17.5s (inf 13.2s)
[force_x0.5] ep 31 success=0 steps=60 grip_closes=4 17.5s (inf 12.8s)
[force_x0.5] ep 32 success=1 steps=60 grip_closes=2 17.0s (inf 12.4s)
[force_x0.5] ep 33 success=0 steps=60 grip_closes=3 17.9s (inf 12.9s)
[force_x0.5] ep 34 success=0 steps=60 grip_closes=2 17.4s (inf 12.9s)
[force_x0.5] ep 35 success=0 steps=60 grip_closes=4 17.8s (inf 12.9s)
[force_x0.5] ep 36 success=0 steps=60 grip_closes=1 17.6s (inf 13.0s)
[force_x0.5] ep 37 success=0 steps=60 grip_closes=0 17.0s (inf 12.6s)
[force_x0.5] ep 38 success=0 steps=60 grip_closes=3 17.5s (inf 12.8s)
[force_x0.5] ep 39 success=0 steps=60 grip_closes=6 17.3s (inf 13.0s)
[force_x0.5] ep 40 success=0 steps=60 grip_closes=2 17.2s (inf 12.7s)
[force_x0.5] ep 41 success=0 steps=60 grip_closes=4 17.3s (inf 12.6s)
[force_x0.5] ep 42 success=0 steps=60 grip_closes=2 17.2s (inf 12.8s)
[force_x0.5] ep 43 success=0 steps=60 grip_closes=7 17.3s (inf 12.7s)
[force_x0.5] ep 44 success=0 steps=60 grip_closes=3 17.4s (inf 13.0s)
[force_x0.5] ep 45 success=0 steps=60 grip_closes=7 17.5s (inf 13.1s)
[force_x0.5] ep 46 success=0 steps=60 grip_closes=4 17.3s (inf 12.7s)
[force_x0.5] ep 47 success=0 steps=60 grip_closes=2 18.0s (inf 13.1s)
[force_x0.5] n=48 success_rate=0.125
[2026-09-19 10:02:20.430] [svulkan2] [warning] A second renderer will share the same internal context with the first one. Arguments passed to constructor will be ignored.
[fric_x0.4] effective: {"stiffness_scale": 1.0, "damping_scale": 1.0, "force_scale": 1.0, "delay_steps": 0, "fric_scale": 0.4, "dens_scale": 1.0, "drives": {"stiffness": [1169.7891845703125, 730.0, 808.4601440429688, 1229.1298828125, 1272.2760009765625, 1056.3326416015625], "damping": [330.0, 180.0, 152.120361328125, 309.62152099609375, 201.04998779296875, 269.51458740234375], "force_limit": [200.0, 200.0, 100.0, 100.0, 100.0, 100.0]}, "obj_static_friction": 0.20000000298023224, "obj_dynamic_friction": 0.20000000298023224, "obj_mass": 0.043058477342128754}
[fric_x0.4] ep 0 success=0 steps=60 grip_closes=2 17.4s (inf 12.7s)
[fric_x0.4] ep 1 success=0 steps=60 grip_closes=3 17.2s (inf 12.6s)
[fric_x0.4] ep 2 success=0 steps=60 grip_closes=3 17.4s (inf 12.8s)
[fric_x0.4] ep 3 success=0 steps=60 grip_closes=1 17.4s (inf 12.7s)
[fric_x0.4] ep 4 success=0 steps=60 grip_closes=3 17.6s (inf 12.8s)
[fric_x0.4] ep 5 success=0 steps=60 grip_closes=2 17.5s (inf 12.8s)
[fric_x0.4] ep 6 success=0 steps=60 grip_closes=1 17.3s (inf 12.8s)
[fric_x0.4] ep 7 success=0 steps=60 grip_closes=0 16.9s (inf 12.5s)
[fric_x0.4] ep 8 success=0 steps=60 grip_closes=4 17.4s (inf 12.7s)
[fric_x0.4] ep 9 success=0 steps=60 grip_closes=2 17.6s (inf 12.7s)
[fric_x0.4] ep 10 success=0 steps=60 grip_closes=2 17.3s (inf 12.5s)
[fric_x0.4] ep 11 success=0 steps=60 grip_closes=2 17.7s (inf 12.9s)
[fric_x0.4] ep 12 success=0 steps=60 grip_closes=1 17.2s (inf 12.8s)
[fric_x0.4] ep 13 success=0 steps=60 grip_closes=2 17.1s (inf 12.7s)
[fric_x0.4] ep 14 success=0 steps=60 grip_closes=2 17.4s (inf 12.7s)
[fric_x0.4] ep 15 success=0 steps=60 grip_closes=2 17.7s (inf 12.9s)
[fric_x0.4] ep 16 success=0 steps=60 grip_closes=4 17.1s (inf 12.5s)
[fric_x0.4] ep 17 success=0 steps=60 grip_closes=2 16.9s (inf 12.4s)
[fric_x0.4] ep 18 success=0 steps=60 grip_closes=1 15.3s (inf 11.0s)
[fric_x0.4] ep 19 success=0 steps=60 grip_closes=4 17.4s (inf 13.1s)
[fric_x0.4] ep 20 success=0 steps=60 grip_closes=4 17.3s (inf 12.9s)
[fric_x0.4] ep 21 success=0 steps=60 grip_closes=4 17.6s (inf 13.0s)
[fric_x0.4] ep 22 success=1 steps=60 grip_closes=1 17.4s (inf 13.0s)
[fric_x0.4] ep 23 success=0 steps=60 grip_closes=5 17.7s (inf 13.1s)
[fric_x0.4] ep 24 success=0 steps=60 grip_closes=2 17.6s (inf 13.0s)
[fric_x0.4] ep 25 success=0 steps=60 grip_closes=4 17.6s (inf 13.0s)
[fric_x0.4] ep 26 success=1 steps=60 grip_closes=4 17.9s (inf 13.3s)
[fric_x0.4] ep 27 success=0 steps=60 grip_closes=8 17.3s (inf 12.7s)
[fric_x0.4] ep 28 success=0 steps=60 grip_closes=3 17.5s (inf 12.9s)
[fric_x0.4] ep 29 success=0 steps=60 grip_closes=4 17.4s (inf 12.8s)
[fric_x0.4] ep 30 success=1 steps=60 grip_closes=1 16.9s (inf 12.5s)
[fric_x0.4] ep 31 success=0 steps=60 grip_closes=5 17.3s (inf 12.9s)
[fric_x0.4] ep 32 success=1 steps=60 grip_closes=1 17.3s (inf 13.0s)
[fric_x0.4] ep 33 success=0 steps=60 grip_closes=2 17.6s (inf 12.6s)
[fric_x0.4] ep 34 success=0 steps=60 grip_closes=2 17.2s (inf 12.6s)
[fric_x0.4] ep 35 success=0 steps=60 grip_closes=4 17.4s (inf 12.5s)
[fric_x0.4] ep 36 success=0 steps=60 grip_closes=1 17.2s (inf 12.6s)
[fric_x0.4] ep 37 success=0 steps=60 grip_closes=0 17.3s (inf 12.9s)
[fric_x0.4] ep 38 success=0 steps=60 grip_closes=2 17.2s (inf 12.9s)
[fric_x0.4] ep 39 success=0 steps=60 grip_closes=5 17.7s (inf 13.3s)
[fric_x0.4] ep 40 success=0 steps=60 grip_closes=4 17.2s (inf 12.6s)
[fric_x0.4] ep 41 success=0 steps=60 grip_closes=5 17.3s (inf 12.6s)
[fric_x0.4] ep 42 success=0 steps=60 grip_closes=2 17.3s (inf 12.9s)
[fric_x0.4] ep 43 success=0 steps=60 grip_closes=5 15.7s (inf 11.4s)
[fric_x0.4] ep 44 success=0 steps=60 grip_closes=3 16.5s (inf 12.2s)
[fric_x0.4] ep 45 success=0 steps=60 grip_closes=2 17.5s (inf 13.0s)
[fric_x0.4] ep 46 success=0 steps=60 grip_closes=5 17.6s (inf 13.2s)
[fric_x0.4] ep 47 success=0 steps=60 grip_closes=5 17.3s (inf 12.9s)
[fric_x0.4] n=48 success_rate=0.083
[2026-09-19 10:16:12.397] [svulkan2] [warning] A second renderer will share the same internal context with the first one. Arguments passed to constructor will be ignored.
[dens_x0.5] effective: {"stiffness_scale": 1.0, "damping_scale": 1.0, "force_scale": 1.0, "delay_steps": 0, "fric_scale": 1.0, "dens_scale": 0.5, "drives": {"stiffness": [1169.7891845703125, 730.0, 808.4601440429688, 1229.1298828125, 1272.2760009765625, 1056.3326416015625], "damping": [330.0, 180.0, 152.120361328125, 309.62152099609375, 201.04998779296875, 269.51458740234375], "force_limit": [200.0, 200.0, 100.0, 100.0, 100.0, 100.0]}, "obj_static_friction": 0.5, "obj_dynamic_friction": 0.5, "obj_mass": 0.021529238671064377}
[dens_x0.5] ep 0 success=0 steps=60 grip_closes=2 17.6s (inf 12.9s)
[dens_x0.5] ep 1 success=0 steps=60 grip_closes=3 17.4s (inf 12.8s)
[dens_x0.5] ep 2 success=0 steps=60 grip_closes=4 17.8s (inf 13.1s)
[dens_x0.5] ep 3 success=0 steps=60 grip_closes=3 16.9s (inf 12.3s)
[dens_x0.5] ep 4 success=0 steps=60 grip_closes=2 17.2s (inf 12.9s)
[dens_x0.5] ep 5 success=0 steps=60 grip_closes=4 17.6s (inf 13.1s)
[dens_x0.5] ep 6 success=0 steps=60 grip_closes=1 17.4s (inf 13.2s)
[dens_x0.5] ep 7 success=0 steps=60 grip_closes=3 17.5s (inf 13.3s)
[dens_x0.5] ep 8 success=0 steps=60 grip_closes=2 17.4s (inf 12.9s)
[dens_x0.5] ep 9 success=0 steps=60 grip_closes=3 17.4s (inf 12.6s)
[dens_x0.5] ep 10 success=0 steps=60 grip_closes=2 17.2s (inf 12.8s)
[dens_x0.5] ep 11 success=0 steps=60 grip_closes=3 17.6s (inf 13.0s)
[dens_x0.5] ep 12 success=0 steps=60 grip_closes=2 17.1s (inf 12.6s)
[dens_x0.5] ep 13 success=0 steps=60 grip_closes=3 17.1s (inf 12.7s)
[dens_x0.5] ep 14 success=0 steps=60 grip_closes=2 17.0s (inf 12.4s)
[dens_x0.5] ep 15 success=0 steps=60 grip_closes=2 17.2s (inf 12.5s)
[dens_x0.5] ep 16 success=0 steps=60 grip_closes=4 17.4s (inf 13.0s)
[dens_x0.5] ep 17 success=0 steps=60 grip_closes=2 16.7s (inf 12.1s)
[dens_x0.5] ep 18 success=0 steps=60 grip_closes=1 17.5s (inf 13.3s)
[dens_x0.5] ep 19 success=0 steps=60 grip_closes=3 17.1s (inf 12.7s)
[dens_x0.5] ep 20 success=0 steps=60 grip_closes=3 17.2s (inf 12.7s)
[dens_x0.5] ep 21 success=0 steps=60 grip_closes=5 17.5s (inf 12.7s)
[dens_x0.5] ep 22 success=0 steps=60 grip_closes=4 17.4s (inf 13.0s)
[dens_x0.5] ep 23 success=0 steps=60 grip_closes=5 17.4s (inf 12.7s)
[dens_x0.5] ep 24 success=1 steps=60 grip_closes=2 17.4s (inf 13.0s)
[dens_x0.5] ep 25 success=0 steps=60 grip_closes=3 17.1s (inf 12.5s)
[dens_x0.5] ep 26 success=1 steps=60 grip_closes=2 17.5s (inf 12.9s)
[dens_x0.5] ep 27 success=0 steps=60 grip_closes=11 17.0s (inf 12.5s)
[dens_x0.5] ep 28 success=0 steps=60 grip_closes=3 17.3s (inf 12.6s)
[dens_x0.5] ep 29 success=0 steps=60 grip_closes=7 17.2s (inf 12.7s)
[dens_x0.5] ep 30 success=0 steps=60 grip_closes=1 17.8s (inf 13.2s)
[dens_x0.5] ep 31 success=0 steps=60 grip_closes=5 17.4s (inf 12.7s)
[dens_x0.5] ep 32 success=1 steps=60 grip_closes=2 16.8s (inf 12.2s)
[dens_x0.5] ep 33 success=0 steps=60 grip_closes=1 17.6s (inf 12.7s)
[dens_x0.5] ep 34 success=0 steps=60 grip_closes=2 17.3s (inf 12.8s)
[dens_x0.5] ep 35 success=0 steps=60 grip_closes=5 17.6s (inf 12.5s)
[dens_x0.5] ep 36 success=0 steps=60 grip_closes=1 17.2s (inf 12.7s)
[dens_x0.5] ep 37 success=0 steps=60 grip_closes=0 17.2s (inf 12.9s)
[dens_x0.5] ep 38 success=0 steps=60 grip_closes=2 17.5s (inf 13.1s)
[dens_x0.5] ep 39 success=0 steps=60 grip_closes=4 17.4s (inf 12.7s)
[dens_x0.5] ep 40 success=0 steps=60 grip_closes=3 17.4s (inf 12.7s)
[dens_x0.5] ep 41 success=0 steps=60 grip_closes=4 17.4s (inf 12.9s)
[dens_x0.5] ep 42 success=0 steps=60 grip_closes=2 17.0s (inf 12.5s)
[dens_x0.5] ep 43 success=0 steps=60 grip_closes=5 16.8s (inf 12.3s)
[dens_x0.5] ep 44 success=0 steps=60 grip_closes=1 17.4s (inf 13.2s)
[dens_x0.5] ep 45 success=0 steps=60 grip_closes=6 17.4s (inf 12.7s)
[dens_x0.5] ep 46 success=0 steps=60 grip_closes=5 17.1s (inf 12.6s)
[dens_x0.5] ep 47 success=0 steps=60 grip_closes=2 17.7s (inf 12.9s)
[dens_x0.5] n=48 success_rate=0.062
SWEEP_MS2_DONE /mnt/e/research/the_world/results/controller_sweep_ms2/octo-base/PutSpoonOnTableClothInScene-v0
