[nominal] effective: {"stiffness_scale": 1.0, "damping_scale": 1.0, "force_scale": 1.0, "delay_steps": 0, "fric_scale": 1.0, "dens_scale": 1.0, "drives": {"stiffness": [1169.7891845703125, 730.0, 808.4601440429688, 1229.1298828125, 1272.2760009765625, 1056.3326416015625], "damping": [330.0, 180.0, 152.120361328125, 309.62152099609375, 201.04998779296875, 269.51458740234375], "force_limit": [200.0, 200.0, 100.0, 100.0, 100.0, 100.0]}, "obj_static_friction": 0.5, "obj_dynamic_friction": 0.5, "obj_mass": 0.043058477342128754}
[nominal] ep 0 success=1 steps=60 grip_closes=1 16.5s (inf 8.1s)
[nominal] ep 1 success=0 steps=60 grip_closes=1 15.9s (inf 7.9s)
[nominal] ep 2 success=0 steps=60 grip_closes=1 16.0s (inf 7.8s)
[nominal] ep 3 success=0 steps=60 grip_closes=5 16.1s (inf 8.1s)
[nominal] ep 4 success=1 steps=60 grip_closes=5 16.3s (inf 8.1s)
[nominal] ep 5 success=0 steps=60 grip_closes=4 15.8s (inf 8.0s)
[nominal] ep 6 success=1 steps=60 grip_closes=1 16.1s (inf 7.8s)
[nominal] ep 7 success=0 steps=60 grip_closes=7 16.3s (inf 8.1s)
[nominal] ep 8 success=0 steps=60 grip_closes=2 16.3s (inf 8.1s)
[nominal] ep 9 success=1 steps=60 grip_closes=1 15.8s (inf 8.0s)
[nominal] ep 10 success=1 steps=60 grip_closes=1 15.8s (inf 8.0s)
[nominal] ep 11 success=0 steps=60 grip_closes=3 16.1s (inf 8.0s)
[nominal] ep 12 success=1 steps=60 grip_closes=3 16.2s (inf 8.0s)
[nominal] ep 13 success=0 steps=60 grip_closes=6 15.9s (inf 7.9s)
[nominal] ep 14 success=0 steps=60 grip_closes=2 16.3s (inf 8.1s)
[nominal] ep 15 success=0 steps=60 grip_closes=4 16.0s (inf 8.1s)
[nominal] ep 16 success=1 steps=60 grip_closes=2 16.1s (inf 8.0s)
[nominal] ep 17 success=0 steps=60 grip_closes=4 16.1s (inf 8.0s)
[nominal] ep 18 success=0 steps=60 grip_closes=2 16.2s (inf 7.8s)
[nominal] ep 19 success=0 steps=60 grip_closes=2 16.0s (inf 8.0s)
[nominal] ep 20 success=0 steps=60 grip_closes=2 16.0s (inf 8.1s)
[nominal] ep 21 success=1 steps=60 grip_closes=1 16.1s (inf 7.9s)
[nominal] ep 22 success=1 steps=60 grip_closes=1 15.9s (inf 7.9s)
[nominal] ep 23 success=0 steps=60 grip_closes=2 15.7s (inf 7.9s)
[nominal] ep 24 success=1 steps=60 grip_closes=1 16.0s (inf 8.1s)
[nominal] ep 25 success=0 steps=60 grip_closes=2 15.8s (inf 8.0s)
[nominal] ep 26 success=0 steps=60 grip_closes=2 16.1s (inf 8.1s)
[nominal] ep 27 success=0 steps=60 grip_closes=2 14.1s (inf 7.9s)
[nominal] ep 28 success=1 steps=60 grip_closes=2 12.4s (inf 7.7s)
[nominal] ep 29 success=0 steps=60 grip_closes=5 14.9s (inf 8.1s)
[nominal] ep 30 success=1 steps=60 grip_closes=1 16.1s (inf 8.0s)
[nominal] ep 31 success=0 steps=60 grip_closes=6 16.1s (inf 8.1s)
[nominal] ep 32 success=1 steps=60 grip_closes=1 15.9s (inf 8.0s)
[nominal] ep 33 success=0 steps=60 grip_closes=4 16.1s (inf 8.1s)
[nominal] ep 34 success=1 steps=60 grip_closes=2 16.1s (inf 8.0s)
[nominal] ep 35 success=0 steps=60 grip_closes=2 16.2s (inf 8.2s)
[nominal] ep 36 success=1 steps=60 grip_closes=3 16.1s (inf 8.0s)
[nominal] ep 37 success=0 steps=60 grip_closes=3 16.0s (inf 8.1s)
[nominal] ep 38 success=1 steps=60 grip_closes=2 15.9s (inf 8.0s)
[nominal] ep 39 success=0 steps=60 grip_closes=6 15.8s (inf 7.9s)
[nominal] ep 40 success=1 steps=60 grip_closes=1 16.1s (inf 8.0s)
[nominal] ep 41 success=0 steps=60 grip_closes=2 16.1s (inf 8.1s)
[nominal] ep 42 success=0 steps=60 grip_closes=3 15.9s (inf 8.1s)
[nominal] ep 43 success=0 steps=60 grip_closes=2 16.0s (inf 8.1s)
[nominal] ep 44 success=0 steps=60 grip_closes=1 15.9s (inf 8.1s)
[nominal] ep 45 success=0 steps=60 grip_closes=2 15.9s (inf 8.0s)
[nominal] ep 46 success=1 steps=60 grip_closes=1 16.0s (inf 7.9s)
[nominal] ep 47 success=1 steps=60 grip_closes=1 15.8s (inf 8.1s)
[nominal] n=48 success_rate=0.396
[2026-09-19 09:00:16.477] [svulkan2] [warning] A second renderer will share the same internal context with the first one. Arguments passed to constructor will be ignored.
[iso_x0.25] effective: {"stiffness_scale": 0.25, "damping_scale": 0.25, "force_scale": 1.0, "delay_steps": 0, "fric_scale": 1.0, "dens_scale": 1.0, "drives": {"stiffness": [292.4472961425781, 182.5, 202.1150360107422, 307.282470703125, 318.0690002441406, 264.0831604003906], "damping": [82.5, 45.0, 38.03009033203125, 77.40538024902344, 50.26249694824219, 67.37864685058594], "force_limit": [200.0, 200.0, 100.0, 100.0, 100.0, 100.0]}, "obj_static_friction": 0.5, "obj_dynamic_friction": 0.5, "obj_mass": 0.043058477342128754}
[iso_x0.25] ep 0 success=1 steps=60 grip_closes=1 16.1s (inf 8.1s)
[iso_x0.25] ep 1 success=0 steps=60 grip_closes=2 16.1s (inf 8.3s)
[iso_x0.25] ep 2 success=0 steps=60 grip_closes=2 16.0s (inf 8.0s)
[iso_x0.25] ep 3 success=0 steps=60 grip_closes=3 15.8s (inf 7.8s)
[iso_x0.25] ep 4 success=1 steps=60 grip_closes=5 17.3s (inf 9.2s)
[iso_x0.25] ep 5 success=0 steps=60 grip_closes=7 15.8s (inf 7.9s)
[iso_x0.25] ep 6 success=1 steps=60 grip_closes=1 16.2s (inf 8.0s)
[iso_x0.25] ep 7 success=0 steps=60 grip_closes=7 16.0s (inf 7.9s)
[iso_x0.25] ep 8 success=0 steps=60 grip_closes=2 16.1s (inf 7.8s)
[iso_x0.25] ep 9 success=1 steps=60 grip_closes=1 16.2s (inf 8.0s)
[iso_x0.25] ep 10 success=1 steps=60 grip_closes=1 16.3s (inf 8.2s)
[iso_x0.25] ep 11 success=0 steps=60 grip_closes=6 15.9s (inf 8.1s)
[iso_x0.25] ep 12 success=1 steps=60 grip_closes=3 15.9s (inf 7.8s)
[iso_x0.25] ep 13 success=0 steps=60 grip_closes=3 16.0s (inf 7.9s)
[iso_x0.25] ep 14 success=0 steps=60 grip_closes=3 16.2s (inf 8.0s)
[iso_x0.25] ep 15 success=0 steps=60 grip_closes=3 16.4s (inf 8.3s)
[iso_x0.25] ep 16 success=1 steps=60 grip_closes=2 16.6s (inf 8.4s)
[iso_x0.25] ep 17 success=0 steps=60 grip_closes=5 16.4s (inf 8.5s)
[iso_x0.25] ep 18 success=0 steps=60 grip_closes=2 16.5s (inf 8.3s)
[iso_x0.25] ep 19 success=1 steps=60 grip_closes=1 16.4s (inf 8.2s)
[iso_x0.25] ep 20 success=0 steps=60 grip_closes=5 16.4s (inf 8.4s)
[iso_x0.25] ep 21 success=0 steps=60 grip_closes=2 16.1s (inf 8.2s)
[iso_x0.25] ep 22 success=1 steps=60 grip_closes=1 16.3s (inf 8.3s)
[iso_x0.25] ep 23 success=0 steps=60 grip_closes=1 12.6s (inf 6.4s)
[iso_x0.25] ep 24 success=0 steps=60 grip_closes=2 15.5s (inf 8.3s)
[iso_x0.25] ep 25 success=0 steps=60 grip_closes=4 17.1s (inf 8.7s)
[iso_x0.25] ep 26 success=0 steps=60 grip_closes=1 17.3s (inf 8.4s)
[iso_x0.25] ep 27 success=0 steps=60 grip_closes=2 17.0s (inf 10.0s)
[iso_x0.25] ep 28 success=0 steps=60 grip_closes=3 17.3s (inf 8.0s)
[iso_x0.25] ep 29 success=0 steps=60 grip_closes=9 16.7s (inf 8.5s)
[iso_x0.25] ep 30 success=1 steps=60 grip_closes=1 17.2s (inf 8.4s)
[iso_x0.25] ep 31 success=0 steps=60 grip_closes=7 17.1s (inf 9.5s)
[iso_x0.25] ep 32 success=0 steps=60 grip_closes=3 16.9s (inf 8.7s)
[iso_x0.25] ep 33 success=0 steps=60 grip_closes=1 16.9s (inf 8.2s)
[iso_x0.25] ep 34 success=0 steps=60 grip_closes=2 17.0s (inf 7.9s)
[iso_x0.25] ep 35 success=0 steps=60 grip_closes=2 16.9s (inf 8.3s)
[iso_x0.25] ep 36 success=1 steps=60 grip_closes=2 16.6s (inf 9.3s)
[iso_x0.25] ep 37 success=0 steps=60 grip_closes=4 16.9s (inf 9.4s)
[iso_x0.25] ep 38 success=0 steps=60 grip_closes=1 16.9s (inf 7.9s)
[iso_x0.25] ep 39 success=0 steps=60 grip_closes=3 16.7s (inf 8.9s)
[iso_x0.25] ep 40 success=1 steps=60 grip_closes=1 16.7s (inf 9.3s)
[iso_x0.25] ep 41 success=0 steps=60 grip_closes=3 16.9s (inf 8.1s)
[iso_x0.25] ep 42 success=1 steps=60 grip_closes=1 16.6s (inf 9.1s)
[iso_x0.25] ep 43 success=0 steps=60 grip_closes=2 16.9s (inf 8.3s)
[iso_x0.25] ep 44 success=0 steps=60 grip_closes=2 16.9s (inf 9.7s)
[iso_x0.25] ep 45 success=0 steps=60 grip_closes=1 16.9s (inf 8.7s)
[iso_x0.25] ep 46 success=1 steps=60 grip_closes=1 16.8s (inf 9.2s)
[iso_x0.25] ep 47 success=1 steps=60 grip_closes=1 16.9s (inf 8.3s)
[iso_x0.25] n=48 success_rate=0.312
[2026-09-19 09:13:29.490] [svulkan2] [warning] A second renderer will share the same internal context with the first one. Arguments passed to constructor will be ignored.
[iso_x4.0] effective: {"stiffness_scale": 4.0, "damping_scale": 4.0, "force_scale": 1.0, "delay_steps": 0, "fric_scale": 1.0, "dens_scale": 1.0, "drives": {"stiffness": [4679.15673828125, 2920.0, 3233.840576171875, 4916.51953125, 5089.10400390625, 4225.33056640625], "damping": [1320.0, 720.0, 608.4814453125, 1238.486083984375, 804.199951171875, 1078.058349609375], "force_limit": [200.0, 200.0, 100.0, 100.0, 100.0, 100.0]}, "obj_static_friction": 0.5, "obj_dynamic_friction": 0.5, "obj_mass": 0.043058477342128754}
[iso_x4.0] ep 0 success=1 steps=60 grip_closes=1 16.9s (inf 9.6s)
[iso_x4.0] ep 1 success=0 steps=60 grip_closes=1 17.3s (inf 9.4s)
[iso_x4.0] ep 2 success=0 steps=60 grip_closes=2 17.0s (inf 9.5s)
[iso_x4.0] ep 3 success=0 steps=60 grip_closes=5 16.9s (inf 9.3s)
[iso_x4.0] ep 4 success=1 steps=60 grip_closes=4 17.0s (inf 8.5s)
[iso_x4.0] ep 5 success=0 steps=60 grip_closes=3 16.8s (inf 8.4s)
[iso_x4.0] ep 6 success=1 steps=60 grip_closes=1 17.1s (inf 9.1s)
[iso_x4.0] ep 7 success=1 steps=60 grip_closes=1 17.0s (inf 7.7s)
[iso_x4.0] ep 8 success=0 steps=60 grip_closes=3 16.9s (inf 8.2s)
[iso_x4.0] ep 9 success=0 steps=60 grip_closes=1 16.7s (inf 8.7s)
[iso_x4.0] ep 10 success=1 steps=60 grip_closes=1 16.6s (inf 8.4s)
[iso_x4.0] ep 11 success=0 steps=60 grip_closes=5 16.7s (inf 8.8s)
[iso_x4.0] ep 12 success=1 steps=60 grip_closes=3 16.7s (inf 8.9s)
[iso_x4.0] ep 13 success=0 steps=60 grip_closes=3 17.0s (inf 7.7s)
[iso_x4.0] ep 14 success=1 steps=60 grip_closes=2 17.1s (inf 9.1s)
[iso_x4.0] ep 15 success=0 steps=60 grip_closes=5 16.7s (inf 9.2s)
[iso_x4.0] ep 16 success=1 steps=60 grip_closes=1 16.8s (inf 8.5s)
[iso_x4.0] ep 17 success=0 steps=60 grip_closes=5 16.8s (inf 9.6s)
[iso_x4.0] ep 18 success=1 steps=60 grip_closes=2 17.0s (inf 9.9s)
[iso_x4.0] ep 19 success=0 steps=60 grip_closes=2 16.9s (inf 8.0s)
[iso_x4.0] ep 20 success=0 steps=60 grip_closes=3 16.8s (inf 8.8s)
[iso_x4.0] ep 21 success=1 steps=60 grip_closes=2 16.8s (inf 8.3s)
[iso_x4.0] ep 22 success=1 steps=60 grip_closes=1 16.9s (inf 9.4s)
[iso_x4.0] ep 23 success=0 steps=60 grip_closes=2 16.9s (inf 9.0s)
[iso_x4.0] ep 24 success=1 steps=60 grip_closes=2 16.9s (inf 8.4s)
[iso_x4.0] ep 25 success=0 steps=60 grip_closes=3 16.0s (inf 8.7s)
[iso_x4.0] ep 26 success=0 steps=60 grip_closes=1 17.0s (inf 8.9s)
[iso_x4.0] ep 27 success=0 steps=60 grip_closes=2 13.4s (inf 7.9s)
[iso_x4.0] ep 28 success=0 steps=60 grip_closes=2 17.0s (inf 9.3s)
[iso_x4.0] ep 29 success=0 steps=60 grip_closes=9 17.1s (inf 7.8s)
[iso_x4.0] ep 30 success=0 steps=60 grip_closes=1 17.0s (inf 8.9s)
[iso_x4.0] ep 31 success=0 steps=60 grip_closes=5 16.9s (inf 8.7s)
[iso_x4.0] ep 32 success=1 steps=60 grip_closes=1 17.1s (inf 9.3s)
[iso_x4.0] ep 33 success=0 steps=60 grip_closes=1 17.1s (inf 7.1s)
[iso_x4.0] ep 34 success=1 steps=60 grip_closes=1 16.7s (inf 9.6s)
[iso_x4.0] ep 35 success=1 steps=60 grip_closes=1 16.8s (inf 9.3s)
[iso_x4.0] ep 36 success=1 steps=60 grip_closes=2 16.8s (inf 9.6s)
[iso_x4.0] ep 37 success=0 steps=60 grip_closes=3 16.9s (inf 9.6s)
[iso_x4.0] ep 38 success=1 steps=60 grip_closes=1 16.7s (inf 8.2s)
[iso_x4.0] ep 39 success=0 steps=60 grip_closes=5 16.8s (inf 9.7s)
[iso_x4.0] ep 40 success=0 steps=60 grip_closes=2 16.9s (inf 8.1s)
[iso_x4.0] ep 41 success=0 steps=60 grip_closes=2 16.9s (inf 8.6s)
[iso_x4.0] ep 42 success=1 steps=60 grip_closes=1 16.9s (inf 9.3s)
[iso_x4.0] ep 43 success=1 steps=60 grip_closes=1 16.8s (inf 9.2s)
[iso_x4.0] ep 44 success=0 steps=60 grip_closes=3 16.7s (inf 9.3s)
[iso_x4.0] ep 45 success=0 steps=60 grip_closes=2 16.9s (inf 8.8s)
[iso_x4.0] ep 46 success=1 steps=60 grip_closes=1 16.9s (inf 8.7s)
[iso_x4.0] ep 47 success=0 steps=60 grip_closes=3 17.0s (inf 8.8s)
[iso_x4.0] n=48 success_rate=0.417
[2026-09-19 09:26:58.757] [svulkan2] [warning] A second renderer will share the same internal context with the first one. Arguments passed to constructor will be ignored.
[force_x0.5] effective: {"stiffness_scale": 1.0, "damping_scale": 1.0, "force_scale": 0.5, "delay_steps": 0, "fric_scale": 1.0, "dens_scale": 1.0, "drives": {"stiffness": [1169.7891845703125, 730.0, 808.4601440429688, 1229.1298828125, 1272.2760009765625, 1056.3326416015625], "damping": [330.0, 180.0, 152.120361328125, 309.62152099609375, 201.04998779296875, 269.51458740234375], "force_limit": [100.0, 100.0, 50.0, 50.0, 50.0, 50.0]}, "obj_static_friction": 0.5, "obj_dynamic_friction": 0.5, "obj_mass": 0.043058477342128754}
[force_x0.5] ep 0 success=1 steps=60 grip_closes=1 16.7s (inf 9.3s)
[force_x0.5] ep 1 success=0 steps=60 grip_closes=1 17.0s (inf 8.4s)
[force_x0.5] ep 2 success=0 steps=60 grip_closes=1 16.8s (inf 9.5s)
[force_x0.5] ep 3 success=0 steps=60 grip_closes=2 16.7s (inf 7.7s)
[force_x0.5] ep 4 success=1 steps=60 grip_closes=6 16.6s (inf 9.0s)
[force_x0.5] ep 5 success=0 steps=60 grip_closes=3 16.8s (inf 8.7s)
[force_x0.5] ep 6 success=1 steps=60 grip_closes=1 17.0s (inf 8.6s)
[force_x0.5] ep 7 success=1 steps=60 grip_closes=2 17.0s (inf 9.1s)
[force_x0.5] ep 8 success=0 steps=60 grip_closes=3 16.9s (inf 8.1s)
[force_x0.5] ep 9 success=0 steps=60 grip_closes=2 16.8s (inf 8.8s)
[force_x0.5] ep 10 success=1 steps=60 grip_closes=1 16.9s (inf 8.2s)
[force_x0.5] ep 11 success=0 steps=60 grip_closes=7 17.0s (inf 8.3s)
[force_x0.5] ep 12 success=1 steps=60 grip_closes=3 17.0s (inf 9.1s)
[force_x0.5] ep 13 success=0 steps=60 grip_closes=3 16.9s (inf 9.2s)
[force_x0.5] ep 14 success=0 steps=60 grip_closes=1 16.6s (inf 9.2s)
[force_x0.5] ep 15 success=0 steps=60 grip_closes=4 12.7s (inf 7.9s)
[force_x0.5] ep 16 success=0 steps=60 grip_closes=2 13.6s (inf 8.2s)
[force_x0.5] ep 17 success=0 steps=60 grip_closes=5 16.8s (inf 7.8s)
[force_x0.5] ep 18 success=1 steps=60 grip_closes=1 17.1s (inf 8.9s)
[force_x0.5] ep 19 success=0 steps=60 grip_closes=2 16.8s (inf 9.3s)
[force_x0.5] ep 20 success=0 steps=60 grip_closes=2 17.0s (inf 8.7s)
[force_x0.5] ep 21 success=1 steps=60 grip_closes=2 16.9s (inf 9.9s)
[force_x0.5] ep 22 success=1 steps=60 grip_closes=1 17.1s (inf 9.9s)
[force_x0.5] ep 23 success=0 steps=60 grip_closes=1 16.7s (inf 9.4s)
[force_x0.5] ep 24 success=1 steps=60 grip_closes=1 16.8s (inf 8.6s)
[force_x0.5] ep 25 success=0 steps=60 grip_closes=3 16.9s (inf 9.0s)
[force_x0.5] ep 26 success=1 steps=60 grip_closes=1 17.3s (inf 9.6s)
[force_x0.5] ep 27 success=0 steps=60 grip_closes=3 16.1s (inf 9.2s)
[force_x0.5] ep 28 success=0 steps=60 grip_closes=3 16.8s (inf 8.5s)
[force_x0.5] ep 29 success=0 steps=60 grip_closes=7 17.2s (inf 8.0s)
[force_x0.5] ep 30 success=1 steps=60 grip_closes=1 17.0s (inf 9.1s)
[force_x0.5] ep 31 success=0 steps=60 grip_closes=7 16.9s (inf 8.6s)
[force_x0.5] ep 32 success=1 steps=60 grip_closes=1 17.0s (inf 9.0s)
[force_x0.5] ep 33 success=0 steps=60 grip_closes=4 17.0s (inf 8.1s)
[force_x0.5] ep 34 success=0 steps=60 grip_closes=2 17.2s (inf 9.3s)
[force_x0.5] ep 35 success=0 steps=60 grip_closes=3 17.2s (inf 8.6s)
[force_x0.5] ep 36 success=1 steps=60 grip_closes=3 16.8s (inf 9.6s)
[force_x0.5] ep 37 success=0 steps=60 grip_closes=2 17.1s (inf 7.7s)
[force_x0.5] ep 38 success=0 steps=60 grip_closes=2 16.8s (inf 8.2s)
[force_x0.5] ep 39 success=0 steps=60 grip_closes=5 16.7s (inf 8.1s)
[force_x0.5] ep 40 success=1 steps=60 grip_closes=2 16.9s (inf 9.4s)
[force_x0.5] ep 41 success=0 steps=60 grip_closes=1 17.2s (inf 8.0s)
[force_x0.5] ep 42 success=1 steps=60 grip_closes=1 17.0s (inf 8.2s)
[force_x0.5] ep 43 success=0 steps=60 grip_closes=2 16.9s (inf 8.9s)
[force_x0.5] ep 44 success=0 steps=60 grip_closes=5 17.1s (inf 8.3s)
[force_x0.5] ep 45 success=0 steps=60 grip_closes=4 17.0s (inf 8.8s)
[force_x0.5] ep 46 success=1 steps=60 grip_closes=1 17.0s (inf 10.1s)
[force_x0.5] ep 47 success=0 steps=60 grip_closes=3 16.9s (inf 7.6s)
[force_x0.5] n=48 success_rate=0.354
[2026-09-19 09:40:25.708] [svulkan2] [warning] A second renderer will share the same internal context with the first one. Arguments passed to constructor will be ignored.
[fric_x0.4] effective: {"stiffness_scale": 1.0, "damping_scale": 1.0, "force_scale": 1.0, "delay_steps": 0, "fric_scale": 0.4, "dens_scale": 1.0, "drives": {"stiffness": [1169.7891845703125, 730.0, 808.4601440429688, 1229.1298828125, 1272.2760009765625, 1056.3326416015625], "damping": [330.0, 180.0, 152.120361328125, 309.62152099609375, 201.04998779296875, 269.51458740234375], "force_limit": [200.0, 200.0, 100.0, 100.0, 100.0, 100.0]}, "obj_static_friction": 0.20000000298023224, "obj_dynamic_friction": 0.20000000298023224, "obj_mass": 0.043058477342128754}
[fric_x0.4] ep 0 success=1 steps=60 grip_closes=1 17.1s (inf 10.1s)
[fric_x0.4] ep 1 success=0 steps=60 grip_closes=1 16.9s (inf 7.8s)
[fric_x0.4] ep 2 success=1 steps=60 grip_closes=1 17.1s (inf 8.5s)
[fric_x0.4] ep 3 success=0 steps=60 grip_closes=2 16.8s (inf 8.5s)
[fric_x0.4] ep 4 success=1 steps=60 grip_closes=3 16.9s (inf 9.9s)
[fric_x0.4] ep 5 success=0 steps=60 grip_closes=3 16.6s (inf 8.6s)
[fric_x0.4] ep 6 success=1 steps=60 grip_closes=1 16.8s (inf 8.7s)
[fric_x0.4] ep 7 success=0 steps=60 grip_closes=6 16.8s (inf 8.5s)
[fric_x0.4] ep 8 success=0 steps=60 grip_closes=2 17.0s (inf 9.1s)
[fric_x0.4] ep 9 success=0 steps=60 grip_closes=1 17.1s (inf 8.7s)
[fric_x0.4] ep 10 success=1 steps=60 grip_closes=1 17.1s (inf 7.6s)
[fric_x0.4] ep 11 success=0 steps=60 grip_closes=9 16.6s (inf 8.3s)
[fric_x0.4] ep 12 success=1 steps=60 grip_closes=3 17.1s (inf 8.9s)
[fric_x0.4] ep 13 success=0 steps=60 grip_closes=1 17.0s (inf 8.1s)
[fric_x0.4] ep 14 success=1 steps=60 grip_closes=1 17.0s (inf 9.6s)
[fric_x0.4] ep 15 success=0 steps=60 grip_closes=5 16.8s (inf 8.4s)
[fric_x0.4] ep 16 success=0 steps=60 grip_closes=1 16.9s (inf 8.7s)
[fric_x0.4] ep 17 success=0 steps=60 grip_closes=6 17.1s (inf 7.1s)
[fric_x0.4] ep 18 success=0 steps=60 grip_closes=2 17.0s (inf 7.6s)
[fric_x0.4] ep 19 success=1 steps=60 grip_closes=2 16.9s (inf 8.4s)
[fric_x0.4] ep 20 success=0 steps=60 grip_closes=2 17.2s (inf 8.7s)
[fric_x0.4] ep 21 success=1 steps=60 grip_closes=3 16.9s (inf 8.8s)
[fric_x0.4] ep 22 success=1 steps=60 grip_closes=1 16.9s (inf 8.7s)
[fric_x0.4] ep 23 success=0 steps=60 grip_closes=2 17.0s (inf 9.1s)
[fric_x0.4] ep 24 success=1 steps=60 grip_closes=1 16.9s (inf 8.5s)
[fric_x0.4] ep 25 success=0 steps=60 grip_closes=2 17.2s (inf 7.1s)
[fric_x0.4] ep 26 success=1 steps=60 grip_closes=1 17.1s (inf 8.3s)
[fric_x0.4] ep 27 success=0 steps=60 grip_closes=2 14.8s (inf 8.8s)
[fric_x0.4] ep 28 success=0 steps=60 grip_closes=2 14.5s (inf 8.6s)
[fric_x0.4] ep 29 success=0 steps=60 grip_closes=6 16.8s (inf 8.2s)
[fric_x0.4] ep 30 success=0 steps=60 grip_closes=1 17.1s (inf 7.8s)
[fric_x0.4] ep 31 success=0 steps=60 grip_closes=6 17.0s (inf 7.7s)
[fric_x0.4] ep 32 success=1 steps=60 grip_closes=1 16.9s (inf 8.0s)
[fric_x0.4] ep 33 success=0 steps=60 grip_closes=4 17.1s (inf 7.2s)
[fric_x0.4] ep 34 success=1 steps=60 grip_closes=2 17.1s (inf 9.8s)
[fric_x0.4] ep 35 success=0 steps=60 grip_closes=2 17.0s (inf 9.3s)
[fric_x0.4] ep 36 success=1 steps=60 grip_closes=3 17.1s (inf 7.0s)
[fric_x0.4] ep 37 success=0 steps=60 grip_closes=4 16.9s (inf 9.8s)
[fric_x0.4] ep 38 success=1 steps=60 grip_closes=2 16.7s (inf 7.8s)
[fric_x0.4] ep 39 success=0 steps=60 grip_closes=9 16.8s (inf 9.2s)
[fric_x0.4] ep 40 success=0 steps=60 grip_closes=1 17.1s (inf 7.9s)
[fric_x0.4] ep 41 success=0 steps=60 grip_closes=4 17.1s (inf 9.4s)
[fric_x0.4] ep 42 success=0 steps=60 grip_closes=1 17.1s (inf 9.2s)
[fric_x0.4] ep 43 success=0 steps=60 grip_closes=3 16.9s (inf 9.6s)
[fric_x0.4] ep 44 success=0 steps=60 grip_closes=2 16.9s (inf 9.6s)
[fric_x0.4] ep 45 success=0 steps=60 grip_closes=4 16.8s (inf 7.7s)
[fric_x0.4] ep 46 success=1 steps=60 grip_closes=1 16.9s (inf 8.1s)
[fric_x0.4] ep 47 success=1 steps=60 grip_closes=1 16.9s (inf 8.6s)
[fric_x0.4] n=48 success_rate=0.375
[2026-09-19 09:53:57.369] [svulkan2] [warning] A second renderer will share the same internal context with the first one. Arguments passed to constructor will be ignored.
[dens_x0.5] effective: {"stiffness_scale": 1.0, "damping_scale": 1.0, "force_scale": 1.0, "delay_steps": 0, "fric_scale": 1.0, "dens_scale": 0.5, "drives": {"stiffness": [1169.7891845703125, 730.0, 808.4601440429688, 1229.1298828125, 1272.2760009765625, 1056.3326416015625], "damping": [330.0, 180.0, 152.120361328125, 309.62152099609375, 201.04998779296875, 269.51458740234375], "force_limit": [200.0, 200.0, 100.0, 100.0, 100.0, 100.0]}, "obj_static_friction": 0.5, "obj_dynamic_friction": 0.5, "obj_mass": 0.021529238671064377}
[dens_x0.5] ep 0 success=1 steps=60 grip_closes=2 16.6s (inf 8.5s)
[dens_x0.5] ep 1 success=0 steps=60 grip_closes=2 16.7s (inf 9.5s)
[dens_x0.5] ep 2 success=0 steps=60 grip_closes=2 16.9s (inf 9.3s)
[dens_x0.5] ep 3 success=0 steps=60 grip_closes=2 16.9s (inf 9.1s)
[dens_x0.5] ep 4 success=1 steps=60 grip_closes=4 16.9s (inf 7.8s)
[dens_x0.5] ep 5 success=0 steps=60 grip_closes=4 16.7s (inf 9.4s)
[dens_x0.5] ep 6 success=1 steps=60 grip_closes=1 16.9s (inf 9.8s)
[dens_x0.5] ep 7 success=0 steps=60 grip_closes=4 17.3s (inf 7.9s)
[dens_x0.5] ep 8 success=0 steps=60 grip_closes=2 17.1s (inf 9.2s)
[dens_x0.5] ep 9 success=0 steps=60 grip_closes=7 17.0s (inf 8.6s)
[dens_x0.5] ep 10 success=1 steps=60 grip_closes=1 17.0s (inf 8.8s)
[dens_x0.5] ep 11 success=0 steps=60 grip_closes=7 17.1s (inf 7.3s)
[dens_x0.5] ep 12 success=1 steps=60 grip_closes=5 16.8s (inf 8.6s)
[dens_x0.5] ep 13 success=0 steps=60 grip_closes=3 16.8s (inf 9.8s)
[dens_x0.5] ep 14 success=0 steps=60 grip_closes=1 16.8s (inf 8.9s)
[dens_x0.5] ep 15 success=0 steps=60 grip_closes=2 16.7s (inf 7.7s)
[dens_x0.5] ep 16 success=1 steps=60 grip_closes=1 17.0s (inf 7.8s)
[dens_x0.5] ep 17 success=0 steps=60 grip_closes=6 16.8s (inf 9.2s)
[dens_x0.5] ep 18 success=0 steps=60 grip_closes=4 17.2s (inf 9.8s)
[dens_x0.5] ep 19 success=1 steps=60 grip_closes=2 16.8s (inf 8.7s)
[dens_x0.5] ep 20 success=0 steps=60 grip_closes=3 16.9s (inf 8.2s)
[dens_x0.5] ep 21 success=1 steps=60 grip_closes=2 17.1s (inf 8.0s)
[dens_x0.5] ep 22 success=1 steps=60 grip_closes=1 17.1s (inf 8.3s)
[dens_x0.5] ep 23 success=0 steps=60 grip_closes=2 16.8s (inf 8.7s)
[dens_x0.5] ep 24 success=1 steps=60 grip_closes=1 17.2s (inf 8.1s)
[dens_x0.5] ep 25 success=0 steps=60 grip_closes=3 17.0s (inf 8.3s)
[dens_x0.5] ep 26 success=0 steps=60 grip_closes=3 17.2s (inf 8.3s)
[dens_x0.5] ep 27 success=0 steps=60 grip_closes=4 16.8s (inf 7.5s)
[dens_x0.5] ep 28 success=0 steps=60 grip_closes=2 16.9s (inf 9.0s)
[dens_x0.5] ep 29 success=0 steps=60 grip_closes=11 16.0s (inf 7.9s)
[dens_x0.5] ep 30 success=0 steps=60 grip_closes=1 17.1s (inf 8.9s)
[dens_x0.5] ep 31 success=0 steps=60 grip_closes=4 16.8s (inf 9.6s)
[dens_x0.5] ep 32 success=1 steps=60 grip_closes=1 17.1s (inf 9.8s)
[dens_x0.5] ep 33 success=0 steps=60 grip_closes=2 17.0s (inf 7.9s)
[dens_x0.5] ep 34 success=1 steps=60 grip_closes=2 16.9s (inf 8.6s)
[dens_x0.5] ep 35 success=1 steps=60 grip_closes=1 17.0s (inf 8.7s)
[dens_x0.5] ep 36 success=1 steps=60 grip_closes=2 16.8s (inf 9.4s)
[dens_x0.5] ep 37 success=0 steps=60 grip_closes=3 16.9s (inf 9.8s)
[dens_x0.5] ep 38 success=1 steps=60 grip_closes=3 17.1s (inf 8.6s)
[dens_x0.5] ep 39 success=0 steps=60 grip_closes=6 16.8s (inf 8.0s)
[dens_x0.5] ep 40 success=1 steps=60 grip_closes=2 17.0s (inf 9.8s)
[dens_x0.5] ep 41 success=0 steps=60 grip_closes=2 16.8s (inf 9.4s)
[dens_x0.5] ep 42 success=0 steps=60 grip_closes=2 17.2s (inf 9.9s)
[dens_x0.5] ep 43 success=0 steps=60 grip_closes=2 16.9s (inf 9.2s)
[dens_x0.5] ep 44 success=0 steps=60 grip_closes=2 17.3s (inf 8.8s)
[dens_x0.5] ep 45 success=0 steps=60 grip_closes=3 17.0s (inf 8.0s)
[dens_x0.5] ep 46 success=1 steps=60 grip_closes=1 17.0s (inf 9.0s)
[dens_x0.5] ep 47 success=1 steps=60 grip_closes=1 16.9s (inf 9.0s)
[dens_x0.5] n=48 success_rate=0.375
SWEEP_MS2_DONE /mnt/e/research/the_world/results/controller_sweep_ms2/octo-small/PutSpoonOnTableClothInScene-v0
