queue_ms2_sweep start 2026-09-19T10:17:34Z
10:17:34 start octo-small widowx_put_eggplant_in_basket
queue_ms2_sweep start 2026-09-19T10:51:53Z
10:51:53 start octo-base widowx_put_eggplant_in_basket

queue_ms2_sweep start 2026-09-19T10:53:51Z
10:53:51 start octo-small widowx_put_eggplant_in_basket
queue_ms2_sweep start 2026-09-19T10:57:50Z
10:57:50 start octo-small widowx_put_eggplant_in_basket
queue_ms2_sweep start 2026-09-19T11:02:07Z
11:02:07 start octo-base widowx_put_eggplant_in_basket

queue_ms2_sweep start 2026-09-19T13:16:50Z
13:16:50 start octo-small widowx_put_eggplant_in_basket
13:16:50 start octo-base widowx_put_eggplant_in_basket
15:47:09 done rc=0 octo-small widowx_put_eggplant_in_basket
15:47:09 start octo-small widowx_spoon_on_towel
16:06:33 done rc=0 octo-base widowx_put_eggplant_in_basket
16:06:33 start octo-base widowx_spoon_on_towel
17:07:32 done rc=0 octo-small widowx_spoon_on_towel
17:07:32 start octo-small widowx_carrot_on_plate
17:30:06 done rc=0 octo-base widowx_spoon_on_towel
17:30:06 start octo-base widowx_carrot_on_plate
18:23:30 done rc=0 octo-small widowx_carrot_on_plate
18:39:46 done rc=0 octo-base widowx_carrot_on_plate
MS2_SWEEP_DONE 2026-09-19T18:39:46Z
