    202s flat           d0=0.00 n= 24 truth=[-0.00,+0.00] point:0.93/0.05/0.05 union:1.00/0.00/0.00 gp_sim:1.00/0.00/0.00 gated:1.00/0.00/0.00
    202s flat           d0=0.00 n= 48 truth=[-0.00,+0.00] point:0.93/0.05/0.05 union:1.00/0.00/0.00 gp_sim:1.00/0.00/0.00 gated:1.00/0.00/0.00
    202s flat           d0=0.00 n= 96 truth=[-0.00,+0.00] point:0.94/0.05/0.05 union:1.00/0.00/0.00 gp_sim:1.00/0.00/0.00 gated:1.00/0.00/0.00
    202s flat           d0=0.10 n= 24 truth=[+0.10,+0.10] point:0.94/0.00/0.10 union:1.00/0.00/0.00 gp_sim:1.00/0.00/0.00 gated:1.00/0.00/0.00
    202s flat           d0=0.10 n= 48 truth=[+0.10,+0.10] point:0.95/0.00/0.19 union:1.00/0.00/0.00 gp_sim:1.00/0.00/0.00 gated:1.00/0.00/0.00
    202s flat           d0=0.10 n= 96 truth=[+0.10,+0.10] point:0.96/0.00/0.33 union:1.00/0.00/0.00 gp_sim:1.00/0.00/0.00 gated:1.00/0.00/0.00
    364s flat           d0=0.20 n= 24 truth=[+0.20,+0.20] point:0.92/0.00/0.24 union:1.00/0.00/0.00 gp_sim:1.00/0.00/0.02 gated:1.00/0.00/0.02
    368s flat           d0=0.20 n= 48 truth=[+0.20,+0.20] point:0.92/0.00/0.62 union:1.00/0.00/0.09 gp_sim:1.00/0.00/0.11 gated:1.00/0.00/0.10
    368s flat           d0=0.20 n= 96 truth=[+0.20,+0.20] point:0.95/0.00/0.85 union:1.00/0.00/0.46 gp_sim:1.00/0.00/0.08 gated:1.00/0.00/0.12
    387s flat           d0=0.30 n= 24 truth=[+0.30,+0.30] point:0.92/0.00/0.61 union:1.00/0.00/0.06 gp_sim:0.99/0.00/0.37 gated:0.99/0.00/0.35
    389s flat           d0=0.30 n= 48 truth=[+0.30,+0.30] point:0.92/0.00/0.89 union:1.00/0.00/0.55 gp_sim:1.00/0.00/0.59 gated:1.00/0.00/0.59
    389s flat           d0=0.30 n= 96 truth=[+0.30,+0.30] point:0.97/0.00/1.00 union:1.00/0.00/0.98 gp_sim:1.00/0.00/0.77 gated:1.00/0.00/0.84
    545s linear         d0=0.00 n= 24 truth=[-0.08,+0.08] point:0.80/0.03/0.03 union:1.00/0.00/0.00 gp_sim:0.96/0.00/0.00 gated:0.96/0.00/0.00
    545s linear         d0=0.00 n= 48 truth=[-0.08,+0.08] point:0.71/0.04/0.04 union:1.00/0.00/0.00 gp_sim:0.98/0.00/0.00 gated:0.98/0.00/0.00
    545s linear         d0=0.00 n= 96 truth=[-0.08,+0.08] point:0.50/0.03/0.03 union:1.00/0.00/0.00 gp_sim:1.00/0.00/0.00 gated:1.00/0.00/0.00
    554s linear         d0=0.10 n= 24 truth=[+0.02,+0.18] point:0.74/0.00/0.13 union:1.00/0.00/0.00 gp_sim:0.98/0.00/0.00 gated:0.98/0.00/0.00
    556s linear         d0=0.10 n= 48 truth=[+0.02,+0.18] point:0.65/0.00/0.21 union:1.00/0.00/0.00 gp_sim:0.98/0.00/0.00 gated:0.98/0.00/0.00
    556s linear         d0=0.10 n= 96 truth=[+0.02,+0.18] point:0.42/0.00/0.36 union:1.00/0.00/0.00 gp_sim:0.99/0.00/0.00 gated:0.99/0.00/0.00
    681s linear         d0=0.20 n= 24 truth=[+0.12,+0.28] point:0.76/0.00/0.31 union:1.00/0.00/0.00 gp_sim:0.98/0.00/0.03 gated:0.98/0.00/0.02
    701s linear         d0=0.20 n= 48 truth=[+0.12,+0.28] point:0.68/0.00/0.57 union:1.00/0.00/0.04 gp_sim:0.98/0.00/0.03 gated:0.98/0.00/0.03
    701s linear         d0=0.20 n= 96 truth=[+0.12,+0.28] point:0.48/0.00/0.90 union:1.00/0.00/0.25 gp_sim:0.99/0.00/0.02 gated:0.99/0.00/0.05
    719s linear         d0=0.30 n= 24 truth=[+0.22,+0.38] point:0.75/0.00/0.61 union:1.00/0.00/0.07 gp_sim:0.98/0.00/0.33 gated:0.98/0.00/0.30
    721s linear         d0=0.30 n= 48 truth=[+0.22,+0.38] point:0.66/0.00/0.88 union:1.00/0.00/0.46 gp_sim:0.96/0.00/0.46 gated:0.96/0.00/0.46
    721s linear         d0=0.30 n= 96 truth=[+0.22,+0.38] point:0.47/0.00/0.99 union:1.00/0.00/0.90 gp_sim:0.99/0.00/0.65 gated:0.99/0.00/0.78
    840s dip_sampled    d0=0.00 n= 24 truth=[-0.25,-0.00] point:0.43/0.02/0.04 union:0.99/0.00/0.00 gp_sim:0.96/0.00/0.01 gated:0.97/0.00/0.00
    840s dip_sampled    d0=0.00 n= 48 truth=[-0.25,-0.00] point:0.17/0.03/0.05 union:0.98/0.00/0.00 gp_sim:0.95/0.00/0.00 gated:0.95/0.00/0.00
    840s dip_sampled    d0=0.00 n= 96 truth=[-0.25,-0.00] point:0.00/0.03/0.07 union:0.98/0.00/0.00 gp_sim:0.99/0.00/0.00 gated:0.99/0.00/0.00
    864s dip_sampled    d0=0.10 n= 24 truth=[-0.15,+0.10] point:0.47/0.09/0.09 union:0.99/0.00/0.00 gp_sim:0.97/0.00/0.00 gated:0.96/0.00/0.00
    864s dip_sampled    d0=0.10 n= 48 truth=[-0.15,+0.10] point:0.18/0.21/0.21 union:1.00/0.00/0.00 gp_sim:0.96/0.00/0.00 gated:0.98/0.00/0.00
    864s dip_sampled    d0=0.10 n= 96 truth=[-0.15,+0.10] point:0.00/0.32/0.32 union:0.99/0.00/0.00 gp_sim:0.99/0.00/0.00 gated:0.99/0.00/0.00
    958s dip_sampled    d0=0.20 n= 24 truth=[-0.05,+0.20] point:0.45/0.26/0.26 union:1.00/0.00/0.00 gp_sim:0.95/0.00/0.00 gated:0.94/0.00/0.00
    961s dip_sampled    d0=0.20 n= 48 truth=[-0.05,+0.20] point:0.17/0.56/0.56 union:0.98/0.00/0.00 gp_sim:0.95/0.00/0.00 gated:0.95/0.01/0.01
    961s dip_sampled    d0=0.20 n= 96 truth=[-0.05,+0.20] point:0.00/0.88/0.88 union:0.98/0.00/0.00 gp_sim:0.98/0.00/0.00 gated:0.99/0.00/0.00
   1006s dip_sampled    d0=0.30 n= 24 truth=[+0.05,+0.30] point:0.51/0.00/0.63 union:1.00/0.00/0.02 gp_sim:0.96/0.00/0.13 gated:0.96/0.00/0.14
   1006s dip_sampled    d0=0.30 n= 48 truth=[+0.05,+0.30] point:0.16/0.00/0.92 union:0.99/0.00/0.03 gp_sim:0.94/0.00/0.17 gated:0.94/0.00/0.16
   1006s dip_sampled    d0=0.30 n= 96 truth=[+0.05,+0.30] point:0.00/0.00/1.00 union:0.99/0.00/0.11 gp_sim:0.97/0.00/0.10 gated:0.97/0.00/0.11
   1108s dip_unsampled  d0=0.00 n= 24 truth=[-0.25,-0.00] point:0.40/0.01/0.03 union:0.95/0.00/0.00 gp_sim:0.92/0.00/0.00 gated:0.92/0.00/0.00
   1129s dip_unsampled  d0=0.00 n= 48 truth=[-0.25,-0.00] point:0.15/0.01/0.02 union:0.75/0.00/0.00 gp_sim:0.91/0.00/0.00 gated:0.90/0.00/0.00
   1129s dip_unsampled  d0=0.00 n= 96 truth=[-0.25,-0.00] point:0.01/0.03/0.04 union:0.22/0.00/0.00 gp_sim:0.94/0.00/0.00 gated:0.87/0.00/0.00
   1157s dip_unsampled  d0=0.10 n= 24 truth=[-0.15,+0.10] point:0.46/0.10/0.10 union:0.98/0.00/0.00 gp_sim:0.92/0.00/0.00 gated:0.92/0.00/0.00
   1177s dip_unsampled  d0=0.10 n= 48 truth=[-0.15,+0.10] point:0.14/0.18/0.18 union:0.78/0.00/0.00 gp_sim:0.85/0.00/0.00 gated:0.83/0.00/0.00
   1177s dip_unsampled  d0=0.10 n= 96 truth=[-0.15,+0.10] point:0.00/0.31/0.31 union:0.29/0.00/0.00 gp_sim:0.93/0.00/0.00 gated:0.85/0.00/0.00
   1280s dip_unsampled  d0=0.20 n= 24 truth=[-0.05,+0.20] point:0.37/0.33/0.33 union:0.97/0.00/0.00 gp_sim:0.94/0.01/0.01 gated:0.95/0.01/0.01
   1283s dip_unsampled  d0=0.20 n= 48 truth=[-0.05,+0.20] point:0.16/0.60/0.60 union:0.90/0.01/0.01 gp_sim:0.91/0.01/0.01 gated:0.90/0.01/0.01
   1283s dip_unsampled  d0=0.20 n= 96 truth=[-0.05,+0.20] point:0.00/0.85/0.85 union:0.29/0.17/0.17 gp_sim:0.94/0.00/0.00 gated:0.84/0.01/0.01
   1327s dip_unsampled  d0=0.30 n= 24 truth=[+0.05,+0.30] point:0.49/0.00/0.62 union:0.99/0.00/0.03 gp_sim:0.92/0.00/0.24 gated:0.92/0.00/0.22
   1327s dip_unsampled  d0=0.30 n= 48 truth=[+0.05,+0.30] point:0.19/0.00/0.89 union:0.85/0.00/0.35 gp_sim:0.87/0.00/0.29 gated:0.87/0.00/0.31
   1327s dip_unsampled  d0=0.30 n= 96 truth=[+0.05,+0.30] point:0.00/0.00/1.00 union:0.34/0.00/0.88 gp_sim:0.94/0.00/0.36 gated:0.85/0.00/0.46
TRACK_S_DONE results\benchmark\track_s_smax2
